Reading netlist file: "/home/erayacikgz/Desktop/fpga/5_EdgeDetector/edgeDetector/impl/gwsynthesis/edgeDetector.vg"
Parsing netlist file "/home/erayacikgz/Desktop/fpga/5_EdgeDetector/edgeDetector/impl/gwsynthesis/edgeDetector.vg" completed
Processing netlist completed
Reading constraint file: "/home/erayacikgz/Desktop/fpga/5_EdgeDetector/edgeDetector/src/tangnano9k.cst"
Physical Constraint parsed completed
Running placement......
[10%] Placement Phase 0 completed
[20%] Placement Phase 1 completed
[30%] Placement Phase 2 completed
[50%] Placement Phase 3 completed
Running routing......
[60%] Routing Phase 0 completed
[70%] Routing Phase 1 completed
[80%] Routing Phase 2 completed
[90%] Routing Phase 3 completed
Running timing analysis......
[95%] Timing analysis completed
Placement and routing completed
Bitstream generation in progress......
Bitstream generation completed
Running power analysis......
[100%] Power analysis completed
Generate file "/home/erayacikgz/Desktop/fpga/5_EdgeDetector/edgeDetector/impl/pnr/edgeDetector.power.html" completed
Generate file "/home/erayacikgz/Desktop/fpga/5_EdgeDetector/edgeDetector/impl/pnr/edgeDetector.pin.html" completed
Generate file "/home/erayacikgz/Desktop/fpga/5_EdgeDetector/edgeDetector/impl/pnr/edgeDetector.rpt.html" completed
Generate file "/home/erayacikgz/Desktop/fpga/5_EdgeDetector/edgeDetector/impl/pnr/edgeDetector.rpt.txt" completed
Generate file "/home/erayacikgz/Desktop/fpga/5_EdgeDetector/edgeDetector/impl/pnr/edgeDetector.tr.html" completed
Sat Jun 27 20:53:45 2026

