#! /usr/bin/vvp
:ivl_version "12.0 (stable)";
:ivl_delay_selection "TYPICAL";
:vpi_time_precision - 12;
:vpi_module "/usr/lib/x86_64-linux-gnu/ivl/system.vpi";
:vpi_module "/usr/lib/x86_64-linux-gnu/ivl/vhdl_sys.vpi";
:vpi_module "/usr/lib/x86_64-linux-gnu/ivl/vhdl_textio.vpi";
:vpi_module "/usr/lib/x86_64-linux-gnu/ivl/v2005_math.vpi";
:vpi_module "/usr/lib/x86_64-linux-gnu/ivl/va_math.vpi";
:vpi_module "/usr/lib/x86_64-linux-gnu/ivl/v2009.vpi";
S_0x5b519e2475b0 .scope package, "$unit" "$unit" 2 1;
 .timescale 0 0;
S_0x5b519e247740 .scope module, "tb_denseLayerAccelerator" "tb_denseLayerAccelerator" 3 3;
 .timescale -9 -12;
v0x5b519e296870_0 .var/s "b0", 15 0;
v0x5b519e296950_0 .var/s "b1", 15 0;
v0x5b519e2969f0_0 .var/s "b2", 15 0;
v0x5b519e296a90_0 .var/s "b3", 15 0;
v0x5b519e296b30_0 .net "busy", 0 0, v0x5b519e294150_0;  1 drivers
v0x5b519e296c20_0 .net "done", 0 0, v0x5b519e2944b0_0;  1 drivers
v0x5b519e296cc0_0 .var "start", 0 0;
v0x5b519e296d60_0 .var "sys_clk", 0 0;
v0x5b519e296e30_0 .var "sys_rst_n", 0 0;
v0x5b519e296f00_0 .var/s "w00", 7 0;
v0x5b519e296fd0_0 .var/s "w01", 7 0;
v0x5b519e2970a0_0 .var/s "w02", 7 0;
v0x5b519e297170_0 .var/s "w03", 7 0;
v0x5b519e297240_0 .var/s "w10", 7 0;
v0x5b519e297310_0 .var/s "w11", 7 0;
v0x5b519e2973e0_0 .var/s "w12", 7 0;
v0x5b519e2974b0_0 .var/s "w13", 7 0;
v0x5b519e297580_0 .var/s "w20", 7 0;
v0x5b519e297650_0 .var/s "w21", 7 0;
v0x5b519e297720_0 .var/s "w22", 7 0;
v0x5b519e2977f0_0 .var/s "w23", 7 0;
v0x5b519e2978c0_0 .var/s "w30", 7 0;
v0x5b519e297990_0 .var/s "w31", 7 0;
v0x5b519e297a60_0 .var/s "w32", 7 0;
v0x5b519e297b30_0 .var/s "w33", 7 0;
v0x5b519e297c00_0 .var/s "x0", 7 0;
v0x5b519e297cd0_0 .var/s "x1", 7 0;
v0x5b519e297da0_0 .var/s "x2", 7 0;
v0x5b519e297e70_0 .var/s "x3", 7 0;
v0x5b519e297f40_0 .net/s "y0", 15 0, v0x5b519e295ec0_0;  1 drivers
v0x5b519e298010_0 .net/s "y1", 15 0, v0x5b519e295fa0_0;  1 drivers
v0x5b519e2980e0_0 .net/s "y2", 15 0, v0x5b519e296080_0;  1 drivers
v0x5b519e2981b0_0 .net/s "y3", 15 0, v0x5b519e296160_0;  1 drivers
S_0x5b519e1f2490 .scope module, "dut" "denseLayerAccelerator" 3 47, 4 5 0, S_0x5b519e247740;
 .timescale 0 0;
    .port_info 0 /INPUT 1 "sys_clk";
    .port_info 1 /INPUT 1 "sys_rst_n";
    .port_info 2 /INPUT 1 "start";
    .port_info 3 /INPUT 8 "x0";
    .port_info 4 /INPUT 8 "x1";
    .port_info 5 /INPUT 8 "x2";
    .port_info 6 /INPUT 8 "x3";
    .port_info 7 /INPUT 8 "w00";
    .port_info 8 /INPUT 8 "w01";
    .port_info 9 /INPUT 8 "w02";
    .port_info 10 /INPUT 8 "w03";
    .port_info 11 /INPUT 8 "w10";
    .port_info 12 /INPUT 8 "w11";
    .port_info 13 /INPUT 8 "w12";
    .port_info 14 /INPUT 8 "w13";
    .port_info 15 /INPUT 8 "w20";
    .port_info 16 /INPUT 8 "w21";
    .port_info 17 /INPUT 8 "w22";
    .port_info 18 /INPUT 8 "w23";
    .port_info 19 /INPUT 8 "w30";
    .port_info 20 /INPUT 8 "w31";
    .port_info 21 /INPUT 8 "w32";
    .port_info 22 /INPUT 8 "w33";
    .port_info 23 /INPUT 16 "b0";
    .port_info 24 /INPUT 16 "b1";
    .port_info 25 /INPUT 16 "b2";
    .port_info 26 /INPUT 16 "b3";
    .port_info 27 /OUTPUT 1 "busy";
    .port_info 28 /OUTPUT 1 "done";
    .port_info 29 /OUTPUT 16 "y0";
    .port_info 30 /OUTPUT 16 "y1";
    .port_info 31 /OUTPUT 16 "y2";
    .port_info 32 /OUTPUT 16 "y3";
enum0x5b519e217890 .enum4 (2)
   "IDLE" 2'b00,
   "MAC" 2'b01,
   "ACTIVATE" 2'b10,
   "FINISH" 2'b11
 ;
v0x5b519e2933e0_0 .net/s *"_ivl_0", 15 0, L_0x5b519e298490;  1 drivers
v0x5b519e2934e0_0 .net/s *"_ivl_2", 15 0, L_0x5b519e298590;  1 drivers
v0x5b519e2935c0_0 .net *"_ivl_8", 11 0, L_0x5b519e2987b0;  1 drivers
v0x5b519e293680_0 .var/s "acc0", 15 0;
v0x5b519e293760_0 .var/s "acc1", 15 0;
v0x5b519e293890_0 .var/s "acc2", 15 0;
v0x5b519e293970_0 .var/s "acc3", 15 0;
v0x5b519e293a50_0 .net/s "b0", 15 0, v0x5b519e296870_0;  1 drivers
v0x5b519e293b30_0 .net/s "b1", 15 0, v0x5b519e296950_0;  1 drivers
v0x5b519e293c10_0 .net/s "b2", 15 0, v0x5b519e2969f0_0;  1 drivers
v0x5b519e293cf0_0 .net/s "b3", 15 0, v0x5b519e296a90_0;  1 drivers
v0x5b519e293dd0_0 .net/s "biased0", 15 0, L_0x5b519e2989c0;  1 drivers
v0x5b519e293eb0_0 .net/s "biased1", 15 0, L_0x5b519e298af0;  1 drivers
v0x5b519e293f90_0 .net/s "biased2", 15 0, L_0x5b519e298be0;  1 drivers
v0x5b519e294070_0 .net/s "biased3", 15 0, L_0x5b519e298d50;  1 drivers
v0x5b519e294150_0 .var "busy", 0 0;
v0x5b519e294210_0 .var "col", 1 0;
v0x5b519e2942f0_0 .var/s "currentInput", 7 0;
v0x5b519e2943d0_0 .var/s "currentWeight", 7 0;
v0x5b519e2944b0_0 .var "done", 0 0;
v0x5b519e294570_0 .net/s "rawProduct", 15 0, L_0x5b519e298690;  1 drivers
v0x5b519e294650_0 .var "row", 1 0;
v0x5b519e294730_0 .net/s "scaledProduct", 15 0, L_0x5b519e2988d0;  1 drivers
v0x5b519e294810_0 .net "start", 0 0, v0x5b519e296cc0_0;  1 drivers
v0x5b519e2948d0_0 .var "state", 1 0;
v0x5b519e2949b0_0 .net "sys_clk", 0 0, v0x5b519e296d60_0;  1 drivers
v0x5b519e294a70_0 .net "sys_rst_n", 0 0, v0x5b519e296e30_0;  1 drivers
v0x5b519e294b30_0 .net/s "w00", 7 0, v0x5b519e296f00_0;  1 drivers
v0x5b519e294c10_0 .net/s "w01", 7 0, v0x5b519e296fd0_0;  1 drivers
v0x5b519e294cf0_0 .net/s "w02", 7 0, v0x5b519e2970a0_0;  1 drivers
v0x5b519e294dd0_0 .net/s "w03", 7 0, v0x5b519e297170_0;  1 drivers
v0x5b519e294eb0_0 .net/s "w10", 7 0, v0x5b519e297240_0;  1 drivers
v0x5b519e294f90_0 .net/s "w11", 7 0, v0x5b519e297310_0;  1 drivers
v0x5b519e295280_0 .net/s "w12", 7 0, v0x5b519e2973e0_0;  1 drivers
v0x5b519e295360_0 .net/s "w13", 7 0, v0x5b519e2974b0_0;  1 drivers
v0x5b519e295440_0 .net/s "w20", 7 0, v0x5b519e297580_0;  1 drivers
v0x5b519e295520_0 .net/s "w21", 7 0, v0x5b519e297650_0;  1 drivers
v0x5b519e295600_0 .net/s "w22", 7 0, v0x5b519e297720_0;  1 drivers
v0x5b519e2956e0_0 .net/s "w23", 7 0, v0x5b519e2977f0_0;  1 drivers
v0x5b519e2957c0_0 .net/s "w30", 7 0, v0x5b519e2978c0_0;  1 drivers
v0x5b519e2958a0_0 .net/s "w31", 7 0, v0x5b519e297990_0;  1 drivers
v0x5b519e295980_0 .net/s "w32", 7 0, v0x5b519e297a60_0;  1 drivers
v0x5b519e295a60_0 .net/s "w33", 7 0, v0x5b519e297b30_0;  1 drivers
v0x5b519e295b40_0 .net/s "x0", 7 0, v0x5b519e297c00_0;  1 drivers
v0x5b519e295c20_0 .net/s "x1", 7 0, v0x5b519e297cd0_0;  1 drivers
v0x5b519e295d00_0 .net/s "x2", 7 0, v0x5b519e297da0_0;  1 drivers
v0x5b519e295de0_0 .net/s "x3", 7 0, v0x5b519e297e70_0;  1 drivers
v0x5b519e295ec0_0 .var/s "y0", 15 0;
v0x5b519e295fa0_0 .var/s "y1", 15 0;
v0x5b519e296080_0 .var/s "y2", 15 0;
v0x5b519e296160_0 .var/s "y3", 15 0;
E_0x5b519e233fc0/0 .event negedge, v0x5b519e294a70_0;
E_0x5b519e233fc0/1 .event posedge, v0x5b519e2949b0_0;
E_0x5b519e233fc0 .event/or E_0x5b519e233fc0/0, E_0x5b519e233fc0/1;
E_0x5b519e2179d0/0 .event anyedge, v0x5b519e294650_0, v0x5b519e294210_0, v0x5b519e294b30_0, v0x5b519e294c10_0;
E_0x5b519e2179d0/1 .event anyedge, v0x5b519e294cf0_0, v0x5b519e294dd0_0, v0x5b519e294eb0_0, v0x5b519e294f90_0;
E_0x5b519e2179d0/2 .event anyedge, v0x5b519e295280_0, v0x5b519e295360_0, v0x5b519e295440_0, v0x5b519e295520_0;
E_0x5b519e2179d0/3 .event anyedge, v0x5b519e295600_0, v0x5b519e2956e0_0, v0x5b519e2957c0_0, v0x5b519e2958a0_0;
E_0x5b519e2179d0/4 .event anyedge, v0x5b519e295980_0, v0x5b519e295a60_0;
E_0x5b519e2179d0 .event/or E_0x5b519e2179d0/0, E_0x5b519e2179d0/1, E_0x5b519e2179d0/2, E_0x5b519e2179d0/3, E_0x5b519e2179d0/4;
E_0x5b519e217830/0 .event anyedge, v0x5b519e294210_0, v0x5b519e295b40_0, v0x5b519e295c20_0, v0x5b519e295d00_0;
E_0x5b519e217830/1 .event anyedge, v0x5b519e295de0_0;
E_0x5b519e217830 .event/or E_0x5b519e217830/0, E_0x5b519e217830/1;
L_0x5b519e298490 .extend/s 16, v0x5b519e2943d0_0;
L_0x5b519e298590 .extend/s 16, v0x5b519e2942f0_0;
L_0x5b519e298690 .arith/mult 16, L_0x5b519e298490, L_0x5b519e298590;
L_0x5b519e2987b0 .part L_0x5b519e298690, 4, 12;
L_0x5b519e2988d0 .extend/s 16, L_0x5b519e2987b0;
L_0x5b519e2989c0 .arith/sum 16, v0x5b519e293680_0, v0x5b519e296870_0;
L_0x5b519e298af0 .arith/sum 16, v0x5b519e293760_0, v0x5b519e296950_0;
L_0x5b519e298be0 .arith/sum 16, v0x5b519e293890_0, v0x5b519e2969f0_0;
L_0x5b519e298d50 .arith/sum 16, v0x5b519e293970_0, v0x5b519e296a90_0;
S_0x5b519e275cb0 .scope autofunction.vec4.u16, "relu" "relu" 4 129, 4 129 0, S_0x5b519e1f2490;
 .timescale 0 0;
; Variable relu is vec4 return value of scope S_0x5b519e275cb0
v0x5b519e263510_0 .var/s "value", 15 0;
TD_tb_denseLayerAccelerator.dut.relu ;
    %load/vec4 v0x5b519e263510_0;
    %cmpi/s 0, 0, 16;
    %jmp/0xz  T_0.0, 5;
    %pushi/vec4 0, 0, 16;
    %ret/vec4 0, 0, 16;  Assign to relu (store_vec4_to_lval)
    %jmp T_0.1;
T_0.0 ;
    %load/vec4 v0x5b519e263510_0;
    %ret/vec4 0, 0, 16;  Assign to relu (store_vec4_to_lval)
T_0.1 ;
    %end;
S_0x5b519e296660 .scope task, "startOperation" "startOperation" 3 96, 3 96 0, S_0x5b519e247740;
 .timescale -9 -12;
E_0x5b519e23cc40 .event posedge, v0x5b519e2949b0_0;
E_0x5b519e2167c0 .event anyedge, v0x5b519e2944b0_0;
E_0x5b519e2752f0 .event negedge, v0x5b519e2949b0_0;
TD_tb_denseLayerAccelerator.startOperation ;
    %wait E_0x5b519e2752f0;
    %pushi/vec4 1, 0, 1;
    %store/vec4 v0x5b519e296cc0_0, 0, 1;
    %wait E_0x5b519e2752f0;
    %pushi/vec4 0, 0, 1;
    %store/vec4 v0x5b519e296cc0_0, 0, 1;
T_1.2 ;
    %load/vec4 v0x5b519e296c20_0;
    %pushi/vec4 1, 0, 1;
    %cmp/e;
    %flag_get/vec4 4;
    %cmpi/ne 1, 0, 1;
    %jmp/0xz T_1.3, 6;
    %wait E_0x5b519e2167c0;
    %jmp T_1.2;
T_1.3 ;
    %wait E_0x5b519e23cc40;
    %end;
    .scope S_0x5b519e1f2490;
T_2 ;
Ewait_0 .event/or E_0x5b519e217830, E_0x0;
    %wait Ewait_0;
    %load/vec4 v0x5b519e294210_0;
    %dup/vec4;
    %pushi/vec4 0, 0, 2;
    %cmp/u;
    %jmp/1 T_2.0, 6;
    %dup/vec4;
    %pushi/vec4 1, 0, 2;
    %cmp/u;
    %jmp/1 T_2.1, 6;
    %dup/vec4;
    %pushi/vec4 2, 0, 2;
    %cmp/u;
    %jmp/1 T_2.2, 6;
    %dup/vec4;
    %pushi/vec4 3, 0, 2;
    %cmp/u;
    %jmp/1 T_2.3, 6;
    %pushi/vec4 0, 0, 8;
    %store/vec4 v0x5b519e2942f0_0, 0, 8;
    %jmp T_2.5;
T_2.0 ;
    %load/vec4 v0x5b519e295b40_0;
    %store/vec4 v0x5b519e2942f0_0, 0, 8;
    %jmp T_2.5;
T_2.1 ;
    %load/vec4 v0x5b519e295c20_0;
    %store/vec4 v0x5b519e2942f0_0, 0, 8;
    %jmp T_2.5;
T_2.2 ;
    %load/vec4 v0x5b519e295d00_0;
    %store/vec4 v0x5b519e2942f0_0, 0, 8;
    %jmp T_2.5;
T_2.3 ;
    %load/vec4 v0x5b519e295de0_0;
    %store/vec4 v0x5b519e2942f0_0, 0, 8;
    %jmp T_2.5;
T_2.5 ;
    %pop/vec4 1;
    %jmp T_2;
    .thread T_2, $push;
    .scope S_0x5b519e1f2490;
T_3 ;
Ewait_1 .event/or E_0x5b519e2179d0, E_0x0;
    %wait Ewait_1;
    %load/vec4 v0x5b519e294650_0;
    %load/vec4 v0x5b519e294210_0;
    %concat/vec4; draw_concat_vec4
    %dup/vec4;
    %pushi/vec4 0, 0, 4;
    %cmp/u;
    %jmp/1 T_3.0, 6;
    %dup/vec4;
    %pushi/vec4 1, 0, 4;
    %cmp/u;
    %jmp/1 T_3.1, 6;
    %dup/vec4;
    %pushi/vec4 2, 0, 4;
    %cmp/u;
    %jmp/1 T_3.2, 6;
    %dup/vec4;
    %pushi/vec4 3, 0, 4;
    %cmp/u;
    %jmp/1 T_3.3, 6;
    %dup/vec4;
    %pushi/vec4 4, 0, 4;
    %cmp/u;
    %jmp/1 T_3.4, 6;
    %dup/vec4;
    %pushi/vec4 5, 0, 4;
    %cmp/u;
    %jmp/1 T_3.5, 6;
    %dup/vec4;
    %pushi/vec4 6, 0, 4;
    %cmp/u;
    %jmp/1 T_3.6, 6;
    %dup/vec4;
    %pushi/vec4 7, 0, 4;
    %cmp/u;
    %jmp/1 T_3.7, 6;
    %dup/vec4;
    %pushi/vec4 8, 0, 4;
    %cmp/u;
    %jmp/1 T_3.8, 6;
    %dup/vec4;
    %pushi/vec4 9, 0, 4;
    %cmp/u;
    %jmp/1 T_3.9, 6;
    %dup/vec4;
    %pushi/vec4 10, 0, 4;
    %cmp/u;
    %jmp/1 T_3.10, 6;
    %dup/vec4;
    %pushi/vec4 11, 0, 4;
    %cmp/u;
    %jmp/1 T_3.11, 6;
    %dup/vec4;
    %pushi/vec4 12, 0, 4;
    %cmp/u;
    %jmp/1 T_3.12, 6;
    %dup/vec4;
    %pushi/vec4 13, 0, 4;
    %cmp/u;
    %jmp/1 T_3.13, 6;
    %dup/vec4;
    %pushi/vec4 14, 0, 4;
    %cmp/u;
    %jmp/1 T_3.14, 6;
    %dup/vec4;
    %pushi/vec4 15, 0, 4;
    %cmp/u;
    %jmp/1 T_3.15, 6;
    %pushi/vec4 0, 0, 8;
    %store/vec4 v0x5b519e2943d0_0, 0, 8;
    %jmp T_3.17;
T_3.0 ;
    %load/vec4 v0x5b519e294b30_0;
    %store/vec4 v0x5b519e2943d0_0, 0, 8;
    %jmp T_3.17;
T_3.1 ;
    %load/vec4 v0x5b519e294c10_0;
    %store/vec4 v0x5b519e2943d0_0, 0, 8;
    %jmp T_3.17;
T_3.2 ;
    %load/vec4 v0x5b519e294cf0_0;
    %store/vec4 v0x5b519e2943d0_0, 0, 8;
    %jmp T_3.17;
T_3.3 ;
    %load/vec4 v0x5b519e294dd0_0;
    %store/vec4 v0x5b519e2943d0_0, 0, 8;
    %jmp T_3.17;
T_3.4 ;
    %load/vec4 v0x5b519e294eb0_0;
    %store/vec4 v0x5b519e2943d0_0, 0, 8;
    %jmp T_3.17;
T_3.5 ;
    %load/vec4 v0x5b519e294f90_0;
    %store/vec4 v0x5b519e2943d0_0, 0, 8;
    %jmp T_3.17;
T_3.6 ;
    %load/vec4 v0x5b519e295280_0;
    %store/vec4 v0x5b519e2943d0_0, 0, 8;
    %jmp T_3.17;
T_3.7 ;
    %load/vec4 v0x5b519e295360_0;
    %store/vec4 v0x5b519e2943d0_0, 0, 8;
    %jmp T_3.17;
T_3.8 ;
    %load/vec4 v0x5b519e295440_0;
    %store/vec4 v0x5b519e2943d0_0, 0, 8;
    %jmp T_3.17;
T_3.9 ;
    %load/vec4 v0x5b519e295520_0;
    %store/vec4 v0x5b519e2943d0_0, 0, 8;
    %jmp T_3.17;
T_3.10 ;
    %load/vec4 v0x5b519e295600_0;
    %store/vec4 v0x5b519e2943d0_0, 0, 8;
    %jmp T_3.17;
T_3.11 ;
    %load/vec4 v0x5b519e2956e0_0;
    %store/vec4 v0x5b519e2943d0_0, 0, 8;
    %jmp T_3.17;
T_3.12 ;
    %load/vec4 v0x5b519e2957c0_0;
    %store/vec4 v0x5b519e2943d0_0, 0, 8;
    %jmp T_3.17;
T_3.13 ;
    %load/vec4 v0x5b519e2958a0_0;
    %store/vec4 v0x5b519e2943d0_0, 0, 8;
    %jmp T_3.17;
T_3.14 ;
    %load/vec4 v0x5b519e295980_0;
    %store/vec4 v0x5b519e2943d0_0, 0, 8;
    %jmp T_3.17;
T_3.15 ;
    %load/vec4 v0x5b519e295a60_0;
    %store/vec4 v0x5b519e2943d0_0, 0, 8;
    %jmp T_3.17;
T_3.17 ;
    %pop/vec4 1;
    %jmp T_3;
    .thread T_3, $push;
    .scope S_0x5b519e1f2490;
T_4 ;
    %wait E_0x5b519e233fc0;
    %load/vec4 v0x5b519e294a70_0;
    %nor/r;
    %flag_set/vec4 8;
    %jmp/0xz  T_4.0, 8;
    %pushi/vec4 0, 0, 2;
    %assign/vec4 v0x5b519e2948d0_0, 0;
    %pushi/vec4 0, 0, 2;
    %assign/vec4 v0x5b519e294650_0, 0;
    %pushi/vec4 0, 0, 2;
    %assign/vec4 v0x5b519e294210_0, 0;
    %pushi/vec4 0, 0, 1;
    %assign/vec4 v0x5b519e294150_0, 0;
    %pushi/vec4 0, 0, 1;
    %assign/vec4 v0x5b519e2944b0_0, 0;
    %pushi/vec4 0, 0, 16;
    %assign/vec4 v0x5b519e293680_0, 0;
    %pushi/vec4 0, 0, 16;
    %assign/vec4 v0x5b519e293760_0, 0;
    %pushi/vec4 0, 0, 16;
    %assign/vec4 v0x5b519e293890_0, 0;
    %pushi/vec4 0, 0, 16;
    %assign/vec4 v0x5b519e293970_0, 0;
    %pushi/vec4 0, 0, 16;
    %assign/vec4 v0x5b519e295ec0_0, 0;
    %pushi/vec4 0, 0, 16;
    %assign/vec4 v0x5b519e295fa0_0, 0;
    %pushi/vec4 0, 0, 16;
    %assign/vec4 v0x5b519e296080_0, 0;
    %pushi/vec4 0, 0, 16;
    %assign/vec4 v0x5b519e296160_0, 0;
    %jmp T_4.1;
T_4.0 ;
    %pushi/vec4 0, 0, 1;
    %assign/vec4 v0x5b519e2944b0_0, 0;
    %load/vec4 v0x5b519e2948d0_0;
    %dup/vec4;
    %pushi/vec4 0, 0, 2;
    %cmp/u;
    %jmp/1 T_4.2, 6;
    %dup/vec4;
    %pushi/vec4 1, 0, 2;
    %cmp/u;
    %jmp/1 T_4.3, 6;
    %dup/vec4;
    %pushi/vec4 2, 0, 2;
    %cmp/u;
    %jmp/1 T_4.4, 6;
    %dup/vec4;
    %pushi/vec4 3, 0, 2;
    %cmp/u;
    %jmp/1 T_4.5, 6;
    %pushi/vec4 0, 0, 2;
    %assign/vec4 v0x5b519e2948d0_0, 0;
    %jmp T_4.7;
T_4.2 ;
    %pushi/vec4 0, 0, 1;
    %assign/vec4 v0x5b519e294150_0, 0;
    %load/vec4 v0x5b519e294810_0;
    %flag_set/vec4 8;
    %jmp/0xz  T_4.8, 8;
    %pushi/vec4 0, 0, 16;
    %assign/vec4 v0x5b519e293680_0, 0;
    %pushi/vec4 0, 0, 16;
    %assign/vec4 v0x5b519e293760_0, 0;
    %pushi/vec4 0, 0, 16;
    %assign/vec4 v0x5b519e293890_0, 0;
    %pushi/vec4 0, 0, 16;
    %assign/vec4 v0x5b519e293970_0, 0;
    %pushi/vec4 0, 0, 16;
    %assign/vec4 v0x5b519e295ec0_0, 0;
    %pushi/vec4 0, 0, 16;
    %assign/vec4 v0x5b519e295fa0_0, 0;
    %pushi/vec4 0, 0, 16;
    %assign/vec4 v0x5b519e296080_0, 0;
    %pushi/vec4 0, 0, 16;
    %assign/vec4 v0x5b519e296160_0, 0;
    %pushi/vec4 0, 0, 2;
    %assign/vec4 v0x5b519e294650_0, 0;
    %pushi/vec4 0, 0, 2;
    %assign/vec4 v0x5b519e294210_0, 0;
    %pushi/vec4 1, 0, 1;
    %assign/vec4 v0x5b519e294150_0, 0;
    %pushi/vec4 1, 0, 2;
    %assign/vec4 v0x5b519e2948d0_0, 0;
T_4.8 ;
    %jmp T_4.7;
T_4.3 ;
    %pushi/vec4 1, 0, 1;
    %assign/vec4 v0x5b519e294150_0, 0;
    %load/vec4 v0x5b519e294650_0;
    %dup/vec4;
    %pushi/vec4 0, 0, 2;
    %cmp/u;
    %jmp/1 T_4.10, 6;
    %dup/vec4;
    %pushi/vec4 1, 0, 2;
    %cmp/u;
    %jmp/1 T_4.11, 6;
    %dup/vec4;
    %pushi/vec4 2, 0, 2;
    %cmp/u;
    %jmp/1 T_4.12, 6;
    %dup/vec4;
    %pushi/vec4 3, 0, 2;
    %cmp/u;
    %jmp/1 T_4.13, 6;
    %jmp T_4.15;
T_4.10 ;
    %load/vec4 v0x5b519e293680_0;
    %load/vec4 v0x5b519e294730_0;
    %add;
    %assign/vec4 v0x5b519e293680_0, 0;
    %jmp T_4.15;
T_4.11 ;
    %load/vec4 v0x5b519e293760_0;
    %load/vec4 v0x5b519e294730_0;
    %add;
    %assign/vec4 v0x5b519e293760_0, 0;
    %jmp T_4.15;
T_4.12 ;
    %load/vec4 v0x5b519e293890_0;
    %load/vec4 v0x5b519e294730_0;
    %add;
    %assign/vec4 v0x5b519e293890_0, 0;
    %jmp T_4.15;
T_4.13 ;
    %load/vec4 v0x5b519e293970_0;
    %load/vec4 v0x5b519e294730_0;
    %add;
    %assign/vec4 v0x5b519e293970_0, 0;
    %jmp T_4.15;
T_4.15 ;
    %pop/vec4 1;
    %load/vec4 v0x5b519e294210_0;
    %cmpi/e 3, 0, 2;
    %jmp/0xz  T_4.16, 4;
    %pushi/vec4 0, 0, 2;
    %assign/vec4 v0x5b519e294210_0, 0;
    %load/vec4 v0x5b519e294650_0;
    %cmpi/e 3, 0, 2;
    %jmp/0xz  T_4.18, 4;
    %pushi/vec4 2, 0, 2;
    %assign/vec4 v0x5b519e2948d0_0, 0;
    %jmp T_4.19;
T_4.18 ;
    %load/vec4 v0x5b519e294650_0;
    %addi 1, 0, 2;
    %assign/vec4 v0x5b519e294650_0, 0;
T_4.19 ;
    %jmp T_4.17;
T_4.16 ;
    %load/vec4 v0x5b519e294210_0;
    %addi 1, 0, 2;
    %assign/vec4 v0x5b519e294210_0, 0;
T_4.17 ;
    %jmp T_4.7;
T_4.4 ;
    %alloc S_0x5b519e275cb0;
    %load/vec4 v0x5b519e293dd0_0;
    %store/vec4 v0x5b519e263510_0, 0, 16;
    %callf/vec4 TD_tb_denseLayerAccelerator.dut.relu, S_0x5b519e275cb0;
    %free S_0x5b519e275cb0;
    %assign/vec4 v0x5b519e295ec0_0, 0;
    %alloc S_0x5b519e275cb0;
    %load/vec4 v0x5b519e293eb0_0;
    %store/vec4 v0x5b519e263510_0, 0, 16;
    %callf/vec4 TD_tb_denseLayerAccelerator.dut.relu, S_0x5b519e275cb0;
    %free S_0x5b519e275cb0;
    %assign/vec4 v0x5b519e295fa0_0, 0;
    %alloc S_0x5b519e275cb0;
    %load/vec4 v0x5b519e293f90_0;
    %store/vec4 v0x5b519e263510_0, 0, 16;
    %callf/vec4 TD_tb_denseLayerAccelerator.dut.relu, S_0x5b519e275cb0;
    %free S_0x5b519e275cb0;
    %assign/vec4 v0x5b519e296080_0, 0;
    %alloc S_0x5b519e275cb0;
    %load/vec4 v0x5b519e294070_0;
    %store/vec4 v0x5b519e263510_0, 0, 16;
    %callf/vec4 TD_tb_denseLayerAccelerator.dut.relu, S_0x5b519e275cb0;
    %free S_0x5b519e275cb0;
    %assign/vec4 v0x5b519e296160_0, 0;
    %pushi/vec4 3, 0, 2;
    %assign/vec4 v0x5b519e2948d0_0, 0;
    %jmp T_4.7;
T_4.5 ;
    %pushi/vec4 0, 0, 1;
    %assign/vec4 v0x5b519e294150_0, 0;
    %pushi/vec4 1, 0, 1;
    %assign/vec4 v0x5b519e2944b0_0, 0;
    %pushi/vec4 0, 0, 2;
    %assign/vec4 v0x5b519e2948d0_0, 0;
    %jmp T_4.7;
T_4.7 ;
    %pop/vec4 1;
T_4.1 ;
    %jmp T_4;
    .thread T_4;
    .scope S_0x5b519e247740;
T_5 ;
    %pushi/vec4 0, 0, 1;
    %store/vec4 v0x5b519e296d60_0, 0, 1;
T_5.0 ;
    %delay 18518, 0;
    %load/vec4 v0x5b519e296d60_0;
    %inv;
    %store/vec4 v0x5b519e296d60_0, 0, 1;
    %jmp T_5.0;
    %end;
    .thread T_5;
    .scope S_0x5b519e247740;
T_6 ;
    %vpi_call/w 3 110 "$dumpfile", "sim/tb_denseLayerAccelerator.vcd" {0 0 0};
    %vpi_call/w 3 111 "$dumpvars", 32'sb00000000000000000000000000000000, S_0x5b519e247740 {0 0 0};
    %pushi/vec4 0, 0, 1;
    %store/vec4 v0x5b519e296e30_0, 0, 1;
    %pushi/vec4 0, 0, 1;
    %store/vec4 v0x5b519e296cc0_0, 0, 1;
    %pushi/vec4 0, 0, 8;
    %store/vec4 v0x5b519e297c00_0, 0, 8;
    %pushi/vec4 0, 0, 8;
    %store/vec4 v0x5b519e297cd0_0, 0, 8;
    %pushi/vec4 0, 0, 8;
    %store/vec4 v0x5b519e297da0_0, 0, 8;
    %pushi/vec4 0, 0, 8;
    %store/vec4 v0x5b519e297e70_0, 0, 8;
    %pushi/vec4 0, 0, 8;
    %store/vec4 v0x5b519e296f00_0, 0, 8;
    %pushi/vec4 0, 0, 8;
    %store/vec4 v0x5b519e296fd0_0, 0, 8;
    %pushi/vec4 0, 0, 8;
    %store/vec4 v0x5b519e2970a0_0, 0, 8;
    %pushi/vec4 0, 0, 8;
    %store/vec4 v0x5b519e297170_0, 0, 8;
    %pushi/vec4 0, 0, 8;
    %store/vec4 v0x5b519e297240_0, 0, 8;
    %pushi/vec4 0, 0, 8;
    %store/vec4 v0x5b519e297310_0, 0, 8;
    %pushi/vec4 0, 0, 8;
    %store/vec4 v0x5b519e2973e0_0, 0, 8;
    %pushi/vec4 0, 0, 8;
    %store/vec4 v0x5b519e2974b0_0, 0, 8;
    %pushi/vec4 0, 0, 8;
    %store/vec4 v0x5b519e297580_0, 0, 8;
    %pushi/vec4 0, 0, 8;
    %store/vec4 v0x5b519e297650_0, 0, 8;
    %pushi/vec4 0, 0, 8;
    %store/vec4 v0x5b519e297720_0, 0, 8;
    %pushi/vec4 0, 0, 8;
    %store/vec4 v0x5b519e2977f0_0, 0, 8;
    %pushi/vec4 0, 0, 8;
    %store/vec4 v0x5b519e2978c0_0, 0, 8;
    %pushi/vec4 0, 0, 8;
    %store/vec4 v0x5b519e297990_0, 0, 8;
    %pushi/vec4 0, 0, 8;
    %store/vec4 v0x5b519e297a60_0, 0, 8;
    %pushi/vec4 0, 0, 8;
    %store/vec4 v0x5b519e297b30_0, 0, 8;
    %pushi/vec4 0, 0, 16;
    %store/vec4 v0x5b519e296870_0, 0, 16;
    %pushi/vec4 0, 0, 16;
    %store/vec4 v0x5b519e296950_0, 0, 16;
    %pushi/vec4 0, 0, 16;
    %store/vec4 v0x5b519e2969f0_0, 0, 16;
    %pushi/vec4 0, 0, 16;
    %store/vec4 v0x5b519e296a90_0, 0, 16;
    %delay 200000, 0;
    %pushi/vec4 1, 0, 1;
    %store/vec4 v0x5b519e296e30_0, 0, 1;
    %pushi/vec4 16, 0, 8;
    %store/vec4 v0x5b519e297c00_0, 0, 8;
    %pushi/vec4 32, 0, 8;
    %store/vec4 v0x5b519e297cd0_0, 0, 8;
    %pushi/vec4 48, 0, 8;
    %store/vec4 v0x5b519e297da0_0, 0, 8;
    %pushi/vec4 64, 0, 8;
    %store/vec4 v0x5b519e297e70_0, 0, 8;
    %pushi/vec4 16, 0, 8;
    %store/vec4 v0x5b519e296f00_0, 0, 8;
    %pushi/vec4 0, 0, 8;
    %store/vec4 v0x5b519e296fd0_0, 0, 8;
    %pushi/vec4 0, 0, 8;
    %store/vec4 v0x5b519e2970a0_0, 0, 8;
    %pushi/vec4 0, 0, 8;
    %store/vec4 v0x5b519e297170_0, 0, 8;
    %pushi/vec4 0, 0, 8;
    %store/vec4 v0x5b519e297240_0, 0, 8;
    %pushi/vec4 16, 0, 8;
    %store/vec4 v0x5b519e297310_0, 0, 8;
    %pushi/vec4 0, 0, 8;
    %store/vec4 v0x5b519e2973e0_0, 0, 8;
    %pushi/vec4 0, 0, 8;
    %store/vec4 v0x5b519e2974b0_0, 0, 8;
    %pushi/vec4 16, 0, 8;
    %store/vec4 v0x5b519e297580_0, 0, 8;
    %pushi/vec4 16, 0, 8;
    %store/vec4 v0x5b519e297650_0, 0, 8;
    %pushi/vec4 16, 0, 8;
    %store/vec4 v0x5b519e297720_0, 0, 8;
    %pushi/vec4 16, 0, 8;
    %store/vec4 v0x5b519e2977f0_0, 0, 8;
    %pushi/vec4 240, 0, 8;
    %store/vec4 v0x5b519e2978c0_0, 0, 8;
    %pushi/vec4 240, 0, 8;
    %store/vec4 v0x5b519e297990_0, 0, 8;
    %pushi/vec4 240, 0, 8;
    %store/vec4 v0x5b519e297a60_0, 0, 8;
    %pushi/vec4 240, 0, 8;
    %store/vec4 v0x5b519e297b30_0, 0, 8;
    %pushi/vec4 0, 0, 16;
    %store/vec4 v0x5b519e296870_0, 0, 16;
    %pushi/vec4 0, 0, 16;
    %store/vec4 v0x5b519e296950_0, 0, 16;
    %pushi/vec4 65504, 0, 16;
    %store/vec4 v0x5b519e2969f0_0, 0, 16;
    %pushi/vec4 16, 0, 16;
    %store/vec4 v0x5b519e296a90_0, 0, 16;
    %fork TD_tb_denseLayerAccelerator.startOperation, S_0x5b519e296660;
    %join;
    %pushi/vec4 240, 0, 8;
    %store/vec4 v0x5b519e297c00_0, 0, 8;
    %pushi/vec4 32, 0, 8;
    %store/vec4 v0x5b519e297cd0_0, 0, 8;
    %pushi/vec4 208, 0, 8;
    %store/vec4 v0x5b519e297da0_0, 0, 8;
    %pushi/vec4 64, 0, 8;
    %store/vec4 v0x5b519e297e70_0, 0, 8;
    %pushi/vec4 16, 0, 8;
    %store/vec4 v0x5b519e296f00_0, 0, 8;
    %pushi/vec4 16, 0, 8;
    %store/vec4 v0x5b519e296fd0_0, 0, 8;
    %pushi/vec4 16, 0, 8;
    %store/vec4 v0x5b519e2970a0_0, 0, 8;
    %pushi/vec4 16, 0, 8;
    %store/vec4 v0x5b519e297170_0, 0, 8;
    %pushi/vec4 16, 0, 8;
    %store/vec4 v0x5b519e297240_0, 0, 8;
    %pushi/vec4 16, 0, 8;
    %store/vec4 v0x5b519e297310_0, 0, 8;
    %pushi/vec4 16, 0, 8;
    %store/vec4 v0x5b519e2973e0_0, 0, 8;
    %pushi/vec4 16, 0, 8;
    %store/vec4 v0x5b519e2974b0_0, 0, 8;
    %pushi/vec4 16, 0, 8;
    %store/vec4 v0x5b519e297580_0, 0, 8;
    %pushi/vec4 16, 0, 8;
    %store/vec4 v0x5b519e297650_0, 0, 8;
    %pushi/vec4 16, 0, 8;
    %store/vec4 v0x5b519e297720_0, 0, 8;
    %pushi/vec4 16, 0, 8;
    %store/vec4 v0x5b519e2977f0_0, 0, 8;
    %pushi/vec4 16, 0, 8;
    %store/vec4 v0x5b519e2978c0_0, 0, 8;
    %pushi/vec4 16, 0, 8;
    %store/vec4 v0x5b519e297990_0, 0, 8;
    %pushi/vec4 16, 0, 8;
    %store/vec4 v0x5b519e297a60_0, 0, 8;
    %pushi/vec4 16, 0, 8;
    %store/vec4 v0x5b519e297b30_0, 0, 8;
    %pushi/vec4 0, 0, 16;
    %store/vec4 v0x5b519e296870_0, 0, 16;
    %pushi/vec4 65488, 0, 16;
    %store/vec4 v0x5b519e296950_0, 0, 16;
    %pushi/vec4 16, 0, 16;
    %store/vec4 v0x5b519e2969f0_0, 0, 16;
    %pushi/vec4 65504, 0, 16;
    %store/vec4 v0x5b519e296a90_0, 0, 16;
    %fork TD_tb_denseLayerAccelerator.startOperation, S_0x5b519e296660;
    %join;
    %pushi/vec4 6, 0, 32;
T_6.0 %dup/vec4;
    %pushi/vec4 0, 0, 32;
    %cmp/s;
    %jmp/1xz T_6.1, 5;
    %jmp/1 T_6.1, 4;
    %pushi/vec4 1, 0, 32;
    %sub;
    %wait E_0x5b519e23cc40;
    %jmp T_6.0;
T_6.1 ;
    %pop/vec4 1;
    %vpi_call/w 3 231 "$finish" {0 0 0};
    %end;
    .thread T_6;
# The file index is used to find the file name in the following table.
:file_names 5;
    "N/A";
    "<interactive>";
    "-";
    "sim/tb_denseLayerAccelerator.sv";
    "denseLayerAccelerator/src/denseLayerAccelerator.sv";
