#! /usr/bin/vvp
:ivl_version "12.0 (stable)";
:ivl_delay_selection "TYPICAL";
:vpi_time_precision - 12;
:vpi_module "/usr/lib/x86_64-linux-gnu/ivl/system.vpi";
:vpi_module "/usr/lib/x86_64-linux-gnu/ivl/vhdl_sys.vpi";
:vpi_module "/usr/lib/x86_64-linux-gnu/ivl/vhdl_textio.vpi";
:vpi_module "/usr/lib/x86_64-linux-gnu/ivl/v2005_math.vpi";
:vpi_module "/usr/lib/x86_64-linux-gnu/ivl/va_math.vpi";
:vpi_module "/usr/lib/x86_64-linux-gnu/ivl/v2009.vpi";
S_0x5561b5ab6bb0 .scope package, "$unit" "$unit" 2 1;
 .timescale 0 0;
S_0x5561b5ab6d40 .scope module, "tb_cordic" "tb_cordic" 3 3;
 .timescale -9 -12;
v0x5561b5ae6e40_0 .var/s "angle", 15 0;
v0x5561b5ae6f20_0 .net/s "cosOut", 15 0, v0x5561b5ac53a0_0;  1 drivers
v0x5561b5ae6fc0_0 .var "inputValid", 0 0;
v0x5561b5ae7060_0 .net "outputValid", 0 0, v0x5561b5abd5a0_0;  1 drivers
v0x5561b5ae7100_0 .net/s "sinOut", 15 0, v0x5561b5ae64b0_0;  1 drivers
v0x5561b5ae71f0_0 .var "sys_clk", 0 0;
v0x5561b5ae72c0_0 .var "sys_rst_n", 0 0;
E_0x5561b5a96a40 .event posedge, v0x5561b5ae6670_0;
E_0x5561b5a968b0 .event anyedge, v0x5561b5abd5a0_0;
S_0x5561b5a71490 .scope module, "dut" "cordic" 3 15, 4 6 0, S_0x5561b5ab6d40;
 .timescale 0 0;
    .port_info 0 /INPUT 1 "sys_clk";
    .port_info 1 /INPUT 1 "sys_rst_n";
    .port_info 2 /INPUT 1 "inputValid";
    .port_info 3 /INPUT 16 "angle";
    .port_info 4 /OUTPUT 1 "outputValid";
    .port_info 5 /OUTPUT 16 "sinOut";
    .port_info 6 /OUTPUT 16 "cosOut";
P_0x5561b5ac1f40 .param/l "CORDIC_K" 1 4 24, +C4<000010011011011101>;
P_0x5561b5ac1f80 .param/l "ITERATIONS" 1 4 18, +C4<00000000000000000000000000001100>;
enum0x5561b5a96940 .enum4 (2)
   "IDLE" 2'b00,
   "ROTATE" 2'b01,
   "DONE" 2'b10
 ;
v0x5561b5ac5050_0 .net/s "angle", 15 0, v0x5561b5ae6e40_0;  1 drivers
v0x5561b5ac53a0_0 .var/s "cosOut", 15 0;
v0x5561b5ac5890_0 .net "inputValid", 0 0, v0x5561b5ae6fc0_0;  1 drivers
v0x5561b5ac5be0_0 .var "iteration", 3 0;
v0x5561b5abd5a0_0 .var "outputValid", 0 0;
v0x5561b5ae64b0_0 .var/s "sinOut", 15 0;
v0x5561b5ae6590_0 .var "state", 1 0;
v0x5561b5ae6670_0 .net "sys_clk", 0 0, v0x5561b5ae71f0_0;  1 drivers
v0x5561b5ae6730_0 .net "sys_rst_n", 0 0, v0x5561b5ae72c0_0;  1 drivers
v0x5561b5ae67f0_0 .var/s "xReg", 17 0;
v0x5561b5ae68d0_0 .var/s "yReg", 17 0;
v0x5561b5ae69b0_0 .var/s "zReg", 15 0;
E_0x5561b5aab5b0/0 .event negedge, v0x5561b5ae6730_0;
E_0x5561b5aab5b0/1 .event posedge, v0x5561b5ae6670_0;
E_0x5561b5aab5b0 .event/or E_0x5561b5aab5b0/0, E_0x5561b5aab5b0/1;
S_0x5561b5ac6d30 .scope autofunction.vec4.u16, "atanTable" "atanTable" 4 31, 4 31 0, S_0x5561b5a71490;
 .timescale 0 0;
; Variable atanTable is vec4 return value of scope S_0x5561b5ac6d30
v0x5561b5ac4b60_0 .var/2s "index", 31 0;
TD_tb_cordic.dut.atanTable ;
    %load/vec4 v0x5561b5ac4b60_0;
    %dup/vec4;
    %pushi/vec4 0, 0, 32;
    %cmp/u;
    %jmp/1 T_0.0, 6;
    %dup/vec4;
    %pushi/vec4 1, 0, 32;
    %cmp/u;
    %jmp/1 T_0.1, 6;
    %dup/vec4;
    %pushi/vec4 2, 0, 32;
    %cmp/u;
    %jmp/1 T_0.2, 6;
    %dup/vec4;
    %pushi/vec4 3, 0, 32;
    %cmp/u;
    %jmp/1 T_0.3, 6;
    %dup/vec4;
    %pushi/vec4 4, 0, 32;
    %cmp/u;
    %jmp/1 T_0.4, 6;
    %dup/vec4;
    %pushi/vec4 5, 0, 32;
    %cmp/u;
    %jmp/1 T_0.5, 6;
    %dup/vec4;
    %pushi/vec4 6, 0, 32;
    %cmp/u;
    %jmp/1 T_0.6, 6;
    %dup/vec4;
    %pushi/vec4 7, 0, 32;
    %cmp/u;
    %jmp/1 T_0.7, 6;
    %dup/vec4;
    %pushi/vec4 8, 0, 32;
    %cmp/u;
    %jmp/1 T_0.8, 6;
    %dup/vec4;
    %pushi/vec4 9, 0, 32;
    %cmp/u;
    %jmp/1 T_0.9, 6;
    %dup/vec4;
    %pushi/vec4 10, 0, 32;
    %cmp/u;
    %jmp/1 T_0.10, 6;
    %dup/vec4;
    %pushi/vec4 11, 0, 32;
    %cmp/u;
    %jmp/1 T_0.11, 6;
    %pushi/vec4 0, 0, 16;
    %ret/vec4 0, 0, 16;  Assign to atanTable (store_vec4_to_lval)
    %jmp T_0.13;
T_0.0 ;
    %pushi/vec4 11520, 0, 16;
    %ret/vec4 0, 0, 16;  Assign to atanTable (store_vec4_to_lval)
    %jmp T_0.13;
T_0.1 ;
    %pushi/vec4 6801, 0, 16;
    %ret/vec4 0, 0, 16;  Assign to atanTable (store_vec4_to_lval)
    %jmp T_0.13;
T_0.2 ;
    %pushi/vec4 3593, 0, 16;
    %ret/vec4 0, 0, 16;  Assign to atanTable (store_vec4_to_lval)
    %jmp T_0.13;
T_0.3 ;
    %pushi/vec4 1824, 0, 16;
    %ret/vec4 0, 0, 16;  Assign to atanTable (store_vec4_to_lval)
    %jmp T_0.13;
T_0.4 ;
    %pushi/vec4 916, 0, 16;
    %ret/vec4 0, 0, 16;  Assign to atanTable (store_vec4_to_lval)
    %jmp T_0.13;
T_0.5 ;
    %pushi/vec4 458, 0, 16;
    %ret/vec4 0, 0, 16;  Assign to atanTable (store_vec4_to_lval)
    %jmp T_0.13;
T_0.6 ;
    %pushi/vec4 229, 0, 16;
    %ret/vec4 0, 0, 16;  Assign to atanTable (store_vec4_to_lval)
    %jmp T_0.13;
T_0.7 ;
    %pushi/vec4 115, 0, 16;
    %ret/vec4 0, 0, 16;  Assign to atanTable (store_vec4_to_lval)
    %jmp T_0.13;
T_0.8 ;
    %pushi/vec4 57, 0, 16;
    %ret/vec4 0, 0, 16;  Assign to atanTable (store_vec4_to_lval)
    %jmp T_0.13;
T_0.9 ;
    %pushi/vec4 29, 0, 16;
    %ret/vec4 0, 0, 16;  Assign to atanTable (store_vec4_to_lval)
    %jmp T_0.13;
T_0.10 ;
    %pushi/vec4 14, 0, 16;
    %ret/vec4 0, 0, 16;  Assign to atanTable (store_vec4_to_lval)
    %jmp T_0.13;
T_0.11 ;
    %pushi/vec4 7, 0, 16;
    %ret/vec4 0, 0, 16;  Assign to atanTable (store_vec4_to_lval)
    %jmp T_0.13;
T_0.13 ;
    %pop/vec4 1;
    %end;
S_0x5561b5ae6b70 .scope task, "sendAngle" "sendAngle" 3 32, 3 32 0, S_0x5561b5ab6d40;
 .timescale -9 -12;
v0x5561b5ae6d40_0 .var/s "inputAngle", 15 0;
E_0x5561b5aabf20 .event negedge, v0x5561b5ae6670_0;
TD_tb_cordic.sendAngle ;
    %wait E_0x5561b5aabf20;
    %load/vec4 v0x5561b5ae6d40_0;
    %store/vec4 v0x5561b5ae6e40_0, 0, 16;
    %pushi/vec4 1, 0, 1;
    %store/vec4 v0x5561b5ae6fc0_0, 0, 1;
    %wait E_0x5561b5aabf20;
    %pushi/vec4 0, 0, 1;
    %store/vec4 v0x5561b5ae6fc0_0, 0, 1;
    %pushi/vec4 0, 0, 16;
    %store/vec4 v0x5561b5ae6e40_0, 0, 16;
    %end;
    .scope S_0x5561b5a71490;
T_2 ;
    %wait E_0x5561b5aab5b0;
    %load/vec4 v0x5561b5ae6730_0;
    %nor/r;
    %flag_set/vec4 8;
    %jmp/0xz  T_2.0, 8;
    %pushi/vec4 0, 0, 2;
    %assign/vec4 v0x5561b5ae6590_0, 0;
    %pushi/vec4 0, 0, 4;
    %assign/vec4 v0x5561b5ac5be0_0, 0;
    %pushi/vec4 0, 0, 18;
    %assign/vec4 v0x5561b5ae67f0_0, 0;
    %pushi/vec4 0, 0, 18;
    %assign/vec4 v0x5561b5ae68d0_0, 0;
    %pushi/vec4 0, 0, 16;
    %assign/vec4 v0x5561b5ae69b0_0, 0;
    %pushi/vec4 0, 0, 1;
    %assign/vec4 v0x5561b5abd5a0_0, 0;
    %pushi/vec4 0, 0, 16;
    %assign/vec4 v0x5561b5ae64b0_0, 0;
    %pushi/vec4 0, 0, 16;
    %assign/vec4 v0x5561b5ac53a0_0, 0;
    %jmp T_2.1;
T_2.0 ;
    %pushi/vec4 0, 0, 1;
    %assign/vec4 v0x5561b5abd5a0_0, 0;
    %load/vec4 v0x5561b5ae6590_0;
    %dup/vec4;
    %pushi/vec4 0, 0, 2;
    %cmp/u;
    %jmp/1 T_2.2, 6;
    %dup/vec4;
    %pushi/vec4 1, 0, 2;
    %cmp/u;
    %jmp/1 T_2.3, 6;
    %dup/vec4;
    %pushi/vec4 2, 0, 2;
    %cmp/u;
    %jmp/1 T_2.4, 6;
    %pushi/vec4 0, 0, 2;
    %assign/vec4 v0x5561b5ae6590_0, 0;
    %jmp T_2.6;
T_2.2 ;
    %load/vec4 v0x5561b5ac5890_0;
    %flag_set/vec4 8;
    %jmp/0xz  T_2.7, 8;
    %pushi/vec4 9949, 0, 18;
    %assign/vec4 v0x5561b5ae67f0_0, 0;
    %pushi/vec4 0, 0, 18;
    %assign/vec4 v0x5561b5ae68d0_0, 0;
    %load/vec4 v0x5561b5ac5050_0;
    %assign/vec4 v0x5561b5ae69b0_0, 0;
    %pushi/vec4 0, 0, 4;
    %assign/vec4 v0x5561b5ac5be0_0, 0;
    %pushi/vec4 1, 0, 2;
    %assign/vec4 v0x5561b5ae6590_0, 0;
T_2.7 ;
    %jmp T_2.6;
T_2.3 ;
    %load/vec4 v0x5561b5ae69b0_0;
    %cmpi/s 0, 0, 16;
    %flag_inv 5; GE is !LT
    %jmp/0xz  T_2.9, 5;
    %load/vec4 v0x5561b5ae67f0_0;
    %load/vec4 v0x5561b5ae68d0_0;
    %ix/getv 4, v0x5561b5ac5be0_0;
    %shiftr/s 4;
    %sub;
    %assign/vec4 v0x5561b5ae67f0_0, 0;
    %load/vec4 v0x5561b5ae68d0_0;
    %load/vec4 v0x5561b5ae67f0_0;
    %ix/getv 4, v0x5561b5ac5be0_0;
    %shiftr/s 4;
    %add;
    %assign/vec4 v0x5561b5ae68d0_0, 0;
    %load/vec4 v0x5561b5ae69b0_0;
    %alloc S_0x5561b5ac6d30;
    %load/vec4 v0x5561b5ac5be0_0;
    %pad/u 32;
    %cast2;
    %store/vec4 v0x5561b5ac4b60_0, 0, 32;
    %callf/vec4 TD_tb_cordic.dut.atanTable, S_0x5561b5ac6d30;
    %free S_0x5561b5ac6d30;
    %sub;
    %assign/vec4 v0x5561b5ae69b0_0, 0;
    %jmp T_2.10;
T_2.9 ;
    %load/vec4 v0x5561b5ae67f0_0;
    %load/vec4 v0x5561b5ae68d0_0;
    %ix/getv 4, v0x5561b5ac5be0_0;
    %shiftr/s 4;
    %add;
    %assign/vec4 v0x5561b5ae67f0_0, 0;
    %load/vec4 v0x5561b5ae68d0_0;
    %load/vec4 v0x5561b5ae67f0_0;
    %ix/getv 4, v0x5561b5ac5be0_0;
    %shiftr/s 4;
    %sub;
    %assign/vec4 v0x5561b5ae68d0_0, 0;
    %load/vec4 v0x5561b5ae69b0_0;
    %alloc S_0x5561b5ac6d30;
    %load/vec4 v0x5561b5ac5be0_0;
    %pad/u 32;
    %cast2;
    %store/vec4 v0x5561b5ac4b60_0, 0, 32;
    %callf/vec4 TD_tb_cordic.dut.atanTable, S_0x5561b5ac6d30;
    %free S_0x5561b5ac6d30;
    %add;
    %assign/vec4 v0x5561b5ae69b0_0, 0;
T_2.10 ;
    %load/vec4 v0x5561b5ac5be0_0;
    %pad/u 32;
    %cmpi/e 11, 0, 32;
    %jmp/0xz  T_2.11, 4;
    %pushi/vec4 2, 0, 2;
    %assign/vec4 v0x5561b5ae6590_0, 0;
    %jmp T_2.12;
T_2.11 ;
    %load/vec4 v0x5561b5ac5be0_0;
    %addi 1, 0, 4;
    %assign/vec4 v0x5561b5ac5be0_0, 0;
T_2.12 ;
    %jmp T_2.6;
T_2.4 ;
    %load/vec4 v0x5561b5ae67f0_0;
    %pad/s 16;
    %assign/vec4 v0x5561b5ac53a0_0, 0;
    %load/vec4 v0x5561b5ae68d0_0;
    %pad/s 16;
    %assign/vec4 v0x5561b5ae64b0_0, 0;
    %pushi/vec4 1, 0, 1;
    %assign/vec4 v0x5561b5abd5a0_0, 0;
    %pushi/vec4 0, 0, 2;
    %assign/vec4 v0x5561b5ae6590_0, 0;
    %jmp T_2.6;
T_2.6 ;
    %pop/vec4 1;
T_2.1 ;
    %jmp T_2;
    .thread T_2;
    .scope S_0x5561b5ab6d40;
T_3 ;
    %pushi/vec4 0, 0, 1;
    %store/vec4 v0x5561b5ae71f0_0, 0, 1;
T_3.0 ;
    %delay 18518, 0;
    %load/vec4 v0x5561b5ae71f0_0;
    %inv;
    %store/vec4 v0x5561b5ae71f0_0, 0, 1;
    %jmp T_3.0;
    %end;
    .thread T_3;
    .scope S_0x5561b5ab6d40;
T_4 ;
    %vpi_call/w 3 45 "$dumpfile", "sim/tb_cordic.vcd" {0 0 0};
    %vpi_call/w 3 46 "$dumpvars", 32'sb00000000000000000000000000000000, S_0x5561b5ab6d40 {0 0 0};
    %pushi/vec4 0, 0, 1;
    %store/vec4 v0x5561b5ae72c0_0, 0, 1;
    %pushi/vec4 0, 0, 1;
    %store/vec4 v0x5561b5ae6fc0_0, 0, 1;
    %pushi/vec4 0, 0, 16;
    %store/vec4 v0x5561b5ae6e40_0, 0, 16;
    %delay 200000, 0;
    %pushi/vec4 1, 0, 1;
    %store/vec4 v0x5561b5ae72c0_0, 0, 1;
    %pushi/vec4 0, 0, 16;
    %store/vec4 v0x5561b5ae6d40_0, 0, 16;
    %fork TD_tb_cordic.sendAngle, S_0x5561b5ae6b70;
    %join;
T_4.0 ;
    %load/vec4 v0x5561b5ae7060_0;
    %pushi/vec4 1, 0, 1;
    %cmp/e;
    %flag_get/vec4 4;
    %cmpi/ne 1, 0, 1;
    %jmp/0xz T_4.1, 6;
    %wait E_0x5561b5a968b0;
    %jmp T_4.0;
T_4.1 ;
    %wait E_0x5561b5a96a40;
    %pushi/vec4 11520, 0, 16;
    %store/vec4 v0x5561b5ae6d40_0, 0, 16;
    %fork TD_tb_cordic.sendAngle, S_0x5561b5ae6b70;
    %join;
T_4.2 ;
    %load/vec4 v0x5561b5ae7060_0;
    %pushi/vec4 1, 0, 1;
    %cmp/e;
    %flag_get/vec4 4;
    %cmpi/ne 1, 0, 1;
    %jmp/0xz T_4.3, 6;
    %wait E_0x5561b5a968b0;
    %jmp T_4.2;
T_4.3 ;
    %wait E_0x5561b5a96a40;
    %pushi/vec4 23040, 0, 16;
    %store/vec4 v0x5561b5ae6d40_0, 0, 16;
    %fork TD_tb_cordic.sendAngle, S_0x5561b5ae6b70;
    %join;
T_4.4 ;
    %load/vec4 v0x5561b5ae7060_0;
    %pushi/vec4 1, 0, 1;
    %cmp/e;
    %flag_get/vec4 4;
    %cmpi/ne 1, 0, 1;
    %jmp/0xz T_4.5, 6;
    %wait E_0x5561b5a968b0;
    %jmp T_4.4;
T_4.5 ;
    %wait E_0x5561b5a96a40;
    %pushi/vec4 54016, 0, 16;
    %store/vec4 v0x5561b5ae6d40_0, 0, 16;
    %fork TD_tb_cordic.sendAngle, S_0x5561b5ae6b70;
    %join;
T_4.6 ;
    %load/vec4 v0x5561b5ae7060_0;
    %pushi/vec4 1, 0, 1;
    %cmp/e;
    %flag_get/vec4 4;
    %cmpi/ne 1, 0, 1;
    %jmp/0xz T_4.7, 6;
    %wait E_0x5561b5a968b0;
    %jmp T_4.6;
T_4.7 ;
    %pushi/vec4 4, 0, 32;
T_4.8 %dup/vec4;
    %pushi/vec4 0, 0, 32;
    %cmp/s;
    %jmp/1xz T_4.9, 5;
    %jmp/1 T_4.9, 4;
    %pushi/vec4 1, 0, 32;
    %sub;
    %wait E_0x5561b5a96a40;
    %jmp T_4.8;
T_4.9 ;
    %pop/vec4 1;
    %vpi_call/w 3 88 "$finish" {0 0 0};
    %end;
    .thread T_4;
# The file index is used to find the file name in the following table.
:file_names 5;
    "N/A";
    "<interactive>";
    "-";
    "sim/tb_cordic.sv";
    "cordic/src/cordic.sv";
