#! /usr/bin/vvp
:ivl_version "12.0 (stable)";
:ivl_delay_selection "TYPICAL";
:vpi_time_precision - 12;
:vpi_module "/usr/lib/x86_64-linux-gnu/ivl/system.vpi";
:vpi_module "/usr/lib/x86_64-linux-gnu/ivl/vhdl_sys.vpi";
:vpi_module "/usr/lib/x86_64-linux-gnu/ivl/vhdl_textio.vpi";
:vpi_module "/usr/lib/x86_64-linux-gnu/ivl/v2005_math.vpi";
:vpi_module "/usr/lib/x86_64-linux-gnu/ivl/va_math.vpi";
:vpi_module "/usr/lib/x86_64-linux-gnu/ivl/v2009.vpi";
S_0x5b132d5f8280 .scope package, "$unit" "$unit" 2 1;
 .timescale 0 0;
S_0x5b132d5f8410 .scope module, "tb_streamRegister" "tb_streamRegister" 3 3;
 .timescale -9 -12;
v0x5b132d613120_0 .var "inputData", 7 0;
v0x5b132d613200_0 .net "inputReady", 0 0, L_0x5b132d613770;  1 drivers
v0x5b132d6132a0_0 .var "inputValid", 0 0;
v0x5b132d613340_0 .net "outputData", 7 0, v0x5b132d5e33d0_0;  1 drivers
v0x5b132d613410_0 .var "outputReady", 0 0;
v0x5b132d613500_0 .net "outputValid", 0 0, v0x5b132d612b10_0;  1 drivers
v0x5b132d6135d0_0 .var "sys_clk", 0 0;
v0x5b132d6136a0_0 .var "sys_rst_n", 0 0;
E_0x5b132d5f54f0 .event posedge, v0x5b132d612bd0_0;
S_0x5b132d5bb490 .scope module, "dut" "streamRegister" 3 16, 4 8 0, S_0x5b132d5f8410;
 .timescale 0 0;
    .port_info 0 /INPUT 1 "sys_clk";
    .port_info 1 /INPUT 1 "sys_rst_n";
    .port_info 2 /INPUT 1 "inputValid";
    .port_info 3 /OUTPUT 1 "inputReady";
    .port_info 4 /INPUT 8 "inputData";
    .port_info 5 /OUTPUT 1 "outputValid";
    .port_info 6 /INPUT 1 "outputReady";
    .port_info 7 /OUTPUT 8 "outputData";
P_0x5b132d5bb620 .param/l "DATA_WIDTH" 0 4 9, +C4<00000000000000000000000000001000>;
v0x5b132d5e6830_0 .var "full", 0 0;
v0x5b132d5e6d80_0 .net "inputData", 7 0, v0x5b132d613120_0;  1 drivers
v0x5b132d5e7100_0 .net "inputReady", 0 0, L_0x5b132d613770;  alias, 1 drivers
v0x5b132d5e2e90_0 .net "inputValid", 0 0, v0x5b132d6132a0_0;  1 drivers
v0x5b132d5e33d0_0 .var "outputData", 7 0;
v0x5b132d612a50_0 .net "outputReady", 0 0, v0x5b132d613410_0;  1 drivers
v0x5b132d612b10_0 .var "outputValid", 0 0;
v0x5b132d612bd0_0 .net "sys_clk", 0 0, v0x5b132d6135d0_0;  1 drivers
v0x5b132d612c90_0 .net "sys_rst_n", 0 0, v0x5b132d6136a0_0;  1 drivers
E_0x5b132d5f5230/0 .event negedge, v0x5b132d612c90_0;
E_0x5b132d5f5230/1 .event posedge, v0x5b132d612bd0_0;
E_0x5b132d5f5230 .event/or E_0x5b132d5f5230/0, E_0x5b132d5f5230/1;
L_0x5b132d613770 .reduce/nor v0x5b132d5e6830_0;
S_0x5b132d612e50 .scope task, "sendWord" "sendWord" 3 35, 3 35 0, S_0x5b132d5f8410;
 .timescale -9 -12;
v0x5b132d613020_0 .var "dataByte", 7 0;
E_0x5b132d5bbaf0 .event negedge, v0x5b132d612bd0_0;
TD_tb_streamRegister.sendWord ;
    %wait E_0x5b132d5bbaf0;
    %load/vec4 v0x5b132d613020_0;
    %store/vec4 v0x5b132d613120_0, 0, 8;
    %pushi/vec4 1, 0, 1;
    %store/vec4 v0x5b132d6132a0_0, 0, 1;
T_0.0 ;
    %load/vec4 v0x5b132d613200_0;
    %nor/r;
    %flag_set/vec4 8;
    %jmp/0xz T_0.1, 8;
    %wait E_0x5b132d5bbaf0;
    %jmp T_0.0;
T_0.1 ;
    %wait E_0x5b132d5bbaf0;
    %pushi/vec4 0, 0, 1;
    %store/vec4 v0x5b132d6132a0_0, 0, 1;
    %pushi/vec4 0, 0, 8;
    %store/vec4 v0x5b132d613120_0, 0, 8;
    %end;
    .scope S_0x5b132d5bb490;
T_1 ;
    %wait E_0x5b132d5f5230;
    %load/vec4 v0x5b132d612c90_0;
    %nor/r;
    %flag_set/vec4 8;
    %jmp/0xz  T_1.0, 8;
    %pushi/vec4 0, 0, 1;
    %assign/vec4 v0x5b132d5e6830_0, 0;
    %pushi/vec4 0, 0, 1;
    %assign/vec4 v0x5b132d612b10_0, 0;
    %pushi/vec4 0, 0, 8;
    %assign/vec4 v0x5b132d5e33d0_0, 0;
    %jmp T_1.1;
T_1.0 ;
    %load/vec4 v0x5b132d612b10_0;
    %flag_set/vec4 9;
    %flag_get/vec4 9;
    %jmp/0 T_1.4, 9;
    %load/vec4 v0x5b132d612a50_0;
    %and;
T_1.4;
    %flag_set/vec4 8;
    %jmp/0xz  T_1.2, 8;
    %pushi/vec4 0, 0, 1;
    %assign/vec4 v0x5b132d5e6830_0, 0;
    %pushi/vec4 0, 0, 1;
    %assign/vec4 v0x5b132d612b10_0, 0;
T_1.2 ;
    %load/vec4 v0x5b132d5e2e90_0;
    %flag_set/vec4 9;
    %flag_get/vec4 9;
    %jmp/0 T_1.7, 9;
    %load/vec4 v0x5b132d5e7100_0;
    %and;
T_1.7;
    %flag_set/vec4 8;
    %jmp/0xz  T_1.5, 8;
    %load/vec4 v0x5b132d5e6d80_0;
    %assign/vec4 v0x5b132d5e33d0_0, 0;
    %pushi/vec4 1, 0, 1;
    %assign/vec4 v0x5b132d5e6830_0, 0;
    %pushi/vec4 1, 0, 1;
    %assign/vec4 v0x5b132d612b10_0, 0;
T_1.5 ;
T_1.1 ;
    %jmp T_1;
    .thread T_1;
    .scope S_0x5b132d5f8410;
T_2 ;
    %pushi/vec4 0, 0, 1;
    %store/vec4 v0x5b132d6135d0_0, 0, 1;
T_2.0 ;
    %delay 18518, 0;
    %load/vec4 v0x5b132d6135d0_0;
    %inv;
    %store/vec4 v0x5b132d6135d0_0, 0, 1;
    %jmp T_2.0;
    %end;
    .thread T_2;
    .scope S_0x5b132d5f8410;
T_3 ;
    %vpi_call/w 3 52 "$dumpfile", "sim/tb_streamRegister.vcd" {0 0 0};
    %vpi_call/w 3 53 "$dumpvars", 32'sb00000000000000000000000000000000, S_0x5b132d5f8410 {0 0 0};
    %pushi/vec4 0, 0, 1;
    %store/vec4 v0x5b132d6136a0_0, 0, 1;
    %pushi/vec4 0, 0, 1;
    %store/vec4 v0x5b132d6132a0_0, 0, 1;
    %pushi/vec4 0, 0, 8;
    %store/vec4 v0x5b132d613120_0, 0, 8;
    %pushi/vec4 0, 0, 1;
    %store/vec4 v0x5b132d613410_0, 0, 1;
    %delay 200000, 0;
    %pushi/vec4 1, 0, 1;
    %store/vec4 v0x5b132d6136a0_0, 0, 1;
    %pushi/vec4 1, 0, 1;
    %store/vec4 v0x5b132d613410_0, 0, 1;
    %pushi/vec4 161, 0, 8;
    %store/vec4 v0x5b132d613020_0, 0, 8;
    %fork TD_tb_streamRegister.sendWord, S_0x5b132d612e50;
    %join;
    %pushi/vec4 2, 0, 32;
T_3.0 %dup/vec4;
    %pushi/vec4 0, 0, 32;
    %cmp/s;
    %jmp/1xz T_3.1, 5;
    %jmp/1 T_3.1, 4;
    %pushi/vec4 1, 0, 32;
    %sub;
    %wait E_0x5b132d5f54f0;
    %jmp T_3.0;
T_3.1 ;
    %pop/vec4 1;
    %pushi/vec4 0, 0, 1;
    %store/vec4 v0x5b132d613410_0, 0, 1;
    %pushi/vec4 178, 0, 8;
    %store/vec4 v0x5b132d613020_0, 0, 8;
    %fork TD_tb_streamRegister.sendWord, S_0x5b132d612e50;
    %join;
    %pushi/vec4 4, 0, 32;
T_3.2 %dup/vec4;
    %pushi/vec4 0, 0, 32;
    %cmp/s;
    %jmp/1xz T_3.3, 5;
    %jmp/1 T_3.3, 4;
    %pushi/vec4 1, 0, 32;
    %sub;
    %wait E_0x5b132d5f54f0;
    %jmp T_3.2;
T_3.3 ;
    %pop/vec4 1;
    %pushi/vec4 1, 0, 1;
    %store/vec4 v0x5b132d613410_0, 0, 1;
    %pushi/vec4 3, 0, 32;
T_3.4 %dup/vec4;
    %pushi/vec4 0, 0, 32;
    %cmp/s;
    %jmp/1xz T_3.5, 5;
    %jmp/1 T_3.5, 4;
    %pushi/vec4 1, 0, 32;
    %sub;
    %wait E_0x5b132d5f54f0;
    %jmp T_3.4;
T_3.5 ;
    %pop/vec4 1;
    %pushi/vec4 195, 0, 8;
    %store/vec4 v0x5b132d613020_0, 0, 8;
    %fork TD_tb_streamRegister.sendWord, S_0x5b132d612e50;
    %join;
    %pushi/vec4 4, 0, 32;
T_3.6 %dup/vec4;
    %pushi/vec4 0, 0, 32;
    %cmp/s;
    %jmp/1xz T_3.7, 5;
    %jmp/1 T_3.7, 4;
    %pushi/vec4 1, 0, 32;
    %sub;
    %wait E_0x5b132d5f54f0;
    %jmp T_3.6;
T_3.7 ;
    %pop/vec4 1;
    %vpi_call/w 3 104 "$finish" {0 0 0};
    %end;
    .thread T_3;
# The file index is used to find the file name in the following table.
:file_names 5;
    "N/A";
    "<interactive>";
    "-";
    "sim/tb_streamRegister.sv";
    "streamInterface/src/streamRegister.sv";
