GowinSynthesis start
Running parser ...
Analyzing Verilog file '/home/erayacikgz/Desktop/fpga/6_ButtonLedCounter/buttonLedCounter/src/buttonLedCounter.v'
Analyzing Verilog file '/home/erayacikgz/Desktop/fpga/6_ButtonLedCounter/buttonLedCounter/src/buttonDebounce.v'
Analyzing Verilog file '/home/erayacikgz/Desktop/fpga/6_ButtonLedCounter/buttonLedCounter/src/edgeDetector.v'
Compiling module 'buttonLedCounter'("/home/erayacikgz/Desktop/fpga/6_ButtonLedCounter/buttonLedCounter/src/buttonLedCounter.v":1)
Compiling module 'buttonDebounce'("/home/erayacikgz/Desktop/fpga/6_ButtonLedCounter/buttonLedCounter/src/buttonDebounce.v":1)
Compiling module 'edgeDetector'("/home/erayacikgz/Desktop/fpga/6_ButtonLedCounter/buttonLedCounter/src/edgeDetector.v":1)
NOTE  (EX0101) : Current top module is "buttonLedCounter"
[5%] Running netlist conversion ...
Running device independent optimization ...
[10%] Optimizing Phase 0 completed
[15%] Optimizing Phase 1 completed
[25%] Optimizing Phase 2 completed
Running inference ...
[30%] Inferring Phase 0 completed
[40%] Inferring Phase 1 completed
[50%] Inferring Phase 2 completed
[55%] Inferring Phase 3 completed
Running technical mapping ...
[60%] Tech-Mapping Phase 0 completed
[65%] Tech-Mapping Phase 1 completed
[75%] Tech-Mapping Phase 2 completed
[80%] Tech-Mapping Phase 3 completed
[90%] Tech-Mapping Phase 4 completed
[95%] Generate netlist file "/home/erayacikgz/Desktop/fpga/6_ButtonLedCounter/buttonLedCounter/impl/gwsynthesis/resettableCounter.vg" completed
[100%] Generate report file "/home/erayacikgz/Desktop/fpga/6_ButtonLedCounter/buttonLedCounter/impl/gwsynthesis/resettableCounter_syn.rpt.html" completed
GowinSynthesis finish
