Reading netlist file: "/home/erayacikgz/Desktop/fpga/4_ButtonDebounce/buttonDebounce/impl/gwsynthesis/buttonDebounce.vg"
Parsing netlist file "/home/erayacikgz/Desktop/fpga/4_ButtonDebounce/buttonDebounce/impl/gwsynthesis/buttonDebounce.vg" completed
Processing netlist completed
Reading constraint file: "/home/erayacikgz/Desktop/fpga/4_ButtonDebounce/buttonDebounce/src/tangnano9k.cst"
Physical Constraint parsed completed
Running placement......
[10%] Placement Phase 0 completed
[20%] Placement Phase 1 completed
[30%] Placement Phase 2 completed
[50%] Placement Phase 3 completed
Running routing......
[60%] Routing Phase 0 completed
[70%] Routing Phase 1 completed
[80%] Routing Phase 2 completed
[90%] Routing Phase 3 completed
Running timing analysis......
[95%] Timing analysis completed
Placement and routing completed
Bitstream generation in progress......
Bitstream generation completed
Running power analysis......
[100%] Power analysis completed
Generate file "/home/erayacikgz/Desktop/fpga/4_ButtonDebounce/buttonDebounce/impl/pnr/buttonDebounce.power.html" completed
Generate file "/home/erayacikgz/Desktop/fpga/4_ButtonDebounce/buttonDebounce/impl/pnr/buttonDebounce.pin.html" completed
Generate file "/home/erayacikgz/Desktop/fpga/4_ButtonDebounce/buttonDebounce/impl/pnr/buttonDebounce.rpt.html" completed
Generate file "/home/erayacikgz/Desktop/fpga/4_ButtonDebounce/buttonDebounce/impl/pnr/buttonDebounce.rpt.txt" completed
Generate file "/home/erayacikgz/Desktop/fpga/4_ButtonDebounce/buttonDebounce/impl/pnr/buttonDebounce.tr.html" completed
Sat Jun 27 17:30:00 2026

