#! /usr/bin/vvp
:ivl_version "12.0 (stable)";
:ivl_delay_selection "TYPICAL";
:vpi_time_precision - 12;
:vpi_module "/usr/lib/x86_64-linux-gnu/ivl/system.vpi";
:vpi_module "/usr/lib/x86_64-linux-gnu/ivl/vhdl_sys.vpi";
:vpi_module "/usr/lib/x86_64-linux-gnu/ivl/vhdl_textio.vpi";
:vpi_module "/usr/lib/x86_64-linux-gnu/ivl/v2005_math.vpi";
:vpi_module "/usr/lib/x86_64-linux-gnu/ivl/va_math.vpi";
:vpi_module "/usr/lib/x86_64-linux-gnu/ivl/v2009.vpi";
S_0x5a918d6c0240 .scope package, "$unit" "$unit" 2 1;
 .timescale 0 0;
S_0x5a918d6c03d0 .scope module, "tb_pwmDimmer" "tb_pwmDimmer" 3 3;
 .timescale -9 -12;
v0x5a918d6d5010_0 .net "led", 0 0, L_0x5a918d6ab170;  1 drivers
v0x5a918d6d50b0_0 .var "sys_clk", 0 0;
v0x5a918d6d5180_0 .var "sys_rst_n", 0 0;
S_0x5a918d681490 .scope module, "dut" "pwmDimmer" 3 9, 4 1 0, S_0x5a918d6c03d0;
 .timescale 0 0;
    .port_info 0 /INPUT 1 "sys_clk";
    .port_info 1 /INPUT 1 "sys_rst_n";
    .port_info 2 /OUTPUT 1 "led";
P_0x5a918d681670 .param/l "FADE_TICK_MAX" 1 4 15, C4<10000011110101011111>;
L_0x5a918d6ab170 .functor NOT 1, L_0x5a918d6d5280, C4<0>, C4<0>, C4<0>;
v0x5a918d6817c0_0 .var "dutyCycle", 7 0;
v0x5a918d6d49e0_0 .var "fadeCounter", 19 0;
v0x5a918d6d4ac0_0 .var "fadeUp", 0 0;
v0x5a918d6d4b60_0 .net "led", 0 0, L_0x5a918d6ab170;  alias, 1 drivers
v0x5a918d6d4c20_0 .var "pwmCounter", 7 0;
v0x5a918d6d4d50_0 .net "pwmOn", 0 0, L_0x5a918d6d5280;  1 drivers
v0x5a918d6d4e10_0 .net "sys_clk", 0 0, v0x5a918d6d50b0_0;  1 drivers
v0x5a918d6d4ed0_0 .net "sys_rst_n", 0 0, v0x5a918d6d5180_0;  1 drivers
E_0x5a918d6bb740/0 .event negedge, v0x5a918d6d4ed0_0;
E_0x5a918d6bb740/1 .event posedge, v0x5a918d6d4e10_0;
E_0x5a918d6bb740 .event/or E_0x5a918d6bb740/0, E_0x5a918d6bb740/1;
L_0x5a918d6d5280 .cmp/gt 8, v0x5a918d6817c0_0, v0x5a918d6d4c20_0;
    .scope S_0x5a918d681490;
T_0 ;
    %wait E_0x5a918d6bb740;
    %load/vec4 v0x5a918d6d4ed0_0;
    %nor/r;
    %flag_set/vec4 8;
    %jmp/0xz  T_0.0, 8;
    %pushi/vec4 0, 0, 8;
    %assign/vec4 v0x5a918d6d4c20_0, 0;
    %pushi/vec4 0, 0, 8;
    %assign/vec4 v0x5a918d6817c0_0, 0;
    %pushi/vec4 0, 0, 20;
    %assign/vec4 v0x5a918d6d49e0_0, 0;
    %pushi/vec4 1, 0, 1;
    %assign/vec4 v0x5a918d6d4ac0_0, 0;
    %jmp T_0.1;
T_0.0 ;
    %load/vec4 v0x5a918d6d4c20_0;
    %addi 1, 0, 8;
    %assign/vec4 v0x5a918d6d4c20_0, 0;
    %load/vec4 v0x5a918d6d49e0_0;
    %cmpi/e 539999, 0, 20;
    %jmp/0xz  T_0.2, 4;
    %pushi/vec4 0, 0, 20;
    %assign/vec4 v0x5a918d6d49e0_0, 0;
    %load/vec4 v0x5a918d6d4ac0_0;
    %flag_set/vec4 8;
    %jmp/0xz  T_0.4, 8;
    %load/vec4 v0x5a918d6817c0_0;
    %cmpi/e 255, 0, 8;
    %jmp/0xz  T_0.6, 4;
    %pushi/vec4 0, 0, 1;
    %assign/vec4 v0x5a918d6d4ac0_0, 0;
    %load/vec4 v0x5a918d6817c0_0;
    %subi 1, 0, 8;
    %assign/vec4 v0x5a918d6817c0_0, 0;
    %jmp T_0.7;
T_0.6 ;
    %load/vec4 v0x5a918d6817c0_0;
    %addi 1, 0, 8;
    %assign/vec4 v0x5a918d6817c0_0, 0;
T_0.7 ;
    %jmp T_0.5;
T_0.4 ;
    %load/vec4 v0x5a918d6817c0_0;
    %cmpi/e 0, 0, 8;
    %jmp/0xz  T_0.8, 4;
    %pushi/vec4 1, 0, 1;
    %assign/vec4 v0x5a918d6d4ac0_0, 0;
    %load/vec4 v0x5a918d6817c0_0;
    %addi 1, 0, 8;
    %assign/vec4 v0x5a918d6817c0_0, 0;
    %jmp T_0.9;
T_0.8 ;
    %load/vec4 v0x5a918d6817c0_0;
    %subi 1, 0, 8;
    %assign/vec4 v0x5a918d6817c0_0, 0;
T_0.9 ;
T_0.5 ;
    %jmp T_0.3;
T_0.2 ;
    %load/vec4 v0x5a918d6d49e0_0;
    %addi 1, 0, 20;
    %assign/vec4 v0x5a918d6d49e0_0, 0;
T_0.3 ;
T_0.1 ;
    %jmp T_0;
    .thread T_0;
    .scope S_0x5a918d6c03d0;
T_1 ;
    %pushi/vec4 0, 0, 1;
    %store/vec4 v0x5a918d6d50b0_0, 0, 1;
T_1.0 ;
    %delay 18518, 0;
    %load/vec4 v0x5a918d6d50b0_0;
    %inv;
    %store/vec4 v0x5a918d6d50b0_0, 0, 1;
    %jmp T_1.0;
    %end;
    .thread T_1;
    .scope S_0x5a918d6c03d0;
T_2 ;
    %pushi/vec4 0, 0, 1;
    %store/vec4 v0x5a918d6d5180_0, 0, 1;
    %delay 200000, 0;
    %pushi/vec4 1, 0, 1;
    %store/vec4 v0x5a918d6d5180_0, 0, 1;
    %end;
    .thread T_2;
    .scope S_0x5a918d6c03d0;
T_3 ;
    %vpi_call/w 3 27 "$dumpfile", "tb_pwmDimmer.vcd" {0 0 0};
    %vpi_call/w 3 28 "$dumpvars", 32'sb00000000000000000000000000000000, S_0x5a918d6c03d0 {0 0 0};
    %delay 4230196224, 6;
    %vpi_call/w 3 31 "$finish" {0 0 0};
    %end;
    .thread T_3;
# The file index is used to find the file name in the following table.
:file_names 5;
    "N/A";
    "<interactive>";
    "-";
    "sim/tb_pwmDimmer.sv";
    "pwmDimmer/src/pwmDimmer.sv";
