#! /usr/bin/vvp
:ivl_version "12.0 (stable)";
:ivl_delay_selection "TYPICAL";
:vpi_time_precision - 12;
:vpi_module "/usr/lib/x86_64-linux-gnu/ivl/system.vpi";
:vpi_module "/usr/lib/x86_64-linux-gnu/ivl/vhdl_sys.vpi";
:vpi_module "/usr/lib/x86_64-linux-gnu/ivl/vhdl_textio.vpi";
:vpi_module "/usr/lib/x86_64-linux-gnu/ivl/v2005_math.vpi";
:vpi_module "/usr/lib/x86_64-linux-gnu/ivl/va_math.vpi";
:vpi_module "/usr/lib/x86_64-linux-gnu/ivl/v2009.vpi";
S_0x63f637f16aa0 .scope package, "$unit" "$unit" 2 1;
 .timescale 0 0;
S_0x63f637f16c30 .scope module, "tb_customAccelerator" "tb_customAccelerator" 3 3;
 .timescale -9 -12;
P_0x63f637ece490 .param/l "ADDR_CONTROL" 1 3 16, C4<00000000>;
P_0x63f637ece4d0 .param/l "ADDR_INPUT_A" 1 3 17, C4<00000100>;
P_0x63f637ece510 .param/l "ADDR_INPUT_B" 1 3 18, C4<00001000>;
P_0x63f637ece550 .param/l "ADDR_INPUT_C" 1 3 19, C4<00001100>;
P_0x63f637ece590 .param/l "ADDR_RESULT" 1 3 20, C4<00010000>;
P_0x63f637ece5d0 .param/l "ADDR_STATUS" 1 3 21, C4<00010100>;
v0x63f637f58fc0_0 .var "readAddress", 7 0;
v0x63f637f590a0_0 .net "readData", 31 0, v0x63f637f577c0_0;  1 drivers
v0x63f637f59140_0 .var "readEnable", 0 0;
v0x63f637f591e0_0 .var "sys_clk", 0 0;
v0x63f637f592b0_0 .var "sys_rst_n", 0 0;
v0x63f637f593a0_0 .var "writeAddress", 7 0;
v0x63f637f59470_0 .var "writeData", 31 0;
v0x63f637f59540_0 .var "writeEnable", 0 0;
E_0x63f637f07df0 .event posedge, v0x63f637f57cc0_0;
S_0x63f637f37710 .scope task, "checkResult" "checkResult" 3 77, 3 77 0, S_0x63f637f16c30;
 .timescale -9 -12;
v0x63f637f2b490_0 .var "expectedResult", 31 0;
TD_tb_customAccelerator.checkResult ;
    %pushi/vec4 16, 0, 8;
    %store/vec4 v0x63f637f58370_0, 0, 8;
    %fork TD_tb_customAccelerator.readRegister, S_0x63f637f581c0;
    %join;
    %load/vec4 v0x63f637f590a0_0;
    %load/vec4 v0x63f637f2b490_0;
    %cmp/ne;
    %jmp/0xz  T_0.0, 6;
    %vpi_call/w 3 82 "$display", "ERROR: expected result %0d / 0x%08h, got %0d / 0x%08h", v0x63f637f2b490_0, v0x63f637f2b490_0, v0x63f637f590a0_0, v0x63f637f590a0_0 {0 0 0};
    %jmp T_0.1;
T_0.0 ;
    %vpi_call/w 3 85 "$display", "PASS: result = %0d / 0x%08h", v0x63f637f590a0_0, v0x63f637f590a0_0 {0 0 0};
T_0.1 ;
    %end;
S_0x63f637f56280 .scope module, "dut" "customAccelerator" 3 23, 4 4 0, S_0x63f637f16c30;
 .timescale 0 0;
    .port_info 0 /INPUT 1 "sys_clk";
    .port_info 1 /INPUT 1 "sys_rst_n";
    .port_info 2 /INPUT 1 "writeEnable";
    .port_info 3 /INPUT 8 "writeAddress";
    .port_info 4 /INPUT 32 "writeData";
    .port_info 5 /INPUT 1 "readEnable";
    .port_info 6 /INPUT 8 "readAddress";
    .port_info 7 /OUTPUT 32 "readData";
P_0x63f637f56430 .param/l "ADDR_CONTROL" 1 4 17, C4<00000000>;
P_0x63f637f56470 .param/l "ADDR_INPUT_A" 1 4 18, C4<00000100>;
P_0x63f637f564b0 .param/l "ADDR_INPUT_B" 1 4 19, C4<00001000>;
P_0x63f637f564f0 .param/l "ADDR_INPUT_C" 1 4 20, C4<00001100>;
P_0x63f637f56530 .param/l "ADDR_RESULT" 1 4 21, C4<00010000>;
P_0x63f637f56570 .param/l "ADDR_STATUS" 1 4 22, C4<00010100>;
enum0x63f637ef4bd0 .enum4 (2)
   "IDLE" 2'b00,
   "EXECUTE" 2'b01,
   "FINISH" 2'b10
 ;
L_0x63f637f2b2f0 .functor AND 1, v0x63f637f59540_0, L_0x63f637f59640, C4<1>, C4<1>;
L_0x63f637f2b810 .functor AND 1, L_0x63f637f2b2f0, L_0x63f637f59850, C4<1>, C4<1>;
L_0x71d399986018 .functor BUFT 1, C4<00000000>, C4<0>, C4<0>, C4<0>;
v0x63f637f2b970_0 .net/2u *"_ivl_0", 7 0, L_0x71d399986018;  1 drivers
v0x63f637f298c0_0 .net *"_ivl_10", 63 0, L_0x63f637f599e0;  1 drivers
L_0x71d399986060 .functor BUFT 1, C4<00000000000000000000000000000000>, C4<0>, C4<0>, C4<0>;
v0x63f637f56ab0_0 .net *"_ivl_13", 31 0, L_0x71d399986060;  1 drivers
v0x63f637f56b70_0 .net *"_ivl_14", 63 0, L_0x63f637f69ae0;  1 drivers
L_0x71d3999860a8 .functor BUFT 1, C4<00000000000000000000000000000000>, C4<0>, C4<0>, C4<0>;
v0x63f637f56c50_0 .net *"_ivl_17", 31 0, L_0x71d3999860a8;  1 drivers
v0x63f637f56d80_0 .net *"_ivl_2", 0 0, L_0x63f637f59640;  1 drivers
v0x63f637f56e40_0 .net *"_ivl_20", 63 0, L_0x63f637f69dd0;  1 drivers
L_0x71d3999860f0 .functor BUFT 1, C4<00000000000000000000000000000000>, C4<0>, C4<0>, C4<0>;
v0x63f637f56f20_0 .net *"_ivl_23", 31 0, L_0x71d3999860f0;  1 drivers
v0x63f637f57000_0 .net *"_ivl_5", 0 0, L_0x63f637f2b2f0;  1 drivers
v0x63f637f570c0_0 .net *"_ivl_7", 0 0, L_0x63f637f59850;  1 drivers
v0x63f637f571a0_0 .var "controlReg", 31 0;
v0x63f637f57280_0 .var "inputAReg", 31 0;
v0x63f637f57360_0 .var "inputBReg", 31 0;
v0x63f637f57440_0 .var "inputCReg", 31 0;
v0x63f637f57520_0 .net "macResult", 63 0, L_0x63f637f69f30;  1 drivers
v0x63f637f57600_0 .net "multiplyResult", 63 0, L_0x63f637f69c60;  1 drivers
v0x63f637f576e0_0 .net "readAddress", 7 0, v0x63f637f58fc0_0;  1 drivers
v0x63f637f577c0_0 .var "readData", 31 0;
v0x63f637f578a0_0 .net "readEnable", 0 0, v0x63f637f59140_0;  1 drivers
v0x63f637f57960_0 .var "resultReg", 31 0;
v0x63f637f57a40_0 .net "startPulse", 0 0, L_0x63f637f2b810;  1 drivers
v0x63f637f57b00_0 .var "state", 1 0;
v0x63f637f57be0_0 .var "statusReg", 31 0;
v0x63f637f57cc0_0 .net "sys_clk", 0 0, v0x63f637f591e0_0;  1 drivers
v0x63f637f57d80_0 .net "sys_rst_n", 0 0, v0x63f637f592b0_0;  1 drivers
v0x63f637f57e40_0 .net "writeAddress", 7 0, v0x63f637f593a0_0;  1 drivers
v0x63f637f57f20_0 .net "writeData", 31 0, v0x63f637f59470_0;  1 drivers
v0x63f637f58000_0 .net "writeEnable", 0 0, v0x63f637f59540_0;  1 drivers
E_0x63f637eceed0/0 .event anyedge, v0x63f637f578a0_0, v0x63f637f576e0_0, v0x63f637f571a0_0, v0x63f637f57280_0;
E_0x63f637eceed0/1 .event anyedge, v0x63f637f57360_0, v0x63f637f57440_0, v0x63f637f57960_0, v0x63f637f57be0_0;
E_0x63f637eceed0 .event/or E_0x63f637eceed0/0, E_0x63f637eceed0/1;
E_0x63f637f0a180/0 .event negedge, v0x63f637f57d80_0;
E_0x63f637f0a180/1 .event posedge, v0x63f637f57cc0_0;
E_0x63f637f0a180 .event/or E_0x63f637f0a180/0, E_0x63f637f0a180/1;
L_0x63f637f59640 .cmp/eq 8, v0x63f637f593a0_0, L_0x71d399986018;
L_0x63f637f59850 .part v0x63f637f59470_0, 0, 1;
L_0x63f637f599e0 .concat [ 32 32 0 0], v0x63f637f57280_0, L_0x71d399986060;
L_0x63f637f69ae0 .concat [ 32 32 0 0], v0x63f637f57360_0, L_0x71d3999860a8;
L_0x63f637f69c60 .arith/mult 64, L_0x63f637f599e0, L_0x63f637f69ae0;
L_0x63f637f69dd0 .concat [ 32 32 0 0], v0x63f637f57440_0, L_0x71d3999860f0;
L_0x63f637f69f30 .arith/sum 64, L_0x63f637f69c60, L_0x63f637f69dd0;
S_0x63f637f581c0 .scope task, "readRegister" "readRegister" 3 55, 3 55 0, S_0x63f637f16c30;
 .timescale -9 -12;
v0x63f637f58370_0 .var "address", 7 0;
E_0x63f637ef4cd0 .event negedge, v0x63f637f57cc0_0;
TD_tb_customAccelerator.readRegister ;
    %wait E_0x63f637ef4cd0;
    %load/vec4 v0x63f637f58370_0;
    %store/vec4 v0x63f637f58fc0_0, 0, 8;
    %pushi/vec4 1, 0, 1;
    %store/vec4 v0x63f637f59140_0, 0, 1;
    %wait E_0x63f637ef4cd0;
    %pushi/vec4 0, 0, 1;
    %store/vec4 v0x63f637f59140_0, 0, 1;
    %pushi/vec4 0, 0, 8;
    %store/vec4 v0x63f637f58fc0_0, 0, 8;
    %end;
S_0x63f637f58470 .scope task, "runAccelerator" "runAccelerator" 3 91, 3 91 0, S_0x63f637f16c30;
 .timescale -9 -12;
v0x63f637f58650_0 .var "expectedResult", 31 0;
v0x63f637f58750_0 .var "inputA", 31 0;
v0x63f637f58830_0 .var "inputB", 31 0;
v0x63f637f588f0_0 .var "inputC", 31 0;
TD_tb_customAccelerator.runAccelerator ;
    %pushi/vec4 4, 0, 8;
    %store/vec4 v0x63f637f58de0_0, 0, 8;
    %load/vec4 v0x63f637f58750_0;
    %store/vec4 v0x63f637f58ee0_0, 0, 32;
    %fork TD_tb_customAccelerator.writeRegister, S_0x63f637f58c00;
    %join;
    %pushi/vec4 8, 0, 8;
    %store/vec4 v0x63f637f58de0_0, 0, 8;
    %load/vec4 v0x63f637f58830_0;
    %store/vec4 v0x63f637f58ee0_0, 0, 32;
    %fork TD_tb_customAccelerator.writeRegister, S_0x63f637f58c00;
    %join;
    %pushi/vec4 12, 0, 8;
    %store/vec4 v0x63f637f58de0_0, 0, 8;
    %load/vec4 v0x63f637f588f0_0;
    %store/vec4 v0x63f637f58ee0_0, 0, 32;
    %fork TD_tb_customAccelerator.writeRegister, S_0x63f637f58c00;
    %join;
    %pushi/vec4 0, 0, 8;
    %store/vec4 v0x63f637f58de0_0, 0, 8;
    %pushi/vec4 1, 0, 32;
    %store/vec4 v0x63f637f58ee0_0, 0, 32;
    %fork TD_tb_customAccelerator.writeRegister, S_0x63f637f58c00;
    %join;
    %fork TD_tb_customAccelerator.waitForDone, S_0x63f637f589d0;
    %join;
    %load/vec4 v0x63f637f58650_0;
    %store/vec4 v0x63f637f2b490_0, 0, 32;
    %fork TD_tb_customAccelerator.checkResult, S_0x63f637f37710;
    %join;
    %end;
S_0x63f637f589d0 .scope task, "waitForDone" "waitForDone" 3 67, 3 67 0, S_0x63f637f16c30;
 .timescale -9 -12;
TD_tb_customAccelerator.waitForDone ;
    %pushi/vec4 20, 0, 8;
    %store/vec4 v0x63f637f58370_0, 0, 8;
    %fork TD_tb_customAccelerator.readRegister, S_0x63f637f581c0;
    %join;
T_3.2 ;
    %load/vec4 v0x63f637f590a0_0;
    %parti/s 1, 0, 2;
    %cmpi/ne 1, 0, 1;
    %jmp/0xz T_3.3, 4;
    %pushi/vec4 20, 0, 8;
    %store/vec4 v0x63f637f58370_0, 0, 8;
    %fork TD_tb_customAccelerator.readRegister, S_0x63f637f581c0;
    %join;
    %jmp T_3.2;
T_3.3 ;
    %end;
S_0x63f637f58c00 .scope task, "writeRegister" "writeRegister" 3 41, 3 41 0, S_0x63f637f16c30;
 .timescale -9 -12;
v0x63f637f58de0_0 .var "address", 7 0;
v0x63f637f58ee0_0 .var "data", 31 0;
TD_tb_customAccelerator.writeRegister ;
    %wait E_0x63f637ef4cd0;
    %load/vec4 v0x63f637f58de0_0;
    %store/vec4 v0x63f637f593a0_0, 0, 8;
    %load/vec4 v0x63f637f58ee0_0;
    %store/vec4 v0x63f637f59470_0, 0, 32;
    %pushi/vec4 1, 0, 1;
    %store/vec4 v0x63f637f59540_0, 0, 1;
    %wait E_0x63f637ef4cd0;
    %pushi/vec4 0, 0, 1;
    %store/vec4 v0x63f637f59540_0, 0, 1;
    %pushi/vec4 0, 0, 8;
    %store/vec4 v0x63f637f593a0_0, 0, 8;
    %pushi/vec4 0, 0, 32;
    %store/vec4 v0x63f637f59470_0, 0, 32;
    %end;
    .scope S_0x63f637f56280;
T_5 ;
    %wait E_0x63f637f0a180;
    %load/vec4 v0x63f637f57d80_0;
    %nor/r;
    %flag_set/vec4 8;
    %jmp/0xz  T_5.0, 8;
    %pushi/vec4 0, 0, 2;
    %assign/vec4 v0x63f637f57b00_0, 0;
    %pushi/vec4 0, 0, 32;
    %assign/vec4 v0x63f637f571a0_0, 0;
    %pushi/vec4 0, 0, 32;
    %assign/vec4 v0x63f637f57280_0, 0;
    %pushi/vec4 0, 0, 32;
    %assign/vec4 v0x63f637f57360_0, 0;
    %pushi/vec4 0, 0, 32;
    %assign/vec4 v0x63f637f57440_0, 0;
    %pushi/vec4 0, 0, 32;
    %assign/vec4 v0x63f637f57960_0, 0;
    %pushi/vec4 0, 0, 32;
    %assign/vec4 v0x63f637f57be0_0, 0;
    %jmp T_5.1;
T_5.0 ;
    %load/vec4 v0x63f637f58000_0;
    %flag_set/vec4 8;
    %jmp/0xz  T_5.2, 8;
    %load/vec4 v0x63f637f57e40_0;
    %dup/vec4;
    %pushi/vec4 0, 0, 8;
    %cmp/u;
    %jmp/1 T_5.4, 6;
    %dup/vec4;
    %pushi/vec4 4, 0, 8;
    %cmp/u;
    %jmp/1 T_5.5, 6;
    %dup/vec4;
    %pushi/vec4 8, 0, 8;
    %cmp/u;
    %jmp/1 T_5.6, 6;
    %dup/vec4;
    %pushi/vec4 12, 0, 8;
    %cmp/u;
    %jmp/1 T_5.7, 6;
    %jmp T_5.9;
T_5.4 ;
    %load/vec4 v0x63f637f57f20_0;
    %assign/vec4 v0x63f637f571a0_0, 0;
    %jmp T_5.9;
T_5.5 ;
    %load/vec4 v0x63f637f57f20_0;
    %assign/vec4 v0x63f637f57280_0, 0;
    %jmp T_5.9;
T_5.6 ;
    %load/vec4 v0x63f637f57f20_0;
    %assign/vec4 v0x63f637f57360_0, 0;
    %jmp T_5.9;
T_5.7 ;
    %load/vec4 v0x63f637f57f20_0;
    %assign/vec4 v0x63f637f57440_0, 0;
    %jmp T_5.9;
T_5.9 ;
    %pop/vec4 1;
T_5.2 ;
    %load/vec4 v0x63f637f57b00_0;
    %dup/vec4;
    %pushi/vec4 0, 0, 2;
    %cmp/u;
    %jmp/1 T_5.10, 6;
    %dup/vec4;
    %pushi/vec4 1, 0, 2;
    %cmp/u;
    %jmp/1 T_5.11, 6;
    %dup/vec4;
    %pushi/vec4 2, 0, 2;
    %cmp/u;
    %jmp/1 T_5.12, 6;
    %pushi/vec4 0, 0, 2;
    %assign/vec4 v0x63f637f57b00_0, 0;
    %pushi/vec4 0, 0, 32;
    %assign/vec4 v0x63f637f57be0_0, 0;
    %jmp T_5.14;
T_5.10 ;
    %pushi/vec4 0, 0, 1;
    %ix/load 4, 1, 0;
    %ix/load 5, 0, 0;
    %flag_set/imm 4, 0;
    %assign/vec4/off/d v0x63f637f57be0_0, 4, 5;
    %pushi/vec4 0, 0, 1;
    %ix/load 4, 0, 0;
    %ix/load 5, 0, 0;
    %flag_set/imm 4, 0;
    %assign/vec4/off/d v0x63f637f571a0_0, 4, 5;
    %load/vec4 v0x63f637f57a40_0;
    %flag_set/vec4 8;
    %jmp/0xz  T_5.15, 8;
    %pushi/vec4 0, 0, 1;
    %ix/load 4, 0, 0;
    %ix/load 5, 0, 0;
    %flag_set/imm 4, 0;
    %assign/vec4/off/d v0x63f637f57be0_0, 4, 5;
    %pushi/vec4 1, 0, 1;
    %ix/load 4, 1, 0;
    %ix/load 5, 0, 0;
    %flag_set/imm 4, 0;
    %assign/vec4/off/d v0x63f637f57be0_0, 4, 5;
    %pushi/vec4 1, 0, 2;
    %assign/vec4 v0x63f637f57b00_0, 0;
T_5.15 ;
    %jmp T_5.14;
T_5.11 ;
    %load/vec4 v0x63f637f57520_0;
    %parti/s 32, 0, 2;
    %assign/vec4 v0x63f637f57960_0, 0;
    %pushi/vec4 2, 0, 2;
    %assign/vec4 v0x63f637f57b00_0, 0;
    %jmp T_5.14;
T_5.12 ;
    %pushi/vec4 1, 0, 1;
    %ix/load 4, 0, 0;
    %ix/load 5, 0, 0;
    %flag_set/imm 4, 0;
    %assign/vec4/off/d v0x63f637f57be0_0, 4, 5;
    %pushi/vec4 0, 0, 1;
    %ix/load 4, 1, 0;
    %ix/load 5, 0, 0;
    %flag_set/imm 4, 0;
    %assign/vec4/off/d v0x63f637f57be0_0, 4, 5;
    %pushi/vec4 0, 0, 2;
    %assign/vec4 v0x63f637f57b00_0, 0;
    %jmp T_5.14;
T_5.14 ;
    %pop/vec4 1;
T_5.1 ;
    %jmp T_5;
    .thread T_5;
    .scope S_0x63f637f56280;
T_6 ;
Ewait_0 .event/or E_0x63f637eceed0, E_0x0;
    %wait Ewait_0;
    %load/vec4 v0x63f637f578a0_0;
    %flag_set/vec4 8;
    %jmp/0xz  T_6.0, 8;
    %load/vec4 v0x63f637f576e0_0;
    %dup/vec4;
    %pushi/vec4 0, 0, 8;
    %cmp/u;
    %jmp/1 T_6.2, 6;
    %dup/vec4;
    %pushi/vec4 4, 0, 8;
    %cmp/u;
    %jmp/1 T_6.3, 6;
    %dup/vec4;
    %pushi/vec4 8, 0, 8;
    %cmp/u;
    %jmp/1 T_6.4, 6;
    %dup/vec4;
    %pushi/vec4 12, 0, 8;
    %cmp/u;
    %jmp/1 T_6.5, 6;
    %dup/vec4;
    %pushi/vec4 16, 0, 8;
    %cmp/u;
    %jmp/1 T_6.6, 6;
    %dup/vec4;
    %pushi/vec4 20, 0, 8;
    %cmp/u;
    %jmp/1 T_6.7, 6;
    %pushi/vec4 0, 0, 32;
    %store/vec4 v0x63f637f577c0_0, 0, 32;
    %jmp T_6.9;
T_6.2 ;
    %load/vec4 v0x63f637f571a0_0;
    %store/vec4 v0x63f637f577c0_0, 0, 32;
    %jmp T_6.9;
T_6.3 ;
    %load/vec4 v0x63f637f57280_0;
    %store/vec4 v0x63f637f577c0_0, 0, 32;
    %jmp T_6.9;
T_6.4 ;
    %load/vec4 v0x63f637f57360_0;
    %store/vec4 v0x63f637f577c0_0, 0, 32;
    %jmp T_6.9;
T_6.5 ;
    %load/vec4 v0x63f637f57440_0;
    %store/vec4 v0x63f637f577c0_0, 0, 32;
    %jmp T_6.9;
T_6.6 ;
    %load/vec4 v0x63f637f57960_0;
    %store/vec4 v0x63f637f577c0_0, 0, 32;
    %jmp T_6.9;
T_6.7 ;
    %load/vec4 v0x63f637f57be0_0;
    %store/vec4 v0x63f637f577c0_0, 0, 32;
    %jmp T_6.9;
T_6.9 ;
    %pop/vec4 1;
    %jmp T_6.1;
T_6.0 ;
    %pushi/vec4 0, 0, 32;
    %store/vec4 v0x63f637f577c0_0, 0, 32;
T_6.1 ;
    %jmp T_6;
    .thread T_6, $push;
    .scope S_0x63f637f16c30;
T_7 ;
    %pushi/vec4 0, 0, 1;
    %store/vec4 v0x63f637f591e0_0, 0, 1;
T_7.0 ;
    %delay 18518, 0;
    %load/vec4 v0x63f637f591e0_0;
    %inv;
    %store/vec4 v0x63f637f591e0_0, 0, 1;
    %jmp T_7.0;
    %end;
    .thread T_7;
    .scope S_0x63f637f16c30;
T_8 ;
    %vpi_call/w 3 106 "$dumpfile", "sim/tb_customAccelerator.vcd" {0 0 0};
    %vpi_call/w 3 107 "$dumpvars", 32'sb00000000000000000000000000000000, S_0x63f637f16c30 {0 0 0};
    %pushi/vec4 0, 0, 1;
    %store/vec4 v0x63f637f592b0_0, 0, 1;
    %pushi/vec4 0, 0, 1;
    %store/vec4 v0x63f637f59540_0, 0, 1;
    %pushi/vec4 0, 0, 8;
    %store/vec4 v0x63f637f593a0_0, 0, 8;
    %pushi/vec4 0, 0, 32;
    %store/vec4 v0x63f637f59470_0, 0, 32;
    %pushi/vec4 0, 0, 1;
    %store/vec4 v0x63f637f59140_0, 0, 1;
    %pushi/vec4 0, 0, 8;
    %store/vec4 v0x63f637f58fc0_0, 0, 8;
    %delay 200000, 0;
    %pushi/vec4 1, 0, 1;
    %store/vec4 v0x63f637f592b0_0, 0, 1;
    %pushi/vec4 3, 0, 32;
    %store/vec4 v0x63f637f58750_0, 0, 32;
    %pushi/vec4 4, 0, 32;
    %store/vec4 v0x63f637f58830_0, 0, 32;
    %pushi/vec4 5, 0, 32;
    %store/vec4 v0x63f637f588f0_0, 0, 32;
    %pushi/vec4 17, 0, 32;
    %store/vec4 v0x63f637f58650_0, 0, 32;
    %fork TD_tb_customAccelerator.runAccelerator, S_0x63f637f58470;
    %join;
    %pushi/vec4 10, 0, 32;
    %store/vec4 v0x63f637f58750_0, 0, 32;
    %pushi/vec4 20, 0, 32;
    %store/vec4 v0x63f637f58830_0, 0, 32;
    %pushi/vec4 7, 0, 32;
    %store/vec4 v0x63f637f588f0_0, 0, 32;
    %pushi/vec4 207, 0, 32;
    %store/vec4 v0x63f637f58650_0, 0, 32;
    %fork TD_tb_customAccelerator.runAccelerator, S_0x63f637f58470;
    %join;
    %pushi/vec4 255, 0, 32;
    %store/vec4 v0x63f637f58750_0, 0, 32;
    %pushi/vec4 2, 0, 32;
    %store/vec4 v0x63f637f58830_0, 0, 32;
    %pushi/vec4 1, 0, 32;
    %store/vec4 v0x63f637f588f0_0, 0, 32;
    %pushi/vec4 511, 0, 32;
    %store/vec4 v0x63f637f58650_0, 0, 32;
    %fork TD_tb_customAccelerator.runAccelerator, S_0x63f637f58470;
    %join;
    %pushi/vec4 6, 0, 32;
T_8.0 %dup/vec4;
    %pushi/vec4 0, 0, 32;
    %cmp/s;
    %jmp/1xz T_8.1, 5;
    %jmp/1 T_8.1, 4;
    %pushi/vec4 1, 0, 32;
    %sub;
    %wait E_0x63f637f07df0;
    %jmp T_8.0;
T_8.1 ;
    %pop/vec4 1;
    %vpi_call/w 3 132 "$display", "Complete." {0 0 0};
    %vpi_call/w 3 133 "$finish" {0 0 0};
    %end;
    .thread T_8;
# The file index is used to find the file name in the following table.
:file_names 5;
    "N/A";
    "<interactive>";
    "-";
    "sim/tb_customAccelerator.sv";
    "customAccelerator/src/customAccelerator.sv";
