#! /usr/bin/vvp
:ivl_version "12.0 (stable)";
:ivl_delay_selection "TYPICAL";
:vpi_time_precision - 12;
:vpi_module "/usr/lib/x86_64-linux-gnu/ivl/system.vpi";
:vpi_module "/usr/lib/x86_64-linux-gnu/ivl/vhdl_sys.vpi";
:vpi_module "/usr/lib/x86_64-linux-gnu/ivl/vhdl_textio.vpi";
:vpi_module "/usr/lib/x86_64-linux-gnu/ivl/v2005_math.vpi";
:vpi_module "/usr/lib/x86_64-linux-gnu/ivl/va_math.vpi";
:vpi_module "/usr/lib/x86_64-linux-gnu/ivl/v2009.vpi";
S_0x5b5d9ec88bc0 .scope package, "$unit" "$unit" 2 1;
 .timescale 0 0;
S_0x5b5d9ec88d50 .scope module, "tb_syncFifo" "tb_syncFifo" 3 3;
 .timescale -9 -12;
v0x5b5d9ecad5a0_0 .net "count", 4 0, v0x5b5d9ecac4d0_0;  1 drivers
v0x5b5d9ecad680_0 .net "empty", 0 0, L_0x5b5d9ecbe130;  1 drivers
v0x5b5d9ecad750_0 .net "full", 0 0, L_0x5b5d9ecbdeb0;  1 drivers
v0x5b5d9ecad850_0 .net "readData", 7 0, v0x5b5d9ecac7f0_0;  1 drivers
v0x5b5d9ecad920_0 .var "readEnable", 0 0;
v0x5b5d9ecada10_0 .var "sys_clk", 0 0;
v0x5b5d9ecadae0_0 .var "sys_rst_n", 0 0;
v0x5b5d9ecadbb0_0 .var "writeData", 7 0;
v0x5b5d9ecadc80_0 .var "writeEnable", 0 0;
S_0x5b5d9ec48490 .scope module, "dut" "syncFifo" 3 18, 4 2 0, S_0x5b5d9ec88d50;
 .timescale 0 0;
    .port_info 0 /INPUT 1 "sys_clk";
    .port_info 1 /INPUT 1 "sys_rst_n";
    .port_info 2 /INPUT 1 "writeEnable";
    .port_info 3 /INPUT 8 "writeData";
    .port_info 4 /OUTPUT 1 "full";
    .port_info 5 /INPUT 1 "readEnable";
    .port_info 6 /OUTPUT 8 "readData";
    .port_info 7 /OUTPUT 1 "empty";
    .port_info 8 /OUTPUT 5 "count";
P_0x5b5d9ec48620 .param/l "ADDR_WIDTH" 0 4 5, +C4<00000000000000000000000000000100>;
P_0x5b5d9ec48660 .param/l "DATA_WIDTH" 0 4 3, +C4<00000000000000000000000000001000>;
P_0x5b5d9ec486a0 .param/l "DEPTH" 0 4 4, +C4<00000000000000000000000000010000>;
L_0x5b5d9ec797e0 .functor AND 1, v0x5b5d9ecadc80_0, L_0x5b5d9ecbe2f0, C4<1>, C4<1>;
L_0x5b5d9ec79d20 .functor AND 1, v0x5b5d9ecad920_0, L_0x5b5d9ecbe430, C4<1>, C4<1>;
v0x5b5d9ec79940_0 .net *"_ivl_0", 31 0, L_0x5b5d9ecadd50;  1 drivers
L_0x7605346ce0a8 .functor BUFT 1, C4<000000000000000000000000000>, C4<0>, C4<0>, C4<0>;
v0x5b5d9ec79e80_0 .net *"_ivl_11", 26 0, L_0x7605346ce0a8;  1 drivers
L_0x7605346ce0f0 .functor BUFT 1, C4<00000000000000000000000000000000>, C4<0>, C4<0>, C4<0>;
v0x5b5d9ec718c0_0 .net/2u *"_ivl_12", 31 0, L_0x7605346ce0f0;  1 drivers
v0x5b5d9ec71ce0_0 .net *"_ivl_17", 0 0, L_0x5b5d9ecbe2f0;  1 drivers
v0x5b5d9ec711d0_0 .net *"_ivl_21", 0 0, L_0x5b5d9ecbe430;  1 drivers
L_0x7605346ce018 .functor BUFT 1, C4<000000000000000000000000000>, C4<0>, C4<0>, C4<0>;
v0x5b5d9ecac230_0 .net *"_ivl_3", 26 0, L_0x7605346ce018;  1 drivers
L_0x7605346ce060 .functor BUFT 1, C4<00000000000000000000000000010000>, C4<0>, C4<0>, C4<0>;
v0x5b5d9ecac310_0 .net/2u *"_ivl_4", 31 0, L_0x7605346ce060;  1 drivers
v0x5b5d9ecac3f0_0 .net *"_ivl_8", 31 0, L_0x5b5d9ecbe040;  1 drivers
v0x5b5d9ecac4d0_0 .var "count", 4 0;
v0x5b5d9ecac5b0_0 .net "empty", 0 0, L_0x5b5d9ecbe130;  alias, 1 drivers
v0x5b5d9ecac670_0 .net "full", 0 0, L_0x5b5d9ecbdeb0;  alias, 1 drivers
v0x5b5d9ecac730 .array "memory", 15 0, 7 0;
v0x5b5d9ecac7f0_0 .var "readData", 7 0;
v0x5b5d9ecac8d0_0 .net "readEnable", 0 0, v0x5b5d9ecad920_0;  1 drivers
v0x5b5d9ecac990_0 .var "readPointer", 3 0;
v0x5b5d9ecaca70_0 .net "readValid", 0 0, L_0x5b5d9ec79d20;  1 drivers
v0x5b5d9ecacb30_0 .net "sys_clk", 0 0, v0x5b5d9ecada10_0;  1 drivers
v0x5b5d9ecacbf0_0 .net "sys_rst_n", 0 0, v0x5b5d9ecadae0_0;  1 drivers
v0x5b5d9ecaccb0_0 .net "writeData", 7 0, v0x5b5d9ecadbb0_0;  1 drivers
v0x5b5d9ecacd90_0 .net "writeEnable", 0 0, v0x5b5d9ecadc80_0;  1 drivers
v0x5b5d9ecace50_0 .var "writePointer", 3 0;
v0x5b5d9ecacf30_0 .net "writeValid", 0 0, L_0x5b5d9ec797e0;  1 drivers
E_0x5b5d9ec81ad0/0 .event negedge, v0x5b5d9ecacbf0_0;
E_0x5b5d9ec81ad0/1 .event posedge, v0x5b5d9ecacb30_0;
E_0x5b5d9ec81ad0 .event/or E_0x5b5d9ec81ad0/0, E_0x5b5d9ec81ad0/1;
L_0x5b5d9ecadd50 .concat [ 5 27 0 0], v0x5b5d9ecac4d0_0, L_0x7605346ce018;
L_0x5b5d9ecbdeb0 .cmp/eq 32, L_0x5b5d9ecadd50, L_0x7605346ce060;
L_0x5b5d9ecbe040 .concat [ 5 27 0 0], v0x5b5d9ecac4d0_0, L_0x7605346ce0a8;
L_0x5b5d9ecbe130 .cmp/eq 32, L_0x5b5d9ecbe040, L_0x7605346ce0f0;
L_0x5b5d9ecbe2f0 .reduce/nor L_0x5b5d9ecbdeb0;
L_0x5b5d9ecbe430 .reduce/nor L_0x5b5d9ecbe130;
S_0x5b5d9ecad110 .scope task, "readByte" "readByte" 3 54, 3 54 0, S_0x5b5d9ec88d50;
 .timescale -9 -12;
E_0x5b5d9ec83d20 .event negedge, v0x5b5d9ecacb30_0;
TD_tb_syncFifo.readByte ;
    %wait E_0x5b5d9ec83d20;
    %pushi/vec4 1, 0, 1;
    %store/vec4 v0x5b5d9ecad920_0, 0, 1;
    %wait E_0x5b5d9ec83d20;
    %pushi/vec4 0, 0, 1;
    %store/vec4 v0x5b5d9ecad920_0, 0, 1;
    %end;
S_0x5b5d9ecad2e0 .scope task, "writeByte" "writeByte" 3 35, 3 35 0, S_0x5b5d9ec88d50;
 .timescale -9 -12;
v0x5b5d9ecad4c0_0 .var "dataByte", 7 0;
TD_tb_syncFifo.writeByte ;
    %wait E_0x5b5d9ec83d20;
    %load/vec4 v0x5b5d9ecad4c0_0;
    %store/vec4 v0x5b5d9ecadbb0_0, 0, 8;
    %pushi/vec4 1, 0, 1;
    %store/vec4 v0x5b5d9ecadc80_0, 0, 1;
    %wait E_0x5b5d9ec83d20;
    %pushi/vec4 0, 0, 1;
    %store/vec4 v0x5b5d9ecadc80_0, 0, 1;
    %pushi/vec4 0, 0, 8;
    %store/vec4 v0x5b5d9ecadbb0_0, 0, 8;
    %end;
    .scope S_0x5b5d9ec48490;
T_2 ;
    %wait E_0x5b5d9ec81ad0;
    %load/vec4 v0x5b5d9ecacbf0_0;
    %nor/r;
    %flag_set/vec4 8;
    %jmp/0xz  T_2.0, 8;
    %pushi/vec4 0, 0, 4;
    %assign/vec4 v0x5b5d9ecace50_0, 0;
    %pushi/vec4 0, 0, 4;
    %assign/vec4 v0x5b5d9ecac990_0, 0;
    %pushi/vec4 0, 0, 8;
    %assign/vec4 v0x5b5d9ecac7f0_0, 0;
    %pushi/vec4 0, 0, 5;
    %assign/vec4 v0x5b5d9ecac4d0_0, 0;
    %jmp T_2.1;
T_2.0 ;
    %load/vec4 v0x5b5d9ecacf30_0;
    %flag_set/vec4 8;
    %jmp/0xz  T_2.2, 8;
    %load/vec4 v0x5b5d9ecaccb0_0;
    %load/vec4 v0x5b5d9ecace50_0;
    %pad/u 6;
    %ix/vec4 3;
    %ix/load 4, 0, 0; Constant delay
    %assign/vec4/a/d v0x5b5d9ecac730, 0, 4;
    %load/vec4 v0x5b5d9ecace50_0;
    %addi 1, 0, 4;
    %assign/vec4 v0x5b5d9ecace50_0, 0;
T_2.2 ;
    %load/vec4 v0x5b5d9ecaca70_0;
    %flag_set/vec4 8;
    %jmp/0xz  T_2.4, 8;
    %load/vec4 v0x5b5d9ecac990_0;
    %pad/u 6;
    %ix/vec4 4;
    %load/vec4a v0x5b5d9ecac730, 4;
    %assign/vec4 v0x5b5d9ecac7f0_0, 0;
    %load/vec4 v0x5b5d9ecac990_0;
    %addi 1, 0, 4;
    %assign/vec4 v0x5b5d9ecac990_0, 0;
T_2.4 ;
    %load/vec4 v0x5b5d9ecacf30_0;
    %load/vec4 v0x5b5d9ecaca70_0;
    %concat/vec4; draw_concat_vec4
    %dup/vec4;
    %pushi/vec4 2, 0, 2;
    %cmp/u;
    %jmp/1 T_2.6, 6;
    %dup/vec4;
    %pushi/vec4 1, 0, 2;
    %cmp/u;
    %jmp/1 T_2.7, 6;
    %load/vec4 v0x5b5d9ecac4d0_0;
    %assign/vec4 v0x5b5d9ecac4d0_0, 0;
    %jmp T_2.9;
T_2.6 ;
    %load/vec4 v0x5b5d9ecac4d0_0;
    %addi 1, 0, 5;
    %assign/vec4 v0x5b5d9ecac4d0_0, 0;
    %jmp T_2.9;
T_2.7 ;
    %load/vec4 v0x5b5d9ecac4d0_0;
    %subi 1, 0, 5;
    %assign/vec4 v0x5b5d9ecac4d0_0, 0;
    %jmp T_2.9;
T_2.9 ;
    %pop/vec4 1;
T_2.1 ;
    %jmp T_2;
    .thread T_2;
    .scope S_0x5b5d9ec88d50;
T_3 ;
    %pushi/vec4 0, 0, 1;
    %store/vec4 v0x5b5d9ecada10_0, 0, 1;
T_3.0 ;
    %delay 18518, 0;
    %load/vec4 v0x5b5d9ecada10_0;
    %inv;
    %store/vec4 v0x5b5d9ecada10_0, 0, 1;
    %jmp T_3.0;
    %end;
    .thread T_3;
    .scope S_0x5b5d9ec88d50;
T_4 ;
    %pushi/vec4 0, 0, 1;
    %store/vec4 v0x5b5d9ecadae0_0, 0, 1;
    %pushi/vec4 0, 0, 1;
    %store/vec4 v0x5b5d9ecadc80_0, 0, 1;
    %pushi/vec4 0, 0, 8;
    %store/vec4 v0x5b5d9ecadbb0_0, 0, 8;
    %pushi/vec4 0, 0, 1;
    %store/vec4 v0x5b5d9ecad920_0, 0, 1;
    %delay 200000, 0;
    %pushi/vec4 1, 0, 1;
    %store/vec4 v0x5b5d9ecadae0_0, 0, 1;
    %pushi/vec4 17, 0, 8;
    %store/vec4 v0x5b5d9ecad4c0_0, 0, 8;
    %fork TD_tb_syncFifo.writeByte, S_0x5b5d9ecad2e0;
    %join;
    %pushi/vec4 34, 0, 8;
    %store/vec4 v0x5b5d9ecad4c0_0, 0, 8;
    %fork TD_tb_syncFifo.writeByte, S_0x5b5d9ecad2e0;
    %join;
    %pushi/vec4 51, 0, 8;
    %store/vec4 v0x5b5d9ecad4c0_0, 0, 8;
    %fork TD_tb_syncFifo.writeByte, S_0x5b5d9ecad2e0;
    %join;
    %fork TD_tb_syncFifo.readByte, S_0x5b5d9ecad110;
    %join;
    %fork TD_tb_syncFifo.readByte, S_0x5b5d9ecad110;
    %join;
    %fork TD_tb_syncFifo.readByte, S_0x5b5d9ecad110;
    %join;
    %pushi/vec4 160, 0, 8;
    %store/vec4 v0x5b5d9ecad4c0_0, 0, 8;
    %fork TD_tb_syncFifo.writeByte, S_0x5b5d9ecad2e0;
    %join;
    %pushi/vec4 161, 0, 8;
    %store/vec4 v0x5b5d9ecad4c0_0, 0, 8;
    %fork TD_tb_syncFifo.writeByte, S_0x5b5d9ecad2e0;
    %join;
    %pushi/vec4 162, 0, 8;
    %store/vec4 v0x5b5d9ecad4c0_0, 0, 8;
    %fork TD_tb_syncFifo.writeByte, S_0x5b5d9ecad2e0;
    %join;
    %pushi/vec4 163, 0, 8;
    %store/vec4 v0x5b5d9ecad4c0_0, 0, 8;
    %fork TD_tb_syncFifo.writeByte, S_0x5b5d9ecad2e0;
    %join;
    %pushi/vec4 164, 0, 8;
    %store/vec4 v0x5b5d9ecad4c0_0, 0, 8;
    %fork TD_tb_syncFifo.writeByte, S_0x5b5d9ecad2e0;
    %join;
    %pushi/vec4 165, 0, 8;
    %store/vec4 v0x5b5d9ecad4c0_0, 0, 8;
    %fork TD_tb_syncFifo.writeByte, S_0x5b5d9ecad2e0;
    %join;
    %pushi/vec4 166, 0, 8;
    %store/vec4 v0x5b5d9ecad4c0_0, 0, 8;
    %fork TD_tb_syncFifo.writeByte, S_0x5b5d9ecad2e0;
    %join;
    %pushi/vec4 167, 0, 8;
    %store/vec4 v0x5b5d9ecad4c0_0, 0, 8;
    %fork TD_tb_syncFifo.writeByte, S_0x5b5d9ecad2e0;
    %join;
    %pushi/vec4 168, 0, 8;
    %store/vec4 v0x5b5d9ecad4c0_0, 0, 8;
    %fork TD_tb_syncFifo.writeByte, S_0x5b5d9ecad2e0;
    %join;
    %pushi/vec4 169, 0, 8;
    %store/vec4 v0x5b5d9ecad4c0_0, 0, 8;
    %fork TD_tb_syncFifo.writeByte, S_0x5b5d9ecad2e0;
    %join;
    %pushi/vec4 170, 0, 8;
    %store/vec4 v0x5b5d9ecad4c0_0, 0, 8;
    %fork TD_tb_syncFifo.writeByte, S_0x5b5d9ecad2e0;
    %join;
    %pushi/vec4 171, 0, 8;
    %store/vec4 v0x5b5d9ecad4c0_0, 0, 8;
    %fork TD_tb_syncFifo.writeByte, S_0x5b5d9ecad2e0;
    %join;
    %pushi/vec4 172, 0, 8;
    %store/vec4 v0x5b5d9ecad4c0_0, 0, 8;
    %fork TD_tb_syncFifo.writeByte, S_0x5b5d9ecad2e0;
    %join;
    %pushi/vec4 173, 0, 8;
    %store/vec4 v0x5b5d9ecad4c0_0, 0, 8;
    %fork TD_tb_syncFifo.writeByte, S_0x5b5d9ecad2e0;
    %join;
    %pushi/vec4 174, 0, 8;
    %store/vec4 v0x5b5d9ecad4c0_0, 0, 8;
    %fork TD_tb_syncFifo.writeByte, S_0x5b5d9ecad2e0;
    %join;
    %pushi/vec4 175, 0, 8;
    %store/vec4 v0x5b5d9ecad4c0_0, 0, 8;
    %fork TD_tb_syncFifo.writeByte, S_0x5b5d9ecad2e0;
    %join;
    %pushi/vec4 255, 0, 8;
    %store/vec4 v0x5b5d9ecad4c0_0, 0, 8;
    %fork TD_tb_syncFifo.writeByte, S_0x5b5d9ecad2e0;
    %join;
    %fork TD_tb_syncFifo.readByte, S_0x5b5d9ecad110;
    %join;
    %fork TD_tb_syncFifo.readByte, S_0x5b5d9ecad110;
    %join;
    %fork TD_tb_syncFifo.readByte, S_0x5b5d9ecad110;
    %join;
    %fork TD_tb_syncFifo.readByte, S_0x5b5d9ecad110;
    %join;
    %wait E_0x5b5d9ec83d20;
    %pushi/vec4 85, 0, 8;
    %store/vec4 v0x5b5d9ecadbb0_0, 0, 8;
    %pushi/vec4 1, 0, 1;
    %store/vec4 v0x5b5d9ecadc80_0, 0, 1;
    %pushi/vec4 1, 0, 1;
    %store/vec4 v0x5b5d9ecad920_0, 0, 1;
    %wait E_0x5b5d9ec83d20;
    %pushi/vec4 0, 0, 1;
    %store/vec4 v0x5b5d9ecadc80_0, 0, 1;
    %pushi/vec4 0, 0, 1;
    %store/vec4 v0x5b5d9ecad920_0, 0, 1;
    %pushi/vec4 0, 0, 8;
    %store/vec4 v0x5b5d9ecadbb0_0, 0, 8;
    %delay 1000000, 0;
    %vpi_call/w 3 116 "$finish" {0 0 0};
    %end;
    .thread T_4;
    .scope S_0x5b5d9ec88d50;
T_5 ;
    %vpi_call/w 3 120 "$dumpfile", "sim/tb_syncFifo.vcd" {0 0 0};
    %vpi_call/w 3 121 "$dumpvars", 32'sb00000000000000000000000000000000, S_0x5b5d9ec88d50 {0 0 0};
    %end;
    .thread T_5;
# The file index is used to find the file name in the following table.
:file_names 5;
    "N/A";
    "<interactive>";
    "-";
    "sim/tb_syncFifo.sv";
    "syncFifo/src/syncFifo.sv";
