#! /usr/bin/vvp
:ivl_version "12.0 (stable)";
:ivl_delay_selection "TYPICAL";
:vpi_time_precision - 12;
:vpi_module "/usr/lib/x86_64-linux-gnu/ivl/system.vpi";
:vpi_module "/usr/lib/x86_64-linux-gnu/ivl/vhdl_sys.vpi";
:vpi_module "/usr/lib/x86_64-linux-gnu/ivl/vhdl_textio.vpi";
:vpi_module "/usr/lib/x86_64-linux-gnu/ivl/v2005_math.vpi";
:vpi_module "/usr/lib/x86_64-linux-gnu/ivl/va_math.vpi";
:vpi_module "/usr/lib/x86_64-linux-gnu/ivl/v2009.vpi";
S_0x56b027ff7ff0 .scope package, "$unit" "$unit" 2 1;
 .timescale 0 0;
S_0x56b027ff8180 .scope module, "tb_pipelinedMultiplier" "tb_pipelinedMultiplier" 3 3;
 .timescale -9 -12;
v0x56b028014160_0 .var/s "a", 7 0;
v0x56b028014240_0 .var/s "b", 7 0;
v0x56b028014310_0 .var "inputValid", 0 0;
v0x56b028014410_0 .net "outputValid", 0 0, v0x56b028013360_0;  1 drivers
v0x56b0280144e0_0 .net/s "result", 7 0, v0x56b028013500_0;  1 drivers
v0x56b0280145d0_0 .var "sys_clk", 0 0;
v0x56b0280146a0_0 .var "sys_rst_n", 0 0;
E_0x56b027ff3ca0 .event posedge, v0x56b028013b50_0;
S_0x56b027fb8490 .scope module, "dut" "pipelinedMultiplier" 3 15, 4 4 0, S_0x56b027ff8180;
 .timescale 0 0;
    .port_info 0 /INPUT 1 "sys_clk";
    .port_info 1 /INPUT 1 "sys_rst_n";
    .port_info 2 /INPUT 1 "inputValid";
    .port_info 3 /INPUT 8 "a";
    .port_info 4 /INPUT 8 "b";
    .port_info 5 /OUTPUT 1 "outputValid";
    .port_info 6 /OUTPUT 8 "result";
P_0x56b027ffd240 .param/l "MAX_Q4_4" 1 4 16, +C4<0000000001111111>;
P_0x56b027ffd280 .param/l "MIN_Q4_4" 1 4 17, +C4<1111111110000000>;
v0x56b027fe07a0_0 .net/s "a", 7 0, v0x56b028014160_0;  1 drivers
v0x56b0280131e0_0 .net/s "b", 7 0, v0x56b028014240_0;  1 drivers
v0x56b0280132c0_0 .net "inputValid", 0 0, v0x56b028014310_0;  1 drivers
v0x56b028013360_0 .var "outputValid", 0 0;
v0x56b028013420_0 .var/s "rawProduct", 15 0;
v0x56b028013500_0 .var/s "result", 7 0;
v0x56b0280135e0_0 .var/s "scaledProduct", 15 0;
v0x56b0280136c0_0 .var/s "stage1A", 7 0;
v0x56b0280137a0_0 .var/s "stage1B", 7 0;
v0x56b028013910_0 .var "stage1Valid", 0 0;
v0x56b0280139d0_0 .var "stage2Valid", 0 0;
v0x56b028013a90_0 .var "stage3Valid", 0 0;
v0x56b028013b50_0 .net "sys_clk", 0 0, v0x56b0280145d0_0;  1 drivers
v0x56b028013c10_0 .net "sys_rst_n", 0 0, v0x56b0280146a0_0;  1 drivers
E_0x56b027fb8c10/0 .event negedge, v0x56b028013c10_0;
E_0x56b027fb8c10/1 .event posedge, v0x56b028013b50_0;
E_0x56b027fb8c10 .event/or E_0x56b027fb8c10/0, E_0x56b027fb8c10/1;
S_0x56b028013db0 .scope task, "sendMultiply" "sendMultiply" 3 32, 3 32 0, S_0x56b027ff8180;
 .timescale -9 -12;
v0x56b028013f80_0 .var/s "inputA", 7 0;
v0x56b028014080_0 .var/s "inputB", 7 0;
E_0x56b027fb8910 .event negedge, v0x56b028013b50_0;
TD_tb_pipelinedMultiplier.sendMultiply ;
    %wait E_0x56b027fb8910;
    %load/vec4 v0x56b028013f80_0;
    %store/vec4 v0x56b028014160_0, 0, 8;
    %load/vec4 v0x56b028014080_0;
    %store/vec4 v0x56b028014240_0, 0, 8;
    %pushi/vec4 1, 0, 1;
    %store/vec4 v0x56b028014310_0, 0, 1;
    %wait E_0x56b027fb8910;
    %pushi/vec4 0, 0, 1;
    %store/vec4 v0x56b028014310_0, 0, 1;
    %pushi/vec4 0, 0, 8;
    %store/vec4 v0x56b028014160_0, 0, 8;
    %pushi/vec4 0, 0, 8;
    %store/vec4 v0x56b028014240_0, 0, 8;
    %end;
    .scope S_0x56b027fb8490;
T_1 ;
    %wait E_0x56b027fb8c10;
    %load/vec4 v0x56b028013c10_0;
    %nor/r;
    %flag_set/vec4 8;
    %jmp/0xz  T_1.0, 8;
    %pushi/vec4 0, 0, 1;
    %assign/vec4 v0x56b028013910_0, 0;
    %pushi/vec4 0, 0, 8;
    %assign/vec4 v0x56b0280136c0_0, 0;
    %pushi/vec4 0, 0, 8;
    %assign/vec4 v0x56b0280137a0_0, 0;
    %pushi/vec4 0, 0, 1;
    %assign/vec4 v0x56b0280139d0_0, 0;
    %pushi/vec4 0, 0, 16;
    %assign/vec4 v0x56b028013420_0, 0;
    %pushi/vec4 0, 0, 1;
    %assign/vec4 v0x56b028013a90_0, 0;
    %pushi/vec4 0, 0, 16;
    %assign/vec4 v0x56b0280135e0_0, 0;
    %pushi/vec4 0, 0, 1;
    %assign/vec4 v0x56b028013360_0, 0;
    %pushi/vec4 0, 0, 8;
    %assign/vec4 v0x56b028013500_0, 0;
    %jmp T_1.1;
T_1.0 ;
    %load/vec4 v0x56b0280132c0_0;
    %assign/vec4 v0x56b028013910_0, 0;
    %load/vec4 v0x56b027fe07a0_0;
    %assign/vec4 v0x56b0280136c0_0, 0;
    %load/vec4 v0x56b0280131e0_0;
    %assign/vec4 v0x56b0280137a0_0, 0;
    %load/vec4 v0x56b028013910_0;
    %assign/vec4 v0x56b0280139d0_0, 0;
    %load/vec4 v0x56b0280136c0_0;
    %pad/s 16;
    %load/vec4 v0x56b0280137a0_0;
    %pad/s 16;
    %mul;
    %assign/vec4 v0x56b028013420_0, 0;
    %load/vec4 v0x56b0280139d0_0;
    %assign/vec4 v0x56b028013a90_0, 0;
    %load/vec4 v0x56b028013420_0;
    %ix/load 4, 4, 0;
    %flag_set/imm 4, 0;
    %shiftr/s 4;
    %assign/vec4 v0x56b0280135e0_0, 0;
    %load/vec4 v0x56b028013a90_0;
    %assign/vec4 v0x56b028013360_0, 0;
    %load/vec4 v0x56b0280135e0_0;
    %cmpi/s 127, 0, 16;
    %flag_or 5, 4; GT is !LE
    %flag_inv 5;
    %jmp/0xz  T_1.2, 5;
    %pushi/vec4 127, 0, 8;
    %assign/vec4 v0x56b028013500_0, 0;
    %jmp T_1.3;
T_1.2 ;
    %load/vec4 v0x56b0280135e0_0;
    %cmpi/s 65408, 0, 16;
    %jmp/0xz  T_1.4, 5;
    %pushi/vec4 128, 0, 8;
    %assign/vec4 v0x56b028013500_0, 0;
    %jmp T_1.5;
T_1.4 ;
    %load/vec4 v0x56b0280135e0_0;
    %pad/s 8;
    %assign/vec4 v0x56b028013500_0, 0;
T_1.5 ;
T_1.3 ;
T_1.1 ;
    %jmp T_1;
    .thread T_1;
    .scope S_0x56b027ff8180;
T_2 ;
    %pushi/vec4 0, 0, 1;
    %store/vec4 v0x56b0280145d0_0, 0, 1;
T_2.0 ;
    %delay 18518, 0;
    %load/vec4 v0x56b0280145d0_0;
    %inv;
    %store/vec4 v0x56b0280145d0_0, 0, 1;
    %jmp T_2.0;
    %end;
    .thread T_2;
    .scope S_0x56b027ff8180;
T_3 ;
    %vpi_call/w 3 46 "$dumpfile", "sim/tb_pipelinedMultiplier.vcd" {0 0 0};
    %vpi_call/w 3 47 "$dumpvars", 32'sb00000000000000000000000000000000, S_0x56b027ff8180 {0 0 0};
    %pushi/vec4 0, 0, 1;
    %store/vec4 v0x56b0280146a0_0, 0, 1;
    %pushi/vec4 0, 0, 1;
    %store/vec4 v0x56b028014310_0, 0, 1;
    %pushi/vec4 0, 0, 8;
    %store/vec4 v0x56b028014160_0, 0, 8;
    %pushi/vec4 0, 0, 8;
    %store/vec4 v0x56b028014240_0, 0, 8;
    %delay 200000, 0;
    %pushi/vec4 1, 0, 1;
    %store/vec4 v0x56b0280146a0_0, 0, 1;
    %pushi/vec4 32, 0, 8;
    %store/vec4 v0x56b028013f80_0, 0, 8;
    %pushi/vec4 32, 0, 8;
    %store/vec4 v0x56b028014080_0, 0, 8;
    %fork TD_tb_pipelinedMultiplier.sendMultiply, S_0x56b028013db0;
    %join;
    %pushi/vec4 112, 0, 8;
    %store/vec4 v0x56b028013f80_0, 0, 8;
    %pushi/vec4 32, 0, 8;
    %store/vec4 v0x56b028014080_0, 0, 8;
    %fork TD_tb_pipelinedMultiplier.sendMultiply, S_0x56b028013db0;
    %join;
    %pushi/vec4 144, 0, 8;
    %store/vec4 v0x56b028013f80_0, 0, 8;
    %pushi/vec4 32, 0, 8;
    %store/vec4 v0x56b028014080_0, 0, 8;
    %fork TD_tb_pipelinedMultiplier.sendMultiply, S_0x56b028013db0;
    %join;
    %pushi/vec4 24, 0, 8;
    %store/vec4 v0x56b028013f80_0, 0, 8;
    %pushi/vec4 32, 0, 8;
    %store/vec4 v0x56b028014080_0, 0, 8;
    %fork TD_tb_pipelinedMultiplier.sendMultiply, S_0x56b028013db0;
    %join;
    %pushi/vec4 8, 0, 8;
    %store/vec4 v0x56b028013f80_0, 0, 8;
    %pushi/vec4 8, 0, 8;
    %store/vec4 v0x56b028014080_0, 0, 8;
    %fork TD_tb_pipelinedMultiplier.sendMultiply, S_0x56b028013db0;
    %join;
    %pushi/vec4 8, 0, 32;
T_3.0 %dup/vec4;
    %pushi/vec4 0, 0, 32;
    %cmp/s;
    %jmp/1xz T_3.1, 5;
    %jmp/1 T_3.1, 4;
    %pushi/vec4 1, 0, 32;
    %sub;
    %wait E_0x56b027ff3ca0;
    %jmp T_3.0;
T_3.1 ;
    %pop/vec4 1;
    %vpi_call/w 3 80 "$finish" {0 0 0};
    %end;
    .thread T_3;
# The file index is used to find the file name in the following table.
:file_names 5;
    "N/A";
    "<interactive>";
    "-";
    "sim/tb_pipelinedMultiplier.sv";
    "pipelinedMultiplier/src/pipelinedMultiplier.sv";
