#! /usr/bin/vvp
:ivl_version "12.0 (stable)";
:ivl_delay_selection "TYPICAL";
:vpi_time_precision - 12;
:vpi_module "/usr/lib/x86_64-linux-gnu/ivl/system.vpi";
:vpi_module "/usr/lib/x86_64-linux-gnu/ivl/vhdl_sys.vpi";
:vpi_module "/usr/lib/x86_64-linux-gnu/ivl/vhdl_textio.vpi";
:vpi_module "/usr/lib/x86_64-linux-gnu/ivl/v2005_math.vpi";
:vpi_module "/usr/lib/x86_64-linux-gnu/ivl/va_math.vpi";
:vpi_module "/usr/lib/x86_64-linux-gnu/ivl/v2009.vpi";
S_0x627296168710 .scope package, "$unit" "$unit" 2 1;
 .timescale 0 0;
S_0x6272961688a0 .scope module, "tb_uartRx" "tb_uartRx" 3 3;
 .timescale -9 -12;
v0x6272961942a0_0 .net "led", 5 0, L_0x62729615dea0;  1 drivers
v0x627296194380_0 .var "sys_clk", 0 0;
v0x627296194420_0 .var "sys_rst_n", 0 0;
v0x627296194520_0 .var "uart_rx", 0 0;
S_0x627296124490 .scope module, "dut" "uartRx" 3 10, 4 1 0, S_0x6272961688a0;
 .timescale 0 0;
    .port_info 0 /INPUT 1 "sys_clk";
    .port_info 1 /INPUT 1 "sys_rst_n";
    .port_info 2 /INPUT 1 "uart_rx";
    .port_info 3 /OUTPUT 6 "led";
P_0x62729616e090 .param/l "BAUD_TICK_MAX" 1 4 8, +C4<00000000000000000000000011101001>;
P_0x62729616e0d0 .param/l "HALF_BAUD_TICK_MAX" 1 4 9, +C4<00000000000000000000000001110100>;
enum0x6272961498b0 .enum4 (3)
   "stateIdle" 3'b000,
   "stateStart" 3'b001,
   "stateData" 3'b010,
   "stateStop" 3'b011,
   "stateDone" 3'b100
 ;
L_0x62729615dea0 .functor NOT 6, L_0x6272961945f0, C4<000000>, C4<000000>, C4<000000>;
v0x6272961247a0_0 .net *"_ivl_1", 5 0, L_0x6272961945f0;  1 drivers
v0x627296193580_0 .var "baudCounter", 7 0;
v0x627296193660_0 .var "bitIndex", 2 0;
v0x627296193720_0 .net "led", 5 0, L_0x62729615dea0;  alias, 1 drivers
v0x627296193800_0 .var "receivedByte", 7 0;
v0x627296193930_0 .var "rxShiftReg", 7 0;
v0x627296193a10_0 .var "rxState", 2 0;
v0x627296193af0_0 .var "rxSync0", 0 0;
v0x627296193bb0_0 .var "rxSync1", 0 0;
v0x627296193c70_0 .net "sys_clk", 0 0, v0x627296194380_0;  1 drivers
v0x627296193d30_0 .net "sys_rst_n", 0 0, v0x627296194420_0;  1 drivers
v0x627296193df0_0 .net "uart_rx", 0 0, v0x627296194520_0;  1 drivers
E_0x627296168f90/0 .event negedge, v0x627296193d30_0;
E_0x627296168f90/1 .event posedge, v0x627296193c70_0;
E_0x627296168f90 .event/or E_0x627296168f90/0, E_0x627296168f90/1;
L_0x6272961945f0 .part v0x627296193800_0, 0, 6;
S_0x627296193f30 .scope task, "sendUartByte" "sendUartByte" 3 22, 3 22 0, S_0x6272961688a0;
 .timescale -9 -12;
v0x6272961940e0_0 .var "dataByte", 7 0;
v0x6272961941c0_0 .var/i "i", 31 0;
TD_tb_uartRx.sendUartByte ;
    %pushi/vec4 0, 0, 1;
    %store/vec4 v0x627296194520_0, 0, 1;
    %delay 8670000, 0;
    %pushi/vec4 0, 0, 32;
    %store/vec4 v0x6272961941c0_0, 0, 32;
T_0.0 ;
    %load/vec4 v0x6272961941c0_0;
    %cmpi/s 8, 0, 32;
    %jmp/0xz T_0.1, 5;
    %load/vec4 v0x6272961940e0_0;
    %load/vec4 v0x6272961941c0_0;
    %part/s 1;
    %store/vec4 v0x627296194520_0, 0, 1;
    %delay 8670000, 0;
    %load/vec4 v0x6272961941c0_0;
    %addi 1, 0, 32;
    %store/vec4 v0x6272961941c0_0, 0, 32;
    %jmp T_0.0;
T_0.1 ;
    %pushi/vec4 1, 0, 1;
    %store/vec4 v0x627296194520_0, 0, 1;
    %delay 8670000, 0;
    %end;
    .scope S_0x627296124490;
T_1 ;
    %wait E_0x627296168f90;
    %load/vec4 v0x627296193d30_0;
    %nor/r;
    %flag_set/vec4 8;
    %jmp/0xz  T_1.0, 8;
    %pushi/vec4 0, 0, 3;
    %assign/vec4 v0x627296193a10_0, 0;
    %pushi/vec4 0, 0, 8;
    %assign/vec4 v0x627296193580_0, 0;
    %pushi/vec4 0, 0, 3;
    %assign/vec4 v0x627296193660_0, 0;
    %pushi/vec4 0, 0, 8;
    %assign/vec4 v0x627296193930_0, 0;
    %pushi/vec4 0, 0, 8;
    %assign/vec4 v0x627296193800_0, 0;
    %pushi/vec4 1, 0, 1;
    %assign/vec4 v0x627296193af0_0, 0;
    %pushi/vec4 1, 0, 1;
    %assign/vec4 v0x627296193bb0_0, 0;
    %jmp T_1.1;
T_1.0 ;
    %load/vec4 v0x627296193df0_0;
    %assign/vec4 v0x627296193af0_0, 0;
    %load/vec4 v0x627296193af0_0;
    %assign/vec4 v0x627296193bb0_0, 0;
    %load/vec4 v0x627296193a10_0;
    %dup/vec4;
    %pushi/vec4 0, 0, 3;
    %cmp/u;
    %jmp/1 T_1.2, 6;
    %dup/vec4;
    %pushi/vec4 1, 0, 3;
    %cmp/u;
    %jmp/1 T_1.3, 6;
    %dup/vec4;
    %pushi/vec4 2, 0, 3;
    %cmp/u;
    %jmp/1 T_1.4, 6;
    %dup/vec4;
    %pushi/vec4 3, 0, 3;
    %cmp/u;
    %jmp/1 T_1.5, 6;
    %dup/vec4;
    %pushi/vec4 4, 0, 3;
    %cmp/u;
    %jmp/1 T_1.6, 6;
    %pushi/vec4 0, 0, 3;
    %assign/vec4 v0x627296193a10_0, 0;
    %jmp T_1.8;
T_1.2 ;
    %pushi/vec4 0, 0, 8;
    %assign/vec4 v0x627296193580_0, 0;
    %pushi/vec4 0, 0, 3;
    %assign/vec4 v0x627296193660_0, 0;
    %load/vec4 v0x627296193bb0_0;
    %cmpi/e 0, 0, 1;
    %jmp/0xz  T_1.9, 4;
    %pushi/vec4 1, 0, 3;
    %assign/vec4 v0x627296193a10_0, 0;
T_1.9 ;
    %jmp T_1.8;
T_1.3 ;
    %load/vec4 v0x627296193580_0;
    %pad/u 32;
    %cmpi/e 116, 0, 32;
    %jmp/0xz  T_1.11, 4;
    %pushi/vec4 0, 0, 8;
    %assign/vec4 v0x627296193580_0, 0;
    %load/vec4 v0x627296193bb0_0;
    %cmpi/e 0, 0, 1;
    %jmp/0xz  T_1.13, 4;
    %pushi/vec4 2, 0, 3;
    %assign/vec4 v0x627296193a10_0, 0;
    %jmp T_1.14;
T_1.13 ;
    %pushi/vec4 0, 0, 3;
    %assign/vec4 v0x627296193a10_0, 0;
T_1.14 ;
    %jmp T_1.12;
T_1.11 ;
    %load/vec4 v0x627296193580_0;
    %addi 1, 0, 8;
    %assign/vec4 v0x627296193580_0, 0;
T_1.12 ;
    %jmp T_1.8;
T_1.4 ;
    %load/vec4 v0x627296193580_0;
    %pad/u 32;
    %cmpi/e 233, 0, 32;
    %jmp/0xz  T_1.15, 4;
    %pushi/vec4 0, 0, 8;
    %assign/vec4 v0x627296193580_0, 0;
    %load/vec4 v0x627296193bb0_0;
    %ix/load 5, 0, 0;
    %ix/getv 4, v0x627296193660_0;
    %assign/vec4/off/d v0x627296193930_0, 4, 5;
    %load/vec4 v0x627296193660_0;
    %cmpi/e 7, 0, 3;
    %jmp/0xz  T_1.17, 4;
    %pushi/vec4 3, 0, 3;
    %assign/vec4 v0x627296193a10_0, 0;
    %jmp T_1.18;
T_1.17 ;
    %load/vec4 v0x627296193660_0;
    %addi 1, 0, 3;
    %assign/vec4 v0x627296193660_0, 0;
T_1.18 ;
    %jmp T_1.16;
T_1.15 ;
    %load/vec4 v0x627296193580_0;
    %addi 1, 0, 8;
    %assign/vec4 v0x627296193580_0, 0;
T_1.16 ;
    %jmp T_1.8;
T_1.5 ;
    %load/vec4 v0x627296193580_0;
    %pad/u 32;
    %cmpi/e 233, 0, 32;
    %jmp/0xz  T_1.19, 4;
    %pushi/vec4 0, 0, 8;
    %assign/vec4 v0x627296193580_0, 0;
    %load/vec4 v0x627296193bb0_0;
    %cmpi/e 1, 0, 1;
    %jmp/0xz  T_1.21, 4;
    %pushi/vec4 4, 0, 3;
    %assign/vec4 v0x627296193a10_0, 0;
    %jmp T_1.22;
T_1.21 ;
    %pushi/vec4 0, 0, 3;
    %assign/vec4 v0x627296193a10_0, 0;
T_1.22 ;
    %jmp T_1.20;
T_1.19 ;
    %load/vec4 v0x627296193580_0;
    %addi 1, 0, 8;
    %assign/vec4 v0x627296193580_0, 0;
T_1.20 ;
    %jmp T_1.8;
T_1.6 ;
    %load/vec4 v0x627296193930_0;
    %assign/vec4 v0x627296193800_0, 0;
    %pushi/vec4 0, 0, 3;
    %assign/vec4 v0x627296193a10_0, 0;
    %jmp T_1.8;
T_1.8 ;
    %pop/vec4 1;
T_1.1 ;
    %jmp T_1;
    .thread T_1;
    .scope S_0x6272961688a0;
T_2 ;
    %pushi/vec4 0, 0, 1;
    %store/vec4 v0x627296194380_0, 0, 1;
T_2.0 ;
    %delay 18518, 0;
    %load/vec4 v0x627296194380_0;
    %inv;
    %store/vec4 v0x627296194380_0, 0, 1;
    %jmp T_2.0;
    %end;
    .thread T_2;
    .scope S_0x6272961688a0;
T_3 ;
    %pushi/vec4 0, 0, 1;
    %store/vec4 v0x627296194420_0, 0, 1;
    %pushi/vec4 1, 0, 1;
    %store/vec4 v0x627296194520_0, 0, 1;
    %delay 200000, 0;
    %pushi/vec4 1, 0, 1;
    %store/vec4 v0x627296194420_0, 0, 1;
    %delay 20000000, 0;
    %pushi/vec4 85, 0, 8;
    %store/vec4 v0x6272961940e0_0, 0, 8;
    %fork TD_tb_uartRx.sendUartByte, S_0x627296193f30;
    %join;
    %delay 50000000, 0;
    %pushi/vec4 65, 0, 8;
    %store/vec4 v0x6272961940e0_0, 0, 8;
    %fork TD_tb_uartRx.sendUartByte, S_0x627296193f30;
    %join;
    %delay 50000000, 0;
    %vpi_call/w 3 58 "$finish" {0 0 0};
    %end;
    .thread T_3;
    .scope S_0x6272961688a0;
T_4 ;
    %vpi_call/w 3 62 "$dumpfile", "sim/tb_uartRx.vcd" {0 0 0};
    %vpi_call/w 3 63 "$dumpvars", 32'sb00000000000000000000000000000000, S_0x6272961688a0 {0 0 0};
    %end;
    .thread T_4;
# The file index is used to find the file name in the following table.
:file_names 5;
    "N/A";
    "<interactive>";
    "-";
    "sim/tb_uartRx.sv";
    "uartRx/src/uartRx.sv";
