#! /usr/bin/vvp
:ivl_version "12.0 (stable)";
:ivl_delay_selection "TYPICAL";
:vpi_time_precision - 12;
:vpi_module "/usr/lib/x86_64-linux-gnu/ivl/system.vpi";
:vpi_module "/usr/lib/x86_64-linux-gnu/ivl/vhdl_sys.vpi";
:vpi_module "/usr/lib/x86_64-linux-gnu/ivl/vhdl_textio.vpi";
:vpi_module "/usr/lib/x86_64-linux-gnu/ivl/v2005_math.vpi";
:vpi_module "/usr/lib/x86_64-linux-gnu/ivl/va_math.vpi";
:vpi_module "/usr/lib/x86_64-linux-gnu/ivl/v2009.vpi";
S_0x6174d282e430 .scope package, "$unit" "$unit" 2 1;
 .timescale 0 0;
S_0x6174d282e5c0 .scope module, "tb_uartTx" "tb_uartTx" 3 3;
 .timescale -9 -12;
v0x6174d2854cb0_0 .var "sys_clk", 0 0;
v0x6174d2854d50_0 .var "sys_rst_n", 0 0;
v0x6174d2854df0_0 .net "uart_tx", 0 0, v0x6174d2854b70_0;  1 drivers
S_0x6174d27eb490 .scope module, "dut" "uartTx" 3 9, 4 1 0, S_0x6174d282e5c0;
 .timescale 0 0;
    .port_info 0 /INPUT 1 "sys_clk";
    .port_info 1 /INPUT 1 "sys_rst_n";
    .port_info 2 /OUTPUT 1 "uart_tx";
P_0x6174d27eb670 .param/l "BAUD_TICK_MAX" 1 4 7, +C4<00000000000000000000000011101001>;
P_0x6174d27eb6b0 .param/l "GAP_MAX" 1 4 9, +C4<00000000001010010011001011011111>;
P_0x6174d27eb6f0 .param/l "TX_BYTE" 1 4 8, C4<01010101>;
enum0x6174d2810610 .enum4 (3)
   "stateIdle" 3'b000,
   "stateStart" 3'b001,
   "stateData" 3'b010,
   "stateStop" 3'b011,
   "stateGap" 3'b100
 ;
v0x6174d27eb880_0 .var "baudCounter", 7 0;
v0x6174d2854580_0 .var "baudTick", 0 0;
v0x6174d2854640_0 .var "bitIndex", 2 0;
v0x6174d2854700_0 .var "gapCounter", 23 0;
v0x6174d28547e0_0 .net "sys_clk", 0 0, v0x6174d2854cb0_0;  1 drivers
v0x6174d28548f0_0 .net "sys_rst_n", 0 0, v0x6174d2854d50_0;  1 drivers
v0x6174d28549b0_0 .var "txShiftReg", 7 0;
v0x6174d2854a90_0 .var "txState", 2 0;
v0x6174d2854b70_0 .var "uart_tx", 0 0;
E_0x6174d282ea80/0 .event negedge, v0x6174d28548f0_0;
E_0x6174d282ea80/1 .event posedge, v0x6174d28547e0_0;
E_0x6174d282ea80 .event/or E_0x6174d282ea80/0, E_0x6174d282ea80/1;
    .scope S_0x6174d27eb490;
T_0 ;
    %wait E_0x6174d282ea80;
    %load/vec4 v0x6174d28548f0_0;
    %nor/r;
    %flag_set/vec4 8;
    %jmp/0xz  T_0.0, 8;
    %pushi/vec4 0, 0, 8;
    %assign/vec4 v0x6174d27eb880_0, 0;
    %pushi/vec4 0, 0, 1;
    %assign/vec4 v0x6174d2854580_0, 0;
    %pushi/vec4 1, 0, 1;
    %assign/vec4 v0x6174d2854b70_0, 0;
    %pushi/vec4 0, 0, 3;
    %assign/vec4 v0x6174d2854a90_0, 0;
    %pushi/vec4 0, 0, 3;
    %assign/vec4 v0x6174d2854640_0, 0;
    %pushi/vec4 0, 0, 8;
    %assign/vec4 v0x6174d28549b0_0, 0;
    %pushi/vec4 0, 0, 24;
    %assign/vec4 v0x6174d2854700_0, 0;
    %jmp T_0.1;
T_0.0 ;
    %pushi/vec4 0, 0, 1;
    %assign/vec4 v0x6174d2854580_0, 0;
    %load/vec4 v0x6174d27eb880_0;
    %pad/u 32;
    %cmpi/e 233, 0, 32;
    %jmp/0xz  T_0.2, 4;
    %pushi/vec4 0, 0, 8;
    %assign/vec4 v0x6174d27eb880_0, 0;
    %pushi/vec4 1, 0, 1;
    %assign/vec4 v0x6174d2854580_0, 0;
    %jmp T_0.3;
T_0.2 ;
    %load/vec4 v0x6174d27eb880_0;
    %addi 1, 0, 8;
    %assign/vec4 v0x6174d27eb880_0, 0;
T_0.3 ;
    %load/vec4 v0x6174d2854a90_0;
    %dup/vec4;
    %pushi/vec4 0, 0, 3;
    %cmp/u;
    %jmp/1 T_0.4, 6;
    %dup/vec4;
    %pushi/vec4 1, 0, 3;
    %cmp/u;
    %jmp/1 T_0.5, 6;
    %dup/vec4;
    %pushi/vec4 2, 0, 3;
    %cmp/u;
    %jmp/1 T_0.6, 6;
    %dup/vec4;
    %pushi/vec4 3, 0, 3;
    %cmp/u;
    %jmp/1 T_0.7, 6;
    %dup/vec4;
    %pushi/vec4 4, 0, 3;
    %cmp/u;
    %jmp/1 T_0.8, 6;
    %pushi/vec4 0, 0, 3;
    %assign/vec4 v0x6174d2854a90_0, 0;
    %pushi/vec4 1, 0, 1;
    %assign/vec4 v0x6174d2854b70_0, 0;
    %jmp T_0.10;
T_0.4 ;
    %pushi/vec4 1, 0, 1;
    %assign/vec4 v0x6174d2854b70_0, 0;
    %pushi/vec4 85, 0, 8;
    %assign/vec4 v0x6174d28549b0_0, 0;
    %pushi/vec4 0, 0, 3;
    %assign/vec4 v0x6174d2854640_0, 0;
    %pushi/vec4 1, 0, 3;
    %assign/vec4 v0x6174d2854a90_0, 0;
    %jmp T_0.10;
T_0.5 ;
    %pushi/vec4 0, 0, 1;
    %assign/vec4 v0x6174d2854b70_0, 0;
    %load/vec4 v0x6174d2854580_0;
    %flag_set/vec4 8;
    %jmp/0xz  T_0.11, 8;
    %pushi/vec4 2, 0, 3;
    %assign/vec4 v0x6174d2854a90_0, 0;
T_0.11 ;
    %jmp T_0.10;
T_0.6 ;
    %load/vec4 v0x6174d28549b0_0;
    %parti/s 1, 0, 2;
    %assign/vec4 v0x6174d2854b70_0, 0;
    %load/vec4 v0x6174d2854580_0;
    %flag_set/vec4 8;
    %jmp/0xz  T_0.13, 8;
    %pushi/vec4 0, 0, 1;
    %load/vec4 v0x6174d28549b0_0;
    %parti/s 7, 1, 2;
    %concat/vec4; draw_concat_vec4
    %assign/vec4 v0x6174d28549b0_0, 0;
    %load/vec4 v0x6174d2854640_0;
    %cmpi/e 7, 0, 3;
    %jmp/0xz  T_0.15, 4;
    %pushi/vec4 3, 0, 3;
    %assign/vec4 v0x6174d2854a90_0, 0;
    %jmp T_0.16;
T_0.15 ;
    %load/vec4 v0x6174d2854640_0;
    %addi 1, 0, 3;
    %assign/vec4 v0x6174d2854640_0, 0;
T_0.16 ;
T_0.13 ;
    %jmp T_0.10;
T_0.7 ;
    %pushi/vec4 1, 0, 1;
    %assign/vec4 v0x6174d2854b70_0, 0;
    %load/vec4 v0x6174d2854580_0;
    %flag_set/vec4 8;
    %jmp/0xz  T_0.17, 8;
    %pushi/vec4 0, 0, 24;
    %assign/vec4 v0x6174d2854700_0, 0;
    %pushi/vec4 4, 0, 3;
    %assign/vec4 v0x6174d2854a90_0, 0;
T_0.17 ;
    %jmp T_0.10;
T_0.8 ;
    %pushi/vec4 1, 0, 1;
    %assign/vec4 v0x6174d2854b70_0, 0;
    %load/vec4 v0x6174d2854700_0;
    %pad/u 32;
    %cmpi/e 2699999, 0, 32;
    %jmp/0xz  T_0.19, 4;
    %pushi/vec4 0, 0, 3;
    %assign/vec4 v0x6174d2854a90_0, 0;
    %jmp T_0.20;
T_0.19 ;
    %load/vec4 v0x6174d2854700_0;
    %addi 1, 0, 24;
    %assign/vec4 v0x6174d2854700_0, 0;
T_0.20 ;
    %jmp T_0.10;
T_0.10 ;
    %pop/vec4 1;
T_0.1 ;
    %jmp T_0;
    .thread T_0;
    .scope S_0x6174d282e5c0;
T_1 ;
    %pushi/vec4 0, 0, 1;
    %store/vec4 v0x6174d2854cb0_0, 0, 1;
T_1.0 ;
    %delay 18518, 0;
    %load/vec4 v0x6174d2854cb0_0;
    %inv;
    %store/vec4 v0x6174d2854cb0_0, 0, 1;
    %jmp T_1.0;
    %end;
    .thread T_1;
    .scope S_0x6174d282e5c0;
T_2 ;
    %pushi/vec4 0, 0, 1;
    %store/vec4 v0x6174d2854d50_0, 0, 1;
    %delay 200000, 0;
    %pushi/vec4 1, 0, 1;
    %store/vec4 v0x6174d2854d50_0, 0, 1;
    %end;
    .thread T_2;
    .scope S_0x6174d282e5c0;
T_3 ;
    %vpi_call/w 3 27 "$dumpfile", "tb_uartTx.vcd" {0 0 0};
    %vpi_call/w 3 28 "$dumpvars", 32'sb00000000000000000000000000000000, S_0x6174d282e5c0 {0 0 0};
    %delay 1000000000, 0;
    %vpi_call/w 3 31 "$finish" {0 0 0};
    %end;
    .thread T_3;
# The file index is used to find the file name in the following table.
:file_names 5;
    "N/A";
    "<interactive>";
    "-";
    "sim/tb_uartTx.sv";
    "uartTx/src/uartTx.sv";
