#! /usr/bin/vvp
:ivl_version "12.0 (stable)";
:ivl_delay_selection "TYPICAL";
:vpi_time_precision - 12;
:vpi_module "/usr/lib/x86_64-linux-gnu/ivl/system.vpi";
:vpi_module "/usr/lib/x86_64-linux-gnu/ivl/vhdl_sys.vpi";
:vpi_module "/usr/lib/x86_64-linux-gnu/ivl/vhdl_textio.vpi";
:vpi_module "/usr/lib/x86_64-linux-gnu/ivl/v2005_math.vpi";
:vpi_module "/usr/lib/x86_64-linux-gnu/ivl/va_math.vpi";
:vpi_module "/usr/lib/x86_64-linux-gnu/ivl/v2009.vpi";
S_0x6097e8914320 .scope package, "$unit" "$unit" 2 1;
 .timescale 0 0;
S_0x6097e89144b0 .scope module, "tb_fixedPointLibrary" "tb_fixedPointLibrary" 3 3;
 .timescale -9 -12;
v0x6097e892cd40_0 .var/s "a", 7 0;
v0x6097e892ce00_0 .net/s "addResult", 7 0, L_0x6097e892d150;  1 drivers
v0x6097e892cec0_0 .var/s "b", 7 0;
v0x6097e892cf90_0 .net/s "mulResult", 7 0, L_0x6097e892d5d0;  1 drivers
v0x6097e892d060_0 .net/s "subResult", 7 0, L_0x6097e892d2b0;  1 drivers
S_0x6097e8912d80 .scope module, "addInst" "fixedAdd" 3 12, 4 6 0, S_0x6097e89144b0;
 .timescale 0 0;
    .port_info 0 /INPUT 8 "a";
    .port_info 1 /INPUT 8 "b";
    .port_info 2 /OUTPUT 8 "result";
v0x6097e8912fb0_0 .net/s "a", 7 0, v0x6097e892cd40_0;  1 drivers
v0x6097e892bd70_0 .net/s "b", 7 0, v0x6097e892cec0_0;  1 drivers
v0x6097e892be50_0 .net/s "result", 7 0, L_0x6097e892d150;  alias, 1 drivers
L_0x6097e892d150 .arith/sum 8, v0x6097e892cd40_0, v0x6097e892cec0_0;
S_0x6097e892bf90 .scope module, "mulInst" "fixedMul" 3 24, 4 28 0, S_0x6097e89144b0;
 .timescale 0 0;
    .port_info 0 /INPUT 8 "a";
    .port_info 1 /INPUT 8 "b";
    .port_info 2 /OUTPUT 8 "result";
v0x6097e892c1c0_0 .net/s *"_ivl_0", 15 0, L_0x6097e892d370;  1 drivers
v0x6097e892c2c0_0 .net/s *"_ivl_2", 15 0, L_0x6097e892d410;  1 drivers
v0x6097e892c3a0_0 .net/s "a", 7 0, v0x6097e892cd40_0;  alias, 1 drivers
v0x6097e892c470_0 .net/s "b", 7 0, v0x6097e892cec0_0;  alias, 1 drivers
v0x6097e892c540_0 .net/s "rawProduct", 15 0, L_0x6097e892d4b0;  1 drivers
v0x6097e892c650_0 .net/s "result", 7 0, L_0x6097e892d5d0;  alias, 1 drivers
L_0x6097e892d370 .extend/s 16, v0x6097e892cd40_0;
L_0x6097e892d410 .extend/s 16, v0x6097e892cec0_0;
L_0x6097e892d4b0 .arith/mult 16, L_0x6097e892d370, L_0x6097e892d410;
L_0x6097e892d5d0 .part L_0x6097e892d4b0, 4, 8;
S_0x6097e892c7b0 .scope module, "subInst" "fixedSub" 3 18, 4 17 0, S_0x6097e89144b0;
 .timescale 0 0;
    .port_info 0 /INPUT 8 "a";
    .port_info 1 /INPUT 8 "b";
    .port_info 2 /OUTPUT 8 "result";
v0x6097e892c9e0_0 .net/s "a", 7 0, v0x6097e892cd40_0;  alias, 1 drivers
v0x6097e892caf0_0 .net/s "b", 7 0, v0x6097e892cec0_0;  alias, 1 drivers
v0x6097e892cc00_0 .net/s "result", 7 0, L_0x6097e892d2b0;  alias, 1 drivers
L_0x6097e892d2b0 .arith/sub 8, v0x6097e892cd40_0, v0x6097e892cec0_0;
    .scope S_0x6097e89144b0;
T_0 ;
    %vpi_call/w 3 31 "$dumpfile", "sim/tb_fixedPointLibrary.vcd" {0 0 0};
    %vpi_call/w 3 32 "$dumpvars", 32'sb00000000000000000000000000000000, S_0x6097e89144b0 {0 0 0};
    %pushi/vec4 16, 0, 8;
    %store/vec4 v0x6097e892cd40_0, 0, 8;
    %pushi/vec4 8, 0, 8;
    %store/vec4 v0x6097e892cec0_0, 0, 8;
    %delay 10000, 0;
    %pushi/vec4 24, 0, 8;
    %store/vec4 v0x6097e892cd40_0, 0, 8;
    %pushi/vec4 8, 0, 8;
    %store/vec4 v0x6097e892cec0_0, 0, 8;
    %delay 10000, 0;
    %pushi/vec4 24, 0, 8;
    %store/vec4 v0x6097e892cd40_0, 0, 8;
    %pushi/vec4 32, 0, 8;
    %store/vec4 v0x6097e892cec0_0, 0, 8;
    %delay 10000, 0;
    %pushi/vec4 240, 0, 8;
    %store/vec4 v0x6097e892cd40_0, 0, 8;
    %pushi/vec4 32, 0, 8;
    %store/vec4 v0x6097e892cec0_0, 0, 8;
    %delay 10000, 0;
    %pushi/vec4 8, 0, 8;
    %store/vec4 v0x6097e892cd40_0, 0, 8;
    %pushi/vec4 8, 0, 8;
    %store/vec4 v0x6097e892cec0_0, 0, 8;
    %delay 10000, 0;
    %vpi_call/w 3 59 "$finish" {0 0 0};
    %end;
    .thread T_0;
# The file index is used to find the file name in the following table.
:file_names 5;
    "N/A";
    "<interactive>";
    "-";
    "sim/tb_fixedPointLibrary.sv";
    "fixedPointLibrary/src/fixedPointLibrary.sv";
