#! /usr/bin/vvp
:ivl_version "12.0 (stable)";
:ivl_delay_selection "TYPICAL";
:vpi_time_precision - 12;
:vpi_module "/usr/lib/x86_64-linux-gnu/ivl/system.vpi";
:vpi_module "/usr/lib/x86_64-linux-gnu/ivl/vhdl_sys.vpi";
:vpi_module "/usr/lib/x86_64-linux-gnu/ivl/vhdl_textio.vpi";
:vpi_module "/usr/lib/x86_64-linux-gnu/ivl/v2005_math.vpi";
:vpi_module "/usr/lib/x86_64-linux-gnu/ivl/va_math.vpi";
:vpi_module "/usr/lib/x86_64-linux-gnu/ivl/v2009.vpi";
S_0x55fce3a64dd0 .scope package, "$unit" "$unit" 2 1;
 .timescale 0 0;
S_0x55fce3a64f60 .scope module, "tb_axiLiteRegisterBlock" "tb_axiLiteRegisterBlock" 3 3;
 .timescale -9 -12;
P_0x55fce3a650f0 .param/l "ADDR_CONTROL" 1 3 19, C4<00000000>;
P_0x55fce3a65130 .param/l "ADDR_INPUT_A" 1 3 20, C4<00000100>;
P_0x55fce3a65170 .param/l "ADDR_INPUT_B" 1 3 21, C4<00001000>;
P_0x55fce3a651b0 .param/l "ADDR_RESULT" 1 3 22, C4<00001100>;
P_0x55fce3a651f0 .param/l "ADDR_STATUS" 1 3 23, C4<00010000>;
v0x55fce3a8b7a0_0 .net "busy", 0 0, L_0x55fce3a8c3c0;  1 drivers
v0x55fce3a8b860_0 .net "done", 0 0, L_0x55fce3a8c2d0;  1 drivers
v0x55fce3a8b900_0 .var "readAddress", 7 0;
v0x55fce3a8b9d0_0 .net "readData", 31 0, v0x55fce3a8ade0_0;  1 drivers
v0x55fce3a8baa0_0 .var "readEnable", 0 0;
v0x55fce3a8bb40_0 .var "sys_clk", 0 0;
v0x55fce3a8bc10_0 .var "sys_rst_n", 0 0;
v0x55fce3a8bce0_0 .var "writeAddress", 7 0;
v0x55fce3a8bdb0_0 .var "writeData", 31 0;
v0x55fce3a8be80_0 .var "writeEnable", 0 0;
E_0x55fce3a20c10 .event posedge, v0x55fce3a8b200_0;
S_0x55fce3a20490 .scope task, "busRead" "busRead" 3 62, 3 62 0, S_0x55fce3a64f60;
 .timescale -9 -12;
v0x55fce3a4abe0_0 .var "address", 7 0;
E_0x55fce3a59980 .event negedge, v0x55fce3a8b200_0;
TD_tb_axiLiteRegisterBlock.busRead ;
    %wait E_0x55fce3a59980;
    %load/vec4 v0x55fce3a4abe0_0;
    %store/vec4 v0x55fce3a8b900_0, 0, 8;
    %pushi/vec4 1, 0, 1;
    %store/vec4 v0x55fce3a8baa0_0, 0, 1;
    %wait E_0x55fce3a59980;
    %pushi/vec4 0, 0, 1;
    %store/vec4 v0x55fce3a8baa0_0, 0, 1;
    %pushi/vec4 0, 0, 8;
    %store/vec4 v0x55fce3a8b900_0, 0, 8;
    %end;
S_0x55fce3a89c10 .scope task, "busWrite" "busWrite" 3 47, 3 47 0, S_0x55fce3a64f60;
 .timescale -9 -12;
v0x55fce3a4b0c0_0 .var "address", 7 0;
v0x55fce3a4a2c0_0 .var "data", 31 0;
TD_tb_axiLiteRegisterBlock.busWrite ;
    %wait E_0x55fce3a59980;
    %load/vec4 v0x55fce3a4b0c0_0;
    %store/vec4 v0x55fce3a8bce0_0, 0, 8;
    %load/vec4 v0x55fce3a4a2c0_0;
    %store/vec4 v0x55fce3a8bdb0_0, 0, 32;
    %pushi/vec4 1, 0, 1;
    %store/vec4 v0x55fce3a8be80_0, 0, 1;
    %wait E_0x55fce3a59980;
    %pushi/vec4 0, 0, 1;
    %store/vec4 v0x55fce3a8be80_0, 0, 1;
    %pushi/vec4 0, 0, 8;
    %store/vec4 v0x55fce3a8bce0_0, 0, 8;
    %pushi/vec4 0, 0, 32;
    %store/vec4 v0x55fce3a8bdb0_0, 0, 32;
    %end;
S_0x55fce3a89e90 .scope module, "dut" "axiLiteRegisterBlock" 3 25, 4 3 0, S_0x55fce3a64f60;
 .timescale 0 0;
    .port_info 0 /INPUT 1 "sys_clk";
    .port_info 1 /INPUT 1 "sys_rst_n";
    .port_info 2 /INPUT 1 "writeEnable";
    .port_info 3 /INPUT 8 "writeAddress";
    .port_info 4 /INPUT 32 "writeData";
    .port_info 5 /INPUT 1 "readEnable";
    .port_info 6 /INPUT 8 "readAddress";
    .port_info 7 /OUTPUT 32 "readData";
    .port_info 8 /OUTPUT 1 "done";
    .port_info 9 /OUTPUT 1 "busy";
P_0x55fce3a8a070 .param/l "ADDR_CONTROL" 1 4 19, C4<00000000>;
P_0x55fce3a8a0b0 .param/l "ADDR_INPUT_A" 1 4 20, C4<00000100>;
P_0x55fce3a8a0f0 .param/l "ADDR_INPUT_B" 1 4 21, C4<00001000>;
P_0x55fce3a8a130 .param/l "ADDR_RESULT" 1 4 22, C4<00001100>;
P_0x55fce3a8a170 .param/l "ADDR_STATUS" 1 4 23, C4<00010000>;
L_0x55fce3a4aa80 .functor AND 1, v0x55fce3a8be80_0, L_0x55fce3a8bf80, C4<1>, C4<1>;
L_0x55fce3a4af60 .functor AND 1, L_0x55fce3a4aa80, L_0x55fce3a8c140, C4<1>, C4<1>;
L_0x747d450ce018 .functor BUFT 1, C4<00000000>, C4<0>, C4<0>, C4<0>;
v0x55fce3a8a550_0 .net/2u *"_ivl_0", 7 0, L_0x747d450ce018;  1 drivers
v0x55fce3a8a650_0 .net *"_ivl_2", 0 0, L_0x55fce3a8bf80;  1 drivers
v0x55fce3a8a710_0 .net *"_ivl_5", 0 0, L_0x55fce3a4aa80;  1 drivers
v0x55fce3a8a7b0_0 .net *"_ivl_7", 0 0, L_0x55fce3a8c140;  1 drivers
v0x55fce3a8a890_0 .net "busy", 0 0, L_0x55fce3a8c3c0;  alias, 1 drivers
v0x55fce3a8a9a0_0 .var "controlReg", 31 0;
v0x55fce3a8aa80_0 .net "done", 0 0, L_0x55fce3a8c2d0;  alias, 1 drivers
v0x55fce3a8ab40_0 .var "inputAReg", 31 0;
v0x55fce3a8ac20_0 .var "inputBReg", 31 0;
v0x55fce3a8ad00_0 .net "readAddress", 7 0, v0x55fce3a8b900_0;  1 drivers
v0x55fce3a8ade0_0 .var "readData", 31 0;
v0x55fce3a8aec0_0 .net "readEnable", 0 0, v0x55fce3a8baa0_0;  1 drivers
v0x55fce3a8af80_0 .var "resultReg", 31 0;
v0x55fce3a8b060_0 .net "startPulse", 0 0, L_0x55fce3a4af60;  1 drivers
v0x55fce3a8b120_0 .var "statusReg", 31 0;
v0x55fce3a8b200_0 .net "sys_clk", 0 0, v0x55fce3a8bb40_0;  1 drivers
v0x55fce3a8b2c0_0 .net "sys_rst_n", 0 0, v0x55fce3a8bc10_0;  1 drivers
v0x55fce3a8b380_0 .net "writeAddress", 7 0, v0x55fce3a8bce0_0;  1 drivers
v0x55fce3a8b460_0 .net "writeData", 31 0, v0x55fce3a8bdb0_0;  1 drivers
v0x55fce3a8b540_0 .net "writeEnable", 0 0, v0x55fce3a8be80_0;  1 drivers
E_0x55fce3a59df0/0 .event anyedge, v0x55fce3a8aec0_0, v0x55fce3a8ad00_0, v0x55fce3a8a9a0_0, v0x55fce3a8ab40_0;
E_0x55fce3a59df0/1 .event anyedge, v0x55fce3a8ac20_0, v0x55fce3a8af80_0, v0x55fce3a8b120_0;
E_0x55fce3a59df0 .event/or E_0x55fce3a59df0/0, E_0x55fce3a59df0/1;
E_0x55fce3a20ed0/0 .event negedge, v0x55fce3a8b2c0_0;
E_0x55fce3a20ed0/1 .event posedge, v0x55fce3a8b200_0;
E_0x55fce3a20ed0 .event/or E_0x55fce3a20ed0/0, E_0x55fce3a20ed0/1;
L_0x55fce3a8bf80 .cmp/eq 8, v0x55fce3a8bce0_0, L_0x747d450ce018;
L_0x55fce3a8c140 .part v0x55fce3a8bdb0_0, 0, 1;
L_0x55fce3a8c2d0 .part v0x55fce3a8b120_0, 0, 1;
L_0x55fce3a8c3c0 .part v0x55fce3a8b120_0, 1, 1;
    .scope S_0x55fce3a89e90;
T_2 ;
    %wait E_0x55fce3a20ed0;
    %load/vec4 v0x55fce3a8b2c0_0;
    %nor/r;
    %flag_set/vec4 8;
    %jmp/0xz  T_2.0, 8;
    %pushi/vec4 0, 0, 32;
    %assign/vec4 v0x55fce3a8a9a0_0, 0;
    %pushi/vec4 0, 0, 32;
    %assign/vec4 v0x55fce3a8ab40_0, 0;
    %pushi/vec4 0, 0, 32;
    %assign/vec4 v0x55fce3a8ac20_0, 0;
    %pushi/vec4 0, 0, 32;
    %assign/vec4 v0x55fce3a8af80_0, 0;
    %pushi/vec4 0, 0, 32;
    %assign/vec4 v0x55fce3a8b120_0, 0;
    %jmp T_2.1;
T_2.0 ;
    %load/vec4 v0x55fce3a8b540_0;
    %flag_set/vec4 8;
    %jmp/0xz  T_2.2, 8;
    %load/vec4 v0x55fce3a8b380_0;
    %dup/vec4;
    %pushi/vec4 0, 0, 8;
    %cmp/u;
    %jmp/1 T_2.4, 6;
    %dup/vec4;
    %pushi/vec4 4, 0, 8;
    %cmp/u;
    %jmp/1 T_2.5, 6;
    %dup/vec4;
    %pushi/vec4 8, 0, 8;
    %cmp/u;
    %jmp/1 T_2.6, 6;
    %jmp T_2.8;
T_2.4 ;
    %load/vec4 v0x55fce3a8b460_0;
    %assign/vec4 v0x55fce3a8a9a0_0, 0;
    %jmp T_2.8;
T_2.5 ;
    %load/vec4 v0x55fce3a8b460_0;
    %assign/vec4 v0x55fce3a8ab40_0, 0;
    %jmp T_2.8;
T_2.6 ;
    %load/vec4 v0x55fce3a8b460_0;
    %assign/vec4 v0x55fce3a8ac20_0, 0;
    %jmp T_2.8;
T_2.8 ;
    %pop/vec4 1;
T_2.2 ;
    %load/vec4 v0x55fce3a8b060_0;
    %flag_set/vec4 8;
    %jmp/0xz  T_2.9, 8;
    %pushi/vec4 0, 0, 1;
    %ix/load 4, 0, 0;
    %ix/load 5, 0, 0;
    %flag_set/imm 4, 0;
    %assign/vec4/off/d v0x55fce3a8b120_0, 4, 5;
    %pushi/vec4 1, 0, 1;
    %ix/load 4, 1, 0;
    %ix/load 5, 0, 0;
    %flag_set/imm 4, 0;
    %assign/vec4/off/d v0x55fce3a8b120_0, 4, 5;
    %load/vec4 v0x55fce3a8ab40_0;
    %load/vec4 v0x55fce3a8ac20_0;
    %add;
    %assign/vec4 v0x55fce3a8af80_0, 0;
    %pushi/vec4 1, 0, 1;
    %ix/load 4, 0, 0;
    %ix/load 5, 0, 0;
    %flag_set/imm 4, 0;
    %assign/vec4/off/d v0x55fce3a8b120_0, 4, 5;
    %pushi/vec4 0, 0, 1;
    %ix/load 4, 1, 0;
    %ix/load 5, 0, 0;
    %flag_set/imm 4, 0;
    %assign/vec4/off/d v0x55fce3a8b120_0, 4, 5;
T_2.9 ;
T_2.1 ;
    %jmp T_2;
    .thread T_2;
    .scope S_0x55fce3a89e90;
T_3 ;
Ewait_0 .event/or E_0x55fce3a59df0, E_0x0;
    %wait Ewait_0;
    %load/vec4 v0x55fce3a8aec0_0;
    %flag_set/vec4 8;
    %jmp/0xz  T_3.0, 8;
    %load/vec4 v0x55fce3a8ad00_0;
    %dup/vec4;
    %pushi/vec4 0, 0, 8;
    %cmp/u;
    %jmp/1 T_3.2, 6;
    %dup/vec4;
    %pushi/vec4 4, 0, 8;
    %cmp/u;
    %jmp/1 T_3.3, 6;
    %dup/vec4;
    %pushi/vec4 8, 0, 8;
    %cmp/u;
    %jmp/1 T_3.4, 6;
    %dup/vec4;
    %pushi/vec4 12, 0, 8;
    %cmp/u;
    %jmp/1 T_3.5, 6;
    %dup/vec4;
    %pushi/vec4 16, 0, 8;
    %cmp/u;
    %jmp/1 T_3.6, 6;
    %pushi/vec4 0, 0, 32;
    %store/vec4 v0x55fce3a8ade0_0, 0, 32;
    %jmp T_3.8;
T_3.2 ;
    %load/vec4 v0x55fce3a8a9a0_0;
    %store/vec4 v0x55fce3a8ade0_0, 0, 32;
    %jmp T_3.8;
T_3.3 ;
    %load/vec4 v0x55fce3a8ab40_0;
    %store/vec4 v0x55fce3a8ade0_0, 0, 32;
    %jmp T_3.8;
T_3.4 ;
    %load/vec4 v0x55fce3a8ac20_0;
    %store/vec4 v0x55fce3a8ade0_0, 0, 32;
    %jmp T_3.8;
T_3.5 ;
    %load/vec4 v0x55fce3a8af80_0;
    %store/vec4 v0x55fce3a8ade0_0, 0, 32;
    %jmp T_3.8;
T_3.6 ;
    %load/vec4 v0x55fce3a8b120_0;
    %store/vec4 v0x55fce3a8ade0_0, 0, 32;
    %jmp T_3.8;
T_3.8 ;
    %pop/vec4 1;
    %jmp T_3.1;
T_3.0 ;
    %pushi/vec4 0, 0, 32;
    %store/vec4 v0x55fce3a8ade0_0, 0, 32;
T_3.1 ;
    %jmp T_3;
    .thread T_3, $push;
    .scope S_0x55fce3a64f60;
T_4 ;
    %pushi/vec4 0, 0, 1;
    %store/vec4 v0x55fce3a8bb40_0, 0, 1;
T_4.0 ;
    %delay 18518, 0;
    %load/vec4 v0x55fce3a8bb40_0;
    %inv;
    %store/vec4 v0x55fce3a8bb40_0, 0, 1;
    %jmp T_4.0;
    %end;
    .thread T_4;
    .scope S_0x55fce3a64f60;
T_5 ;
    %vpi_call/w 3 75 "$dumpfile", "sim/tb_axiLiteRegisterBlock.vcd" {0 0 0};
    %vpi_call/w 3 76 "$dumpvars", 32'sb00000000000000000000000000000000, S_0x55fce3a64f60 {0 0 0};
    %pushi/vec4 0, 0, 1;
    %store/vec4 v0x55fce3a8bc10_0, 0, 1;
    %pushi/vec4 0, 0, 1;
    %store/vec4 v0x55fce3a8be80_0, 0, 1;
    %pushi/vec4 0, 0, 8;
    %store/vec4 v0x55fce3a8bce0_0, 0, 8;
    %pushi/vec4 0, 0, 32;
    %store/vec4 v0x55fce3a8bdb0_0, 0, 32;
    %pushi/vec4 0, 0, 1;
    %store/vec4 v0x55fce3a8baa0_0, 0, 1;
    %pushi/vec4 0, 0, 8;
    %store/vec4 v0x55fce3a8b900_0, 0, 8;
    %delay 200000, 0;
    %pushi/vec4 1, 0, 1;
    %store/vec4 v0x55fce3a8bc10_0, 0, 1;
    %pushi/vec4 4, 0, 8;
    %store/vec4 v0x55fce3a4b0c0_0, 0, 8;
    %pushi/vec4 15, 0, 32;
    %store/vec4 v0x55fce3a4a2c0_0, 0, 32;
    %fork TD_tb_axiLiteRegisterBlock.busWrite, S_0x55fce3a89c10;
    %join;
    %pushi/vec4 8, 0, 8;
    %store/vec4 v0x55fce3a4b0c0_0, 0, 8;
    %pushi/vec4 27, 0, 32;
    %store/vec4 v0x55fce3a4a2c0_0, 0, 32;
    %fork TD_tb_axiLiteRegisterBlock.busWrite, S_0x55fce3a89c10;
    %join;
    %pushi/vec4 0, 0, 8;
    %store/vec4 v0x55fce3a4b0c0_0, 0, 8;
    %pushi/vec4 1, 0, 32;
    %store/vec4 v0x55fce3a4a2c0_0, 0, 32;
    %fork TD_tb_axiLiteRegisterBlock.busWrite, S_0x55fce3a89c10;
    %join;
    %pushi/vec4 12, 0, 8;
    %store/vec4 v0x55fce3a4abe0_0, 0, 8;
    %fork TD_tb_axiLiteRegisterBlock.busRead, S_0x55fce3a20490;
    %join;
    %pushi/vec4 16, 0, 8;
    %store/vec4 v0x55fce3a4abe0_0, 0, 8;
    %fork TD_tb_axiLiteRegisterBlock.busRead, S_0x55fce3a20490;
    %join;
    %pushi/vec4 4, 0, 8;
    %store/vec4 v0x55fce3a4b0c0_0, 0, 8;
    %pushi/vec4 100, 0, 32;
    %store/vec4 v0x55fce3a4a2c0_0, 0, 32;
    %fork TD_tb_axiLiteRegisterBlock.busWrite, S_0x55fce3a89c10;
    %join;
    %pushi/vec4 8, 0, 8;
    %store/vec4 v0x55fce3a4b0c0_0, 0, 8;
    %pushi/vec4 23, 0, 32;
    %store/vec4 v0x55fce3a4a2c0_0, 0, 32;
    %fork TD_tb_axiLiteRegisterBlock.busWrite, S_0x55fce3a89c10;
    %join;
    %pushi/vec4 0, 0, 8;
    %store/vec4 v0x55fce3a4b0c0_0, 0, 8;
    %pushi/vec4 1, 0, 32;
    %store/vec4 v0x55fce3a4a2c0_0, 0, 32;
    %fork TD_tb_axiLiteRegisterBlock.busWrite, S_0x55fce3a89c10;
    %join;
    %pushi/vec4 12, 0, 8;
    %store/vec4 v0x55fce3a4abe0_0, 0, 8;
    %fork TD_tb_axiLiteRegisterBlock.busRead, S_0x55fce3a20490;
    %join;
    %pushi/vec4 16, 0, 8;
    %store/vec4 v0x55fce3a4abe0_0, 0, 8;
    %fork TD_tb_axiLiteRegisterBlock.busRead, S_0x55fce3a20490;
    %join;
    %pushi/vec4 4, 0, 32;
T_5.0 %dup/vec4;
    %pushi/vec4 0, 0, 32;
    %cmp/s;
    %jmp/1xz T_5.1, 5;
    %jmp/1 T_5.1, 4;
    %pushi/vec4 1, 0, 32;
    %sub;
    %wait E_0x55fce3a20c10;
    %jmp T_5.0;
T_5.1 ;
    %pop/vec4 1;
    %vpi_call/w 3 117 "$finish" {0 0 0};
    %end;
    .thread T_5;
# The file index is used to find the file name in the following table.
:file_names 5;
    "N/A";
    "<interactive>";
    "-";
    "sim/tb_axiLiteRegisterBlock.sv";
    "axiLiteRegisterBlock/src/axiLiteRegisterBlock.sv";
