#! /usr/bin/vvp
:ivl_version "12.0 (stable)";
:ivl_delay_selection "TYPICAL";
:vpi_time_precision - 12;
:vpi_module "/usr/lib/x86_64-linux-gnu/ivl/system.vpi";
:vpi_module "/usr/lib/x86_64-linux-gnu/ivl/vhdl_sys.vpi";
:vpi_module "/usr/lib/x86_64-linux-gnu/ivl/vhdl_textio.vpi";
:vpi_module "/usr/lib/x86_64-linux-gnu/ivl/v2005_math.vpi";
:vpi_module "/usr/lib/x86_64-linux-gnu/ivl/va_math.vpi";
:vpi_module "/usr/lib/x86_64-linux-gnu/ivl/v2009.vpi";
S_0x63fee0ffc0d0 .scope package, "$unit" "$unit" 2 1;
 .timescale 0 0;
S_0x63fee0ffc260 .scope module, "tb_checkedSyncFifo" "tb_checkedSyncFifo" 3 3;
 .timescale -9 -12;
v0x63fee1027010_0 .net "count", 4 0, v0x63fee1025b60_0;  1 drivers
v0x63fee10270f0_0 .net "empty", 0 0, L_0x63fee1037ba0;  1 drivers
v0x63fee10271c0_0 .net "full", 0 0, L_0x63fee1037920;  1 drivers
v0x63fee10272c0_0 .net "readData", 7 0, v0x63fee1026260_0;  1 drivers
v0x63fee1027390_0 .var "readEnable", 0 0;
v0x63fee1027480_0 .var "sys_clk", 0 0;
v0x63fee1027550_0 .var "sys_rst_n", 0 0;
v0x63fee1027620_0 .var "writeData", 7 0;
v0x63fee10276f0_0 .var "writeEnable", 0 0;
S_0x63fee0fb6490 .scope module, "dut" "checkedSyncFifo" 3 18, 4 4 0, S_0x63fee0ffc260;
 .timescale 0 0;
    .port_info 0 /INPUT 1 "sys_clk";
    .port_info 1 /INPUT 1 "sys_rst_n";
    .port_info 2 /INPUT 1 "writeEnable";
    .port_info 3 /INPUT 8 "writeData";
    .port_info 4 /OUTPUT 1 "full";
    .port_info 5 /INPUT 1 "readEnable";
    .port_info 6 /OUTPUT 8 "readData";
    .port_info 7 /OUTPUT 1 "empty";
    .port_info 8 /OUTPUT 5 "count";
P_0x63fee0fb6620 .param/l "ADDR_WIDTH" 0 4 7, +C4<00000000000000000000000000000100>;
P_0x63fee0fb6660 .param/l "DATA_WIDTH" 0 4 5, +C4<00000000000000000000000000001000>;
P_0x63fee0fb66a0 .param/l "DEPTH" 0 4 6, +C4<00000000000000000000000000010000>;
L_0x63fee0fed8d0 .functor AND 1, v0x63fee10276f0_0, L_0x63fee1037d60, C4<1>, C4<1>;
L_0x63fee0fede30 .functor AND 1, v0x63fee1027390_0, L_0x63fee1037ea0, C4<1>, C4<1>;
v0x63fee0fedf90_0 .net *"_ivl_0", 31 0, L_0x63fee10277c0;  1 drivers
L_0x74ae1226e0a8 .functor BUFT 1, C4<000000000000000000000000000>, C4<0>, C4<0>, C4<0>;
v0x63fee0fee5a0_0 .net *"_ivl_11", 26 0, L_0x74ae1226e0a8;  1 drivers
L_0x74ae1226e0f0 .functor BUFT 1, C4<00000000000000000000000000000000>, C4<0>, C4<0>, C4<0>;
v0x63fee0fe0190_0 .net/2u *"_ivl_12", 31 0, L_0x74ae1226e0f0;  1 drivers
v0x63fee0fe05b0_0 .net *"_ivl_17", 0 0, L_0x63fee1037d60;  1 drivers
v0x63fee0fdfaa0_0 .net *"_ivl_21", 0 0, L_0x63fee1037ea0;  1 drivers
L_0x74ae1226e018 .functor BUFT 1, C4<000000000000000000000000000>, C4<0>, C4<0>, C4<0>;
v0x63fee0fe4cf0_0 .net *"_ivl_3", 26 0, L_0x74ae1226e018;  1 drivers
L_0x74ae1226e060 .functor BUFT 1, C4<00000000000000000000000000010000>, C4<0>, C4<0>, C4<0>;
v0x63fee0fe4d90_0 .net/2u *"_ivl_4", 31 0, L_0x74ae1226e060;  1 drivers
v0x63fee1025a80_0 .net *"_ivl_8", 31 0, L_0x63fee1037ab0;  1 drivers
v0x63fee1025b60_0 .var "count", 4 0;
v0x63fee1025c40_0 .net "empty", 0 0, L_0x63fee1037ba0;  alias, 1 drivers
v0x63fee1025d00_0 .net "full", 0 0, L_0x63fee1037920;  alias, 1 drivers
v0x63fee1025dc0 .array "memory", 15 0, 7 0;
v0x63fee1025e80_0 .var "previousCount", 4 0;
v0x63fee1025f60_0 .var "previousEmpty", 0 0;
v0x63fee1026020_0 .var "previousFull", 0 0;
v0x63fee10260e0_0 .var "previousReadEnable", 0 0;
v0x63fee10261a0_0 .var "previousWriteEnable", 0 0;
v0x63fee1026260_0 .var "readData", 7 0;
v0x63fee1026340_0 .net "readEnable", 0 0, v0x63fee1027390_0;  1 drivers
v0x63fee1026400_0 .var "readPointer", 3 0;
v0x63fee10264e0_0 .net "readValid", 0 0, L_0x63fee0fede30;  1 drivers
v0x63fee10265a0_0 .net "sys_clk", 0 0, v0x63fee1027480_0;  1 drivers
v0x63fee1026660_0 .net "sys_rst_n", 0 0, v0x63fee1027550_0;  1 drivers
v0x63fee1026720_0 .net "writeData", 7 0, v0x63fee1027620_0;  1 drivers
v0x63fee1026800_0 .net "writeEnable", 0 0, v0x63fee10276f0_0;  1 drivers
v0x63fee10268c0_0 .var "writePointer", 3 0;
v0x63fee10269a0_0 .net "writeValid", 0 0, L_0x63fee0fed8d0;  1 drivers
E_0x63fee0fefff0 .event posedge, v0x63fee10265a0_0;
E_0x63fee0fefaf0/0 .event negedge, v0x63fee1026660_0;
E_0x63fee0fefaf0/1 .event posedge, v0x63fee10265a0_0;
E_0x63fee0fefaf0 .event/or E_0x63fee0fefaf0/0, E_0x63fee0fefaf0/1;
L_0x63fee10277c0 .concat [ 5 27 0 0], v0x63fee1025b60_0, L_0x74ae1226e018;
L_0x63fee1037920 .cmp/eq 32, L_0x63fee10277c0, L_0x74ae1226e060;
L_0x63fee1037ab0 .concat [ 5 27 0 0], v0x63fee1025b60_0, L_0x74ae1226e0a8;
L_0x63fee1037ba0 .cmp/eq 32, L_0x63fee1037ab0, L_0x74ae1226e0f0;
L_0x63fee1037d60 .reduce/nor L_0x63fee1037920;
L_0x63fee1037ea0 .reduce/nor L_0x63fee1037ba0;
S_0x63fee1026b80 .scope task, "readByte" "readByte" 3 50, 3 50 0, S_0x63fee0ffc260;
 .timescale -9 -12;
E_0x63fee0ff1d40 .event negedge, v0x63fee10265a0_0;
TD_tb_checkedSyncFifo.readByte ;
    %wait E_0x63fee0ff1d40;
    %pushi/vec4 1, 0, 1;
    %store/vec4 v0x63fee1027390_0, 0, 1;
    %wait E_0x63fee0ff1d40;
    %pushi/vec4 0, 0, 1;
    %store/vec4 v0x63fee1027390_0, 0, 1;
    %end;
S_0x63fee1026d50 .scope task, "writeByte" "writeByte" 3 38, 3 38 0, S_0x63fee0ffc260;
 .timescale -9 -12;
v0x63fee1026f30_0 .var "dataByte", 7 0;
TD_tb_checkedSyncFifo.writeByte ;
    %wait E_0x63fee0ff1d40;
    %load/vec4 v0x63fee1026f30_0;
    %store/vec4 v0x63fee1027620_0, 0, 8;
    %pushi/vec4 1, 0, 1;
    %store/vec4 v0x63fee10276f0_0, 0, 1;
    %wait E_0x63fee0ff1d40;
    %pushi/vec4 0, 0, 1;
    %store/vec4 v0x63fee10276f0_0, 0, 1;
    %pushi/vec4 0, 0, 8;
    %store/vec4 v0x63fee1027620_0, 0, 8;
    %end;
    .scope S_0x63fee0fb6490;
T_2 ;
    %wait E_0x63fee0fefaf0;
    %load/vec4 v0x63fee1026660_0;
    %nor/r;
    %flag_set/vec4 8;
    %jmp/0xz  T_2.0, 8;
    %pushi/vec4 0, 0, 4;
    %assign/vec4 v0x63fee10268c0_0, 0;
    %pushi/vec4 0, 0, 4;
    %assign/vec4 v0x63fee1026400_0, 0;
    %pushi/vec4 0, 0, 8;
    %assign/vec4 v0x63fee1026260_0, 0;
    %pushi/vec4 0, 0, 5;
    %assign/vec4 v0x63fee1025b60_0, 0;
    %jmp T_2.1;
T_2.0 ;
    %load/vec4 v0x63fee10269a0_0;
    %flag_set/vec4 8;
    %jmp/0xz  T_2.2, 8;
    %load/vec4 v0x63fee1026720_0;
    %load/vec4 v0x63fee10268c0_0;
    %pad/u 6;
    %ix/vec4 3;
    %ix/load 4, 0, 0; Constant delay
    %assign/vec4/a/d v0x63fee1025dc0, 0, 4;
    %load/vec4 v0x63fee10268c0_0;
    %addi 1, 0, 4;
    %assign/vec4 v0x63fee10268c0_0, 0;
T_2.2 ;
    %load/vec4 v0x63fee10264e0_0;
    %flag_set/vec4 8;
    %jmp/0xz  T_2.4, 8;
    %load/vec4 v0x63fee1026400_0;
    %pad/u 6;
    %ix/vec4 4;
    %load/vec4a v0x63fee1025dc0, 4;
    %assign/vec4 v0x63fee1026260_0, 0;
    %load/vec4 v0x63fee1026400_0;
    %addi 1, 0, 4;
    %assign/vec4 v0x63fee1026400_0, 0;
T_2.4 ;
    %load/vec4 v0x63fee10269a0_0;
    %load/vec4 v0x63fee10264e0_0;
    %concat/vec4; draw_concat_vec4
    %dup/vec4;
    %pushi/vec4 2, 0, 2;
    %cmp/u;
    %jmp/1 T_2.6, 6;
    %dup/vec4;
    %pushi/vec4 1, 0, 2;
    %cmp/u;
    %jmp/1 T_2.7, 6;
    %load/vec4 v0x63fee1025b60_0;
    %assign/vec4 v0x63fee1025b60_0, 0;
    %jmp T_2.9;
T_2.6 ;
    %load/vec4 v0x63fee1025b60_0;
    %addi 1, 0, 5;
    %assign/vec4 v0x63fee1025b60_0, 0;
    %jmp T_2.9;
T_2.7 ;
    %load/vec4 v0x63fee1025b60_0;
    %subi 1, 0, 5;
    %assign/vec4 v0x63fee1025b60_0, 0;
    %jmp T_2.9;
T_2.9 ;
    %pop/vec4 1;
T_2.1 ;
    %jmp T_2;
    .thread T_2;
    .scope S_0x63fee0fb6490;
T_3 ;
    %wait E_0x63fee0fefaf0;
    %load/vec4 v0x63fee1026660_0;
    %nor/r;
    %flag_set/vec4 8;
    %jmp/0xz  T_3.0, 8;
    %pushi/vec4 0, 0, 5;
    %assign/vec4 v0x63fee1025e80_0, 0;
    %pushi/vec4 0, 0, 1;
    %assign/vec4 v0x63fee1026020_0, 0;
    %pushi/vec4 1, 0, 1;
    %assign/vec4 v0x63fee1025f60_0, 0;
    %pushi/vec4 0, 0, 1;
    %assign/vec4 v0x63fee10261a0_0, 0;
    %pushi/vec4 0, 0, 1;
    %assign/vec4 v0x63fee10260e0_0, 0;
    %jmp T_3.1;
T_3.0 ;
    %load/vec4 v0x63fee1025b60_0;
    %assign/vec4 v0x63fee1025e80_0, 0;
    %load/vec4 v0x63fee1025d00_0;
    %assign/vec4 v0x63fee1026020_0, 0;
    %load/vec4 v0x63fee1025c40_0;
    %assign/vec4 v0x63fee1025f60_0, 0;
    %load/vec4 v0x63fee1026800_0;
    %assign/vec4 v0x63fee10261a0_0, 0;
    %load/vec4 v0x63fee1026340_0;
    %assign/vec4 v0x63fee10260e0_0, 0;
T_3.1 ;
    %jmp T_3;
    .thread T_3;
    .scope S_0x63fee0fb6490;
T_4 ;
    %wait E_0x63fee0fefff0;
    %load/vec4 v0x63fee1026660_0;
    %flag_set/vec4 8;
    %jmp/0xz  T_4.0, 8;
    %load/vec4 v0x63fee1025b60_0;
    %pad/u 32;
    %cmpi/u 16, 0, 32;
    %flag_or 5, 4;
    %jmp/0xz  T_4.2, 5;
    %jmp T_4.3;
T_4.2 ;
    %vpi_call/w 4 104 "$error", "ASSERT FAILED: count exceeded DEPTH. count=%0d DEPTH=%0d", v0x63fee1025b60_0, P_0x63fee0fb66a0 {0 0 0};
T_4.3 ;
    %load/vec4 v0x63fee1025d00_0;
    %load/vec4 v0x63fee1025b60_0;
    %pad/u 32;
    %pushi/vec4 16, 0, 32;
    %cmp/e;
    %flag_get/vec4 4;
    %cmp/e;
    %jmp/0xz  T_4.4, 4;
    %jmp T_4.5;
T_4.4 ;
    %vpi_call/w 4 108 "$error", "ASSERT FAILED: full flag inconsistent with count." {0 0 0};
T_4.5 ;
    %load/vec4 v0x63fee1025c40_0;
    %load/vec4 v0x63fee1025b60_0;
    %pad/u 32;
    %pushi/vec4 0, 0, 32;
    %cmp/e;
    %flag_get/vec4 4;
    %cmp/e;
    %jmp/0xz  T_4.6, 4;
    %jmp T_4.7;
T_4.6 ;
    %vpi_call/w 4 111 "$error", "ASSERT FAILED: empty flag inconsistent with count." {0 0 0};
T_4.7 ;
    %load/vec4 v0x63fee1025d00_0;
    %flag_set/vec4 9;
    %flag_get/vec4 9;
    %jmp/0 T_4.10, 9;
    %load/vec4 v0x63fee1025c40_0;
    %and;
T_4.10;
    %nor/r;
    %flag_set/vec4 8;
    %jmp/0xz  T_4.8, 8;
    %jmp T_4.9;
T_4.8 ;
    %vpi_call/w 4 115 "$error", "ASSERT FAILED: full and empty both high." {0 0 0};
T_4.9 ;
    %load/vec4 v0x63fee10261a0_0;
    %flag_set/vec4 10;
    %flag_get/vec4 10;
    %jmp/0 T_4.14, 10;
    %load/vec4 v0x63fee1026020_0;
    %and;
T_4.14;
    %flag_set/vec4 9;
    %flag_get/vec4 9;
    %jmp/0 T_4.13, 9;
    %load/vec4 v0x63fee10260e0_0;
    %nor/r;
    %and;
T_4.13;
    %flag_set/vec4 8;
    %jmp/0xz  T_4.11, 8;
    %load/vec4 v0x63fee1025b60_0;
    %load/vec4 v0x63fee1025e80_0;
    %cmp/e;
    %jmp/0xz  T_4.15, 4;
    %jmp T_4.16;
T_4.15 ;
    %vpi_call/w 4 120 "$error", "ASSERT FAILED: write while full changed count." {0 0 0};
T_4.16 ;
T_4.11 ;
    %load/vec4 v0x63fee10260e0_0;
    %flag_set/vec4 10;
    %flag_get/vec4 10;
    %jmp/0 T_4.20, 10;
    %load/vec4 v0x63fee1025f60_0;
    %and;
T_4.20;
    %flag_set/vec4 9;
    %flag_get/vec4 9;
    %jmp/0 T_4.19, 9;
    %load/vec4 v0x63fee10261a0_0;
    %nor/r;
    %and;
T_4.19;
    %flag_set/vec4 8;
    %jmp/0xz  T_4.17, 8;
    %load/vec4 v0x63fee1025b60_0;
    %load/vec4 v0x63fee1025e80_0;
    %cmp/e;
    %jmp/0xz  T_4.21, 4;
    %jmp T_4.22;
T_4.21 ;
    %vpi_call/w 4 126 "$error", "ASSERT FAILED: read while empty changed count." {0 0 0};
T_4.22 ;
T_4.17 ;
T_4.0 ;
    %jmp T_4;
    .thread T_4;
    .scope S_0x63fee0ffc260;
T_5 ;
    %pushi/vec4 0, 0, 1;
    %store/vec4 v0x63fee1027480_0, 0, 1;
T_5.0 ;
    %delay 18518, 0;
    %load/vec4 v0x63fee1027480_0;
    %inv;
    %store/vec4 v0x63fee1027480_0, 0, 1;
    %jmp T_5.0;
    %end;
    .thread T_5;
    .scope S_0x63fee0ffc260;
T_6 ;
    %vpi_call/w 3 61 "$dumpfile", "sim/tb_checkedSyncFifo.vcd" {0 0 0};
    %vpi_call/w 3 62 "$dumpvars", 32'sb00000000000000000000000000000000, S_0x63fee0ffc260 {0 0 0};
    %pushi/vec4 0, 0, 1;
    %store/vec4 v0x63fee1027550_0, 0, 1;
    %pushi/vec4 0, 0, 1;
    %store/vec4 v0x63fee10276f0_0, 0, 1;
    %pushi/vec4 0, 0, 8;
    %store/vec4 v0x63fee1027620_0, 0, 8;
    %pushi/vec4 0, 0, 1;
    %store/vec4 v0x63fee1027390_0, 0, 1;
    %delay 200000, 0;
    %pushi/vec4 1, 0, 1;
    %store/vec4 v0x63fee1027550_0, 0, 1;
    %pushi/vec4 2, 0, 32;
T_6.0 %dup/vec4;
    %pushi/vec4 0, 0, 32;
    %cmp/s;
    %jmp/1xz T_6.1, 5;
    %jmp/1 T_6.1, 4;
    %pushi/vec4 1, 0, 32;
    %sub;
    %wait E_0x63fee0fefff0;
    %jmp T_6.0;
T_6.1 ;
    %pop/vec4 1;
    %pushi/vec4 17, 0, 8;
    %store/vec4 v0x63fee1026f30_0, 0, 8;
    %fork TD_tb_checkedSyncFifo.writeByte, S_0x63fee1026d50;
    %join;
    %pushi/vec4 34, 0, 8;
    %store/vec4 v0x63fee1026f30_0, 0, 8;
    %fork TD_tb_checkedSyncFifo.writeByte, S_0x63fee1026d50;
    %join;
    %pushi/vec4 51, 0, 8;
    %store/vec4 v0x63fee1026f30_0, 0, 8;
    %fork TD_tb_checkedSyncFifo.writeByte, S_0x63fee1026d50;
    %join;
    %fork TD_tb_checkedSyncFifo.readByte, S_0x63fee1026b80;
    %join;
    %fork TD_tb_checkedSyncFifo.readByte, S_0x63fee1026b80;
    %join;
    %fork TD_tb_checkedSyncFifo.readByte, S_0x63fee1026b80;
    %join;
    %fork TD_tb_checkedSyncFifo.readByte, S_0x63fee1026b80;
    %join;
    %pushi/vec4 160, 0, 8;
    %store/vec4 v0x63fee1026f30_0, 0, 8;
    %fork TD_tb_checkedSyncFifo.writeByte, S_0x63fee1026d50;
    %join;
    %pushi/vec4 161, 0, 8;
    %store/vec4 v0x63fee1026f30_0, 0, 8;
    %fork TD_tb_checkedSyncFifo.writeByte, S_0x63fee1026d50;
    %join;
    %pushi/vec4 162, 0, 8;
    %store/vec4 v0x63fee1026f30_0, 0, 8;
    %fork TD_tb_checkedSyncFifo.writeByte, S_0x63fee1026d50;
    %join;
    %pushi/vec4 163, 0, 8;
    %store/vec4 v0x63fee1026f30_0, 0, 8;
    %fork TD_tb_checkedSyncFifo.writeByte, S_0x63fee1026d50;
    %join;
    %pushi/vec4 164, 0, 8;
    %store/vec4 v0x63fee1026f30_0, 0, 8;
    %fork TD_tb_checkedSyncFifo.writeByte, S_0x63fee1026d50;
    %join;
    %pushi/vec4 165, 0, 8;
    %store/vec4 v0x63fee1026f30_0, 0, 8;
    %fork TD_tb_checkedSyncFifo.writeByte, S_0x63fee1026d50;
    %join;
    %pushi/vec4 166, 0, 8;
    %store/vec4 v0x63fee1026f30_0, 0, 8;
    %fork TD_tb_checkedSyncFifo.writeByte, S_0x63fee1026d50;
    %join;
    %pushi/vec4 167, 0, 8;
    %store/vec4 v0x63fee1026f30_0, 0, 8;
    %fork TD_tb_checkedSyncFifo.writeByte, S_0x63fee1026d50;
    %join;
    %pushi/vec4 168, 0, 8;
    %store/vec4 v0x63fee1026f30_0, 0, 8;
    %fork TD_tb_checkedSyncFifo.writeByte, S_0x63fee1026d50;
    %join;
    %pushi/vec4 169, 0, 8;
    %store/vec4 v0x63fee1026f30_0, 0, 8;
    %fork TD_tb_checkedSyncFifo.writeByte, S_0x63fee1026d50;
    %join;
    %pushi/vec4 170, 0, 8;
    %store/vec4 v0x63fee1026f30_0, 0, 8;
    %fork TD_tb_checkedSyncFifo.writeByte, S_0x63fee1026d50;
    %join;
    %pushi/vec4 171, 0, 8;
    %store/vec4 v0x63fee1026f30_0, 0, 8;
    %fork TD_tb_checkedSyncFifo.writeByte, S_0x63fee1026d50;
    %join;
    %pushi/vec4 172, 0, 8;
    %store/vec4 v0x63fee1026f30_0, 0, 8;
    %fork TD_tb_checkedSyncFifo.writeByte, S_0x63fee1026d50;
    %join;
    %pushi/vec4 173, 0, 8;
    %store/vec4 v0x63fee1026f30_0, 0, 8;
    %fork TD_tb_checkedSyncFifo.writeByte, S_0x63fee1026d50;
    %join;
    %pushi/vec4 174, 0, 8;
    %store/vec4 v0x63fee1026f30_0, 0, 8;
    %fork TD_tb_checkedSyncFifo.writeByte, S_0x63fee1026d50;
    %join;
    %pushi/vec4 175, 0, 8;
    %store/vec4 v0x63fee1026f30_0, 0, 8;
    %fork TD_tb_checkedSyncFifo.writeByte, S_0x63fee1026d50;
    %join;
    %pushi/vec4 255, 0, 8;
    %store/vec4 v0x63fee1026f30_0, 0, 8;
    %fork TD_tb_checkedSyncFifo.writeByte, S_0x63fee1026d50;
    %join;
    %fork TD_tb_checkedSyncFifo.readByte, S_0x63fee1026b80;
    %join;
    %fork TD_tb_checkedSyncFifo.readByte, S_0x63fee1026b80;
    %join;
    %fork TD_tb_checkedSyncFifo.readByte, S_0x63fee1026b80;
    %join;
    %fork TD_tb_checkedSyncFifo.readByte, S_0x63fee1026b80;
    %join;
    %wait E_0x63fee0ff1d40;
    %pushi/vec4 85, 0, 8;
    %store/vec4 v0x63fee1027620_0, 0, 8;
    %pushi/vec4 1, 0, 1;
    %store/vec4 v0x63fee10276f0_0, 0, 1;
    %pushi/vec4 1, 0, 1;
    %store/vec4 v0x63fee1027390_0, 0, 1;
    %wait E_0x63fee0ff1d40;
    %pushi/vec4 0, 0, 1;
    %store/vec4 v0x63fee10276f0_0, 0, 1;
    %pushi/vec4 0, 0, 1;
    %store/vec4 v0x63fee1027390_0, 0, 1;
    %pushi/vec4 0, 0, 8;
    %store/vec4 v0x63fee1027620_0, 0, 8;
    %pushi/vec4 8, 0, 32;
T_6.2 %dup/vec4;
    %pushi/vec4 0, 0, 32;
    %cmp/s;
    %jmp/1xz T_6.3, 5;
    %jmp/1 T_6.3, 4;
    %pushi/vec4 1, 0, 32;
    %sub;
    %wait E_0x63fee0fefff0;
    %jmp T_6.2;
T_6.3 ;
    %pop/vec4 1;
    %vpi_call/w 3 134 "$display", "checkedSyncFifo simulation completed." {0 0 0};
    %vpi_call/w 3 136 "$finish" {0 0 0};
    %end;
    .thread T_6;
# The file index is used to find the file name in the following table.
:file_names 5;
    "N/A";
    "<interactive>";
    "-";
    "sim/tb_checkedSyncFifo.sv";
    "checkedSyncFifo/src/checkedSyncFifo.sv";
