#! /usr/bin/vvp
:ivl_version "12.0 (stable)";
:ivl_delay_selection "TYPICAL";
:vpi_time_precision - 12;
:vpi_module "/usr/lib/x86_64-linux-gnu/ivl/system.vpi";
:vpi_module "/usr/lib/x86_64-linux-gnu/ivl/vhdl_sys.vpi";
:vpi_module "/usr/lib/x86_64-linux-gnu/ivl/vhdl_textio.vpi";
:vpi_module "/usr/lib/x86_64-linux-gnu/ivl/v2005_math.vpi";
:vpi_module "/usr/lib/x86_64-linux-gnu/ivl/va_math.vpi";
:vpi_module "/usr/lib/x86_64-linux-gnu/ivl/v2009.vpi";
S_0x64b6e0812860 .scope package, "$unit" "$unit" 2 1;
 .timescale 0 0;
S_0x64b6e08129f0 .scope module, "tb_nnAccelerator" "tb_nnAccelerator" 3 3;
 .timescale -9 -12;
P_0x64b6e0867780 .param/l "ADDR_B0" 1 3 44, C4<01100000>;
P_0x64b6e08677c0 .param/l "ADDR_B1" 1 3 45, C4<01100100>;
P_0x64b6e0867800 .param/l "ADDR_B2" 1 3 46, C4<01101000>;
P_0x64b6e0867840 .param/l "ADDR_B3" 1 3 47, C4<01101100>;
P_0x64b6e0867880 .param/l "ADDR_CONTROL" 1 3 16, C4<00000000>;
P_0x64b6e08678c0 .param/l "ADDR_STATUS" 1 3 17, C4<00000100>;
P_0x64b6e0867900 .param/l "ADDR_W00" 1 3 24, C4<00100000>;
P_0x64b6e0867940 .param/l "ADDR_W01" 1 3 25, C4<00100100>;
P_0x64b6e0867980 .param/l "ADDR_W02" 1 3 26, C4<00101000>;
P_0x64b6e08679c0 .param/l "ADDR_W03" 1 3 27, C4<00101100>;
P_0x64b6e0867a00 .param/l "ADDR_W10" 1 3 29, C4<00110000>;
P_0x64b6e0867a40 .param/l "ADDR_W11" 1 3 30, C4<00110100>;
P_0x64b6e0867a80 .param/l "ADDR_W12" 1 3 31, C4<00111000>;
P_0x64b6e0867ac0 .param/l "ADDR_W13" 1 3 32, C4<00111100>;
P_0x64b6e0867b00 .param/l "ADDR_W20" 1 3 34, C4<01000000>;
P_0x64b6e0867b40 .param/l "ADDR_W21" 1 3 35, C4<01000100>;
P_0x64b6e0867b80 .param/l "ADDR_W22" 1 3 36, C4<01001000>;
P_0x64b6e0867bc0 .param/l "ADDR_W23" 1 3 37, C4<01001100>;
P_0x64b6e0867c00 .param/l "ADDR_W30" 1 3 39, C4<01010000>;
P_0x64b6e0867c40 .param/l "ADDR_W31" 1 3 40, C4<01010100>;
P_0x64b6e0867c80 .param/l "ADDR_W32" 1 3 41, C4<01011000>;
P_0x64b6e0867cc0 .param/l "ADDR_W33" 1 3 42, C4<01011100>;
P_0x64b6e0867d00 .param/l "ADDR_X0" 1 3 19, C4<00010000>;
P_0x64b6e0867d40 .param/l "ADDR_X1" 1 3 20, C4<00010100>;
P_0x64b6e0867d80 .param/l "ADDR_X2" 1 3 21, C4<00011000>;
P_0x64b6e0867dc0 .param/l "ADDR_X3" 1 3 22, C4<00011100>;
P_0x64b6e0867e00 .param/l "ADDR_Y0" 1 3 49, C4<01110000>;
P_0x64b6e0867e40 .param/l "ADDR_Y1" 1 3 50, C4<01110100>;
P_0x64b6e0867e80 .param/l "ADDR_Y2" 1 3 51, C4<01111000>;
P_0x64b6e0867ec0 .param/l "ADDR_Y3" 1 3 52, C4<01111100>;
v0x64b6e088ad90_0 .var "readAddress", 7 0;
v0x64b6e088ae70_0 .net "readData", 31 0, v0x64b6e0887f70_0;  1 drivers
v0x64b6e088af10_0 .var "readEnable", 0 0;
v0x64b6e088afe0_0 .var "sys_clk", 0 0;
v0x64b6e088b0b0_0 .var "sys_rst_n", 0 0;
v0x64b6e088b1a0_0 .var "writeAddress", 7 0;
v0x64b6e088b270_0 .var "writeData", 31 0;
v0x64b6e088b340_0 .var "writeEnable", 0 0;
E_0x64b6e07c9a60 .event posedge, v0x64b6e0888550_0;
S_0x64b6e07a1490 .scope task, "checkOutput" "checkOutput" 3 108, 3 108 0, S_0x64b6e08129f0;
 .timescale -9 -12;
v0x64b6e0846e90_0 .var "address", 7 0;
v0x64b6e0847370_0 .var/s "expectedValue", 15 0;
v0x64b6e0845af0_0 .var/str "name";
TD_tb_nnAccelerator.checkOutput ;
    %load/vec4 v0x64b6e0846e90_0;
    %store/vec4 v0x64b6e088a510_0, 0, 8;
    %fork TD_tb_nnAccelerator.readRegister, S_0x64b6e088a2c0;
    %join;
    %load/vec4 v0x64b6e088ae70_0;
    %parti/s 16, 0, 2;
    %load/vec4 v0x64b6e0847370_0;
    %cmp/ne;
    %jmp/0xz  T_0.0, 6;
    %vpi_call/w 3 113 "$display", "ERROR: %s expected 0x%04h, got 0x%04h", v0x64b6e0845af0_0, v0x64b6e0847370_0, &PV<v0x64b6e088ae70_0, 0, 16> {0 0 0};
    %jmp T_0.1;
T_0.0 ;
    %vpi_call/w 3 115 "$display", "PASS: %s = 0x%04h", v0x64b6e0845af0_0, &PV<v0x64b6e088ae70_0, 0, 16> {0 0 0};
T_0.1 ;
    %end;
S_0x64b6e0884690 .scope module, "dut" "nnAccelerator" 3 54, 4 3 0, S_0x64b6e08129f0;
 .timescale 0 0;
    .port_info 0 /INPUT 1 "sys_clk";
    .port_info 1 /INPUT 1 "sys_rst_n";
    .port_info 2 /INPUT 1 "writeEnable";
    .port_info 3 /INPUT 8 "writeAddress";
    .port_info 4 /INPUT 32 "writeData";
    .port_info 5 /INPUT 1 "readEnable";
    .port_info 6 /INPUT 8 "readAddress";
    .port_info 7 /OUTPUT 32 "readData";
P_0x64b6e0884840 .param/l "ADDR_B0" 1 4 44, C4<01100000>;
P_0x64b6e0884880 .param/l "ADDR_B1" 1 4 45, C4<01100100>;
P_0x64b6e08848c0 .param/l "ADDR_B2" 1 4 46, C4<01101000>;
P_0x64b6e0884900 .param/l "ADDR_B3" 1 4 47, C4<01101100>;
P_0x64b6e0884940 .param/l "ADDR_CONTROL" 1 4 16, C4<00000000>;
P_0x64b6e0884980 .param/l "ADDR_STATUS" 1 4 17, C4<00000100>;
P_0x64b6e08849c0 .param/l "ADDR_W00" 1 4 24, C4<00100000>;
P_0x64b6e0884a00 .param/l "ADDR_W01" 1 4 25, C4<00100100>;
P_0x64b6e0884a40 .param/l "ADDR_W02" 1 4 26, C4<00101000>;
P_0x64b6e0884a80 .param/l "ADDR_W03" 1 4 27, C4<00101100>;
P_0x64b6e0884ac0 .param/l "ADDR_W10" 1 4 29, C4<00110000>;
P_0x64b6e0884b00 .param/l "ADDR_W11" 1 4 30, C4<00110100>;
P_0x64b6e0884b40 .param/l "ADDR_W12" 1 4 31, C4<00111000>;
P_0x64b6e0884b80 .param/l "ADDR_W13" 1 4 32, C4<00111100>;
P_0x64b6e0884bc0 .param/l "ADDR_W20" 1 4 34, C4<01000000>;
P_0x64b6e0884c00 .param/l "ADDR_W21" 1 4 35, C4<01000100>;
P_0x64b6e0884c40 .param/l "ADDR_W22" 1 4 36, C4<01001000>;
P_0x64b6e0884c80 .param/l "ADDR_W23" 1 4 37, C4<01001100>;
P_0x64b6e0884cc0 .param/l "ADDR_W30" 1 4 39, C4<01010000>;
P_0x64b6e0884d00 .param/l "ADDR_W31" 1 4 40, C4<01010100>;
P_0x64b6e0884d40 .param/l "ADDR_W32" 1 4 41, C4<01011000>;
P_0x64b6e0884d80 .param/l "ADDR_W33" 1 4 42, C4<01011100>;
P_0x64b6e0884dc0 .param/l "ADDR_X0" 1 4 19, C4<00010000>;
P_0x64b6e0884e00 .param/l "ADDR_X1" 1 4 20, C4<00010100>;
P_0x64b6e0884e40 .param/l "ADDR_X2" 1 4 21, C4<00011000>;
P_0x64b6e0884e80 .param/l "ADDR_X3" 1 4 22, C4<00011100>;
P_0x64b6e0884ec0 .param/l "ADDR_Y0" 1 4 49, C4<01110000>;
P_0x64b6e0884f00 .param/l "ADDR_Y1" 1 4 50, C4<01110100>;
P_0x64b6e0884f40 .param/l "ADDR_Y2" 1 4 51, C4<01111000>;
P_0x64b6e0884f80 .param/l "ADDR_Y3" 1 4 52, C4<01111100>;
enum0x64b6e07c9af0 .enum4 (2)
   "IDLE" 2'b00,
   "MAC" 2'b01,
   "ACTIVATE" 2'b10,
   "FINISH" 2'b11
 ;
L_0x64b6e0846cf0 .functor AND 1, v0x64b6e088b340_0, L_0x64b6e088b440, C4<1>, C4<1>;
L_0x64b6e0847210 .functor AND 1, L_0x64b6e0846cf0, L_0x64b6e088b650, C4<1>, C4<1>;
L_0x7af816c6e018 .functor BUFT 1, C4<00000000>, C4<0>, C4<0>, C4<0>;
v0x64b6e0886c20_0 .net/2u *"_ivl_0", 7 0, L_0x7af816c6e018;  1 drivers
v0x64b6e0886d20_0 .net/s *"_ivl_10", 15 0, L_0x64b6e088b7e0;  1 drivers
v0x64b6e0886e00_0 .net/s *"_ivl_12", 15 0, L_0x64b6e088b880;  1 drivers
v0x64b6e0886ec0_0 .net/s *"_ivl_16", 31 0, L_0x64b6e088bac0;  1 drivers
v0x64b6e0886fa0_0 .net *"_ivl_2", 0 0, L_0x64b6e088b440;  1 drivers
v0x64b6e08870b0_0 .net *"_ivl_20", 27 0, L_0x64b6e088bbf0;  1 drivers
v0x64b6e0887190_0 .net *"_ivl_5", 0 0, L_0x64b6e0846cf0;  1 drivers
v0x64b6e0887250_0 .net *"_ivl_7", 0 0, L_0x64b6e088b650;  1 drivers
v0x64b6e0887330_0 .var/s "acc0", 31 0;
v0x64b6e0887410_0 .var/s "acc1", 31 0;
v0x64b6e08874f0_0 .var/s "acc2", 31 0;
v0x64b6e08875d0_0 .var/s "acc3", 31 0;
v0x64b6e08876b0_0 .var/s "b0", 15 0;
v0x64b6e0887790_0 .var/s "b1", 15 0;
v0x64b6e0887870_0 .var/s "b2", 15 0;
v0x64b6e0887950_0 .var/s "b3", 15 0;
v0x64b6e0887a30_0 .var "col", 1 0;
v0x64b6e0887b10_0 .var "controlReg", 31 0;
v0x64b6e0887bf0_0 .var/s "currentInput", 7 0;
v0x64b6e0887cd0_0 .var/s "currentWeight", 7 0;
v0x64b6e0887db0_0 .net/s "rawProduct", 15 0, L_0x64b6e088b950;  1 drivers
v0x64b6e0887e90_0 .net "readAddress", 7 0, v0x64b6e088ad90_0;  1 drivers
v0x64b6e0887f70_0 .var "readData", 31 0;
v0x64b6e0888050_0 .net "readEnable", 0 0, v0x64b6e088af10_0;  1 drivers
v0x64b6e0888110_0 .var "row", 1 0;
v0x64b6e08881f0_0 .net/s "scaledProduct", 31 0, L_0x64b6e088bce0;  1 drivers
v0x64b6e08882d0_0 .net "startPulse", 0 0, L_0x64b6e0847210;  1 drivers
v0x64b6e0888390_0 .var "state", 1 0;
v0x64b6e0888470_0 .var "statusReg", 31 0;
v0x64b6e0888550_0 .net "sys_clk", 0 0, v0x64b6e088afe0_0;  1 drivers
v0x64b6e0888610_0 .net "sys_rst_n", 0 0, v0x64b6e088b0b0_0;  1 drivers
v0x64b6e08886d0_0 .var/s "w00", 7 0;
v0x64b6e08887b0_0 .var/s "w01", 7 0;
v0x64b6e0888890_0 .var/s "w02", 7 0;
v0x64b6e0888970_0 .var/s "w03", 7 0;
v0x64b6e0888a50_0 .var/s "w10", 7 0;
v0x64b6e0888b30_0 .var/s "w11", 7 0;
v0x64b6e0888c10_0 .var/s "w12", 7 0;
v0x64b6e0888cf0_0 .var/s "w13", 7 0;
v0x64b6e0888dd0_0 .var/s "w20", 7 0;
v0x64b6e0888eb0_0 .var/s "w21", 7 0;
v0x64b6e0888f90_0 .var/s "w22", 7 0;
v0x64b6e0889070_0 .var/s "w23", 7 0;
v0x64b6e0889150_0 .var/s "w30", 7 0;
v0x64b6e0889230_0 .var/s "w31", 7 0;
v0x64b6e0889310_0 .var/s "w32", 7 0;
v0x64b6e08893f0_0 .var/s "w33", 7 0;
v0x64b6e08894d0_0 .net "writeAddress", 7 0, v0x64b6e088b1a0_0;  1 drivers
v0x64b6e08895b0_0 .net "writeData", 31 0, v0x64b6e088b270_0;  1 drivers
v0x64b6e0889690_0 .net "writeEnable", 0 0, v0x64b6e088b340_0;  1 drivers
v0x64b6e0889750_0 .var/s "x0", 7 0;
v0x64b6e0889830_0 .var/s "x1", 7 0;
v0x64b6e0889910_0 .var/s "x2", 7 0;
v0x64b6e08899f0_0 .var/s "x3", 7 0;
v0x64b6e0889ad0_0 .var/s "y0", 15 0;
v0x64b6e0889bb0_0 .var/s "y1", 15 0;
v0x64b6e0889c90_0 .var/s "y2", 15 0;
v0x64b6e0889d70_0 .var/s "y3", 15 0;
E_0x64b6e07f1da0/0 .event anyedge, v0x64b6e0888050_0, v0x64b6e0887e90_0, v0x64b6e0887b10_0, v0x64b6e0888470_0;
E_0x64b6e07f1da0/1 .event anyedge, v0x64b6e0889750_0, v0x64b6e0889750_0, v0x64b6e0889830_0, v0x64b6e0889830_0;
E_0x64b6e07f1da0/2 .event anyedge, v0x64b6e0889910_0, v0x64b6e0889910_0, v0x64b6e08899f0_0, v0x64b6e08899f0_0;
E_0x64b6e07f1da0/3 .event anyedge, v0x64b6e08886d0_0, v0x64b6e08886d0_0, v0x64b6e08887b0_0, v0x64b6e08887b0_0;
E_0x64b6e07f1da0/4 .event anyedge, v0x64b6e0888890_0, v0x64b6e0888890_0, v0x64b6e0888970_0, v0x64b6e0888970_0;
E_0x64b6e07f1da0/5 .event anyedge, v0x64b6e0888a50_0, v0x64b6e0888a50_0, v0x64b6e0888b30_0, v0x64b6e0888b30_0;
E_0x64b6e07f1da0/6 .event anyedge, v0x64b6e0888c10_0, v0x64b6e0888c10_0, v0x64b6e0888cf0_0, v0x64b6e0888cf0_0;
E_0x64b6e07f1da0/7 .event anyedge, v0x64b6e0888dd0_0, v0x64b6e0888dd0_0, v0x64b6e0888eb0_0, v0x64b6e0888eb0_0;
E_0x64b6e07f1da0/8 .event anyedge, v0x64b6e0888f90_0, v0x64b6e0888f90_0, v0x64b6e0889070_0, v0x64b6e0889070_0;
E_0x64b6e07f1da0/9 .event anyedge, v0x64b6e0889150_0, v0x64b6e0889150_0, v0x64b6e0889230_0, v0x64b6e0889230_0;
E_0x64b6e07f1da0/10 .event anyedge, v0x64b6e0889310_0, v0x64b6e0889310_0, v0x64b6e08893f0_0, v0x64b6e08893f0_0;
E_0x64b6e07f1da0/11 .event anyedge, v0x64b6e08876b0_0, v0x64b6e0886b40_0, v0x64b6e0887790_0, v0x64b6e0887870_0;
E_0x64b6e07f1da0/12 .event anyedge, v0x64b6e0887950_0, v0x64b6e0889ad0_0, v0x64b6e0889bb0_0, v0x64b6e0889c90_0;
E_0x64b6e07f1da0/13 .event anyedge, v0x64b6e0889d70_0;
E_0x64b6e07f1da0 .event/or E_0x64b6e07f1da0/0, E_0x64b6e07f1da0/1, E_0x64b6e07f1da0/2, E_0x64b6e07f1da0/3, E_0x64b6e07f1da0/4, E_0x64b6e07f1da0/5, E_0x64b6e07f1da0/6, E_0x64b6e07f1da0/7, E_0x64b6e07f1da0/8, E_0x64b6e07f1da0/9, E_0x64b6e07f1da0/10, E_0x64b6e07f1da0/11, E_0x64b6e07f1da0/12, E_0x64b6e07f1da0/13;
E_0x64b6e07efe30/0 .event negedge, v0x64b6e0888610_0;
E_0x64b6e07efe30/1 .event posedge, v0x64b6e0888550_0;
E_0x64b6e07efe30 .event/or E_0x64b6e07efe30/0, E_0x64b6e07efe30/1;
E_0x64b6e07f35d0/0 .event anyedge, v0x64b6e0888110_0, v0x64b6e0887a30_0, v0x64b6e08886d0_0, v0x64b6e08887b0_0;
E_0x64b6e07f35d0/1 .event anyedge, v0x64b6e0888890_0, v0x64b6e0888970_0, v0x64b6e0888a50_0, v0x64b6e0888b30_0;
E_0x64b6e07f35d0/2 .event anyedge, v0x64b6e0888c10_0, v0x64b6e0888cf0_0, v0x64b6e0888dd0_0, v0x64b6e0888eb0_0;
E_0x64b6e07f35d0/3 .event anyedge, v0x64b6e0888f90_0, v0x64b6e0889070_0, v0x64b6e0889150_0, v0x64b6e0889230_0;
E_0x64b6e07f35d0/4 .event anyedge, v0x64b6e0889310_0, v0x64b6e08893f0_0;
E_0x64b6e07f35d0 .event/or E_0x64b6e07f35d0/0, E_0x64b6e07f35d0/1, E_0x64b6e07f35d0/2, E_0x64b6e07f35d0/3, E_0x64b6e07f35d0/4;
E_0x64b6e07c5780/0 .event anyedge, v0x64b6e0887a30_0, v0x64b6e0889750_0, v0x64b6e0889830_0, v0x64b6e0889910_0;
E_0x64b6e07c5780/1 .event anyedge, v0x64b6e08899f0_0;
E_0x64b6e07c5780 .event/or E_0x64b6e07c5780/0, E_0x64b6e07c5780/1;
L_0x64b6e088b440 .cmp/eq 8, v0x64b6e088b1a0_0, L_0x7af816c6e018;
L_0x64b6e088b650 .part v0x64b6e088b270_0, 0, 1;
L_0x64b6e088b7e0 .extend/s 16, v0x64b6e0887bf0_0;
L_0x64b6e088b880 .extend/s 16, v0x64b6e0887cd0_0;
L_0x64b6e088b950 .arith/mult 16, L_0x64b6e088b7e0, L_0x64b6e088b880;
L_0x64b6e088bac0 .extend/s 32, L_0x64b6e088b950;
L_0x64b6e088bbf0 .part L_0x64b6e088bac0, 4, 28;
L_0x64b6e088bce0 .extend/s 32, L_0x64b6e088bbf0;
S_0x64b6e08860e0 .scope autofunction.vec4.u16, "reluSaturate16" "reluSaturate16" 4 169, 4 169 0, S_0x64b6e0884690;
 .timescale 0 0;
; Variable reluSaturate16 is vec4 return value of scope S_0x64b6e08860e0
v0x64b6e08863e0_0 .var/s "value", 31 0;
TD_tb_nnAccelerator.dut.reluSaturate16 ;
    %load/vec4 v0x64b6e08863e0_0;
    %cmpi/s 0, 0, 32;
    %jmp/0xz  T_1.2, 5;
    %pushi/vec4 0, 0, 16;
    %ret/vec4 0, 0, 16;  Assign to reluSaturate16 (store_vec4_to_lval)
    %jmp T_1.3;
T_1.2 ;
    %alloc S_0x64b6e08864c0;
    %load/vec4 v0x64b6e08863e0_0;
    %store/vec4 v0x64b6e08867a0_0, 0, 32;
    %callf/vec4 TD_tb_nnAccelerator.dut.saturate16, S_0x64b6e08864c0;
    %free S_0x64b6e08864c0;
    %ret/vec4 0, 0, 16;  Assign to reluSaturate16 (store_vec4_to_lval)
T_1.3 ;
    %end;
S_0x64b6e08864c0 .scope autofunction.vec4.u16, "saturate16" "saturate16" 4 157, 4 157 0, S_0x64b6e0884690;
 .timescale 0 0;
; Variable saturate16 is vec4 return value of scope S_0x64b6e08864c0
v0x64b6e08867a0_0 .var/s "value", 31 0;
TD_tb_nnAccelerator.dut.saturate16 ;
    %load/vec4 v0x64b6e08867a0_0;
    %cmpi/s 32767, 0, 32;
    %flag_or 5, 4; GT is !LE
    %flag_inv 5;
    %jmp/0xz  T_2.4, 5;
    %pushi/vec4 32767, 0, 16;
    %ret/vec4 0, 0, 16;  Assign to saturate16 (store_vec4_to_lval)
    %jmp T_2.5;
T_2.4 ;
    %load/vec4 v0x64b6e08867a0_0;
    %cmpi/s 4294934528, 0, 32;
    %jmp/0xz  T_2.6, 5;
    %pushi/vec4 32768, 0, 16;
    %ret/vec4 0, 0, 16;  Assign to saturate16 (store_vec4_to_lval)
    %jmp T_2.7;
T_2.6 ;
    %load/vec4 v0x64b6e08867a0_0;
    %pad/s 16;
    %ret/vec4 0, 0, 16;  Assign to saturate16 (store_vec4_to_lval)
T_2.7 ;
T_2.5 ;
    %end;
S_0x64b6e0886880 .scope autofunction.vec4.s32, "signExtend16To32" "signExtend16To32" 4 179, 4 179 0, S_0x64b6e0884690;
 .timescale 0 0;
; Variable signExtend16To32 is vec4 return value of scope S_0x64b6e0886880
v0x64b6e0886b40_0 .var/s "value", 15 0;
TD_tb_nnAccelerator.dut.signExtend16To32 ;
    %load/vec4 v0x64b6e0886b40_0;
    %parti/s 1, 15, 5;
    %replicate 16;
    %load/vec4 v0x64b6e0886b40_0;
    %concat/vec4; draw_concat_vec4
    %ret/vec4 0, 0, 32;  Assign to signExtend16To32 (store_vec4_to_lval)
    %end;
S_0x64b6e0889f50 .scope task, "loadTestOne" "loadTestOne" 3 127, 3 127 0, S_0x64b6e08129f0;
 .timescale -9 -12;
TD_tb_nnAccelerator.loadTestOne ;
    %pushi/vec4 16, 0, 8;
    %store/vec4 v0x64b6e088abb0_0, 0, 8;
    %pushi/vec4 16, 0, 32;
    %store/vec4 v0x64b6e088acb0_0, 0, 32;
    %fork TD_tb_nnAccelerator.writeRegister, S_0x64b6e088a9d0;
    %join;
    %pushi/vec4 20, 0, 8;
    %store/vec4 v0x64b6e088abb0_0, 0, 8;
    %pushi/vec4 32, 0, 32;
    %store/vec4 v0x64b6e088acb0_0, 0, 32;
    %fork TD_tb_nnAccelerator.writeRegister, S_0x64b6e088a9d0;
    %join;
    %pushi/vec4 24, 0, 8;
    %store/vec4 v0x64b6e088abb0_0, 0, 8;
    %pushi/vec4 48, 0, 32;
    %store/vec4 v0x64b6e088acb0_0, 0, 32;
    %fork TD_tb_nnAccelerator.writeRegister, S_0x64b6e088a9d0;
    %join;
    %pushi/vec4 28, 0, 8;
    %store/vec4 v0x64b6e088abb0_0, 0, 8;
    %pushi/vec4 64, 0, 32;
    %store/vec4 v0x64b6e088acb0_0, 0, 32;
    %fork TD_tb_nnAccelerator.writeRegister, S_0x64b6e088a9d0;
    %join;
    %pushi/vec4 32, 0, 8;
    %store/vec4 v0x64b6e088abb0_0, 0, 8;
    %pushi/vec4 16, 0, 32;
    %store/vec4 v0x64b6e088acb0_0, 0, 32;
    %fork TD_tb_nnAccelerator.writeRegister, S_0x64b6e088a9d0;
    %join;
    %pushi/vec4 36, 0, 8;
    %store/vec4 v0x64b6e088abb0_0, 0, 8;
    %pushi/vec4 0, 0, 32;
    %store/vec4 v0x64b6e088acb0_0, 0, 32;
    %fork TD_tb_nnAccelerator.writeRegister, S_0x64b6e088a9d0;
    %join;
    %pushi/vec4 40, 0, 8;
    %store/vec4 v0x64b6e088abb0_0, 0, 8;
    %pushi/vec4 0, 0, 32;
    %store/vec4 v0x64b6e088acb0_0, 0, 32;
    %fork TD_tb_nnAccelerator.writeRegister, S_0x64b6e088a9d0;
    %join;
    %pushi/vec4 44, 0, 8;
    %store/vec4 v0x64b6e088abb0_0, 0, 8;
    %pushi/vec4 0, 0, 32;
    %store/vec4 v0x64b6e088acb0_0, 0, 32;
    %fork TD_tb_nnAccelerator.writeRegister, S_0x64b6e088a9d0;
    %join;
    %pushi/vec4 48, 0, 8;
    %store/vec4 v0x64b6e088abb0_0, 0, 8;
    %pushi/vec4 0, 0, 32;
    %store/vec4 v0x64b6e088acb0_0, 0, 32;
    %fork TD_tb_nnAccelerator.writeRegister, S_0x64b6e088a9d0;
    %join;
    %pushi/vec4 52, 0, 8;
    %store/vec4 v0x64b6e088abb0_0, 0, 8;
    %pushi/vec4 16, 0, 32;
    %store/vec4 v0x64b6e088acb0_0, 0, 32;
    %fork TD_tb_nnAccelerator.writeRegister, S_0x64b6e088a9d0;
    %join;
    %pushi/vec4 56, 0, 8;
    %store/vec4 v0x64b6e088abb0_0, 0, 8;
    %pushi/vec4 0, 0, 32;
    %store/vec4 v0x64b6e088acb0_0, 0, 32;
    %fork TD_tb_nnAccelerator.writeRegister, S_0x64b6e088a9d0;
    %join;
    %pushi/vec4 60, 0, 8;
    %store/vec4 v0x64b6e088abb0_0, 0, 8;
    %pushi/vec4 0, 0, 32;
    %store/vec4 v0x64b6e088acb0_0, 0, 32;
    %fork TD_tb_nnAccelerator.writeRegister, S_0x64b6e088a9d0;
    %join;
    %pushi/vec4 64, 0, 8;
    %store/vec4 v0x64b6e088abb0_0, 0, 8;
    %pushi/vec4 16, 0, 32;
    %store/vec4 v0x64b6e088acb0_0, 0, 32;
    %fork TD_tb_nnAccelerator.writeRegister, S_0x64b6e088a9d0;
    %join;
    %pushi/vec4 68, 0, 8;
    %store/vec4 v0x64b6e088abb0_0, 0, 8;
    %pushi/vec4 16, 0, 32;
    %store/vec4 v0x64b6e088acb0_0, 0, 32;
    %fork TD_tb_nnAccelerator.writeRegister, S_0x64b6e088a9d0;
    %join;
    %pushi/vec4 72, 0, 8;
    %store/vec4 v0x64b6e088abb0_0, 0, 8;
    %pushi/vec4 16, 0, 32;
    %store/vec4 v0x64b6e088acb0_0, 0, 32;
    %fork TD_tb_nnAccelerator.writeRegister, S_0x64b6e088a9d0;
    %join;
    %pushi/vec4 76, 0, 8;
    %store/vec4 v0x64b6e088abb0_0, 0, 8;
    %pushi/vec4 16, 0, 32;
    %store/vec4 v0x64b6e088acb0_0, 0, 32;
    %fork TD_tb_nnAccelerator.writeRegister, S_0x64b6e088a9d0;
    %join;
    %pushi/vec4 80, 0, 8;
    %store/vec4 v0x64b6e088abb0_0, 0, 8;
    %pushi/vec4 240, 0, 32;
    %store/vec4 v0x64b6e088acb0_0, 0, 32;
    %fork TD_tb_nnAccelerator.writeRegister, S_0x64b6e088a9d0;
    %join;
    %pushi/vec4 84, 0, 8;
    %store/vec4 v0x64b6e088abb0_0, 0, 8;
    %pushi/vec4 240, 0, 32;
    %store/vec4 v0x64b6e088acb0_0, 0, 32;
    %fork TD_tb_nnAccelerator.writeRegister, S_0x64b6e088a9d0;
    %join;
    %pushi/vec4 88, 0, 8;
    %store/vec4 v0x64b6e088abb0_0, 0, 8;
    %pushi/vec4 240, 0, 32;
    %store/vec4 v0x64b6e088acb0_0, 0, 32;
    %fork TD_tb_nnAccelerator.writeRegister, S_0x64b6e088a9d0;
    %join;
    %pushi/vec4 92, 0, 8;
    %store/vec4 v0x64b6e088abb0_0, 0, 8;
    %pushi/vec4 240, 0, 32;
    %store/vec4 v0x64b6e088acb0_0, 0, 32;
    %fork TD_tb_nnAccelerator.writeRegister, S_0x64b6e088a9d0;
    %join;
    %pushi/vec4 96, 0, 8;
    %store/vec4 v0x64b6e088abb0_0, 0, 8;
    %pushi/vec4 0, 0, 32;
    %store/vec4 v0x64b6e088acb0_0, 0, 32;
    %fork TD_tb_nnAccelerator.writeRegister, S_0x64b6e088a9d0;
    %join;
    %pushi/vec4 100, 0, 8;
    %store/vec4 v0x64b6e088abb0_0, 0, 8;
    %pushi/vec4 0, 0, 32;
    %store/vec4 v0x64b6e088acb0_0, 0, 32;
    %fork TD_tb_nnAccelerator.writeRegister, S_0x64b6e088a9d0;
    %join;
    %pushi/vec4 104, 0, 8;
    %store/vec4 v0x64b6e088abb0_0, 0, 8;
    %pushi/vec4 65504, 0, 32;
    %store/vec4 v0x64b6e088acb0_0, 0, 32;
    %fork TD_tb_nnAccelerator.writeRegister, S_0x64b6e088a9d0;
    %join;
    %pushi/vec4 108, 0, 8;
    %store/vec4 v0x64b6e088abb0_0, 0, 8;
    %pushi/vec4 16, 0, 32;
    %store/vec4 v0x64b6e088acb0_0, 0, 32;
    %fork TD_tb_nnAccelerator.writeRegister, S_0x64b6e088a9d0;
    %join;
    %end;
S_0x64b6e088a0e0 .scope task, "loadTestTwo" "loadTestTwo" 3 167, 3 167 0, S_0x64b6e08129f0;
 .timescale -9 -12;
TD_tb_nnAccelerator.loadTestTwo ;
    %pushi/vec4 16, 0, 8;
    %store/vec4 v0x64b6e088abb0_0, 0, 8;
    %pushi/vec4 240, 0, 32;
    %store/vec4 v0x64b6e088acb0_0, 0, 32;
    %fork TD_tb_nnAccelerator.writeRegister, S_0x64b6e088a9d0;
    %join;
    %pushi/vec4 20, 0, 8;
    %store/vec4 v0x64b6e088abb0_0, 0, 8;
    %pushi/vec4 32, 0, 32;
    %store/vec4 v0x64b6e088acb0_0, 0, 32;
    %fork TD_tb_nnAccelerator.writeRegister, S_0x64b6e088a9d0;
    %join;
    %pushi/vec4 24, 0, 8;
    %store/vec4 v0x64b6e088abb0_0, 0, 8;
    %pushi/vec4 208, 0, 32;
    %store/vec4 v0x64b6e088acb0_0, 0, 32;
    %fork TD_tb_nnAccelerator.writeRegister, S_0x64b6e088a9d0;
    %join;
    %pushi/vec4 28, 0, 8;
    %store/vec4 v0x64b6e088abb0_0, 0, 8;
    %pushi/vec4 64, 0, 32;
    %store/vec4 v0x64b6e088acb0_0, 0, 32;
    %fork TD_tb_nnAccelerator.writeRegister, S_0x64b6e088a9d0;
    %join;
    %pushi/vec4 32, 0, 8;
    %store/vec4 v0x64b6e088abb0_0, 0, 8;
    %pushi/vec4 16, 0, 32;
    %store/vec4 v0x64b6e088acb0_0, 0, 32;
    %fork TD_tb_nnAccelerator.writeRegister, S_0x64b6e088a9d0;
    %join;
    %pushi/vec4 36, 0, 8;
    %store/vec4 v0x64b6e088abb0_0, 0, 8;
    %pushi/vec4 16, 0, 32;
    %store/vec4 v0x64b6e088acb0_0, 0, 32;
    %fork TD_tb_nnAccelerator.writeRegister, S_0x64b6e088a9d0;
    %join;
    %pushi/vec4 40, 0, 8;
    %store/vec4 v0x64b6e088abb0_0, 0, 8;
    %pushi/vec4 16, 0, 32;
    %store/vec4 v0x64b6e088acb0_0, 0, 32;
    %fork TD_tb_nnAccelerator.writeRegister, S_0x64b6e088a9d0;
    %join;
    %pushi/vec4 44, 0, 8;
    %store/vec4 v0x64b6e088abb0_0, 0, 8;
    %pushi/vec4 16, 0, 32;
    %store/vec4 v0x64b6e088acb0_0, 0, 32;
    %fork TD_tb_nnAccelerator.writeRegister, S_0x64b6e088a9d0;
    %join;
    %pushi/vec4 48, 0, 8;
    %store/vec4 v0x64b6e088abb0_0, 0, 8;
    %pushi/vec4 16, 0, 32;
    %store/vec4 v0x64b6e088acb0_0, 0, 32;
    %fork TD_tb_nnAccelerator.writeRegister, S_0x64b6e088a9d0;
    %join;
    %pushi/vec4 52, 0, 8;
    %store/vec4 v0x64b6e088abb0_0, 0, 8;
    %pushi/vec4 16, 0, 32;
    %store/vec4 v0x64b6e088acb0_0, 0, 32;
    %fork TD_tb_nnAccelerator.writeRegister, S_0x64b6e088a9d0;
    %join;
    %pushi/vec4 56, 0, 8;
    %store/vec4 v0x64b6e088abb0_0, 0, 8;
    %pushi/vec4 16, 0, 32;
    %store/vec4 v0x64b6e088acb0_0, 0, 32;
    %fork TD_tb_nnAccelerator.writeRegister, S_0x64b6e088a9d0;
    %join;
    %pushi/vec4 60, 0, 8;
    %store/vec4 v0x64b6e088abb0_0, 0, 8;
    %pushi/vec4 16, 0, 32;
    %store/vec4 v0x64b6e088acb0_0, 0, 32;
    %fork TD_tb_nnAccelerator.writeRegister, S_0x64b6e088a9d0;
    %join;
    %pushi/vec4 64, 0, 8;
    %store/vec4 v0x64b6e088abb0_0, 0, 8;
    %pushi/vec4 16, 0, 32;
    %store/vec4 v0x64b6e088acb0_0, 0, 32;
    %fork TD_tb_nnAccelerator.writeRegister, S_0x64b6e088a9d0;
    %join;
    %pushi/vec4 68, 0, 8;
    %store/vec4 v0x64b6e088abb0_0, 0, 8;
    %pushi/vec4 16, 0, 32;
    %store/vec4 v0x64b6e088acb0_0, 0, 32;
    %fork TD_tb_nnAccelerator.writeRegister, S_0x64b6e088a9d0;
    %join;
    %pushi/vec4 72, 0, 8;
    %store/vec4 v0x64b6e088abb0_0, 0, 8;
    %pushi/vec4 16, 0, 32;
    %store/vec4 v0x64b6e088acb0_0, 0, 32;
    %fork TD_tb_nnAccelerator.writeRegister, S_0x64b6e088a9d0;
    %join;
    %pushi/vec4 76, 0, 8;
    %store/vec4 v0x64b6e088abb0_0, 0, 8;
    %pushi/vec4 16, 0, 32;
    %store/vec4 v0x64b6e088acb0_0, 0, 32;
    %fork TD_tb_nnAccelerator.writeRegister, S_0x64b6e088a9d0;
    %join;
    %pushi/vec4 80, 0, 8;
    %store/vec4 v0x64b6e088abb0_0, 0, 8;
    %pushi/vec4 16, 0, 32;
    %store/vec4 v0x64b6e088acb0_0, 0, 32;
    %fork TD_tb_nnAccelerator.writeRegister, S_0x64b6e088a9d0;
    %join;
    %pushi/vec4 84, 0, 8;
    %store/vec4 v0x64b6e088abb0_0, 0, 8;
    %pushi/vec4 16, 0, 32;
    %store/vec4 v0x64b6e088acb0_0, 0, 32;
    %fork TD_tb_nnAccelerator.writeRegister, S_0x64b6e088a9d0;
    %join;
    %pushi/vec4 88, 0, 8;
    %store/vec4 v0x64b6e088abb0_0, 0, 8;
    %pushi/vec4 16, 0, 32;
    %store/vec4 v0x64b6e088acb0_0, 0, 32;
    %fork TD_tb_nnAccelerator.writeRegister, S_0x64b6e088a9d0;
    %join;
    %pushi/vec4 92, 0, 8;
    %store/vec4 v0x64b6e088abb0_0, 0, 8;
    %pushi/vec4 16, 0, 32;
    %store/vec4 v0x64b6e088acb0_0, 0, 32;
    %fork TD_tb_nnAccelerator.writeRegister, S_0x64b6e088a9d0;
    %join;
    %pushi/vec4 96, 0, 8;
    %store/vec4 v0x64b6e088abb0_0, 0, 8;
    %pushi/vec4 0, 0, 32;
    %store/vec4 v0x64b6e088acb0_0, 0, 32;
    %fork TD_tb_nnAccelerator.writeRegister, S_0x64b6e088a9d0;
    %join;
    %pushi/vec4 100, 0, 8;
    %store/vec4 v0x64b6e088abb0_0, 0, 8;
    %pushi/vec4 65488, 0, 32;
    %store/vec4 v0x64b6e088acb0_0, 0, 32;
    %fork TD_tb_nnAccelerator.writeRegister, S_0x64b6e088a9d0;
    %join;
    %pushi/vec4 104, 0, 8;
    %store/vec4 v0x64b6e088abb0_0, 0, 8;
    %pushi/vec4 16, 0, 32;
    %store/vec4 v0x64b6e088acb0_0, 0, 32;
    %fork TD_tb_nnAccelerator.writeRegister, S_0x64b6e088a9d0;
    %join;
    %pushi/vec4 108, 0, 8;
    %store/vec4 v0x64b6e088abb0_0, 0, 8;
    %pushi/vec4 65504, 0, 32;
    %store/vec4 v0x64b6e088acb0_0, 0, 32;
    %fork TD_tb_nnAccelerator.writeRegister, S_0x64b6e088a9d0;
    %join;
    %end;
S_0x64b6e088a2c0 .scope task, "readRegister" "readRegister" 3 86, 3 86 0, S_0x64b6e08129f0;
 .timescale -9 -12;
v0x64b6e088a510_0 .var "address", 7 0;
E_0x64b6e0867320 .event negedge, v0x64b6e0888550_0;
TD_tb_nnAccelerator.readRegister ;
    %wait E_0x64b6e0867320;
    %load/vec4 v0x64b6e088a510_0;
    %store/vec4 v0x64b6e088ad90_0, 0, 8;
    %pushi/vec4 1, 0, 1;
    %store/vec4 v0x64b6e088af10_0, 0, 1;
    %wait E_0x64b6e0867320;
    %pushi/vec4 0, 0, 1;
    %store/vec4 v0x64b6e088af10_0, 0, 1;
    %pushi/vec4 0, 0, 8;
    %store/vec4 v0x64b6e088ad90_0, 0, 8;
    %end;
S_0x64b6e088a610 .scope task, "startAccelerator" "startAccelerator" 3 120, 3 120 0, S_0x64b6e08129f0;
 .timescale -9 -12;
TD_tb_nnAccelerator.startAccelerator ;
    %pushi/vec4 0, 0, 8;
    %store/vec4 v0x64b6e088abb0_0, 0, 8;
    %pushi/vec4 1, 0, 32;
    %store/vec4 v0x64b6e088acb0_0, 0, 32;
    %fork TD_tb_nnAccelerator.writeRegister, S_0x64b6e088a9d0;
    %join;
    %fork TD_tb_nnAccelerator.waitForDone, S_0x64b6e088a7f0;
    %join;
    %end;
S_0x64b6e088a7f0 .scope task, "waitForDone" "waitForDone" 3 98, 3 98 0, S_0x64b6e08129f0;
 .timescale -9 -12;
TD_tb_nnAccelerator.waitForDone ;
    %pushi/vec4 4, 0, 8;
    %store/vec4 v0x64b6e088a510_0, 0, 8;
    %fork TD_tb_nnAccelerator.readRegister, S_0x64b6e088a2c0;
    %join;
T_8.8 ;
    %load/vec4 v0x64b6e088ae70_0;
    %parti/s 1, 0, 2;
    %cmpi/ne 1, 0, 1;
    %jmp/0xz T_8.9, 4;
    %pushi/vec4 4, 0, 8;
    %store/vec4 v0x64b6e088a510_0, 0, 8;
    %fork TD_tb_nnAccelerator.readRegister, S_0x64b6e088a2c0;
    %join;
    %jmp T_8.8;
T_8.9 ;
    %end;
S_0x64b6e088a9d0 .scope task, "writeRegister" "writeRegister" 3 72, 3 72 0, S_0x64b6e08129f0;
 .timescale -9 -12;
v0x64b6e088abb0_0 .var "address", 7 0;
v0x64b6e088acb0_0 .var "data", 31 0;
TD_tb_nnAccelerator.writeRegister ;
    %wait E_0x64b6e0867320;
    %load/vec4 v0x64b6e088abb0_0;
    %store/vec4 v0x64b6e088b1a0_0, 0, 8;
    %load/vec4 v0x64b6e088acb0_0;
    %store/vec4 v0x64b6e088b270_0, 0, 32;
    %pushi/vec4 1, 0, 1;
    %store/vec4 v0x64b6e088b340_0, 0, 1;
    %wait E_0x64b6e0867320;
    %pushi/vec4 0, 0, 1;
    %store/vec4 v0x64b6e088b340_0, 0, 1;
    %pushi/vec4 0, 0, 8;
    %store/vec4 v0x64b6e088b1a0_0, 0, 8;
    %pushi/vec4 0, 0, 32;
    %store/vec4 v0x64b6e088b270_0, 0, 32;
    %end;
    .scope S_0x64b6e0884690;
T_10 ;
Ewait_0 .event/or E_0x64b6e07c5780, E_0x0;
    %wait Ewait_0;
    %load/vec4 v0x64b6e0887a30_0;
    %dup/vec4;
    %pushi/vec4 0, 0, 2;
    %cmp/u;
    %jmp/1 T_10.0, 6;
    %dup/vec4;
    %pushi/vec4 1, 0, 2;
    %cmp/u;
    %jmp/1 T_10.1, 6;
    %dup/vec4;
    %pushi/vec4 2, 0, 2;
    %cmp/u;
    %jmp/1 T_10.2, 6;
    %dup/vec4;
    %pushi/vec4 3, 0, 2;
    %cmp/u;
    %jmp/1 T_10.3, 6;
    %pushi/vec4 0, 0, 8;
    %store/vec4 v0x64b6e0887bf0_0, 0, 8;
    %jmp T_10.5;
T_10.0 ;
    %load/vec4 v0x64b6e0889750_0;
    %store/vec4 v0x64b6e0887bf0_0, 0, 8;
    %jmp T_10.5;
T_10.1 ;
    %load/vec4 v0x64b6e0889830_0;
    %store/vec4 v0x64b6e0887bf0_0, 0, 8;
    %jmp T_10.5;
T_10.2 ;
    %load/vec4 v0x64b6e0889910_0;
    %store/vec4 v0x64b6e0887bf0_0, 0, 8;
    %jmp T_10.5;
T_10.3 ;
    %load/vec4 v0x64b6e08899f0_0;
    %store/vec4 v0x64b6e0887bf0_0, 0, 8;
    %jmp T_10.5;
T_10.5 ;
    %pop/vec4 1;
    %jmp T_10;
    .thread T_10, $push;
    .scope S_0x64b6e0884690;
T_11 ;
Ewait_1 .event/or E_0x64b6e07f35d0, E_0x0;
    %wait Ewait_1;
    %load/vec4 v0x64b6e0888110_0;
    %load/vec4 v0x64b6e0887a30_0;
    %concat/vec4; draw_concat_vec4
    %dup/vec4;
    %pushi/vec4 0, 0, 4;
    %cmp/u;
    %jmp/1 T_11.0, 6;
    %dup/vec4;
    %pushi/vec4 1, 0, 4;
    %cmp/u;
    %jmp/1 T_11.1, 6;
    %dup/vec4;
    %pushi/vec4 2, 0, 4;
    %cmp/u;
    %jmp/1 T_11.2, 6;
    %dup/vec4;
    %pushi/vec4 3, 0, 4;
    %cmp/u;
    %jmp/1 T_11.3, 6;
    %dup/vec4;
    %pushi/vec4 4, 0, 4;
    %cmp/u;
    %jmp/1 T_11.4, 6;
    %dup/vec4;
    %pushi/vec4 5, 0, 4;
    %cmp/u;
    %jmp/1 T_11.5, 6;
    %dup/vec4;
    %pushi/vec4 6, 0, 4;
    %cmp/u;
    %jmp/1 T_11.6, 6;
    %dup/vec4;
    %pushi/vec4 7, 0, 4;
    %cmp/u;
    %jmp/1 T_11.7, 6;
    %dup/vec4;
    %pushi/vec4 8, 0, 4;
    %cmp/u;
    %jmp/1 T_11.8, 6;
    %dup/vec4;
    %pushi/vec4 9, 0, 4;
    %cmp/u;
    %jmp/1 T_11.9, 6;
    %dup/vec4;
    %pushi/vec4 10, 0, 4;
    %cmp/u;
    %jmp/1 T_11.10, 6;
    %dup/vec4;
    %pushi/vec4 11, 0, 4;
    %cmp/u;
    %jmp/1 T_11.11, 6;
    %dup/vec4;
    %pushi/vec4 12, 0, 4;
    %cmp/u;
    %jmp/1 T_11.12, 6;
    %dup/vec4;
    %pushi/vec4 13, 0, 4;
    %cmp/u;
    %jmp/1 T_11.13, 6;
    %dup/vec4;
    %pushi/vec4 14, 0, 4;
    %cmp/u;
    %jmp/1 T_11.14, 6;
    %dup/vec4;
    %pushi/vec4 15, 0, 4;
    %cmp/u;
    %jmp/1 T_11.15, 6;
    %pushi/vec4 0, 0, 8;
    %store/vec4 v0x64b6e0887cd0_0, 0, 8;
    %jmp T_11.17;
T_11.0 ;
    %load/vec4 v0x64b6e08886d0_0;
    %store/vec4 v0x64b6e0887cd0_0, 0, 8;
    %jmp T_11.17;
T_11.1 ;
    %load/vec4 v0x64b6e08887b0_0;
    %store/vec4 v0x64b6e0887cd0_0, 0, 8;
    %jmp T_11.17;
T_11.2 ;
    %load/vec4 v0x64b6e0888890_0;
    %store/vec4 v0x64b6e0887cd0_0, 0, 8;
    %jmp T_11.17;
T_11.3 ;
    %load/vec4 v0x64b6e0888970_0;
    %store/vec4 v0x64b6e0887cd0_0, 0, 8;
    %jmp T_11.17;
T_11.4 ;
    %load/vec4 v0x64b6e0888a50_0;
    %store/vec4 v0x64b6e0887cd0_0, 0, 8;
    %jmp T_11.17;
T_11.5 ;
    %load/vec4 v0x64b6e0888b30_0;
    %store/vec4 v0x64b6e0887cd0_0, 0, 8;
    %jmp T_11.17;
T_11.6 ;
    %load/vec4 v0x64b6e0888c10_0;
    %store/vec4 v0x64b6e0887cd0_0, 0, 8;
    %jmp T_11.17;
T_11.7 ;
    %load/vec4 v0x64b6e0888cf0_0;
    %store/vec4 v0x64b6e0887cd0_0, 0, 8;
    %jmp T_11.17;
T_11.8 ;
    %load/vec4 v0x64b6e0888dd0_0;
    %store/vec4 v0x64b6e0887cd0_0, 0, 8;
    %jmp T_11.17;
T_11.9 ;
    %load/vec4 v0x64b6e0888eb0_0;
    %store/vec4 v0x64b6e0887cd0_0, 0, 8;
    %jmp T_11.17;
T_11.10 ;
    %load/vec4 v0x64b6e0888f90_0;
    %store/vec4 v0x64b6e0887cd0_0, 0, 8;
    %jmp T_11.17;
T_11.11 ;
    %load/vec4 v0x64b6e0889070_0;
    %store/vec4 v0x64b6e0887cd0_0, 0, 8;
    %jmp T_11.17;
T_11.12 ;
    %load/vec4 v0x64b6e0889150_0;
    %store/vec4 v0x64b6e0887cd0_0, 0, 8;
    %jmp T_11.17;
T_11.13 ;
    %load/vec4 v0x64b6e0889230_0;
    %store/vec4 v0x64b6e0887cd0_0, 0, 8;
    %jmp T_11.17;
T_11.14 ;
    %load/vec4 v0x64b6e0889310_0;
    %store/vec4 v0x64b6e0887cd0_0, 0, 8;
    %jmp T_11.17;
T_11.15 ;
    %load/vec4 v0x64b6e08893f0_0;
    %store/vec4 v0x64b6e0887cd0_0, 0, 8;
    %jmp T_11.17;
T_11.17 ;
    %pop/vec4 1;
    %jmp T_11;
    .thread T_11, $push;
    .scope S_0x64b6e0884690;
T_12 ;
    %wait E_0x64b6e07efe30;
    %load/vec4 v0x64b6e0888610_0;
    %nor/r;
    %flag_set/vec4 8;
    %jmp/0xz  T_12.0, 8;
    %pushi/vec4 0, 0, 2;
    %assign/vec4 v0x64b6e0888390_0, 0;
    %pushi/vec4 0, 0, 32;
    %assign/vec4 v0x64b6e0887b10_0, 0;
    %pushi/vec4 0, 0, 32;
    %assign/vec4 v0x64b6e0888470_0, 0;
    %pushi/vec4 0, 0, 8;
    %assign/vec4 v0x64b6e0889750_0, 0;
    %pushi/vec4 0, 0, 8;
    %assign/vec4 v0x64b6e0889830_0, 0;
    %pushi/vec4 0, 0, 8;
    %assign/vec4 v0x64b6e0889910_0, 0;
    %pushi/vec4 0, 0, 8;
    %assign/vec4 v0x64b6e08899f0_0, 0;
    %pushi/vec4 0, 0, 8;
    %assign/vec4 v0x64b6e08886d0_0, 0;
    %pushi/vec4 0, 0, 8;
    %assign/vec4 v0x64b6e08887b0_0, 0;
    %pushi/vec4 0, 0, 8;
    %assign/vec4 v0x64b6e0888890_0, 0;
    %pushi/vec4 0, 0, 8;
    %assign/vec4 v0x64b6e0888970_0, 0;
    %pushi/vec4 0, 0, 8;
    %assign/vec4 v0x64b6e0888a50_0, 0;
    %pushi/vec4 0, 0, 8;
    %assign/vec4 v0x64b6e0888b30_0, 0;
    %pushi/vec4 0, 0, 8;
    %assign/vec4 v0x64b6e0888c10_0, 0;
    %pushi/vec4 0, 0, 8;
    %assign/vec4 v0x64b6e0888cf0_0, 0;
    %pushi/vec4 0, 0, 8;
    %assign/vec4 v0x64b6e0888dd0_0, 0;
    %pushi/vec4 0, 0, 8;
    %assign/vec4 v0x64b6e0888eb0_0, 0;
    %pushi/vec4 0, 0, 8;
    %assign/vec4 v0x64b6e0888f90_0, 0;
    %pushi/vec4 0, 0, 8;
    %assign/vec4 v0x64b6e0889070_0, 0;
    %pushi/vec4 0, 0, 8;
    %assign/vec4 v0x64b6e0889150_0, 0;
    %pushi/vec4 0, 0, 8;
    %assign/vec4 v0x64b6e0889230_0, 0;
    %pushi/vec4 0, 0, 8;
    %assign/vec4 v0x64b6e0889310_0, 0;
    %pushi/vec4 0, 0, 8;
    %assign/vec4 v0x64b6e08893f0_0, 0;
    %pushi/vec4 0, 0, 16;
    %assign/vec4 v0x64b6e08876b0_0, 0;
    %pushi/vec4 0, 0, 16;
    %assign/vec4 v0x64b6e0887790_0, 0;
    %pushi/vec4 0, 0, 16;
    %assign/vec4 v0x64b6e0887870_0, 0;
    %pushi/vec4 0, 0, 16;
    %assign/vec4 v0x64b6e0887950_0, 0;
    %pushi/vec4 0, 0, 16;
    %assign/vec4 v0x64b6e0889ad0_0, 0;
    %pushi/vec4 0, 0, 16;
    %assign/vec4 v0x64b6e0889bb0_0, 0;
    %pushi/vec4 0, 0, 16;
    %assign/vec4 v0x64b6e0889c90_0, 0;
    %pushi/vec4 0, 0, 16;
    %assign/vec4 v0x64b6e0889d70_0, 0;
    %pushi/vec4 0, 0, 2;
    %assign/vec4 v0x64b6e0888110_0, 0;
    %pushi/vec4 0, 0, 2;
    %assign/vec4 v0x64b6e0887a30_0, 0;
    %pushi/vec4 0, 0, 32;
    %assign/vec4 v0x64b6e0887330_0, 0;
    %pushi/vec4 0, 0, 32;
    %assign/vec4 v0x64b6e0887410_0, 0;
    %pushi/vec4 0, 0, 32;
    %assign/vec4 v0x64b6e08874f0_0, 0;
    %pushi/vec4 0, 0, 32;
    %assign/vec4 v0x64b6e08875d0_0, 0;
    %jmp T_12.1;
T_12.0 ;
    %load/vec4 v0x64b6e0889690_0;
    %flag_set/vec4 8;
    %jmp/0xz  T_12.2, 8;
    %load/vec4 v0x64b6e08894d0_0;
    %dup/vec4;
    %pushi/vec4 0, 0, 8;
    %cmp/u;
    %jmp/1 T_12.4, 6;
    %dup/vec4;
    %pushi/vec4 16, 0, 8;
    %cmp/u;
    %jmp/1 T_12.5, 6;
    %dup/vec4;
    %pushi/vec4 20, 0, 8;
    %cmp/u;
    %jmp/1 T_12.6, 6;
    %dup/vec4;
    %pushi/vec4 24, 0, 8;
    %cmp/u;
    %jmp/1 T_12.7, 6;
    %dup/vec4;
    %pushi/vec4 28, 0, 8;
    %cmp/u;
    %jmp/1 T_12.8, 6;
    %dup/vec4;
    %pushi/vec4 32, 0, 8;
    %cmp/u;
    %jmp/1 T_12.9, 6;
    %dup/vec4;
    %pushi/vec4 36, 0, 8;
    %cmp/u;
    %jmp/1 T_12.10, 6;
    %dup/vec4;
    %pushi/vec4 40, 0, 8;
    %cmp/u;
    %jmp/1 T_12.11, 6;
    %dup/vec4;
    %pushi/vec4 44, 0, 8;
    %cmp/u;
    %jmp/1 T_12.12, 6;
    %dup/vec4;
    %pushi/vec4 48, 0, 8;
    %cmp/u;
    %jmp/1 T_12.13, 6;
    %dup/vec4;
    %pushi/vec4 52, 0, 8;
    %cmp/u;
    %jmp/1 T_12.14, 6;
    %dup/vec4;
    %pushi/vec4 56, 0, 8;
    %cmp/u;
    %jmp/1 T_12.15, 6;
    %dup/vec4;
    %pushi/vec4 60, 0, 8;
    %cmp/u;
    %jmp/1 T_12.16, 6;
    %dup/vec4;
    %pushi/vec4 64, 0, 8;
    %cmp/u;
    %jmp/1 T_12.17, 6;
    %dup/vec4;
    %pushi/vec4 68, 0, 8;
    %cmp/u;
    %jmp/1 T_12.18, 6;
    %dup/vec4;
    %pushi/vec4 72, 0, 8;
    %cmp/u;
    %jmp/1 T_12.19, 6;
    %dup/vec4;
    %pushi/vec4 76, 0, 8;
    %cmp/u;
    %jmp/1 T_12.20, 6;
    %dup/vec4;
    %pushi/vec4 80, 0, 8;
    %cmp/u;
    %jmp/1 T_12.21, 6;
    %dup/vec4;
    %pushi/vec4 84, 0, 8;
    %cmp/u;
    %jmp/1 T_12.22, 6;
    %dup/vec4;
    %pushi/vec4 88, 0, 8;
    %cmp/u;
    %jmp/1 T_12.23, 6;
    %dup/vec4;
    %pushi/vec4 92, 0, 8;
    %cmp/u;
    %jmp/1 T_12.24, 6;
    %dup/vec4;
    %pushi/vec4 96, 0, 8;
    %cmp/u;
    %jmp/1 T_12.25, 6;
    %dup/vec4;
    %pushi/vec4 100, 0, 8;
    %cmp/u;
    %jmp/1 T_12.26, 6;
    %dup/vec4;
    %pushi/vec4 104, 0, 8;
    %cmp/u;
    %jmp/1 T_12.27, 6;
    %dup/vec4;
    %pushi/vec4 108, 0, 8;
    %cmp/u;
    %jmp/1 T_12.28, 6;
    %jmp T_12.30;
T_12.4 ;
    %load/vec4 v0x64b6e08895b0_0;
    %assign/vec4 v0x64b6e0887b10_0, 0;
    %jmp T_12.30;
T_12.5 ;
    %load/vec4 v0x64b6e08895b0_0;
    %parti/s 8, 0, 2;
    %assign/vec4 v0x64b6e0889750_0, 0;
    %jmp T_12.30;
T_12.6 ;
    %load/vec4 v0x64b6e08895b0_0;
    %parti/s 8, 0, 2;
    %assign/vec4 v0x64b6e0889830_0, 0;
    %jmp T_12.30;
T_12.7 ;
    %load/vec4 v0x64b6e08895b0_0;
    %parti/s 8, 0, 2;
    %assign/vec4 v0x64b6e0889910_0, 0;
    %jmp T_12.30;
T_12.8 ;
    %load/vec4 v0x64b6e08895b0_0;
    %parti/s 8, 0, 2;
    %assign/vec4 v0x64b6e08899f0_0, 0;
    %jmp T_12.30;
T_12.9 ;
    %load/vec4 v0x64b6e08895b0_0;
    %parti/s 8, 0, 2;
    %assign/vec4 v0x64b6e08886d0_0, 0;
    %jmp T_12.30;
T_12.10 ;
    %load/vec4 v0x64b6e08895b0_0;
    %parti/s 8, 0, 2;
    %assign/vec4 v0x64b6e08887b0_0, 0;
    %jmp T_12.30;
T_12.11 ;
    %load/vec4 v0x64b6e08895b0_0;
    %parti/s 8, 0, 2;
    %assign/vec4 v0x64b6e0888890_0, 0;
    %jmp T_12.30;
T_12.12 ;
    %load/vec4 v0x64b6e08895b0_0;
    %parti/s 8, 0, 2;
    %assign/vec4 v0x64b6e0888970_0, 0;
    %jmp T_12.30;
T_12.13 ;
    %load/vec4 v0x64b6e08895b0_0;
    %parti/s 8, 0, 2;
    %assign/vec4 v0x64b6e0888a50_0, 0;
    %jmp T_12.30;
T_12.14 ;
    %load/vec4 v0x64b6e08895b0_0;
    %parti/s 8, 0, 2;
    %assign/vec4 v0x64b6e0888b30_0, 0;
    %jmp T_12.30;
T_12.15 ;
    %load/vec4 v0x64b6e08895b0_0;
    %parti/s 8, 0, 2;
    %assign/vec4 v0x64b6e0888c10_0, 0;
    %jmp T_12.30;
T_12.16 ;
    %load/vec4 v0x64b6e08895b0_0;
    %parti/s 8, 0, 2;
    %assign/vec4 v0x64b6e0888cf0_0, 0;
    %jmp T_12.30;
T_12.17 ;
    %load/vec4 v0x64b6e08895b0_0;
    %parti/s 8, 0, 2;
    %assign/vec4 v0x64b6e0888dd0_0, 0;
    %jmp T_12.30;
T_12.18 ;
    %load/vec4 v0x64b6e08895b0_0;
    %parti/s 8, 0, 2;
    %assign/vec4 v0x64b6e0888eb0_0, 0;
    %jmp T_12.30;
T_12.19 ;
    %load/vec4 v0x64b6e08895b0_0;
    %parti/s 8, 0, 2;
    %assign/vec4 v0x64b6e0888f90_0, 0;
    %jmp T_12.30;
T_12.20 ;
    %load/vec4 v0x64b6e08895b0_0;
    %parti/s 8, 0, 2;
    %assign/vec4 v0x64b6e0889070_0, 0;
    %jmp T_12.30;
T_12.21 ;
    %load/vec4 v0x64b6e08895b0_0;
    %parti/s 8, 0, 2;
    %assign/vec4 v0x64b6e0889150_0, 0;
    %jmp T_12.30;
T_12.22 ;
    %load/vec4 v0x64b6e08895b0_0;
    %parti/s 8, 0, 2;
    %assign/vec4 v0x64b6e0889230_0, 0;
    %jmp T_12.30;
T_12.23 ;
    %load/vec4 v0x64b6e08895b0_0;
    %parti/s 8, 0, 2;
    %assign/vec4 v0x64b6e0889310_0, 0;
    %jmp T_12.30;
T_12.24 ;
    %load/vec4 v0x64b6e08895b0_0;
    %parti/s 8, 0, 2;
    %assign/vec4 v0x64b6e08893f0_0, 0;
    %jmp T_12.30;
T_12.25 ;
    %load/vec4 v0x64b6e08895b0_0;
    %parti/s 16, 0, 2;
    %assign/vec4 v0x64b6e08876b0_0, 0;
    %jmp T_12.30;
T_12.26 ;
    %load/vec4 v0x64b6e08895b0_0;
    %parti/s 16, 0, 2;
    %assign/vec4 v0x64b6e0887790_0, 0;
    %jmp T_12.30;
T_12.27 ;
    %load/vec4 v0x64b6e08895b0_0;
    %parti/s 16, 0, 2;
    %assign/vec4 v0x64b6e0887870_0, 0;
    %jmp T_12.30;
T_12.28 ;
    %load/vec4 v0x64b6e08895b0_0;
    %parti/s 16, 0, 2;
    %assign/vec4 v0x64b6e0887950_0, 0;
    %jmp T_12.30;
T_12.30 ;
    %pop/vec4 1;
T_12.2 ;
    %load/vec4 v0x64b6e0888390_0;
    %dup/vec4;
    %pushi/vec4 0, 0, 2;
    %cmp/u;
    %jmp/1 T_12.31, 6;
    %dup/vec4;
    %pushi/vec4 1, 0, 2;
    %cmp/u;
    %jmp/1 T_12.32, 6;
    %dup/vec4;
    %pushi/vec4 2, 0, 2;
    %cmp/u;
    %jmp/1 T_12.33, 6;
    %dup/vec4;
    %pushi/vec4 3, 0, 2;
    %cmp/u;
    %jmp/1 T_12.34, 6;
    %pushi/vec4 0, 0, 2;
    %assign/vec4 v0x64b6e0888390_0, 0;
    %pushi/vec4 0, 0, 32;
    %assign/vec4 v0x64b6e0888470_0, 0;
    %jmp T_12.36;
T_12.31 ;
    %pushi/vec4 0, 0, 1;
    %ix/load 4, 1, 0;
    %ix/load 5, 0, 0;
    %flag_set/imm 4, 0;
    %assign/vec4/off/d v0x64b6e0888470_0, 4, 5;
    %pushi/vec4 0, 0, 1;
    %ix/load 4, 0, 0;
    %ix/load 5, 0, 0;
    %flag_set/imm 4, 0;
    %assign/vec4/off/d v0x64b6e0887b10_0, 4, 5;
    %load/vec4 v0x64b6e08882d0_0;
    %flag_set/vec4 8;
    %jmp/0xz  T_12.37, 8;
    %pushi/vec4 0, 0, 1;
    %ix/load 4, 0, 0;
    %ix/load 5, 0, 0;
    %flag_set/imm 4, 0;
    %assign/vec4/off/d v0x64b6e0888470_0, 4, 5;
    %pushi/vec4 1, 0, 1;
    %ix/load 4, 1, 0;
    %ix/load 5, 0, 0;
    %flag_set/imm 4, 0;
    %assign/vec4/off/d v0x64b6e0888470_0, 4, 5;
    %load/vec4 v0x64b6e08876b0_0;
    %parti/s 1, 15, 5;
    %replicate 16;
    %load/vec4 v0x64b6e08876b0_0;
    %concat/vec4; draw_concat_vec4
    %assign/vec4 v0x64b6e0887330_0, 0;
    %load/vec4 v0x64b6e0887790_0;
    %parti/s 1, 15, 5;
    %replicate 16;
    %load/vec4 v0x64b6e0887790_0;
    %concat/vec4; draw_concat_vec4
    %assign/vec4 v0x64b6e0887410_0, 0;
    %load/vec4 v0x64b6e0887870_0;
    %parti/s 1, 15, 5;
    %replicate 16;
    %load/vec4 v0x64b6e0887870_0;
    %concat/vec4; draw_concat_vec4
    %assign/vec4 v0x64b6e08874f0_0, 0;
    %load/vec4 v0x64b6e0887950_0;
    %parti/s 1, 15, 5;
    %replicate 16;
    %load/vec4 v0x64b6e0887950_0;
    %concat/vec4; draw_concat_vec4
    %assign/vec4 v0x64b6e08875d0_0, 0;
    %pushi/vec4 0, 0, 2;
    %assign/vec4 v0x64b6e0888110_0, 0;
    %pushi/vec4 0, 0, 2;
    %assign/vec4 v0x64b6e0887a30_0, 0;
    %pushi/vec4 1, 0, 2;
    %assign/vec4 v0x64b6e0888390_0, 0;
T_12.37 ;
    %jmp T_12.36;
T_12.32 ;
    %load/vec4 v0x64b6e0888110_0;
    %dup/vec4;
    %pushi/vec4 0, 0, 2;
    %cmp/u;
    %jmp/1 T_12.39, 6;
    %dup/vec4;
    %pushi/vec4 1, 0, 2;
    %cmp/u;
    %jmp/1 T_12.40, 6;
    %dup/vec4;
    %pushi/vec4 2, 0, 2;
    %cmp/u;
    %jmp/1 T_12.41, 6;
    %dup/vec4;
    %pushi/vec4 3, 0, 2;
    %cmp/u;
    %jmp/1 T_12.42, 6;
    %jmp T_12.44;
T_12.39 ;
    %load/vec4 v0x64b6e0887330_0;
    %load/vec4 v0x64b6e08881f0_0;
    %add;
    %assign/vec4 v0x64b6e0887330_0, 0;
    %jmp T_12.44;
T_12.40 ;
    %load/vec4 v0x64b6e0887410_0;
    %load/vec4 v0x64b6e08881f0_0;
    %add;
    %assign/vec4 v0x64b6e0887410_0, 0;
    %jmp T_12.44;
T_12.41 ;
    %load/vec4 v0x64b6e08874f0_0;
    %load/vec4 v0x64b6e08881f0_0;
    %add;
    %assign/vec4 v0x64b6e08874f0_0, 0;
    %jmp T_12.44;
T_12.42 ;
    %load/vec4 v0x64b6e08875d0_0;
    %load/vec4 v0x64b6e08881f0_0;
    %add;
    %assign/vec4 v0x64b6e08875d0_0, 0;
    %jmp T_12.44;
T_12.44 ;
    %pop/vec4 1;
    %load/vec4 v0x64b6e0887a30_0;
    %cmpi/e 3, 0, 2;
    %jmp/0xz  T_12.45, 4;
    %pushi/vec4 0, 0, 2;
    %assign/vec4 v0x64b6e0887a30_0, 0;
    %load/vec4 v0x64b6e0888110_0;
    %cmpi/e 3, 0, 2;
    %jmp/0xz  T_12.47, 4;
    %pushi/vec4 2, 0, 2;
    %assign/vec4 v0x64b6e0888390_0, 0;
    %jmp T_12.48;
T_12.47 ;
    %load/vec4 v0x64b6e0888110_0;
    %addi 1, 0, 2;
    %assign/vec4 v0x64b6e0888110_0, 0;
T_12.48 ;
    %jmp T_12.46;
T_12.45 ;
    %load/vec4 v0x64b6e0887a30_0;
    %addi 1, 0, 2;
    %assign/vec4 v0x64b6e0887a30_0, 0;
T_12.46 ;
    %jmp T_12.36;
T_12.33 ;
    %alloc S_0x64b6e08860e0;
    %load/vec4 v0x64b6e0887330_0;
    %store/vec4 v0x64b6e08863e0_0, 0, 32;
    %callf/vec4 TD_tb_nnAccelerator.dut.reluSaturate16, S_0x64b6e08860e0;
    %free S_0x64b6e08860e0;
    %assign/vec4 v0x64b6e0889ad0_0, 0;
    %alloc S_0x64b6e08860e0;
    %load/vec4 v0x64b6e0887410_0;
    %store/vec4 v0x64b6e08863e0_0, 0, 32;
    %callf/vec4 TD_tb_nnAccelerator.dut.reluSaturate16, S_0x64b6e08860e0;
    %free S_0x64b6e08860e0;
    %assign/vec4 v0x64b6e0889bb0_0, 0;
    %alloc S_0x64b6e08860e0;
    %load/vec4 v0x64b6e08874f0_0;
    %store/vec4 v0x64b6e08863e0_0, 0, 32;
    %callf/vec4 TD_tb_nnAccelerator.dut.reluSaturate16, S_0x64b6e08860e0;
    %free S_0x64b6e08860e0;
    %assign/vec4 v0x64b6e0889c90_0, 0;
    %alloc S_0x64b6e08860e0;
    %load/vec4 v0x64b6e08875d0_0;
    %store/vec4 v0x64b6e08863e0_0, 0, 32;
    %callf/vec4 TD_tb_nnAccelerator.dut.reluSaturate16, S_0x64b6e08860e0;
    %free S_0x64b6e08860e0;
    %assign/vec4 v0x64b6e0889d70_0, 0;
    %pushi/vec4 3, 0, 2;
    %assign/vec4 v0x64b6e0888390_0, 0;
    %jmp T_12.36;
T_12.34 ;
    %pushi/vec4 1, 0, 1;
    %ix/load 4, 0, 0;
    %ix/load 5, 0, 0;
    %flag_set/imm 4, 0;
    %assign/vec4/off/d v0x64b6e0888470_0, 4, 5;
    %pushi/vec4 0, 0, 1;
    %ix/load 4, 1, 0;
    %ix/load 5, 0, 0;
    %flag_set/imm 4, 0;
    %assign/vec4/off/d v0x64b6e0888470_0, 4, 5;
    %pushi/vec4 0, 0, 2;
    %assign/vec4 v0x64b6e0888390_0, 0;
    %jmp T_12.36;
T_12.36 ;
    %pop/vec4 1;
T_12.1 ;
    %jmp T_12;
    .thread T_12;
    .scope S_0x64b6e0884690;
T_13 ;
Ewait_2 .event/or E_0x64b6e07f1da0, E_0x0;
    %wait Ewait_2;
    %load/vec4 v0x64b6e0888050_0;
    %flag_set/vec4 8;
    %jmp/0xz  T_13.0, 8;
    %load/vec4 v0x64b6e0887e90_0;
    %dup/vec4;
    %pushi/vec4 0, 0, 8;
    %cmp/u;
    %jmp/1 T_13.2, 6;
    %dup/vec4;
    %pushi/vec4 4, 0, 8;
    %cmp/u;
    %jmp/1 T_13.3, 6;
    %dup/vec4;
    %pushi/vec4 16, 0, 8;
    %cmp/u;
    %jmp/1 T_13.4, 6;
    %dup/vec4;
    %pushi/vec4 20, 0, 8;
    %cmp/u;
    %jmp/1 T_13.5, 6;
    %dup/vec4;
    %pushi/vec4 24, 0, 8;
    %cmp/u;
    %jmp/1 T_13.6, 6;
    %dup/vec4;
    %pushi/vec4 28, 0, 8;
    %cmp/u;
    %jmp/1 T_13.7, 6;
    %dup/vec4;
    %pushi/vec4 32, 0, 8;
    %cmp/u;
    %jmp/1 T_13.8, 6;
    %dup/vec4;
    %pushi/vec4 36, 0, 8;
    %cmp/u;
    %jmp/1 T_13.9, 6;
    %dup/vec4;
    %pushi/vec4 40, 0, 8;
    %cmp/u;
    %jmp/1 T_13.10, 6;
    %dup/vec4;
    %pushi/vec4 44, 0, 8;
    %cmp/u;
    %jmp/1 T_13.11, 6;
    %dup/vec4;
    %pushi/vec4 48, 0, 8;
    %cmp/u;
    %jmp/1 T_13.12, 6;
    %dup/vec4;
    %pushi/vec4 52, 0, 8;
    %cmp/u;
    %jmp/1 T_13.13, 6;
    %dup/vec4;
    %pushi/vec4 56, 0, 8;
    %cmp/u;
    %jmp/1 T_13.14, 6;
    %dup/vec4;
    %pushi/vec4 60, 0, 8;
    %cmp/u;
    %jmp/1 T_13.15, 6;
    %dup/vec4;
    %pushi/vec4 64, 0, 8;
    %cmp/u;
    %jmp/1 T_13.16, 6;
    %dup/vec4;
    %pushi/vec4 68, 0, 8;
    %cmp/u;
    %jmp/1 T_13.17, 6;
    %dup/vec4;
    %pushi/vec4 72, 0, 8;
    %cmp/u;
    %jmp/1 T_13.18, 6;
    %dup/vec4;
    %pushi/vec4 76, 0, 8;
    %cmp/u;
    %jmp/1 T_13.19, 6;
    %dup/vec4;
    %pushi/vec4 80, 0, 8;
    %cmp/u;
    %jmp/1 T_13.20, 6;
    %dup/vec4;
    %pushi/vec4 84, 0, 8;
    %cmp/u;
    %jmp/1 T_13.21, 6;
    %dup/vec4;
    %pushi/vec4 88, 0, 8;
    %cmp/u;
    %jmp/1 T_13.22, 6;
    %dup/vec4;
    %pushi/vec4 92, 0, 8;
    %cmp/u;
    %jmp/1 T_13.23, 6;
    %dup/vec4;
    %pushi/vec4 96, 0, 8;
    %cmp/u;
    %jmp/1 T_13.24, 6;
    %dup/vec4;
    %pushi/vec4 100, 0, 8;
    %cmp/u;
    %jmp/1 T_13.25, 6;
    %dup/vec4;
    %pushi/vec4 104, 0, 8;
    %cmp/u;
    %jmp/1 T_13.26, 6;
    %dup/vec4;
    %pushi/vec4 108, 0, 8;
    %cmp/u;
    %jmp/1 T_13.27, 6;
    %dup/vec4;
    %pushi/vec4 112, 0, 8;
    %cmp/u;
    %jmp/1 T_13.28, 6;
    %dup/vec4;
    %pushi/vec4 116, 0, 8;
    %cmp/u;
    %jmp/1 T_13.29, 6;
    %dup/vec4;
    %pushi/vec4 120, 0, 8;
    %cmp/u;
    %jmp/1 T_13.30, 6;
    %dup/vec4;
    %pushi/vec4 124, 0, 8;
    %cmp/u;
    %jmp/1 T_13.31, 6;
    %pushi/vec4 0, 0, 32;
    %store/vec4 v0x64b6e0887f70_0, 0, 32;
    %jmp T_13.33;
T_13.2 ;
    %load/vec4 v0x64b6e0887b10_0;
    %store/vec4 v0x64b6e0887f70_0, 0, 32;
    %jmp T_13.33;
T_13.3 ;
    %load/vec4 v0x64b6e0888470_0;
    %store/vec4 v0x64b6e0887f70_0, 0, 32;
    %jmp T_13.33;
T_13.4 ;
    %load/vec4 v0x64b6e0889750_0;
    %parti/s 1, 7, 4;
    %replicate 24;
    %load/vec4 v0x64b6e0889750_0;
    %concat/vec4; draw_concat_vec4
    %store/vec4 v0x64b6e0887f70_0, 0, 32;
    %jmp T_13.33;
T_13.5 ;
    %load/vec4 v0x64b6e0889830_0;
    %parti/s 1, 7, 4;
    %replicate 24;
    %load/vec4 v0x64b6e0889830_0;
    %concat/vec4; draw_concat_vec4
    %store/vec4 v0x64b6e0887f70_0, 0, 32;
    %jmp T_13.33;
T_13.6 ;
    %load/vec4 v0x64b6e0889910_0;
    %parti/s 1, 7, 4;
    %replicate 24;
    %load/vec4 v0x64b6e0889910_0;
    %concat/vec4; draw_concat_vec4
    %store/vec4 v0x64b6e0887f70_0, 0, 32;
    %jmp T_13.33;
T_13.7 ;
    %load/vec4 v0x64b6e08899f0_0;
    %parti/s 1, 7, 4;
    %replicate 24;
    %load/vec4 v0x64b6e08899f0_0;
    %concat/vec4; draw_concat_vec4
    %store/vec4 v0x64b6e0887f70_0, 0, 32;
    %jmp T_13.33;
T_13.8 ;
    %load/vec4 v0x64b6e08886d0_0;
    %parti/s 1, 7, 4;
    %replicate 24;
    %load/vec4 v0x64b6e08886d0_0;
    %concat/vec4; draw_concat_vec4
    %store/vec4 v0x64b6e0887f70_0, 0, 32;
    %jmp T_13.33;
T_13.9 ;
    %load/vec4 v0x64b6e08887b0_0;
    %parti/s 1, 7, 4;
    %replicate 24;
    %load/vec4 v0x64b6e08887b0_0;
    %concat/vec4; draw_concat_vec4
    %store/vec4 v0x64b6e0887f70_0, 0, 32;
    %jmp T_13.33;
T_13.10 ;
    %load/vec4 v0x64b6e0888890_0;
    %parti/s 1, 7, 4;
    %replicate 24;
    %load/vec4 v0x64b6e0888890_0;
    %concat/vec4; draw_concat_vec4
    %store/vec4 v0x64b6e0887f70_0, 0, 32;
    %jmp T_13.33;
T_13.11 ;
    %load/vec4 v0x64b6e0888970_0;
    %parti/s 1, 7, 4;
    %replicate 24;
    %load/vec4 v0x64b6e0888970_0;
    %concat/vec4; draw_concat_vec4
    %store/vec4 v0x64b6e0887f70_0, 0, 32;
    %jmp T_13.33;
T_13.12 ;
    %load/vec4 v0x64b6e0888a50_0;
    %parti/s 1, 7, 4;
    %replicate 24;
    %load/vec4 v0x64b6e0888a50_0;
    %concat/vec4; draw_concat_vec4
    %store/vec4 v0x64b6e0887f70_0, 0, 32;
    %jmp T_13.33;
T_13.13 ;
    %load/vec4 v0x64b6e0888b30_0;
    %parti/s 1, 7, 4;
    %replicate 24;
    %load/vec4 v0x64b6e0888b30_0;
    %concat/vec4; draw_concat_vec4
    %store/vec4 v0x64b6e0887f70_0, 0, 32;
    %jmp T_13.33;
T_13.14 ;
    %load/vec4 v0x64b6e0888c10_0;
    %parti/s 1, 7, 4;
    %replicate 24;
    %load/vec4 v0x64b6e0888c10_0;
    %concat/vec4; draw_concat_vec4
    %store/vec4 v0x64b6e0887f70_0, 0, 32;
    %jmp T_13.33;
T_13.15 ;
    %load/vec4 v0x64b6e0888cf0_0;
    %parti/s 1, 7, 4;
    %replicate 24;
    %load/vec4 v0x64b6e0888cf0_0;
    %concat/vec4; draw_concat_vec4
    %store/vec4 v0x64b6e0887f70_0, 0, 32;
    %jmp T_13.33;
T_13.16 ;
    %load/vec4 v0x64b6e0888dd0_0;
    %parti/s 1, 7, 4;
    %replicate 24;
    %load/vec4 v0x64b6e0888dd0_0;
    %concat/vec4; draw_concat_vec4
    %store/vec4 v0x64b6e0887f70_0, 0, 32;
    %jmp T_13.33;
T_13.17 ;
    %load/vec4 v0x64b6e0888eb0_0;
    %parti/s 1, 7, 4;
    %replicate 24;
    %load/vec4 v0x64b6e0888eb0_0;
    %concat/vec4; draw_concat_vec4
    %store/vec4 v0x64b6e0887f70_0, 0, 32;
    %jmp T_13.33;
T_13.18 ;
    %load/vec4 v0x64b6e0888f90_0;
    %parti/s 1, 7, 4;
    %replicate 24;
    %load/vec4 v0x64b6e0888f90_0;
    %concat/vec4; draw_concat_vec4
    %store/vec4 v0x64b6e0887f70_0, 0, 32;
    %jmp T_13.33;
T_13.19 ;
    %load/vec4 v0x64b6e0889070_0;
    %parti/s 1, 7, 4;
    %replicate 24;
    %load/vec4 v0x64b6e0889070_0;
    %concat/vec4; draw_concat_vec4
    %store/vec4 v0x64b6e0887f70_0, 0, 32;
    %jmp T_13.33;
T_13.20 ;
    %load/vec4 v0x64b6e0889150_0;
    %parti/s 1, 7, 4;
    %replicate 24;
    %load/vec4 v0x64b6e0889150_0;
    %concat/vec4; draw_concat_vec4
    %store/vec4 v0x64b6e0887f70_0, 0, 32;
    %jmp T_13.33;
T_13.21 ;
    %load/vec4 v0x64b6e0889230_0;
    %parti/s 1, 7, 4;
    %replicate 24;
    %load/vec4 v0x64b6e0889230_0;
    %concat/vec4; draw_concat_vec4
    %store/vec4 v0x64b6e0887f70_0, 0, 32;
    %jmp T_13.33;
T_13.22 ;
    %load/vec4 v0x64b6e0889310_0;
    %parti/s 1, 7, 4;
    %replicate 24;
    %load/vec4 v0x64b6e0889310_0;
    %concat/vec4; draw_concat_vec4
    %store/vec4 v0x64b6e0887f70_0, 0, 32;
    %jmp T_13.33;
T_13.23 ;
    %load/vec4 v0x64b6e08893f0_0;
    %parti/s 1, 7, 4;
    %replicate 24;
    %load/vec4 v0x64b6e08893f0_0;
    %concat/vec4; draw_concat_vec4
    %store/vec4 v0x64b6e0887f70_0, 0, 32;
    %jmp T_13.33;
T_13.24 ;
    %alloc S_0x64b6e0886880;
    %load/vec4 v0x64b6e08876b0_0;
    %store/vec4 v0x64b6e0886b40_0, 0, 16;
    %callf/vec4 TD_tb_nnAccelerator.dut.signExtend16To32, S_0x64b6e0886880;
    %free S_0x64b6e0886880;
    %store/vec4 v0x64b6e0887f70_0, 0, 32;
    %jmp T_13.33;
T_13.25 ;
    %alloc S_0x64b6e0886880;
    %load/vec4 v0x64b6e0887790_0;
    %store/vec4 v0x64b6e0886b40_0, 0, 16;
    %callf/vec4 TD_tb_nnAccelerator.dut.signExtend16To32, S_0x64b6e0886880;
    %free S_0x64b6e0886880;
    %store/vec4 v0x64b6e0887f70_0, 0, 32;
    %jmp T_13.33;
T_13.26 ;
    %alloc S_0x64b6e0886880;
    %load/vec4 v0x64b6e0887870_0;
    %store/vec4 v0x64b6e0886b40_0, 0, 16;
    %callf/vec4 TD_tb_nnAccelerator.dut.signExtend16To32, S_0x64b6e0886880;
    %free S_0x64b6e0886880;
    %store/vec4 v0x64b6e0887f70_0, 0, 32;
    %jmp T_13.33;
T_13.27 ;
    %alloc S_0x64b6e0886880;
    %load/vec4 v0x64b6e0887950_0;
    %store/vec4 v0x64b6e0886b40_0, 0, 16;
    %callf/vec4 TD_tb_nnAccelerator.dut.signExtend16To32, S_0x64b6e0886880;
    %free S_0x64b6e0886880;
    %store/vec4 v0x64b6e0887f70_0, 0, 32;
    %jmp T_13.33;
T_13.28 ;
    %alloc S_0x64b6e0886880;
    %load/vec4 v0x64b6e0889ad0_0;
    %store/vec4 v0x64b6e0886b40_0, 0, 16;
    %callf/vec4 TD_tb_nnAccelerator.dut.signExtend16To32, S_0x64b6e0886880;
    %free S_0x64b6e0886880;
    %store/vec4 v0x64b6e0887f70_0, 0, 32;
    %jmp T_13.33;
T_13.29 ;
    %alloc S_0x64b6e0886880;
    %load/vec4 v0x64b6e0889bb0_0;
    %store/vec4 v0x64b6e0886b40_0, 0, 16;
    %callf/vec4 TD_tb_nnAccelerator.dut.signExtend16To32, S_0x64b6e0886880;
    %free S_0x64b6e0886880;
    %store/vec4 v0x64b6e0887f70_0, 0, 32;
    %jmp T_13.33;
T_13.30 ;
    %alloc S_0x64b6e0886880;
    %load/vec4 v0x64b6e0889c90_0;
    %store/vec4 v0x64b6e0886b40_0, 0, 16;
    %callf/vec4 TD_tb_nnAccelerator.dut.signExtend16To32, S_0x64b6e0886880;
    %free S_0x64b6e0886880;
    %store/vec4 v0x64b6e0887f70_0, 0, 32;
    %jmp T_13.33;
T_13.31 ;
    %alloc S_0x64b6e0886880;
    %load/vec4 v0x64b6e0889d70_0;
    %store/vec4 v0x64b6e0886b40_0, 0, 16;
    %callf/vec4 TD_tb_nnAccelerator.dut.signExtend16To32, S_0x64b6e0886880;
    %free S_0x64b6e0886880;
    %store/vec4 v0x64b6e0887f70_0, 0, 32;
    %jmp T_13.33;
T_13.33 ;
    %pop/vec4 1;
    %jmp T_13.1;
T_13.0 ;
    %pushi/vec4 0, 0, 32;
    %store/vec4 v0x64b6e0887f70_0, 0, 32;
T_13.1 ;
    %jmp T_13;
    .thread T_13, $push;
    .scope S_0x64b6e08129f0;
T_14 ;
    %pushi/vec4 0, 0, 1;
    %store/vec4 v0x64b6e088afe0_0, 0, 1;
T_14.0 ;
    %delay 18518, 0;
    %load/vec4 v0x64b6e088afe0_0;
    %inv;
    %store/vec4 v0x64b6e088afe0_0, 0, 1;
    %jmp T_14.0;
    %end;
    .thread T_14;
    .scope S_0x64b6e08129f0;
T_15 ;
    %vpi_call/w 3 209 "$dumpfile", "sim/tb_nnAccelerator.vcd" {0 0 0};
    %vpi_call/w 3 210 "$dumpvars", 32'sb00000000000000000000000000000000, S_0x64b6e08129f0 {0 0 0};
    %pushi/vec4 0, 0, 1;
    %store/vec4 v0x64b6e088b0b0_0, 0, 1;
    %pushi/vec4 0, 0, 1;
    %store/vec4 v0x64b6e088b340_0, 0, 1;
    %pushi/vec4 0, 0, 8;
    %store/vec4 v0x64b6e088b1a0_0, 0, 8;
    %pushi/vec4 0, 0, 32;
    %store/vec4 v0x64b6e088b270_0, 0, 32;
    %pushi/vec4 0, 0, 1;
    %store/vec4 v0x64b6e088af10_0, 0, 1;
    %pushi/vec4 0, 0, 8;
    %store/vec4 v0x64b6e088ad90_0, 0, 8;
    %delay 200000, 0;
    %pushi/vec4 1, 0, 1;
    %store/vec4 v0x64b6e088b0b0_0, 0, 1;
    %fork TD_tb_nnAccelerator.loadTestOne, S_0x64b6e0889f50;
    %join;
    %fork TD_tb_nnAccelerator.startAccelerator, S_0x64b6e088a610;
    %join;
    %pushi/vec4 112, 0, 8;
    %store/vec4 v0x64b6e0846e90_0, 0, 8;
    %pushi/vec4 16, 0, 16;
    %store/vec4 v0x64b6e0847370_0, 0, 16;
    %pushi/str "test1 y0";
    %store/str v0x64b6e0845af0_0;
    %fork TD_tb_nnAccelerator.checkOutput, S_0x64b6e07a1490;
    %join;
    %pushi/vec4 116, 0, 8;
    %store/vec4 v0x64b6e0846e90_0, 0, 8;
    %pushi/vec4 32, 0, 16;
    %store/vec4 v0x64b6e0847370_0, 0, 16;
    %pushi/str "test1 y1";
    %store/str v0x64b6e0845af0_0;
    %fork TD_tb_nnAccelerator.checkOutput, S_0x64b6e07a1490;
    %join;
    %pushi/vec4 120, 0, 8;
    %store/vec4 v0x64b6e0846e90_0, 0, 8;
    %pushi/vec4 128, 0, 16;
    %store/vec4 v0x64b6e0847370_0, 0, 16;
    %pushi/str "test1 y2";
    %store/str v0x64b6e0845af0_0;
    %fork TD_tb_nnAccelerator.checkOutput, S_0x64b6e07a1490;
    %join;
    %pushi/vec4 124, 0, 8;
    %store/vec4 v0x64b6e0846e90_0, 0, 8;
    %pushi/vec4 0, 0, 16;
    %store/vec4 v0x64b6e0847370_0, 0, 16;
    %pushi/str "test1 y3";
    %store/str v0x64b6e0845af0_0;
    %fork TD_tb_nnAccelerator.checkOutput, S_0x64b6e07a1490;
    %join;
    %fork TD_tb_nnAccelerator.loadTestTwo, S_0x64b6e088a0e0;
    %join;
    %fork TD_tb_nnAccelerator.startAccelerator, S_0x64b6e088a610;
    %join;
    %pushi/vec4 112, 0, 8;
    %store/vec4 v0x64b6e0846e90_0, 0, 8;
    %pushi/vec4 32, 0, 16;
    %store/vec4 v0x64b6e0847370_0, 0, 16;
    %pushi/str "test2 y0";
    %store/str v0x64b6e0845af0_0;
    %fork TD_tb_nnAccelerator.checkOutput, S_0x64b6e07a1490;
    %join;
    %pushi/vec4 116, 0, 8;
    %store/vec4 v0x64b6e0846e90_0, 0, 8;
    %pushi/vec4 0, 0, 16;
    %store/vec4 v0x64b6e0847370_0, 0, 16;
    %pushi/str "test2 y1";
    %store/str v0x64b6e0845af0_0;
    %fork TD_tb_nnAccelerator.checkOutput, S_0x64b6e07a1490;
    %join;
    %pushi/vec4 120, 0, 8;
    %store/vec4 v0x64b6e0846e90_0, 0, 8;
    %pushi/vec4 48, 0, 16;
    %store/vec4 v0x64b6e0847370_0, 0, 16;
    %pushi/str "test2 y2";
    %store/str v0x64b6e0845af0_0;
    %fork TD_tb_nnAccelerator.checkOutput, S_0x64b6e07a1490;
    %join;
    %pushi/vec4 124, 0, 8;
    %store/vec4 v0x64b6e0846e90_0, 0, 8;
    %pushi/vec4 0, 0, 16;
    %store/vec4 v0x64b6e0847370_0, 0, 16;
    %pushi/str "test2 y3";
    %store/str v0x64b6e0845af0_0;
    %fork TD_tb_nnAccelerator.checkOutput, S_0x64b6e07a1490;
    %join;
    %pushi/vec4 8, 0, 32;
T_15.0 %dup/vec4;
    %pushi/vec4 0, 0, 32;
    %cmp/s;
    %jmp/1xz T_15.1, 5;
    %jmp/1 T_15.1, 4;
    %pushi/vec4 1, 0, 32;
    %sub;
    %wait E_0x64b6e07c9a60;
    %jmp T_15.0;
T_15.1 ;
    %pop/vec4 1;
    %vpi_call/w 3 246 "$finish" {0 0 0};
    %end;
    .thread T_15;
# The file index is used to find the file name in the following table.
:file_names 5;
    "N/A";
    "<interactive>";
    "-";
    "sim/tb_nnAccelerator.sv";
    "nnAccelerator/src/nnAccelerator.sv";
