#! /usr/bin/vvp
:ivl_version "12.0 (stable)";
:ivl_delay_selection "TYPICAL";
:vpi_time_precision - 12;
:vpi_module "/usr/lib/x86_64-linux-gnu/ivl/system.vpi";
:vpi_module "/usr/lib/x86_64-linux-gnu/ivl/vhdl_sys.vpi";
:vpi_module "/usr/lib/x86_64-linux-gnu/ivl/vhdl_textio.vpi";
:vpi_module "/usr/lib/x86_64-linux-gnu/ivl/v2005_math.vpi";
:vpi_module "/usr/lib/x86_64-linux-gnu/ivl/va_math.vpi";
:vpi_module "/usr/lib/x86_64-linux-gnu/ivl/v2009.vpi";
S_0x5b5f79723590 .scope package, "$unit" "$unit" 2 1;
 .timescale 0 0;
S_0x5b5f79722ae0 .scope module, "tb_simpleMotorControl" "tb_simpleMotorControl" 3 3;
 .timescale -9 -12;
v0x5b5f79768ec0_0 .net/s "controlOutput", 15 0, v0x5b5f79767a30_0;  1 drivers
v0x5b5f79768ff0_0 .var/s "kd", 15 0;
v0x5b5f797690b0_0 .var/s "ki", 15 0;
v0x5b5f797691b0_0 .var/s "kp", 15 0;
v0x5b5f79769280_0 .net/s "measuredPosition", 15 0, v0x5b5f79766290_0;  1 drivers
v0x5b5f797693c0_0 .net "outputValid", 0 0, v0x5b5f79768450_0;  1 drivers
v0x5b5f79769460_0 .var/2s "sampleCount", 31 0;
v0x5b5f79769500_0 .var "sampleEnable", 0 0;
v0x5b5f797695f0_0 .var/s "setpoint", 15 0;
v0x5b5f797696b0_0 .var "sys_clk", 0 0;
v0x5b5f79769750_0 .var "sys_rst_n", 0 0;
S_0x5b5f79721760 .scope module, "motorModel" "motorModel" 3 39, 4 3 0, S_0x5b5f79722ae0;
 .timescale 0 0;
    .port_info 0 /INPUT 1 "sys_clk";
    .port_info 1 /INPUT 1 "sys_rst_n";
    .port_info 2 /INPUT 1 "sampleEnable";
    .port_info 3 /INPUT 16 "command";
    .port_info 4 /OUTPUT 16 "measuredPosition";
v0x5b5f79724a10_0 .net *"_ivl_1", 0 0, L_0x5b5f7976abc0;  1 drivers
v0x5b5f79724b10_0 .net *"_ivl_12", 31 0, L_0x5b5f7976b8b0;  1 drivers
v0x5b5f79765a80_0 .net *"_ivl_14", 28 0, L_0x5b5f7976b7c0;  1 drivers
v0x5b5f79765b40_0 .net *"_ivl_18", 31 0, L_0x5b5f7976bc80;  1 drivers
v0x5b5f79765c20_0 .net *"_ivl_2", 15 0, L_0x5b5f7976af90;  1 drivers
v0x5b5f79765d50_0 .net *"_ivl_20", 27 0, L_0x5b5f7976bb30;  1 drivers
v0x5b5f79765e30_0 .net *"_ivl_8", 28 0, L_0x5b5f7976b4d0;  1 drivers
v0x5b5f79765f10_0 .net/s "acceleration", 31 0, L_0x5b5f7976b640;  1 drivers
v0x5b5f79765ff0_0 .net/s "command", 15 0, v0x5b5f79767a30_0;  alias, 1 drivers
v0x5b5f797660d0_0 .net/s "commandExtended", 31 0, L_0x5b5f7976b430;  1 drivers
v0x5b5f797661b0_0 .net/s "damping", 31 0, L_0x5b5f7976b5a0;  1 drivers
v0x5b5f79766290_0 .var/s "measuredPosition", 15 0;
v0x5b5f79766370_0 .net/s "nextPosition", 31 0, L_0x5b5f7976bd20;  1 drivers
v0x5b5f79766450_0 .net/s "nextVelocity", 31 0, L_0x5b5f7976b9f0;  1 drivers
v0x5b5f79766530_0 .var/s "position", 31 0;
v0x5b5f79766610_0 .net "sampleEnable", 0 0, v0x5b5f79769500_0;  1 drivers
v0x5b5f797666d0_0 .net "sys_clk", 0 0, v0x5b5f797696b0_0;  1 drivers
v0x5b5f79766790_0 .net "sys_rst_n", 0 0, v0x5b5f79769750_0;  1 drivers
v0x5b5f79766850_0 .var/s "velocity", 31 0;
E_0x5b5f79733ee0/0 .event negedge, v0x5b5f79766790_0;
E_0x5b5f79733ee0/1 .event posedge, v0x5b5f797666d0_0;
E_0x5b5f79733ee0 .event/or E_0x5b5f79733ee0/0, E_0x5b5f79733ee0/1;
L_0x5b5f7976abc0 .part v0x5b5f79767a30_0, 15, 1;
LS_0x5b5f7976af90_0_0 .concat [ 1 1 1 1], L_0x5b5f7976abc0, L_0x5b5f7976abc0, L_0x5b5f7976abc0, L_0x5b5f7976abc0;
LS_0x5b5f7976af90_0_4 .concat [ 1 1 1 1], L_0x5b5f7976abc0, L_0x5b5f7976abc0, L_0x5b5f7976abc0, L_0x5b5f7976abc0;
LS_0x5b5f7976af90_0_8 .concat [ 1 1 1 1], L_0x5b5f7976abc0, L_0x5b5f7976abc0, L_0x5b5f7976abc0, L_0x5b5f7976abc0;
LS_0x5b5f7976af90_0_12 .concat [ 1 1 1 1], L_0x5b5f7976abc0, L_0x5b5f7976abc0, L_0x5b5f7976abc0, L_0x5b5f7976abc0;
L_0x5b5f7976af90 .concat [ 4 4 4 4], LS_0x5b5f7976af90_0_0, LS_0x5b5f7976af90_0_4, LS_0x5b5f7976af90_0_8, LS_0x5b5f7976af90_0_12;
L_0x5b5f7976b430 .concat [ 16 16 0 0], v0x5b5f79767a30_0, L_0x5b5f7976af90;
L_0x5b5f7976b4d0 .part v0x5b5f79766850_0, 3, 29;
L_0x5b5f7976b5a0 .extend/s 32, L_0x5b5f7976b4d0;
L_0x5b5f7976b640 .arith/sub 32, L_0x5b5f7976b430, L_0x5b5f7976b5a0;
L_0x5b5f7976b7c0 .part L_0x5b5f7976b640, 3, 29;
L_0x5b5f7976b8b0 .extend/s 32, L_0x5b5f7976b7c0;
L_0x5b5f7976b9f0 .arith/sum 32, v0x5b5f79766850_0, L_0x5b5f7976b8b0;
L_0x5b5f7976bb30 .part L_0x5b5f7976b9f0, 4, 28;
L_0x5b5f7976bc80 .extend/s 32, L_0x5b5f7976bb30;
L_0x5b5f7976bd20 .arith/sum 32, v0x5b5f79766530_0, L_0x5b5f7976bc80;
S_0x5b5f7971f980 .scope autofunction.vec4.u16, "saturate16" "saturate16" 4 37, 4 37 0, S_0x5b5f79721760;
 .timescale 0 0;
; Variable saturate16 is vec4 return value of scope S_0x5b5f7971f980
v0x5b5f7971c3b0_0 .var/s "value", 31 0;
TD_tb_simpleMotorControl.motorModel.saturate16 ;
    %load/vec4 v0x5b5f7971c3b0_0;
    %cmpi/s 32767, 0, 32;
    %flag_or 5, 4; GT is !LE
    %flag_inv 5;
    %jmp/0xz  T_0.0, 5;
    %pushi/vec4 32767, 0, 16;
    %ret/vec4 0, 0, 16;  Assign to saturate16 (store_vec4_to_lval)
    %jmp T_0.1;
T_0.0 ;
    %load/vec4 v0x5b5f7971c3b0_0;
    %cmpi/s 4294934528, 0, 32;
    %jmp/0xz  T_0.2, 5;
    %pushi/vec4 32768, 0, 16;
    %ret/vec4 0, 0, 16;  Assign to saturate16 (store_vec4_to_lval)
    %jmp T_0.3;
T_0.2 ;
    %load/vec4 v0x5b5f7971c3b0_0;
    %pad/s 16;
    %ret/vec4 0, 0, 16;  Assign to saturate16 (store_vec4_to_lval)
T_0.3 ;
T_0.1 ;
    %end;
S_0x5b5f797669d0 .scope module, "pidController" "pidMotorControl" 3 22, 5 1 0, S_0x5b5f79722ae0;
 .timescale 0 0;
    .port_info 0 /INPUT 1 "sys_clk";
    .port_info 1 /INPUT 1 "sys_rst_n";
    .port_info 2 /INPUT 1 "sampleEnable";
    .port_info 3 /INPUT 16 "setpoint";
    .port_info 4 /INPUT 16 "measuredValue";
    .port_info 5 /INPUT 16 "kp";
    .port_info 6 /INPUT 16 "ki";
    .port_info 7 /INPUT 16 "kd";
    .port_info 8 /OUTPUT 16 "controlOutput";
    .port_info 9 /OUTPUT 1 "outputValid";
v0x5b5f79767040_0 .net/s *"_ivl_10", 47 0, L_0x5b5f79769d20;  1 drivers
v0x5b5f79767140_0 .net/s *"_ivl_12", 47 0, L_0x5b5f79769e00;  1 drivers
v0x5b5f79767220_0 .net/s *"_ivl_16", 31 0, L_0x5b5f7976a080;  1 drivers
v0x5b5f797672e0_0 .net/s *"_ivl_18", 31 0, L_0x5b5f7976a170;  1 drivers
v0x5b5f797673c0_0 .net *"_ivl_24", 23 0, L_0x5b5f7976a3b0;  1 drivers
v0x5b5f797674f0_0 .net *"_ivl_26", 47 0, L_0x5b5f7976a770;  1 drivers
v0x5b5f797675d0_0 .net *"_ivl_28", 39 0, L_0x5b5f7976a600;  1 drivers
v0x5b5f797676b0_0 .net *"_ivl_34", 23 0, L_0x5b5f7976a9e0;  1 drivers
v0x5b5f79767790_0 .net/s *"_ivl_36", 31 0, L_0x5b5f7976ac60;  1 drivers
v0x5b5f79767870_0 .net/s *"_ivl_4", 31 0, L_0x5b5f79769a20;  1 drivers
v0x5b5f79767950_0 .net/s *"_ivl_6", 31 0, L_0x5b5f79769ac0;  1 drivers
v0x5b5f79767a30_0 .var/s "controlOutput", 15 0;
v0x5b5f79767af0_0 .net/s "currentError", 15 0, L_0x5b5f79769840;  1 drivers
v0x5b5f79767bb0_0 .net/s "derivativeProduct", 31 0, L_0x5b5f7976a2c0;  1 drivers
v0x5b5f79767c90_0 .net/s "derivativeTerm", 31 0, L_0x5b5f7976aad0;  1 drivers
v0x5b5f79767d70_0 .net/s "errorDelta", 15 0, L_0x5b5f79769930;  1 drivers
v0x5b5f79767e50_0 .var/s "integralAccumulator", 31 0;
v0x5b5f79767f30_0 .net/s "integralProduct", 47 0, L_0x5b5f79769ef0;  1 drivers
v0x5b5f79768010_0 .net/s "integralTerm", 31 0, L_0x5b5f7976a860;  1 drivers
v0x5b5f797680f0_0 .net/s "kd", 15 0, v0x5b5f79768ff0_0;  1 drivers
v0x5b5f797681d0_0 .net/s "ki", 15 0, v0x5b5f797690b0_0;  1 drivers
v0x5b5f797682b0_0 .net/s "kp", 15 0, v0x5b5f797691b0_0;  1 drivers
v0x5b5f79768390_0 .net/s "measuredValue", 15 0, v0x5b5f79766290_0;  alias, 1 drivers
v0x5b5f79768450_0 .var "outputValid", 0 0;
v0x5b5f797684f0_0 .net/s "pidSum", 31 0, L_0x5b5f7976ada0;  1 drivers
v0x5b5f797685d0_0 .var/s "previousError", 15 0;
v0x5b5f797686b0_0 .net/s "proportionalProduct", 31 0, L_0x5b5f79769be0;  1 drivers
v0x5b5f79768790_0 .net/s "proportionalTerm", 31 0, L_0x5b5f7976a510;  1 drivers
v0x5b5f79768870_0 .net "sampleEnable", 0 0, v0x5b5f79769500_0;  alias, 1 drivers
v0x5b5f79768910_0 .net/s "setpoint", 15 0, v0x5b5f797695f0_0;  1 drivers
v0x5b5f797689d0_0 .net "sys_clk", 0 0, v0x5b5f797696b0_0;  alias, 1 drivers
v0x5b5f79768a70_0 .net "sys_rst_n", 0 0, v0x5b5f79769750_0;  alias, 1 drivers
L_0x5b5f79769840 .arith/sub 16, v0x5b5f797695f0_0, v0x5b5f79766290_0;
L_0x5b5f79769930 .arith/sub 16, L_0x5b5f79769840, v0x5b5f797685d0_0;
L_0x5b5f79769a20 .extend/s 32, L_0x5b5f79769840;
L_0x5b5f79769ac0 .extend/s 32, v0x5b5f797691b0_0;
L_0x5b5f79769be0 .arith/mult 32, L_0x5b5f79769a20, L_0x5b5f79769ac0;
L_0x5b5f79769d20 .extend/s 48, v0x5b5f79767e50_0;
L_0x5b5f79769e00 .extend/s 48, v0x5b5f797690b0_0;
L_0x5b5f79769ef0 .arith/mult 48, L_0x5b5f79769d20, L_0x5b5f79769e00;
L_0x5b5f7976a080 .extend/s 32, L_0x5b5f79769930;
L_0x5b5f7976a170 .extend/s 32, v0x5b5f79768ff0_0;
L_0x5b5f7976a2c0 .arith/mult 32, L_0x5b5f7976a080, L_0x5b5f7976a170;
L_0x5b5f7976a3b0 .part L_0x5b5f79769be0, 8, 24;
L_0x5b5f7976a510 .extend/s 32, L_0x5b5f7976a3b0;
L_0x5b5f7976a600 .part L_0x5b5f79769ef0, 8, 40;
L_0x5b5f7976a770 .extend/s 48, L_0x5b5f7976a600;
L_0x5b5f7976a860 .part L_0x5b5f7976a770, 0, 32;
L_0x5b5f7976a9e0 .part L_0x5b5f7976a2c0, 8, 24;
L_0x5b5f7976aad0 .extend/s 32, L_0x5b5f7976a9e0;
L_0x5b5f7976ac60 .arith/sum 32, L_0x5b5f7976a510, L_0x5b5f7976a860;
L_0x5b5f7976ada0 .arith/sum 32, L_0x5b5f7976ac60, L_0x5b5f7976aad0;
S_0x5b5f79766c80 .scope autofunction.vec4.u16, "saturate16" "saturate16" 5 54, 5 54 0, S_0x5b5f797669d0;
 .timescale 0 0;
; Variable saturate16 is vec4 return value of scope S_0x5b5f79766c80
v0x5b5f79766f60_0 .var/s "value", 31 0;
TD_tb_simpleMotorControl.pidController.saturate16 ;
    %load/vec4 v0x5b5f79766f60_0;
    %cmpi/s 32767, 0, 32;
    %flag_or 5, 4; GT is !LE
    %flag_inv 5;
    %jmp/0xz  T_1.4, 5;
    %pushi/vec4 32767, 0, 16;
    %ret/vec4 0, 0, 16;  Assign to saturate16 (store_vec4_to_lval)
    %jmp T_1.5;
T_1.4 ;
    %load/vec4 v0x5b5f79766f60_0;
    %cmpi/s 4294934528, 0, 32;
    %jmp/0xz  T_1.6, 5;
    %pushi/vec4 32768, 0, 16;
    %ret/vec4 0, 0, 16;  Assign to saturate16 (store_vec4_to_lval)
    %jmp T_1.7;
T_1.6 ;
    %load/vec4 v0x5b5f79766f60_0;
    %pad/s 16;
    %ret/vec4 0, 0, 16;  Assign to saturate16 (store_vec4_to_lval)
T_1.7 ;
T_1.5 ;
    %end;
S_0x5b5f79768ca0 .scope task, "runSample" "runSample" 3 54, 3 54 0, S_0x5b5f79722ae0;
 .timescale -9 -12;
E_0x5b5f797341a0 .event posedge, v0x5b5f797666d0_0;
E_0x5b5f79735480 .event anyedge, v0x5b5f79768450_0;
E_0x5b5f79737e10 .event negedge, v0x5b5f797666d0_0;
TD_tb_simpleMotorControl.runSample ;
    %wait E_0x5b5f79737e10;
    %pushi/vec4 1, 0, 1;
    %store/vec4 v0x5b5f79769500_0, 0, 1;
    %wait E_0x5b5f79737e10;
    %pushi/vec4 0, 0, 1;
    %store/vec4 v0x5b5f79769500_0, 0, 1;
T_2.8 ;
    %load/vec4 v0x5b5f797693c0_0;
    %pushi/vec4 1, 0, 1;
    %cmp/e;
    %flag_get/vec4 4;
    %cmpi/ne 1, 0, 1;
    %jmp/0xz T_2.9, 6;
    %wait E_0x5b5f79735480;
    %jmp T_2.8;
T_2.9 ;
    %wait E_0x5b5f797341a0;
    %load/vec4 v0x5b5f79769460_0;
    %addi 1, 0, 32;
    %cast2;
    %store/vec4 v0x5b5f79769460_0, 0, 32;
    %vpi_call/w 3 67 "$display", "sample=%0d setpoint=%0d measured=%0d error=%0d control=%0d velocity=%0d", v0x5b5f79769460_0, v0x5b5f797695f0_0, v0x5b5f79769280_0, v0x5b5f79767af0_0, v0x5b5f79768ec0_0, v0x5b5f79766850_0 {0 0 0};
    %end;
    .scope S_0x5b5f797669d0;
T_3 ;
    %wait E_0x5b5f79733ee0;
    %load/vec4 v0x5b5f79768a70_0;
    %nor/r;
    %flag_set/vec4 8;
    %jmp/0xz  T_3.0, 8;
    %pushi/vec4 0, 0, 16;
    %assign/vec4 v0x5b5f797685d0_0, 0;
    %pushi/vec4 0, 0, 32;
    %assign/vec4 v0x5b5f79767e50_0, 0;
    %pushi/vec4 0, 0, 16;
    %assign/vec4 v0x5b5f79767a30_0, 0;
    %pushi/vec4 0, 0, 1;
    %assign/vec4 v0x5b5f79768450_0, 0;
    %jmp T_3.1;
T_3.0 ;
    %pushi/vec4 0, 0, 1;
    %assign/vec4 v0x5b5f79768450_0, 0;
    %load/vec4 v0x5b5f79768870_0;
    %flag_set/vec4 8;
    %jmp/0xz  T_3.2, 8;
    %load/vec4 v0x5b5f79767e50_0;
    %load/vec4 v0x5b5f79767af0_0;
    %pad/s 32;
    %add;
    %assign/vec4 v0x5b5f79767e50_0, 0;
    %load/vec4 v0x5b5f79767af0_0;
    %assign/vec4 v0x5b5f797685d0_0, 0;
    %alloc S_0x5b5f79766c80;
    %load/vec4 v0x5b5f797684f0_0;
    %store/vec4 v0x5b5f79766f60_0, 0, 32;
    %callf/vec4 TD_tb_simpleMotorControl.pidController.saturate16, S_0x5b5f79766c80;
    %free S_0x5b5f79766c80;
    %assign/vec4 v0x5b5f79767a30_0, 0;
    %pushi/vec4 1, 0, 1;
    %assign/vec4 v0x5b5f79768450_0, 0;
T_3.2 ;
T_3.1 ;
    %jmp T_3;
    .thread T_3;
    .scope S_0x5b5f79721760;
T_4 ;
    %wait E_0x5b5f79733ee0;
    %load/vec4 v0x5b5f79766790_0;
    %nor/r;
    %flag_set/vec4 8;
    %jmp/0xz  T_4.0, 8;
    %pushi/vec4 0, 0, 32;
    %assign/vec4 v0x5b5f79766530_0, 0;
    %pushi/vec4 0, 0, 32;
    %assign/vec4 v0x5b5f79766850_0, 0;
    %pushi/vec4 0, 0, 16;
    %assign/vec4 v0x5b5f79766290_0, 0;
    %jmp T_4.1;
T_4.0 ;
    %load/vec4 v0x5b5f79766610_0;
    %flag_set/vec4 8;
    %jmp/0xz  T_4.2, 8;
    %load/vec4 v0x5b5f79766450_0;
    %assign/vec4 v0x5b5f79766850_0, 0;
    %load/vec4 v0x5b5f79766370_0;
    %assign/vec4 v0x5b5f79766530_0, 0;
    %alloc S_0x5b5f7971f980;
    %load/vec4 v0x5b5f79766370_0;
    %store/vec4 v0x5b5f7971c3b0_0, 0, 32;
    %callf/vec4 TD_tb_simpleMotorControl.motorModel.saturate16, S_0x5b5f7971f980;
    %free S_0x5b5f7971f980;
    %assign/vec4 v0x5b5f79766290_0, 0;
T_4.2 ;
T_4.1 ;
    %jmp T_4;
    .thread T_4;
    .scope S_0x5b5f79722ae0;
T_5 ;
    %pushi/vec4 0, 0, 1;
    %store/vec4 v0x5b5f797696b0_0, 0, 1;
T_5.0 ;
    %delay 18518, 0;
    %load/vec4 v0x5b5f797696b0_0;
    %inv;
    %store/vec4 v0x5b5f797696b0_0, 0, 1;
    %jmp T_5.0;
    %end;
    .thread T_5;
    .scope S_0x5b5f79722ae0;
T_6 ;
    %vpi_call/w 3 74 "$dumpfile", "sim/tb_simpleMotorControl.vcd" {0 0 0};
    %vpi_call/w 3 75 "$dumpvars", 32'sb00000000000000000000000000000000, S_0x5b5f79722ae0 {0 0 0};
    %pushi/vec4 0, 0, 1;
    %store/vec4 v0x5b5f79769750_0, 0, 1;
    %pushi/vec4 0, 0, 1;
    %store/vec4 v0x5b5f79769500_0, 0, 1;
    %pushi/vec4 0, 0, 32;
    %store/vec4 v0x5b5f79769460_0, 0, 32;
    %pushi/vec4 0, 0, 16;
    %store/vec4 v0x5b5f797695f0_0, 0, 16;
    %pushi/vec4 0, 0, 16;
    %store/vec4 v0x5b5f797691b0_0, 0, 16;
    %pushi/vec4 0, 0, 16;
    %store/vec4 v0x5b5f797690b0_0, 0, 16;
    %pushi/vec4 0, 0, 16;
    %store/vec4 v0x5b5f79768ff0_0, 0, 16;
    %delay 200000, 0;
    %pushi/vec4 1, 0, 1;
    %store/vec4 v0x5b5f79769750_0, 0, 1;
    %pushi/vec4 128, 0, 16;
    %store/vec4 v0x5b5f797691b0_0, 0, 16;
    %pushi/vec4 5, 0, 16;
    %store/vec4 v0x5b5f797690b0_0, 0, 16;
    %pushi/vec4 64, 0, 16;
    %store/vec4 v0x5b5f79768ff0_0, 0, 16;
    %pushi/vec4 2560, 0, 16;
    %store/vec4 v0x5b5f797695f0_0, 0, 16;
    %pushi/vec4 120, 0, 32;
T_6.0 %dup/vec4;
    %pushi/vec4 0, 0, 32;
    %cmp/s;
    %jmp/1xz T_6.1, 5;
    %jmp/1 T_6.1, 4;
    %pushi/vec4 1, 0, 32;
    %sub;
    %fork TD_tb_simpleMotorControl.runSample, S_0x5b5f79768ca0;
    %join;
    %jmp T_6.0;
T_6.1 ;
    %pop/vec4 1;
    %pushi/vec4 64256, 0, 16;
    %store/vec4 v0x5b5f797695f0_0, 0, 16;
    %pushi/vec4 120, 0, 32;
T_6.2 %dup/vec4;
    %pushi/vec4 0, 0, 32;
    %cmp/s;
    %jmp/1xz T_6.3, 5;
    %jmp/1 T_6.3, 4;
    %pushi/vec4 1, 0, 32;
    %sub;
    %fork TD_tb_simpleMotorControl.runSample, S_0x5b5f79768ca0;
    %join;
    %jmp T_6.2;
T_6.3 ;
    %pop/vec4 1;
    %pushi/vec4 0, 0, 16;
    %store/vec4 v0x5b5f797695f0_0, 0, 16;
    %pushi/vec4 120, 0, 32;
T_6.4 %dup/vec4;
    %pushi/vec4 0, 0, 32;
    %cmp/s;
    %jmp/1xz T_6.5, 5;
    %jmp/1 T_6.5, 4;
    %pushi/vec4 1, 0, 32;
    %sub;
    %fork TD_tb_simpleMotorControl.runSample, S_0x5b5f79768ca0;
    %join;
    %jmp T_6.4;
T_6.5 ;
    %pop/vec4 1;
    %pushi/vec4 8, 0, 32;
T_6.6 %dup/vec4;
    %pushi/vec4 0, 0, 32;
    %cmp/s;
    %jmp/1xz T_6.7, 5;
    %jmp/1 T_6.7, 4;
    %pushi/vec4 1, 0, 32;
    %sub;
    %wait E_0x5b5f797341a0;
    %jmp T_6.6;
T_6.7 ;
    %pop/vec4 1;
    %vpi_call/w 3 119 "$finish" {0 0 0};
    %end;
    .thread T_6;
# The file index is used to find the file name in the following table.
:file_names 6;
    "N/A";
    "<interactive>";
    "-";
    "sim/tb_simpleMotorControl.sv";
    "simpleMotorControl/src/motorModel.sv";
    "simpleMotorControl/src/pidMotorControl.sv";
