#! /usr/bin/vvp
:ivl_version "12.0 (stable)";
:ivl_delay_selection "TYPICAL";
:vpi_time_precision - 12;
:vpi_module "/usr/lib/x86_64-linux-gnu/ivl/system.vpi";
:vpi_module "/usr/lib/x86_64-linux-gnu/ivl/vhdl_sys.vpi";
:vpi_module "/usr/lib/x86_64-linux-gnu/ivl/vhdl_textio.vpi";
:vpi_module "/usr/lib/x86_64-linux-gnu/ivl/v2005_math.vpi";
:vpi_module "/usr/lib/x86_64-linux-gnu/ivl/va_math.vpi";
:vpi_module "/usr/lib/x86_64-linux-gnu/ivl/v2009.vpi";
S_0x6207e8fdde80 .scope package, "$unit" "$unit" 2 1;
 .timescale 0 0;
S_0x6207e8ff4b50 .scope module, "tb_asyncFifo" "tb_asyncFifo" 3 3;
 .timescale -9 -12;
v0x6207e902af70_0 .net "empty", 0 0, v0x6207e9028fd0_0;  1 drivers
v0x6207e902b030_0 .var/2s "errorCount", 31 0;
v0x6207e902b0f0_0 .net "full", 0 0, v0x6207e9029150_0;  1 drivers
v0x6207e902b1f0_0 .var "readClk", 0 0;
v0x6207e902b2c0_0 .net "readData", 7 0, v0x6207e9029610_0;  1 drivers
v0x6207e902b3b0_0 .var "readEnable", 0 0;
v0x6207e902b480_0 .var "readRst_n", 0 0;
v0x6207e902b550_0 .var "writeClk", 0 0;
v0x6207e902b620_0 .var "writeData", 7 0;
v0x6207e902b6f0_0 .var "writeEnable", 0 0;
v0x6207e902b7c0_0 .var "writeRst_n", 0 0;
E_0x6207e8faefb0 .event posedge, v0x6207e9029e70_0;
S_0x6207e8ff4ce0 .scope module, "dut" "asyncFifo" 3 19, 4 6 0, S_0x6207e8ff4b50;
 .timescale 0 0;
    .port_info 0 /INPUT 1 "writeClk";
    .port_info 1 /INPUT 1 "writeRst_n";
    .port_info 2 /INPUT 1 "writeEnable";
    .port_info 3 /INPUT 8 "writeData";
    .port_info 4 /OUTPUT 1 "full";
    .port_info 5 /INPUT 1 "readClk";
    .port_info 6 /INPUT 1 "readRst_n";
    .port_info 7 /INPUT 1 "readEnable";
    .port_info 8 /OUTPUT 8 "readData";
    .port_info 9 /OUTPUT 1 "empty";
P_0x6207e8ff4ec0 .param/l "ADDR_WIDTH" 0 4 8, +C4<00000000000000000000000000000100>;
P_0x6207e8ff4f00 .param/l "DATA_WIDTH" 0 4 7, +C4<00000000000000000000000000001000>;
P_0x6207e8ff4f40 .param/l "DEPTH" 1 4 23, +C4<00000000000000000000000000010000>;
L_0x6207e8fe6250 .functor AND 1, v0x6207e902b6f0_0, L_0x6207e902b890, C4<1>, C4<1>;
L_0x6207e90069a0 .functor AND 1, v0x6207e902b3b0_0, L_0x6207e902ba00, C4<1>, C4<1>;
L_0x6207e90086e0 .functor NOT 2, L_0x6207e902c290, C4<00>, C4<00>, C4<00>;
v0x6207e9008880_0 .net *"_ivl_1", 0 0, L_0x6207e902b890;  1 drivers
L_0x721fdb690018 .functor BUFT 1, C4<0000>, C4<0>, C4<0>, C4<0>;
v0x6207e8fdc570_0 .net *"_ivl_11", 3 0, L_0x721fdb690018;  1 drivers
v0x6207e8fdc820_0 .net *"_ivl_14", 4 0, L_0x6207e902bdf0;  1 drivers
L_0x721fdb690060 .functor BUFT 1, C4<0000>, C4<0>, C4<0>, C4<0>;
v0x6207e8fd97d0_0 .net *"_ivl_17", 3 0, L_0x721fdb690060;  1 drivers
v0x6207e8fd9ac0_0 .net *"_ivl_25", 1 0, L_0x6207e902c290;  1 drivers
v0x6207e9028b90_0 .net *"_ivl_26", 1 0, L_0x6207e90086e0;  1 drivers
v0x6207e9028c70_0 .net *"_ivl_29", 2 0, L_0x6207e902c3b0;  1 drivers
v0x6207e9028d50_0 .net *"_ivl_30", 4 0, L_0x6207e902c500;  1 drivers
v0x6207e9028e30_0 .net *"_ivl_5", 0 0, L_0x6207e902ba00;  1 drivers
v0x6207e9028ef0_0 .net *"_ivl_8", 4 0, L_0x6207e902bb90;  1 drivers
v0x6207e9028fd0_0 .var "empty", 0 0;
v0x6207e9029090_0 .net "emptyNext", 0 0, L_0x6207e902c7a0;  1 drivers
v0x6207e9029150_0 .var "full", 0 0;
v0x6207e9029210_0 .net "fullNext", 0 0, L_0x6207e902c5f0;  1 drivers
v0x6207e90292d0 .array "memory", 15 0, 7 0;
v0x6207e9029390_0 .var "readBinary", 4 0;
v0x6207e9029470_0 .net "readBinaryNext", 4 0, L_0x6207e902bf30;  1 drivers
v0x6207e9029550_0 .net "readClk", 0 0, v0x6207e902b1f0_0;  1 drivers
v0x6207e9029610_0 .var "readData", 7 0;
v0x6207e90296f0_0 .net "readEnable", 0 0, v0x6207e902b3b0_0;  1 drivers
v0x6207e90297b0_0 .var "readGray", 4 0;
v0x6207e9029890_0 .net "readGrayNext", 4 0, L_0x6207e902c150;  1 drivers
v0x6207e9029970_0 .var "readGrayWriteClk1", 4 0;
v0x6207e9029a50_0 .var "readGrayWriteClk2", 4 0;
v0x6207e9029b30_0 .net "readRst_n", 0 0, v0x6207e902b480_0;  1 drivers
v0x6207e9029bf0_0 .net "readValid", 0 0, L_0x6207e90069a0;  1 drivers
v0x6207e9029cb0_0 .var "writeBinary", 4 0;
v0x6207e9029d90_0 .net "writeBinaryNext", 4 0, L_0x6207e902bcd0;  1 drivers
v0x6207e9029e70_0 .net "writeClk", 0 0, v0x6207e902b550_0;  1 drivers
v0x6207e9029f30_0 .net "writeData", 7 0, v0x6207e902b620_0;  1 drivers
v0x6207e902a010_0 .net "writeEnable", 0 0, v0x6207e902b6f0_0;  1 drivers
v0x6207e902a0d0_0 .var "writeGray", 4 0;
v0x6207e902a1b0_0 .net "writeGrayNext", 4 0, L_0x6207e902c060;  1 drivers
v0x6207e902a4a0_0 .var "writeGrayReadClk1", 4 0;
v0x6207e902a580_0 .var "writeGrayReadClk2", 4 0;
v0x6207e902a660_0 .net "writeRst_n", 0 0, v0x6207e902b7c0_0;  1 drivers
v0x6207e902a720_0 .net "writeValid", 0 0, L_0x6207e8fe6250;  1 drivers
E_0x6207e8fec770/0 .event negedge, v0x6207e9029b30_0;
E_0x6207e8fec770/1 .event posedge, v0x6207e9029550_0;
E_0x6207e8fec770 .event/or E_0x6207e8fec770/0, E_0x6207e8fec770/1;
E_0x6207e8fed820/0 .event negedge, v0x6207e902a660_0;
E_0x6207e8fed820/1 .event posedge, v0x6207e9029e70_0;
E_0x6207e8fed820 .event/or E_0x6207e8fed820/0, E_0x6207e8fed820/1;
L_0x6207e902b890 .reduce/nor v0x6207e9029150_0;
L_0x6207e902ba00 .reduce/nor v0x6207e9028fd0_0;
L_0x6207e902bb90 .concat [ 1 4 0 0], L_0x6207e8fe6250, L_0x721fdb690018;
L_0x6207e902bcd0 .arith/sum 5, v0x6207e9029cb0_0, L_0x6207e902bb90;
L_0x6207e902bdf0 .concat [ 1 4 0 0], L_0x6207e90069a0, L_0x721fdb690060;
L_0x6207e902bf30 .arith/sum 5, v0x6207e9029390_0, L_0x6207e902bdf0;
L_0x6207e902c060 .ufunc/vec4 TD_tb_asyncFifo.dut.binaryToGray, 5, L_0x6207e902bcd0 (v0x6207e9006b40_0) S_0x6207e8fae590;
L_0x6207e902c150 .ufunc/vec4 TD_tb_asyncFifo.dut.binaryToGray, 5, L_0x6207e902bf30 (v0x6207e9006b40_0) S_0x6207e8fae590;
L_0x6207e902c290 .part v0x6207e9029a50_0, 3, 2;
L_0x6207e902c3b0 .part v0x6207e9029a50_0, 0, 3;
L_0x6207e902c500 .concat [ 3 2 0 0], L_0x6207e902c3b0, L_0x6207e90086e0;
L_0x6207e902c5f0 .cmp/eq 5, L_0x6207e902c060, L_0x6207e902c500;
L_0x6207e902c7a0 .cmp/eq 5, L_0x6207e902c150, v0x6207e902a580_0;
S_0x6207e8fae590 .scope autofunction.vec4.s5, "binaryToGray" "binaryToGray" 4 53, 4 53 0, S_0x6207e8ff4ce0;
 .timescale 0 0;
; Variable binaryToGray is vec4 return value of scope S_0x6207e8fae590
v0x6207e9006b40_0 .var "binaryValue", 4 0;
TD_tb_asyncFifo.dut.binaryToGray ;
    %load/vec4 v0x6207e9006b40_0;
    %load/vec4 v0x6207e9006b40_0;
    %ix/load 4, 1, 0;
    %flag_set/imm 4, 0;
    %shiftr 4;
    %xor;
    %ret/vec4 0, 0, 5;  Assign to binaryToGray (store_vec4_to_lval)
    %end;
S_0x6207e902a980 .scope task, "readByteExpect" "readByteExpect" 3 66, 3 66 0, S_0x6207e8ff4b50;
 .timescale -9 -12;
v0x6207e902ab70_0 .var "expectedByte", 7 0;
E_0x6207e8fd27c0 .event negedge, v0x6207e9029550_0;
E_0x6207e90091d0 .event posedge, v0x6207e9029550_0;
TD_tb_asyncFifo.readByteExpect ;
    %wait E_0x6207e8fd27c0;
T_1.0 ;
    %load/vec4 v0x6207e902af70_0;
    %flag_set/vec4 8;
    %jmp/0xz T_1.1, 8;
    %wait E_0x6207e8fd27c0;
    %jmp T_1.0;
T_1.1 ;
    %pushi/vec4 1, 0, 1;
    %store/vec4 v0x6207e902b3b0_0, 0, 1;
    %wait E_0x6207e90091d0;
    %delay 1000, 0;
    %load/vec4 v0x6207e902b2c0_0;
    %load/vec4 v0x6207e902ab70_0;
    %cmp/ne;
    %jmp/0xz  T_1.2, 6;
    %vpi_call/w 3 80 "$display", "ERROR: expected %02h, got %02h at time %0t", v0x6207e902ab70_0, v0x6207e902b2c0_0, $time {0 0 0};
    %load/vec4 v0x6207e902b030_0;
    %addi 1, 0, 32;
    %cast2;
    %store/vec4 v0x6207e902b030_0, 0, 32;
    %jmp T_1.3;
T_1.2 ;
    %vpi_call/w 3 83 "$display", "PASS: read %02h at time %0t", v0x6207e902b2c0_0, $time {0 0 0};
T_1.3 ;
    %wait E_0x6207e8fd27c0;
    %pushi/vec4 0, 0, 1;
    %store/vec4 v0x6207e902b3b0_0, 0, 1;
    %end;
S_0x6207e902ac70 .scope task, "writeByte" "writeByte" 3 46, 3 46 0, S_0x6207e8ff4b50;
 .timescale -9 -12;
v0x6207e902ae70_0 .var "dataByte", 7 0;
E_0x6207e9009210 .event negedge, v0x6207e9029e70_0;
TD_tb_asyncFifo.writeByte ;
    %wait E_0x6207e9009210;
T_2.4 ;
    %load/vec4 v0x6207e902b0f0_0;
    %flag_set/vec4 8;
    %jmp/0xz T_2.5, 8;
    %wait E_0x6207e9009210;
    %jmp T_2.4;
T_2.5 ;
    %load/vec4 v0x6207e902ae70_0;
    %store/vec4 v0x6207e902b620_0, 0, 8;
    %pushi/vec4 1, 0, 1;
    %store/vec4 v0x6207e902b6f0_0, 0, 1;
    %wait E_0x6207e9009210;
    %pushi/vec4 0, 0, 1;
    %store/vec4 v0x6207e902b6f0_0, 0, 1;
    %pushi/vec4 0, 0, 8;
    %store/vec4 v0x6207e902b620_0, 0, 8;
    %end;
    .scope S_0x6207e8ff4ce0;
T_3 ;
    %wait E_0x6207e8fed820;
    %load/vec4 v0x6207e902a660_0;
    %nor/r;
    %flag_set/vec4 8;
    %jmp/0xz  T_3.0, 8;
    %pushi/vec4 0, 0, 5;
    %assign/vec4 v0x6207e9029cb0_0, 0;
    %pushi/vec4 0, 0, 5;
    %assign/vec4 v0x6207e902a0d0_0, 0;
    %pushi/vec4 0, 0, 5;
    %assign/vec4 v0x6207e9029970_0, 0;
    %pushi/vec4 0, 0, 5;
    %assign/vec4 v0x6207e9029a50_0, 0;
    %pushi/vec4 0, 0, 1;
    %assign/vec4 v0x6207e9029150_0, 0;
    %jmp T_3.1;
T_3.0 ;
    %load/vec4 v0x6207e90297b0_0;
    %assign/vec4 v0x6207e9029970_0, 0;
    %load/vec4 v0x6207e9029970_0;
    %assign/vec4 v0x6207e9029a50_0, 0;
    %load/vec4 v0x6207e902a720_0;
    %flag_set/vec4 8;
    %jmp/0xz  T_3.2, 8;
    %load/vec4 v0x6207e9029f30_0;
    %load/vec4 v0x6207e9029cb0_0;
    %parti/s 4, 0, 2;
    %pad/u 6;
    %ix/vec4 3;
    %ix/load 4, 0, 0; Constant delay
    %assign/vec4/a/d v0x6207e90292d0, 0, 4;
    %load/vec4 v0x6207e9029d90_0;
    %assign/vec4 v0x6207e9029cb0_0, 0;
    %load/vec4 v0x6207e902a1b0_0;
    %assign/vec4 v0x6207e902a0d0_0, 0;
T_3.2 ;
    %load/vec4 v0x6207e9029210_0;
    %assign/vec4 v0x6207e9029150_0, 0;
T_3.1 ;
    %jmp T_3;
    .thread T_3;
    .scope S_0x6207e8ff4ce0;
T_4 ;
    %wait E_0x6207e8fec770;
    %load/vec4 v0x6207e9029b30_0;
    %nor/r;
    %flag_set/vec4 8;
    %jmp/0xz  T_4.0, 8;
    %pushi/vec4 0, 0, 5;
    %assign/vec4 v0x6207e9029390_0, 0;
    %pushi/vec4 0, 0, 5;
    %assign/vec4 v0x6207e90297b0_0, 0;
    %pushi/vec4 0, 0, 5;
    %assign/vec4 v0x6207e902a4a0_0, 0;
    %pushi/vec4 0, 0, 5;
    %assign/vec4 v0x6207e902a580_0, 0;
    %pushi/vec4 0, 0, 8;
    %assign/vec4 v0x6207e9029610_0, 0;
    %pushi/vec4 1, 0, 1;
    %assign/vec4 v0x6207e9028fd0_0, 0;
    %jmp T_4.1;
T_4.0 ;
    %load/vec4 v0x6207e902a0d0_0;
    %assign/vec4 v0x6207e902a4a0_0, 0;
    %load/vec4 v0x6207e902a4a0_0;
    %assign/vec4 v0x6207e902a580_0, 0;
    %load/vec4 v0x6207e9029bf0_0;
    %flag_set/vec4 8;
    %jmp/0xz  T_4.2, 8;
    %load/vec4 v0x6207e9029390_0;
    %parti/s 4, 0, 2;
    %pad/u 6;
    %ix/vec4 4;
    %load/vec4a v0x6207e90292d0, 4;
    %assign/vec4 v0x6207e9029610_0, 0;
    %load/vec4 v0x6207e9029470_0;
    %assign/vec4 v0x6207e9029390_0, 0;
    %load/vec4 v0x6207e9029890_0;
    %assign/vec4 v0x6207e90297b0_0, 0;
T_4.2 ;
    %load/vec4 v0x6207e9029090_0;
    %assign/vec4 v0x6207e9028fd0_0, 0;
T_4.1 ;
    %jmp T_4;
    .thread T_4;
    .scope S_0x6207e8ff4b50;
T_5 ;
    %pushi/vec4 0, 0, 1;
    %store/vec4 v0x6207e902b550_0, 0, 1;
T_5.0 ;
    %delay 10000, 0;
    %load/vec4 v0x6207e902b550_0;
    %inv;
    %store/vec4 v0x6207e902b550_0, 0, 1;
    %jmp T_5.0;
    %end;
    .thread T_5;
    .scope S_0x6207e8ff4b50;
T_6 ;
    %pushi/vec4 0, 0, 1;
    %store/vec4 v0x6207e902b1f0_0, 0, 1;
T_6.0 ;
    %delay 17000, 0;
    %load/vec4 v0x6207e902b1f0_0;
    %inv;
    %store/vec4 v0x6207e902b1f0_0, 0, 1;
    %jmp T_6.0;
    %end;
    .thread T_6;
    .scope S_0x6207e8ff4b50;
T_7 ;
    %vpi_call/w 3 92 "$dumpfile", "sim/tb_asyncFifo.vcd" {0 0 0};
    %vpi_call/w 3 93 "$dumpvars", 32'sb00000000000000000000000000000000, S_0x6207e8ff4b50 {0 0 0};
    %pushi/vec4 0, 0, 1;
    %store/vec4 v0x6207e902b7c0_0, 0, 1;
    %pushi/vec4 0, 0, 1;
    %store/vec4 v0x6207e902b480_0, 0, 1;
    %pushi/vec4 0, 0, 1;
    %store/vec4 v0x6207e902b6f0_0, 0, 1;
    %pushi/vec4 0, 0, 8;
    %store/vec4 v0x6207e902b620_0, 0, 8;
    %pushi/vec4 0, 0, 1;
    %store/vec4 v0x6207e902b3b0_0, 0, 1;
    %pushi/vec4 0, 0, 32;
    %store/vec4 v0x6207e902b030_0, 0, 32;
    %delay 200000, 0;
    %pushi/vec4 1, 0, 1;
    %store/vec4 v0x6207e902b7c0_0, 0, 1;
    %pushi/vec4 1, 0, 1;
    %store/vec4 v0x6207e902b480_0, 0, 1;
    %pushi/vec4 5, 0, 32;
T_7.0 %dup/vec4;
    %pushi/vec4 0, 0, 32;
    %cmp/s;
    %jmp/1xz T_7.1, 5;
    %jmp/1 T_7.1, 4;
    %pushi/vec4 1, 0, 32;
    %sub;
    %wait E_0x6207e8faefb0;
    %jmp T_7.0;
T_7.1 ;
    %pop/vec4 1;
    %pushi/vec4 5, 0, 32;
T_7.2 %dup/vec4;
    %pushi/vec4 0, 0, 32;
    %cmp/s;
    %jmp/1xz T_7.3, 5;
    %jmp/1 T_7.3, 4;
    %pushi/vec4 1, 0, 32;
    %sub;
    %wait E_0x6207e90091d0;
    %jmp T_7.2;
T_7.3 ;
    %pop/vec4 1;
    %fork t_1, S_0x6207e8ff4b50;
    %fork t_2, S_0x6207e8ff4b50;
    %join;
    %join;
    %jmp t_0;
t_1 ;
    %pushi/vec4 161, 0, 8;
    %store/vec4 v0x6207e902ae70_0, 0, 8;
    %fork TD_tb_asyncFifo.writeByte, S_0x6207e902ac70;
    %join;
    %pushi/vec4 178, 0, 8;
    %store/vec4 v0x6207e902ae70_0, 0, 8;
    %fork TD_tb_asyncFifo.writeByte, S_0x6207e902ac70;
    %join;
    %pushi/vec4 195, 0, 8;
    %store/vec4 v0x6207e902ae70_0, 0, 8;
    %fork TD_tb_asyncFifo.writeByte, S_0x6207e902ac70;
    %join;
    %pushi/vec4 212, 0, 8;
    %store/vec4 v0x6207e902ae70_0, 0, 8;
    %fork TD_tb_asyncFifo.writeByte, S_0x6207e902ac70;
    %join;
    %end;
t_2 ;
    %pushi/vec4 161, 0, 8;
    %store/vec4 v0x6207e902ab70_0, 0, 8;
    %fork TD_tb_asyncFifo.readByteExpect, S_0x6207e902a980;
    %join;
    %pushi/vec4 178, 0, 8;
    %store/vec4 v0x6207e902ab70_0, 0, 8;
    %fork TD_tb_asyncFifo.readByteExpect, S_0x6207e902a980;
    %join;
    %pushi/vec4 195, 0, 8;
    %store/vec4 v0x6207e902ab70_0, 0, 8;
    %fork TD_tb_asyncFifo.readByteExpect, S_0x6207e902a980;
    %join;
    %pushi/vec4 212, 0, 8;
    %store/vec4 v0x6207e902ab70_0, 0, 8;
    %fork TD_tb_asyncFifo.readByteExpect, S_0x6207e902a980;
    %join;
    %end;
    .scope S_0x6207e8ff4b50;
t_0 ;
    %fork t_4, S_0x6207e8ff4b50;
    %fork t_5, S_0x6207e8ff4b50;
    %join;
    %join;
    %jmp t_3;
t_4 ;
    %pushi/vec4 16, 0, 8;
    %store/vec4 v0x6207e902ae70_0, 0, 8;
    %fork TD_tb_asyncFifo.writeByte, S_0x6207e902ac70;
    %join;
    %pushi/vec4 17, 0, 8;
    %store/vec4 v0x6207e902ae70_0, 0, 8;
    %fork TD_tb_asyncFifo.writeByte, S_0x6207e902ac70;
    %join;
    %pushi/vec4 18, 0, 8;
    %store/vec4 v0x6207e902ae70_0, 0, 8;
    %fork TD_tb_asyncFifo.writeByte, S_0x6207e902ac70;
    %join;
    %pushi/vec4 19, 0, 8;
    %store/vec4 v0x6207e902ae70_0, 0, 8;
    %fork TD_tb_asyncFifo.writeByte, S_0x6207e902ac70;
    %join;
    %pushi/vec4 20, 0, 8;
    %store/vec4 v0x6207e902ae70_0, 0, 8;
    %fork TD_tb_asyncFifo.writeByte, S_0x6207e902ac70;
    %join;
    %pushi/vec4 21, 0, 8;
    %store/vec4 v0x6207e902ae70_0, 0, 8;
    %fork TD_tb_asyncFifo.writeByte, S_0x6207e902ac70;
    %join;
    %pushi/vec4 22, 0, 8;
    %store/vec4 v0x6207e902ae70_0, 0, 8;
    %fork TD_tb_asyncFifo.writeByte, S_0x6207e902ac70;
    %join;
    %pushi/vec4 23, 0, 8;
    %store/vec4 v0x6207e902ae70_0, 0, 8;
    %fork TD_tb_asyncFifo.writeByte, S_0x6207e902ac70;
    %join;
    %pushi/vec4 24, 0, 8;
    %store/vec4 v0x6207e902ae70_0, 0, 8;
    %fork TD_tb_asyncFifo.writeByte, S_0x6207e902ac70;
    %join;
    %pushi/vec4 25, 0, 8;
    %store/vec4 v0x6207e902ae70_0, 0, 8;
    %fork TD_tb_asyncFifo.writeByte, S_0x6207e902ac70;
    %join;
    %pushi/vec4 26, 0, 8;
    %store/vec4 v0x6207e902ae70_0, 0, 8;
    %fork TD_tb_asyncFifo.writeByte, S_0x6207e902ac70;
    %join;
    %pushi/vec4 27, 0, 8;
    %store/vec4 v0x6207e902ae70_0, 0, 8;
    %fork TD_tb_asyncFifo.writeByte, S_0x6207e902ac70;
    %join;
    %pushi/vec4 28, 0, 8;
    %store/vec4 v0x6207e902ae70_0, 0, 8;
    %fork TD_tb_asyncFifo.writeByte, S_0x6207e902ac70;
    %join;
    %pushi/vec4 29, 0, 8;
    %store/vec4 v0x6207e902ae70_0, 0, 8;
    %fork TD_tb_asyncFifo.writeByte, S_0x6207e902ac70;
    %join;
    %pushi/vec4 30, 0, 8;
    %store/vec4 v0x6207e902ae70_0, 0, 8;
    %fork TD_tb_asyncFifo.writeByte, S_0x6207e902ac70;
    %join;
    %pushi/vec4 31, 0, 8;
    %store/vec4 v0x6207e902ae70_0, 0, 8;
    %fork TD_tb_asyncFifo.writeByte, S_0x6207e902ac70;
    %join;
    %end;
t_5 ;
    %pushi/vec4 20, 0, 32;
T_7.4 %dup/vec4;
    %pushi/vec4 0, 0, 32;
    %cmp/s;
    %jmp/1xz T_7.5, 5;
    %jmp/1 T_7.5, 4;
    %pushi/vec4 1, 0, 32;
    %sub;
    %wait E_0x6207e90091d0;
    %jmp T_7.4;
T_7.5 ;
    %pop/vec4 1;
    %pushi/vec4 16, 0, 8;
    %store/vec4 v0x6207e902ab70_0, 0, 8;
    %fork TD_tb_asyncFifo.readByteExpect, S_0x6207e902a980;
    %join;
    %pushi/vec4 17, 0, 8;
    %store/vec4 v0x6207e902ab70_0, 0, 8;
    %fork TD_tb_asyncFifo.readByteExpect, S_0x6207e902a980;
    %join;
    %pushi/vec4 18, 0, 8;
    %store/vec4 v0x6207e902ab70_0, 0, 8;
    %fork TD_tb_asyncFifo.readByteExpect, S_0x6207e902a980;
    %join;
    %pushi/vec4 19, 0, 8;
    %store/vec4 v0x6207e902ab70_0, 0, 8;
    %fork TD_tb_asyncFifo.readByteExpect, S_0x6207e902a980;
    %join;
    %pushi/vec4 20, 0, 8;
    %store/vec4 v0x6207e902ab70_0, 0, 8;
    %fork TD_tb_asyncFifo.readByteExpect, S_0x6207e902a980;
    %join;
    %pushi/vec4 21, 0, 8;
    %store/vec4 v0x6207e902ab70_0, 0, 8;
    %fork TD_tb_asyncFifo.readByteExpect, S_0x6207e902a980;
    %join;
    %pushi/vec4 22, 0, 8;
    %store/vec4 v0x6207e902ab70_0, 0, 8;
    %fork TD_tb_asyncFifo.readByteExpect, S_0x6207e902a980;
    %join;
    %pushi/vec4 23, 0, 8;
    %store/vec4 v0x6207e902ab70_0, 0, 8;
    %fork TD_tb_asyncFifo.readByteExpect, S_0x6207e902a980;
    %join;
    %pushi/vec4 24, 0, 8;
    %store/vec4 v0x6207e902ab70_0, 0, 8;
    %fork TD_tb_asyncFifo.readByteExpect, S_0x6207e902a980;
    %join;
    %pushi/vec4 25, 0, 8;
    %store/vec4 v0x6207e902ab70_0, 0, 8;
    %fork TD_tb_asyncFifo.readByteExpect, S_0x6207e902a980;
    %join;
    %pushi/vec4 26, 0, 8;
    %store/vec4 v0x6207e902ab70_0, 0, 8;
    %fork TD_tb_asyncFifo.readByteExpect, S_0x6207e902a980;
    %join;
    %pushi/vec4 27, 0, 8;
    %store/vec4 v0x6207e902ab70_0, 0, 8;
    %fork TD_tb_asyncFifo.readByteExpect, S_0x6207e902a980;
    %join;
    %pushi/vec4 28, 0, 8;
    %store/vec4 v0x6207e902ab70_0, 0, 8;
    %fork TD_tb_asyncFifo.readByteExpect, S_0x6207e902a980;
    %join;
    %pushi/vec4 29, 0, 8;
    %store/vec4 v0x6207e902ab70_0, 0, 8;
    %fork TD_tb_asyncFifo.readByteExpect, S_0x6207e902a980;
    %join;
    %pushi/vec4 30, 0, 8;
    %store/vec4 v0x6207e902ab70_0, 0, 8;
    %fork TD_tb_asyncFifo.readByteExpect, S_0x6207e902a980;
    %join;
    %pushi/vec4 31, 0, 8;
    %store/vec4 v0x6207e902ab70_0, 0, 8;
    %fork TD_tb_asyncFifo.readByteExpect, S_0x6207e902a980;
    %join;
    %end;
    .scope S_0x6207e8ff4b50;
t_3 ;
    %pushi/vec4 10, 0, 32;
T_7.6 %dup/vec4;
    %pushi/vec4 0, 0, 32;
    %cmp/s;
    %jmp/1xz T_7.7, 5;
    %jmp/1 T_7.7, 4;
    %pushi/vec4 1, 0, 32;
    %sub;
    %wait E_0x6207e90091d0;
    %jmp T_7.6;
T_7.7 ;
    %pop/vec4 1;
    %load/vec4 v0x6207e902b030_0;
    %cmpi/e 0, 0, 32;
    %jmp/0xz  T_7.8, 4;
    %vpi_call/w 3 181 "$display", "ASYNC FIFO TEST PASSED" {0 0 0};
    %jmp T_7.9;
T_7.8 ;
    %vpi_call/w 3 183 "$display", "ASYNC FIFO TEST FAILED with %0d error(s)", v0x6207e902b030_0 {0 0 0};
T_7.9 ;
    %vpi_call/w 3 186 "$finish" {0 0 0};
    %end;
    .thread T_7;
# The file index is used to find the file name in the following table.
:file_names 5;
    "N/A";
    "<interactive>";
    "-";
    "sim/tb_asyncFifo.sv";
    "asyncFifo/src/asyncFifo.sv";
