#! /usr/bin/vvp
:ivl_version "12.0 (stable)";
:ivl_delay_selection "TYPICAL";
:vpi_time_precision - 12;
:vpi_module "/usr/lib/x86_64-linux-gnu/ivl/system.vpi";
:vpi_module "/usr/lib/x86_64-linux-gnu/ivl/vhdl_sys.vpi";
:vpi_module "/usr/lib/x86_64-linux-gnu/ivl/vhdl_textio.vpi";
:vpi_module "/usr/lib/x86_64-linux-gnu/ivl/v2005_math.vpi";
:vpi_module "/usr/lib/x86_64-linux-gnu/ivl/va_math.vpi";
:vpi_module "/usr/lib/x86_64-linux-gnu/ivl/v2009.vpi";
S_0x5e05171e9f50 .scope package, "$unit" "$unit" 2 1;
 .timescale 0 0;
S_0x5e0517201b60 .scope module, "tb_firFilter" "tb_firFilter" 3 3;
 .timescale -9 -12;
v0x5e0517222ec0_0 .net "outputValid", 0 0, v0x5e0517221bf0_0;  1 drivers
v0x5e0517222f80_0 .var/s "sampleIn", 7 0;
v0x5e0517223020_0 .net/s "sampleOut", 15 0, v0x5e0517222490_0;  1 drivers
v0x5e05172230c0_0 .var "sampleValid", 0 0;
v0x5e0517223160_0 .var "sys_clk", 0 0;
v0x5e0517223250_0 .var "sys_rst_n", 0 0;
E_0x5e05171fb450 .event posedge, v0x5e0517222630_0;
S_0x5e0517201cf0 .scope module, "dut" "firFilter" 3 14, 4 6 0, S_0x5e0517201b60;
 .timescale 0 0;
    .port_info 0 /INPUT 1 "sys_clk";
    .port_info 1 /INPUT 1 "sys_rst_n";
    .port_info 2 /INPUT 1 "sampleValid";
    .port_info 3 /INPUT 8 "sampleIn";
    .port_info 4 /OUTPUT 1 "outputValid";
    .port_info 5 /OUTPUT 16 "sampleOut";
P_0x5e0517206e30 .param/l "C0" 1 4 18, +C4<00000100>;
P_0x5e0517206e70 .param/l "C1" 1 4 19, +C4<00000100>;
P_0x5e0517206eb0 .param/l "C2" 1 4 20, +C4<00000100>;
P_0x5e0517206ef0 .param/l "C3" 1 4 21, +C4<00000100>;
v0x5e05171c0490_0 .net/s *"_ivl_0", 15 0, L_0x5e0517223320;  1 drivers
v0x5e0517221220_0 .net/s *"_ivl_12", 15 0, L_0x5e0517233840;  1 drivers
L_0x7df23b8ce0a8 .functor BUFT 1, C4<0000000000000100>, C4<0>, C4<0>, C4<0>;
v0x5e0517221300_0 .net/2s *"_ivl_14", 15 0, L_0x7df23b8ce0a8;  1 drivers
v0x5e05172213c0_0 .net/s *"_ivl_18", 15 0, L_0x5e0517233af0;  1 drivers
L_0x7df23b8ce018 .functor BUFT 1, C4<0000000000000100>, C4<0>, C4<0>, C4<0>;
v0x5e05172214a0_0 .net/2s *"_ivl_2", 15 0, L_0x7df23b8ce018;  1 drivers
L_0x7df23b8ce0f0 .functor BUFT 1, C4<0000000000000100>, C4<0>, C4<0>, C4<0>;
v0x5e05172215d0_0 .net/2s *"_ivl_20", 15 0, L_0x7df23b8ce0f0;  1 drivers
v0x5e05172216b0_0 .net *"_ivl_26", 11 0, L_0x5e0517233d50;  1 drivers
v0x5e0517221790_0 .net *"_ivl_30", 11 0, L_0x5e0517233f90;  1 drivers
v0x5e0517221870_0 .net *"_ivl_34", 11 0, L_0x5e0517234190;  1 drivers
v0x5e0517221950_0 .net *"_ivl_38", 11 0, L_0x5e05172343f0;  1 drivers
v0x5e0517221a30_0 .net/s *"_ivl_6", 15 0, L_0x5e05172335d0;  1 drivers
L_0x7df23b8ce060 .functor BUFT 1, C4<0000000000000100>, C4<0>, C4<0>, C4<0>;
v0x5e0517221b10_0 .net/2s *"_ivl_8", 15 0, L_0x7df23b8ce060;  1 drivers
v0x5e0517221bf0_0 .var "outputValid", 0 0;
v0x5e0517221cb0_0 .net/s "p0", 15 0, L_0x5e0517233e40;  1 drivers
v0x5e0517221d90_0 .net/s "p0Raw", 15 0, L_0x5e0517233460;  1 drivers
v0x5e0517221e70_0 .net/s "p1", 15 0, L_0x5e0517234030;  1 drivers
v0x5e0517221f50_0 .net/s "p1Raw", 15 0, L_0x5e05172336a0;  1 drivers
v0x5e0517222030_0 .net/s "p2", 15 0, L_0x5e0517234280;  1 drivers
v0x5e0517222110_0 .net/s "p2Raw", 15 0, L_0x5e0517233940;  1 drivers
v0x5e05172221f0_0 .net/s "p3", 15 0, L_0x5e05172344e0;  1 drivers
v0x5e05172222d0_0 .net/s "p3Raw", 15 0, L_0x5e0517233b90;  1 drivers
v0x5e05172223b0_0 .net/s "sampleIn", 7 0, v0x5e0517222f80_0;  1 drivers
v0x5e0517222490_0 .var/s "sampleOut", 15 0;
v0x5e0517222570_0 .net "sampleValid", 0 0, v0x5e05172230c0_0;  1 drivers
v0x5e0517222630_0 .net "sys_clk", 0 0, v0x5e0517223160_0;  1 drivers
v0x5e05172226f0_0 .net "sys_rst_n", 0 0, v0x5e0517223250_0;  1 drivers
v0x5e05172227b0_0 .var/s "x0", 7 0;
v0x5e0517222890_0 .var/s "x1", 7 0;
v0x5e0517222970_0 .var/s "x2", 7 0;
v0x5e0517222a50_0 .var/s "x3", 7 0;
E_0x5e05171fbb30/0 .event negedge, v0x5e05172226f0_0;
E_0x5e05171fbb30/1 .event posedge, v0x5e0517222630_0;
E_0x5e05171fbb30 .event/or E_0x5e05171fbb30/0, E_0x5e05171fbb30/1;
L_0x5e0517223320 .extend/s 16, v0x5e05172227b0_0;
L_0x5e0517233460 .arith/mult 16, L_0x5e0517223320, L_0x7df23b8ce018;
L_0x5e05172335d0 .extend/s 16, v0x5e0517222890_0;
L_0x5e05172336a0 .arith/mult 16, L_0x5e05172335d0, L_0x7df23b8ce060;
L_0x5e0517233840 .extend/s 16, v0x5e0517222970_0;
L_0x5e0517233940 .arith/mult 16, L_0x5e0517233840, L_0x7df23b8ce0a8;
L_0x5e0517233af0 .extend/s 16, v0x5e0517222a50_0;
L_0x5e0517233b90 .arith/mult 16, L_0x5e0517233af0, L_0x7df23b8ce0f0;
L_0x5e0517233d50 .part L_0x5e0517233460, 4, 12;
L_0x5e0517233e40 .extend/s 16, L_0x5e0517233d50;
L_0x5e0517233f90 .part L_0x5e05172336a0, 4, 12;
L_0x5e0517234030 .extend/s 16, L_0x5e0517233f90;
L_0x5e0517234190 .part L_0x5e0517233940, 4, 12;
L_0x5e0517234280 .extend/s 16, L_0x5e0517234190;
L_0x5e05172343f0 .part L_0x5e0517233b90, 4, 12;
L_0x5e05172344e0 .extend/s 16, L_0x5e05172343f0;
S_0x5e0517222bf0 .scope task, "sendSample" "sendSample" 3 28, 3 28 0, S_0x5e0517201b60;
 .timescale -9 -12;
v0x5e0517222dc0_0 .var/s "inputSample", 7 0;
E_0x5e05171fb7c0 .event negedge, v0x5e0517222630_0;
TD_tb_firFilter.sendSample ;
    %wait E_0x5e05171fb7c0;
    %load/vec4 v0x5e0517222dc0_0;
    %store/vec4 v0x5e0517222f80_0, 0, 8;
    %pushi/vec4 1, 0, 1;
    %store/vec4 v0x5e05172230c0_0, 0, 1;
    %wait E_0x5e05171fb7c0;
    %pushi/vec4 0, 0, 1;
    %store/vec4 v0x5e05172230c0_0, 0, 1;
    %pushi/vec4 0, 0, 8;
    %store/vec4 v0x5e0517222f80_0, 0, 8;
    %end;
    .scope S_0x5e0517201cf0;
T_1 ;
    %wait E_0x5e05171fbb30;
    %load/vec4 v0x5e05172226f0_0;
    %nor/r;
    %flag_set/vec4 8;
    %jmp/0xz  T_1.0, 8;
    %pushi/vec4 0, 0, 8;
    %assign/vec4 v0x5e05172227b0_0, 0;
    %pushi/vec4 0, 0, 8;
    %assign/vec4 v0x5e0517222890_0, 0;
    %pushi/vec4 0, 0, 8;
    %assign/vec4 v0x5e0517222970_0, 0;
    %pushi/vec4 0, 0, 8;
    %assign/vec4 v0x5e0517222a50_0, 0;
    %pushi/vec4 0, 0, 1;
    %assign/vec4 v0x5e0517221bf0_0, 0;
    %pushi/vec4 0, 0, 16;
    %assign/vec4 v0x5e0517222490_0, 0;
    %jmp T_1.1;
T_1.0 ;
    %pushi/vec4 0, 0, 1;
    %assign/vec4 v0x5e0517221bf0_0, 0;
    %load/vec4 v0x5e0517222570_0;
    %flag_set/vec4 8;
    %jmp/0xz  T_1.2, 8;
    %load/vec4 v0x5e0517222970_0;
    %assign/vec4 v0x5e0517222a50_0, 0;
    %load/vec4 v0x5e0517222890_0;
    %assign/vec4 v0x5e0517222970_0, 0;
    %load/vec4 v0x5e05172227b0_0;
    %assign/vec4 v0x5e0517222890_0, 0;
    %load/vec4 v0x5e05172223b0_0;
    %assign/vec4 v0x5e05172227b0_0, 0;
    %load/vec4 v0x5e05172223b0_0;
    %pad/s 16;
    %muli 4, 0, 16;
    %ix/load 4, 4, 0;
    %flag_set/imm 4, 0;
    %shiftr/s 4;
    %load/vec4 v0x5e0517221cb0_0;
    %add;
    %load/vec4 v0x5e0517221e70_0;
    %add;
    %load/vec4 v0x5e0517222030_0;
    %add;
    %assign/vec4 v0x5e0517222490_0, 0;
    %pushi/vec4 1, 0, 1;
    %assign/vec4 v0x5e0517221bf0_0, 0;
T_1.2 ;
T_1.1 ;
    %jmp T_1;
    .thread T_1;
    .scope S_0x5e0517201b60;
T_2 ;
    %pushi/vec4 0, 0, 1;
    %store/vec4 v0x5e0517223160_0, 0, 1;
T_2.0 ;
    %delay 18518, 0;
    %load/vec4 v0x5e0517223160_0;
    %inv;
    %store/vec4 v0x5e0517223160_0, 0, 1;
    %jmp T_2.0;
    %end;
    .thread T_2;
    .scope S_0x5e0517201b60;
T_3 ;
    %vpi_call/w 3 41 "$dumpfile", "sim/tb_firFilter.vcd" {0 0 0};
    %vpi_call/w 3 42 "$dumpvars", 32'sb00000000000000000000000000000000, S_0x5e0517201b60 {0 0 0};
    %pushi/vec4 0, 0, 1;
    %store/vec4 v0x5e0517223250_0, 0, 1;
    %pushi/vec4 0, 0, 1;
    %store/vec4 v0x5e05172230c0_0, 0, 1;
    %pushi/vec4 0, 0, 8;
    %store/vec4 v0x5e0517222f80_0, 0, 8;
    %delay 200000, 0;
    %pushi/vec4 1, 0, 1;
    %store/vec4 v0x5e0517223250_0, 0, 1;
    %pushi/vec4 64, 0, 8;
    %store/vec4 v0x5e0517222dc0_0, 0, 8;
    %fork TD_tb_firFilter.sendSample, S_0x5e0517222bf0;
    %join;
    %pushi/vec4 64, 0, 8;
    %store/vec4 v0x5e0517222dc0_0, 0, 8;
    %fork TD_tb_firFilter.sendSample, S_0x5e0517222bf0;
    %join;
    %pushi/vec4 64, 0, 8;
    %store/vec4 v0x5e0517222dc0_0, 0, 8;
    %fork TD_tb_firFilter.sendSample, S_0x5e0517222bf0;
    %join;
    %pushi/vec4 64, 0, 8;
    %store/vec4 v0x5e0517222dc0_0, 0, 8;
    %fork TD_tb_firFilter.sendSample, S_0x5e0517222bf0;
    %join;
    %pushi/vec4 64, 0, 8;
    %store/vec4 v0x5e0517222dc0_0, 0, 8;
    %fork TD_tb_firFilter.sendSample, S_0x5e0517222bf0;
    %join;
    %pushi/vec4 0, 0, 8;
    %store/vec4 v0x5e0517222dc0_0, 0, 8;
    %fork TD_tb_firFilter.sendSample, S_0x5e0517222bf0;
    %join;
    %pushi/vec4 0, 0, 8;
    %store/vec4 v0x5e0517222dc0_0, 0, 8;
    %fork TD_tb_firFilter.sendSample, S_0x5e0517222bf0;
    %join;
    %pushi/vec4 0, 0, 8;
    %store/vec4 v0x5e0517222dc0_0, 0, 8;
    %fork TD_tb_firFilter.sendSample, S_0x5e0517222bf0;
    %join;
    %pushi/vec4 0, 0, 8;
    %store/vec4 v0x5e0517222dc0_0, 0, 8;
    %fork TD_tb_firFilter.sendSample, S_0x5e0517222bf0;
    %join;
    %pushi/vec4 192, 0, 8;
    %store/vec4 v0x5e0517222dc0_0, 0, 8;
    %fork TD_tb_firFilter.sendSample, S_0x5e0517222bf0;
    %join;
    %pushi/vec4 192, 0, 8;
    %store/vec4 v0x5e0517222dc0_0, 0, 8;
    %fork TD_tb_firFilter.sendSample, S_0x5e0517222bf0;
    %join;
    %pushi/vec4 192, 0, 8;
    %store/vec4 v0x5e0517222dc0_0, 0, 8;
    %fork TD_tb_firFilter.sendSample, S_0x5e0517222bf0;
    %join;
    %pushi/vec4 192, 0, 8;
    %store/vec4 v0x5e0517222dc0_0, 0, 8;
    %fork TD_tb_firFilter.sendSample, S_0x5e0517222bf0;
    %join;
    %pushi/vec4 4, 0, 32;
T_3.0 %dup/vec4;
    %pushi/vec4 0, 0, 32;
    %cmp/s;
    %jmp/1xz T_3.1, 5;
    %jmp/1 T_3.1, 4;
    %pushi/vec4 1, 0, 32;
    %sub;
    %wait E_0x5e05171fb450;
    %jmp T_3.0;
T_3.1 ;
    %pop/vec4 1;
    %vpi_call/w 3 90 "$finish" {0 0 0};
    %end;
    .thread T_3;
# The file index is used to find the file name in the following table.
:file_names 5;
    "N/A";
    "<interactive>";
    "-";
    "sim/tb_firFilter.sv";
    "firFilter/src/firFilter.sv";
