#! /usr/bin/vvp
:ivl_version "12.0 (stable)";
:ivl_delay_selection "TYPICAL";
:vpi_time_precision - 12;
:vpi_module "/usr/lib/x86_64-linux-gnu/ivl/system.vpi";
:vpi_module "/usr/lib/x86_64-linux-gnu/ivl/vhdl_sys.vpi";
:vpi_module "/usr/lib/x86_64-linux-gnu/ivl/vhdl_textio.vpi";
:vpi_module "/usr/lib/x86_64-linux-gnu/ivl/v2005_math.vpi";
:vpi_module "/usr/lib/x86_64-linux-gnu/ivl/va_math.vpi";
:vpi_module "/usr/lib/x86_64-linux-gnu/ivl/v2009.vpi";
S_0x62e82fd01890 .scope package, "$unit" "$unit" 2 1;
 .timescale 0 0;
S_0x62e82fd01a20 .scope module, "tb_spiMaster" "tb_spiMaster" 3 3;
 .timescale -9 -12;
v0x62e82fd36a40_0 .net "busy", 0 0, v0x62e82fd35800_0;  1 drivers
v0x62e82fd36b00_0 .net "cs_n", 0 0, v0x62e82fd35980_0;  1 drivers
v0x62e82fd36ba0_0 .net "done", 0 0, v0x62e82fd35a40_0;  1 drivers
v0x62e82fd36ca0_0 .var "miso", 0 0;
v0x62e82fd36d70_0 .net "mosi", 0 0, v0x62e82fd35c10_0;  1 drivers
v0x62e82fd36e60_0 .net "rxData", 7 0, v0x62e82fd35cd0_0;  1 drivers
v0x62e82fd36f30_0 .net "sclk", 0 0, v0x62e82fd35e90_0;  1 drivers
v0x62e82fd37000_0 .var "slaveRxData", 7 0;
v0x62e82fd370a0_0 .var "slaveTxData", 7 0;
v0x62e82fd371d0_0 .var "start", 0 0;
v0x62e82fd372a0_0 .var "sys_clk", 0 0;
v0x62e82fd37370_0 .var "sys_rst_n", 0 0;
v0x62e82fd37440_0 .var "txData", 7 0;
E_0x62e82fcf8f90 .event posedge, v0x62e82fd35980_0;
E_0x62e82fcf8540 .event negedge, v0x62e82fd35980_0;
S_0x62e82fcbd490 .scope begin, "$ivl_for_loop0" "$ivl_for_loop0" 3 56, 3 56 0, S_0x62e82fd01a20;
 .timescale -9 -12;
v0x62e82fd15c10_0 .var/2s "i", 31 0;
E_0x62e82fce2970 .event negedge, v0x62e82fd35e90_0;
E_0x62e82fce27e0 .event posedge, v0x62e82fd35e90_0;
S_0x62e82fd354c0 .scope module, "dut" "spiMaster" 3 22, 4 5 0, S_0x62e82fd01a20;
 .timescale 0 0;
    .port_info 0 /INPUT 1 "sys_clk";
    .port_info 1 /INPUT 1 "sys_rst_n";
    .port_info 2 /INPUT 1 "start";
    .port_info 3 /INPUT 8 "txData";
    .port_info 4 /OUTPUT 8 "rxData";
    .port_info 5 /OUTPUT 1 "busy";
    .port_info 6 /OUTPUT 1 "done";
    .port_info 7 /OUTPUT 1 "sclk";
    .port_info 8 /OUTPUT 1 "mosi";
    .port_info 9 /INPUT 1 "miso";
    .port_info 10 /OUTPUT 1 "cs_n";
P_0x62e82fd356c0 .param/l "CLK_DIV" 1 4 22, +C4<00000000000000000000000000000100>;
enum0x62e82fce2870 .enum4 (2)
   "IDLE" 2'b00,
   "TRANSFER" 2'b01,
   "FINISH" 2'b10
 ;
v0x62e82fd0d570_0 .var "bitIndex", 2 0;
v0x62e82fd35800_0 .var "busy", 0 0;
v0x62e82fd358c0_0 .var "clkCounter", 1 0;
v0x62e82fd35980_0 .var "cs_n", 0 0;
v0x62e82fd35a40_0 .var "done", 0 0;
v0x62e82fd35b50_0 .net "miso", 0 0, v0x62e82fd36ca0_0;  1 drivers
v0x62e82fd35c10_0 .var "mosi", 0 0;
v0x62e82fd35cd0_0 .var "rxData", 7 0;
v0x62e82fd35db0_0 .var "rxShift", 7 0;
v0x62e82fd35e90_0 .var "sclk", 0 0;
v0x62e82fd35f50_0 .net "start", 0 0, v0x62e82fd371d0_0;  1 drivers
v0x62e82fd36010_0 .var "state", 1 0;
v0x62e82fd360f0_0 .net "sys_clk", 0 0, v0x62e82fd372a0_0;  1 drivers
v0x62e82fd361b0_0 .net "sys_rst_n", 0 0, v0x62e82fd37370_0;  1 drivers
v0x62e82fd36270_0 .net "txData", 7 0, v0x62e82fd37440_0;  1 drivers
v0x62e82fd36350_0 .var "txShift", 7 0;
E_0x62e82fce1780/0 .event negedge, v0x62e82fd361b0_0;
E_0x62e82fce1780/1 .event posedge, v0x62e82fd360f0_0;
E_0x62e82fce1780 .event/or E_0x62e82fce1780/0, E_0x62e82fce1780/1;
S_0x62e82fd365f0 .scope task, "startTransfer" "startTransfer" 3 72, 3 72 0, S_0x62e82fd01a20;
 .timescale -9 -12;
v0x62e82fd36860_0 .var "masterByte", 7 0;
v0x62e82fd36960_0 .var "slaveByte", 7 0;
E_0x62e82fd15b40 .event posedge, v0x62e82fd360f0_0;
E_0x62e82fd367a0 .event anyedge, v0x62e82fd35a40_0;
E_0x62e82fd36800 .event negedge, v0x62e82fd360f0_0;
TD_tb_spiMaster.startTransfer ;
    %wait E_0x62e82fd36800;
    %load/vec4 v0x62e82fd36860_0;
    %store/vec4 v0x62e82fd37440_0, 0, 8;
    %load/vec4 v0x62e82fd36960_0;
    %store/vec4 v0x62e82fd370a0_0, 0, 8;
    %pushi/vec4 0, 0, 8;
    %store/vec4 v0x62e82fd37000_0, 0, 8;
    %pushi/vec4 1, 0, 1;
    %store/vec4 v0x62e82fd371d0_0, 0, 1;
    %wait E_0x62e82fd36800;
    %pushi/vec4 0, 0, 1;
    %store/vec4 v0x62e82fd371d0_0, 0, 1;
T_0.0 ;
    %load/vec4 v0x62e82fd36ba0_0;
    %pushi/vec4 1, 0, 1;
    %cmp/e;
    %flag_get/vec4 4;
    %cmpi/ne 1, 0, 1;
    %jmp/0xz T_0.1, 6;
    %wait E_0x62e82fd367a0;
    %jmp T_0.0;
T_0.1 ;
    %wait E_0x62e82fd15b40;
    %end;
    .scope S_0x62e82fd354c0;
T_1 ;
    %wait E_0x62e82fce1780;
    %load/vec4 v0x62e82fd361b0_0;
    %nor/r;
    %flag_set/vec4 8;
    %jmp/0xz  T_1.0, 8;
    %pushi/vec4 0, 0, 2;
    %assign/vec4 v0x62e82fd36010_0, 0;
    %pushi/vec4 0, 0, 2;
    %assign/vec4 v0x62e82fd358c0_0, 0;
    %pushi/vec4 0, 0, 8;
    %assign/vec4 v0x62e82fd36350_0, 0;
    %pushi/vec4 0, 0, 8;
    %assign/vec4 v0x62e82fd35db0_0, 0;
    %pushi/vec4 0, 0, 3;
    %assign/vec4 v0x62e82fd0d570_0, 0;
    %pushi/vec4 0, 0, 8;
    %assign/vec4 v0x62e82fd35cd0_0, 0;
    %pushi/vec4 0, 0, 1;
    %assign/vec4 v0x62e82fd35800_0, 0;
    %pushi/vec4 0, 0, 1;
    %assign/vec4 v0x62e82fd35a40_0, 0;
    %pushi/vec4 0, 0, 1;
    %assign/vec4 v0x62e82fd35e90_0, 0;
    %pushi/vec4 0, 0, 1;
    %assign/vec4 v0x62e82fd35c10_0, 0;
    %pushi/vec4 1, 0, 1;
    %assign/vec4 v0x62e82fd35980_0, 0;
    %jmp T_1.1;
T_1.0 ;
    %pushi/vec4 0, 0, 1;
    %assign/vec4 v0x62e82fd35a40_0, 0;
    %load/vec4 v0x62e82fd36010_0;
    %dup/vec4;
    %pushi/vec4 0, 0, 2;
    %cmp/u;
    %jmp/1 T_1.2, 6;
    %dup/vec4;
    %pushi/vec4 1, 0, 2;
    %cmp/u;
    %jmp/1 T_1.3, 6;
    %dup/vec4;
    %pushi/vec4 2, 0, 2;
    %cmp/u;
    %jmp/1 T_1.4, 6;
    %pushi/vec4 0, 0, 2;
    %assign/vec4 v0x62e82fd36010_0, 0;
    %jmp T_1.6;
T_1.2 ;
    %pushi/vec4 0, 0, 1;
    %assign/vec4 v0x62e82fd35800_0, 0;
    %pushi/vec4 0, 0, 1;
    %assign/vec4 v0x62e82fd35e90_0, 0;
    %pushi/vec4 1, 0, 1;
    %assign/vec4 v0x62e82fd35980_0, 0;
    %pushi/vec4 0, 0, 2;
    %assign/vec4 v0x62e82fd358c0_0, 0;
    %load/vec4 v0x62e82fd35f50_0;
    %flag_set/vec4 8;
    %jmp/0xz  T_1.7, 8;
    %load/vec4 v0x62e82fd36270_0;
    %assign/vec4 v0x62e82fd36350_0, 0;
    %pushi/vec4 0, 0, 8;
    %assign/vec4 v0x62e82fd35db0_0, 0;
    %load/vec4 v0x62e82fd36270_0;
    %parti/s 1, 7, 4;
    %assign/vec4 v0x62e82fd35c10_0, 0;
    %pushi/vec4 7, 0, 3;
    %assign/vec4 v0x62e82fd0d570_0, 0;
    %pushi/vec4 1, 0, 1;
    %assign/vec4 v0x62e82fd35800_0, 0;
    %pushi/vec4 0, 0, 1;
    %assign/vec4 v0x62e82fd35980_0, 0;
    %pushi/vec4 1, 0, 2;
    %assign/vec4 v0x62e82fd36010_0, 0;
T_1.7 ;
    %jmp T_1.6;
T_1.3 ;
    %pushi/vec4 1, 0, 1;
    %assign/vec4 v0x62e82fd35800_0, 0;
    %pushi/vec4 0, 0, 1;
    %assign/vec4 v0x62e82fd35980_0, 0;
    %load/vec4 v0x62e82fd358c0_0;
    %pad/u 32;
    %cmpi/e 3, 0, 32;
    %jmp/0xz  T_1.9, 4;
    %pushi/vec4 0, 0, 2;
    %assign/vec4 v0x62e82fd358c0_0, 0;
    %load/vec4 v0x62e82fd35e90_0;
    %inv;
    %assign/vec4 v0x62e82fd35e90_0, 0;
    %load/vec4 v0x62e82fd35e90_0;
    %cmpi/e 0, 0, 1;
    %jmp/0xz  T_1.11, 4;
    %load/vec4 v0x62e82fd35b50_0;
    %ix/load 5, 0, 0;
    %ix/getv 4, v0x62e82fd0d570_0;
    %assign/vec4/off/d v0x62e82fd35db0_0, 4, 5;
    %jmp T_1.12;
T_1.11 ;
    %load/vec4 v0x62e82fd0d570_0;
    %cmpi/e 0, 0, 3;
    %jmp/0xz  T_1.13, 4;
    %pushi/vec4 2, 0, 2;
    %assign/vec4 v0x62e82fd36010_0, 0;
    %jmp T_1.14;
T_1.13 ;
    %load/vec4 v0x62e82fd0d570_0;
    %subi 1, 0, 3;
    %assign/vec4 v0x62e82fd0d570_0, 0;
    %load/vec4 v0x62e82fd36350_0;
    %load/vec4 v0x62e82fd0d570_0;
    %subi 1, 0, 3;
    %part/u 1;
    %assign/vec4 v0x62e82fd35c10_0, 0;
T_1.14 ;
T_1.12 ;
    %jmp T_1.10;
T_1.9 ;
    %load/vec4 v0x62e82fd358c0_0;
    %addi 1, 0, 2;
    %assign/vec4 v0x62e82fd358c0_0, 0;
T_1.10 ;
    %jmp T_1.6;
T_1.4 ;
    %pushi/vec4 1, 0, 1;
    %assign/vec4 v0x62e82fd35980_0, 0;
    %pushi/vec4 0, 0, 1;
    %assign/vec4 v0x62e82fd35e90_0, 0;
    %pushi/vec4 0, 0, 1;
    %assign/vec4 v0x62e82fd35800_0, 0;
    %load/vec4 v0x62e82fd35db0_0;
    %assign/vec4 v0x62e82fd35cd0_0, 0;
    %pushi/vec4 1, 0, 1;
    %assign/vec4 v0x62e82fd35a40_0, 0;
    %pushi/vec4 0, 0, 2;
    %assign/vec4 v0x62e82fd36010_0, 0;
    %jmp T_1.6;
T_1.6 ;
    %pop/vec4 1;
T_1.1 ;
    %jmp T_1;
    .thread T_1;
    .scope S_0x62e82fd01a20;
T_2 ;
    %pushi/vec4 0, 0, 1;
    %store/vec4 v0x62e82fd372a0_0, 0, 1;
T_2.0 ;
    %delay 18518, 0;
    %load/vec4 v0x62e82fd372a0_0;
    %inv;
    %store/vec4 v0x62e82fd372a0_0, 0, 1;
    %jmp T_2.0;
    %end;
    .thread T_2;
    .scope S_0x62e82fd01a20;
T_3 ;
    %pushi/vec4 0, 0, 1;
    %store/vec4 v0x62e82fd36ca0_0, 0, 1;
    %pushi/vec4 60, 0, 8;
    %store/vec4 v0x62e82fd370a0_0, 0, 8;
    %pushi/vec4 0, 0, 8;
    %store/vec4 v0x62e82fd37000_0, 0, 8;
T_3.0 ;
    %wait E_0x62e82fcf8540;
    %load/vec4 v0x62e82fd370a0_0;
    %parti/s 1, 7, 4;
    %store/vec4 v0x62e82fd36ca0_0, 0, 1;
    %fork t_1, S_0x62e82fcbd490;
    %jmp t_0;
    .scope S_0x62e82fcbd490;
t_1 ;
    %pushi/vec4 7, 0, 32;
    %store/vec4 v0x62e82fd15c10_0, 0, 32;
T_3.1 ;
    %load/vec4 v0x62e82fd15c10_0;
    %cmpi/s 0, 0, 32;
    %flag_inv 5; GE is !LT
    %jmp/0xz T_3.2, 5;
    %wait E_0x62e82fce27e0;
    %load/vec4 v0x62e82fd36d70_0;
    %ix/getv/s 4, v0x62e82fd15c10_0;
    %store/vec4 v0x62e82fd37000_0, 4, 1;
    %load/vec4 v0x62e82fd15c10_0;
    %cmpi/ne 0, 0, 32;
    %jmp/0xz  T_3.3, 4;
    %wait E_0x62e82fce2970;
    %load/vec4 v0x62e82fd370a0_0;
    %load/vec4 v0x62e82fd15c10_0;
    %subi 1, 0, 32;
    %part/s 1;
    %store/vec4 v0x62e82fd36ca0_0, 0, 1;
T_3.3 ;
    ; show_stmt_assign_vector: Get l-value for compressed -= operand
    %load/vec4 v0x62e82fd15c10_0;
    %pushi/vec4 1, 0, 32;
    %sub;
    %cast2;
    %store/vec4 v0x62e82fd15c10_0, 0, 32;
    %jmp T_3.1;
T_3.2 ;
    %end;
    .scope S_0x62e82fd01a20;
t_0 %join;
    %wait E_0x62e82fcf8f90;
    %pushi/vec4 0, 0, 1;
    %store/vec4 v0x62e82fd36ca0_0, 0, 1;
    %jmp T_3.0;
    %end;
    .thread T_3;
    .scope S_0x62e82fd01a20;
T_4 ;
    %vpi_call/w 3 89 "$dumpfile", "sim/tb_spiMaster.vcd" {0 0 0};
    %vpi_call/w 3 90 "$dumpvars", 32'sb00000000000000000000000000000000, S_0x62e82fd01a20 {0 0 0};
    %pushi/vec4 0, 0, 1;
    %store/vec4 v0x62e82fd37370_0, 0, 1;
    %pushi/vec4 0, 0, 1;
    %store/vec4 v0x62e82fd371d0_0, 0, 1;
    %pushi/vec4 0, 0, 8;
    %store/vec4 v0x62e82fd37440_0, 0, 8;
    %delay 200000, 0;
    %pushi/vec4 1, 0, 1;
    %store/vec4 v0x62e82fd37370_0, 0, 1;
    %pushi/vec4 165, 0, 8;
    %store/vec4 v0x62e82fd36860_0, 0, 8;
    %pushi/vec4 60, 0, 8;
    %store/vec4 v0x62e82fd36960_0, 0, 8;
    %fork TD_tb_spiMaster.startTransfer, S_0x62e82fd365f0;
    %join;
    %pushi/vec4 90, 0, 8;
    %store/vec4 v0x62e82fd36860_0, 0, 8;
    %pushi/vec4 195, 0, 8;
    %store/vec4 v0x62e82fd36960_0, 0, 8;
    %fork TD_tb_spiMaster.startTransfer, S_0x62e82fd365f0;
    %join;
    %pushi/vec4 6, 0, 32;
T_4.0 %dup/vec4;
    %pushi/vec4 0, 0, 32;
    %cmp/s;
    %jmp/1xz T_4.1, 5;
    %jmp/1 T_4.1, 4;
    %pushi/vec4 1, 0, 32;
    %sub;
    %wait E_0x62e82fd15b40;
    %jmp T_4.0;
T_4.1 ;
    %pop/vec4 1;
    %vpi_call/w 3 109 "$finish" {0 0 0};
    %end;
    .thread T_4;
# The file index is used to find the file name in the following table.
:file_names 5;
    "N/A";
    "<interactive>";
    "-";
    "sim/tb_spiMaster.sv";
    "spiMaster/src/spiMaster.sv";
