Reading netlist file: "/home/erayacikgz/Desktop/fpga/1_LedBlink/build/1_LedBlink/impl/gwsynthesis/1_LedBlink.vg"
Parsing netlist file "/home/erayacikgz/Desktop/fpga/1_LedBlink/build/1_LedBlink/impl/gwsynthesis/1_LedBlink.vg" completed
Processing netlist completed
Reading constraint file: "/home/erayacikgz/Desktop/fpga/1_LedBlink/build/1_LedBlink/src/blink.cst"
Physical Constraint parsed completed
Running placement......
[10%] Placement Phase 0 completed
[20%] Placement Phase 1 completed
[30%] Placement Phase 2 completed
WARN  (TA1132) :  'sys_clk' was determined to be a clock but was not created.
[50%] Placement Phase 3 completed
Running routing......
[60%] Routing Phase 0 completed
[70%] Routing Phase 1 completed
[80%] Routing Phase 2 completed
[90%] Routing Phase 3 completed
Running timing analysis......
[95%] Timing analysis completed
Placement and routing completed
Bitstream generation in progress......
Bitstream generation completed
Running power analysis......
[100%] Power analysis completed
Generate file "/home/erayacikgz/Desktop/fpga/1_LedBlink/build/1_LedBlink/impl/pnr/1_LedBlink.power.html" completed
Generate file "/home/erayacikgz/Desktop/fpga/1_LedBlink/build/1_LedBlink/impl/pnr/1_LedBlink.pin.html" completed
Generate file "/home/erayacikgz/Desktop/fpga/1_LedBlink/build/1_LedBlink/impl/pnr/1_LedBlink.rpt.html" completed
Generate file "/home/erayacikgz/Desktop/fpga/1_LedBlink/build/1_LedBlink/impl/pnr/1_LedBlink.rpt.txt" completed
Generate file "/home/erayacikgz/Desktop/fpga/1_LedBlink/build/1_LedBlink/impl/pnr/1_LedBlink.tr.html" completed
Thu Jun 25 23:50:59 2026

