#! /usr/bin/vvp
:ivl_version "12.0 (stable)";
:ivl_delay_selection "TYPICAL";
:vpi_time_precision - 12;
:vpi_module "/usr/lib/x86_64-linux-gnu/ivl/system.vpi";
:vpi_module "/usr/lib/x86_64-linux-gnu/ivl/vhdl_sys.vpi";
:vpi_module "/usr/lib/x86_64-linux-gnu/ivl/vhdl_textio.vpi";
:vpi_module "/usr/lib/x86_64-linux-gnu/ivl/v2005_math.vpi";
:vpi_module "/usr/lib/x86_64-linux-gnu/ivl/va_math.vpi";
:vpi_module "/usr/lib/x86_64-linux-gnu/ivl/v2009.vpi";
S_0x6052eedc2260 .scope package, "$unit" "$unit" 2 1;
 .timescale 0 0;
S_0x6052eedc23f0 .scope module, "tb_saturatingArithmetic" "tb_saturatingArithmetic" 3 3;
 .timescale -9 -12;
v0x6052eede2480_0 .var/s "a", 7 0;
v0x6052eede2540_0 .net/s "addResult", 7 0, v0x6052eede0cc0_0;  1 drivers
v0x6052eede2600_0 .var/s "b", 7 0;
v0x6052eede26a0_0 .net/s "mulResult", 7 0, v0x6052eede17b0_0;  1 drivers
v0x6052eede2740_0 .net/s "subResult", 7 0, v0x6052eede21f0_0;  1 drivers
S_0x6052eedbec80 .scope module, "addInst" "satAdd" 3 12, 4 4 0, S_0x6052eedc23f0;
 .timescale 0 0;
    .port_info 0 /INPUT 8 "a";
    .port_info 1 /INPUT 8 "b";
    .port_info 2 /OUTPUT 8 "result";
P_0x6052eedaf5f0 .param/l "MAX_Q4_4" 1 4 10, +C4<001111111>;
P_0x6052eedaf630 .param/l "MIN_Q4_4" 1 4 11, +C4<110000000>;
v0x6052eedc0810_0 .net/s *"_ivl_0", 8 0, L_0x6052eede2830;  1 drivers
v0x6052eedc41a0_0 .net/s *"_ivl_2", 8 0, L_0x6052eede2990;  1 drivers
v0x6052eede0b20_0 .net/s "a", 7 0, v0x6052eede2480_0;  1 drivers
v0x6052eede0be0_0 .net/s "b", 7 0, v0x6052eede2600_0;  1 drivers
v0x6052eede0cc0_0 .var/s "result", 7 0;
v0x6052eede0df0_0 .net/s "wideSum", 8 0, L_0x6052eede2af0;  1 drivers
E_0x6052eed83a50 .event anyedge, v0x6052eede0df0_0;
L_0x6052eede2830 .extend/s 9, v0x6052eede2480_0;
L_0x6052eede2990 .extend/s 9, v0x6052eede2600_0;
L_0x6052eede2af0 .arith/sum 9, L_0x6052eede2830, L_0x6052eede2990;
S_0x6052eede0f50 .scope module, "mulInst" "satMul" 3 24, 4 59 0, S_0x6052eedc23f0;
 .timescale 0 0;
    .port_info 0 /INPUT 8 "a";
    .port_info 1 /INPUT 8 "b";
    .port_info 2 /OUTPUT 8 "result";
P_0x6052eedb1490 .param/l "MAX_Q4_4" 1 4 65, +C4<0000000001111111>;
P_0x6052eedb14d0 .param/l "MIN_Q4_4" 1 4 66, +C4<1111111110000000>;
v0x6052eede12a0_0 .net/s *"_ivl_0", 15 0, L_0x6052eede2ee0;  1 drivers
v0x6052eede13a0_0 .net/s *"_ivl_2", 15 0, L_0x6052eede2f80;  1 drivers
v0x6052eede1480_0 .net *"_ivl_8", 11 0, L_0x6052eede3190;  1 drivers
v0x6052eede1540_0 .net/s "a", 7 0, v0x6052eede2480_0;  alias, 1 drivers
v0x6052eede1600_0 .net/s "b", 7 0, v0x6052eede2600_0;  alias, 1 drivers
v0x6052eede16f0_0 .net/s "rawProduct", 15 0, L_0x6052eede3020;  1 drivers
v0x6052eede17b0_0 .var/s "result", 7 0;
v0x6052eede1890_0 .net/s "scaledProduct", 15 0, L_0x6052eede32b0;  1 drivers
E_0x6052eed83f00 .event anyedge, v0x6052eede1890_0;
L_0x6052eede2ee0 .extend/s 16, v0x6052eede2480_0;
L_0x6052eede2f80 .extend/s 16, v0x6052eede2600_0;
L_0x6052eede3020 .arith/mult 16, L_0x6052eede2ee0, L_0x6052eede2f80;
L_0x6052eede3190 .part L_0x6052eede3020, 4, 12;
L_0x6052eede32b0 .extend/s 16, L_0x6052eede3190;
S_0x6052eede19f0 .scope module, "subInst" "satSub" 3 18, 4 33 0, S_0x6052eedc23f0;
 .timescale 0 0;
    .port_info 0 /INPUT 8 "a";
    .port_info 1 /INPUT 8 "b";
    .port_info 2 /OUTPUT 8 "result";
P_0x6052eede1c00 .param/l "MAX_Q4_4" 1 4 39, +C4<001111111>;
P_0x6052eede1c40 .param/l "MIN_Q4_4" 1 4 40, +C4<110000000>;
v0x6052eede1e10_0 .net/s *"_ivl_0", 8 0, L_0x6052eede2c30;  1 drivers
v0x6052eede1f10_0 .net/s *"_ivl_2", 8 0, L_0x6052eede2cd0;  1 drivers
v0x6052eede1ff0_0 .net/s "a", 7 0, v0x6052eede2480_0;  alias, 1 drivers
v0x6052eede20e0_0 .net/s "b", 7 0, v0x6052eede2600_0;  alias, 1 drivers
v0x6052eede21f0_0 .var/s "result", 7 0;
v0x6052eede2320_0 .net/s "wideDiff", 8 0, L_0x6052eede2d70;  1 drivers
E_0x6052eedbc9f0 .event anyedge, v0x6052eede2320_0;
L_0x6052eede2c30 .extend/s 9, v0x6052eede2480_0;
L_0x6052eede2cd0 .extend/s 9, v0x6052eede2600_0;
L_0x6052eede2d70 .arith/sub 9, L_0x6052eede2c30, L_0x6052eede2cd0;
    .scope S_0x6052eedbec80;
T_0 ;
Ewait_0 .event/or E_0x6052eed83a50, E_0x0;
    %wait Ewait_0;
    %load/vec4 v0x6052eede0df0_0;
    %cmpi/s 127, 0, 9;
    %flag_or 5, 4; GT is !LE
    %flag_inv 5;
    %jmp/0xz  T_0.0, 5;
    %pushi/vec4 127, 0, 8;
    %store/vec4 v0x6052eede0cc0_0, 0, 8;
    %jmp T_0.1;
T_0.0 ;
    %load/vec4 v0x6052eede0df0_0;
    %cmpi/s 384, 0, 9;
    %jmp/0xz  T_0.2, 5;
    %pushi/vec4 128, 0, 8;
    %store/vec4 v0x6052eede0cc0_0, 0, 8;
    %jmp T_0.3;
T_0.2 ;
    %load/vec4 v0x6052eede0df0_0;
    %pad/s 8;
    %store/vec4 v0x6052eede0cc0_0, 0, 8;
T_0.3 ;
T_0.1 ;
    %jmp T_0;
    .thread T_0, $push;
    .scope S_0x6052eede19f0;
T_1 ;
Ewait_1 .event/or E_0x6052eedbc9f0, E_0x0;
    %wait Ewait_1;
    %load/vec4 v0x6052eede2320_0;
    %cmpi/s 127, 0, 9;
    %flag_or 5, 4; GT is !LE
    %flag_inv 5;
    %jmp/0xz  T_1.0, 5;
    %pushi/vec4 127, 0, 8;
    %store/vec4 v0x6052eede21f0_0, 0, 8;
    %jmp T_1.1;
T_1.0 ;
    %load/vec4 v0x6052eede2320_0;
    %cmpi/s 384, 0, 9;
    %jmp/0xz  T_1.2, 5;
    %pushi/vec4 128, 0, 8;
    %store/vec4 v0x6052eede21f0_0, 0, 8;
    %jmp T_1.3;
T_1.2 ;
    %load/vec4 v0x6052eede2320_0;
    %pad/s 8;
    %store/vec4 v0x6052eede21f0_0, 0, 8;
T_1.3 ;
T_1.1 ;
    %jmp T_1;
    .thread T_1, $push;
    .scope S_0x6052eede0f50;
T_2 ;
Ewait_2 .event/or E_0x6052eed83f00, E_0x0;
    %wait Ewait_2;
    %load/vec4 v0x6052eede1890_0;
    %cmpi/s 127, 0, 16;
    %flag_or 5, 4; GT is !LE
    %flag_inv 5;
    %jmp/0xz  T_2.0, 5;
    %pushi/vec4 127, 0, 8;
    %store/vec4 v0x6052eede17b0_0, 0, 8;
    %jmp T_2.1;
T_2.0 ;
    %load/vec4 v0x6052eede1890_0;
    %cmpi/s 65408, 0, 16;
    %jmp/0xz  T_2.2, 5;
    %pushi/vec4 128, 0, 8;
    %store/vec4 v0x6052eede17b0_0, 0, 8;
    %jmp T_2.3;
T_2.2 ;
    %load/vec4 v0x6052eede1890_0;
    %pad/s 8;
    %store/vec4 v0x6052eede17b0_0, 0, 8;
T_2.3 ;
T_2.1 ;
    %jmp T_2;
    .thread T_2, $push;
    .scope S_0x6052eedc23f0;
T_3 ;
    %vpi_call/w 3 31 "$dumpfile", "sim/tb_saturatingArithmetic.vcd" {0 0 0};
    %vpi_call/w 3 32 "$dumpvars", 32'sb00000000000000000000000000000000, S_0x6052eedc23f0 {0 0 0};
    %pushi/vec4 112, 0, 8;
    %store/vec4 v0x6052eede2480_0, 0, 8;
    %pushi/vec4 32, 0, 8;
    %store/vec4 v0x6052eede2600_0, 0, 8;
    %delay 10000, 0;
    %pushi/vec4 144, 0, 8;
    %store/vec4 v0x6052eede2480_0, 0, 8;
    %pushi/vec4 32, 0, 8;
    %store/vec4 v0x6052eede2600_0, 0, 8;
    %delay 10000, 0;
    %pushi/vec4 32, 0, 8;
    %store/vec4 v0x6052eede2480_0, 0, 8;
    %pushi/vec4 32, 0, 8;
    %store/vec4 v0x6052eede2600_0, 0, 8;
    %delay 10000, 0;
    %pushi/vec4 112, 0, 8;
    %store/vec4 v0x6052eede2480_0, 0, 8;
    %pushi/vec4 32, 0, 8;
    %store/vec4 v0x6052eede2600_0, 0, 8;
    %delay 10000, 0;
    %pushi/vec4 144, 0, 8;
    %store/vec4 v0x6052eede2480_0, 0, 8;
    %pushi/vec4 32, 0, 8;
    %store/vec4 v0x6052eede2600_0, 0, 8;
    %delay 10000, 0;
    %pushi/vec4 16, 0, 8;
    %store/vec4 v0x6052eede2480_0, 0, 8;
    %pushi/vec4 8, 0, 8;
    %store/vec4 v0x6052eede2600_0, 0, 8;
    %delay 10000, 0;
    %pushi/vec4 24, 0, 8;
    %store/vec4 v0x6052eede2480_0, 0, 8;
    %pushi/vec4 8, 0, 8;
    %store/vec4 v0x6052eede2600_0, 0, 8;
    %delay 10000, 0;
    %vpi_call/w 3 69 "$finish" {0 0 0};
    %end;
    .thread T_3;
# The file index is used to find the file name in the following table.
:file_names 5;
    "N/A";
    "<interactive>";
    "-";
    "sim/tb_saturatingArithmetic.sv";
    "saturatingArithmetic/src/saturatingArithmetic.sv";
