#! /usr/bin/vvp
:ivl_version "12.0 (stable)";
:ivl_delay_selection "TYPICAL";
:vpi_time_precision - 12;
:vpi_module "/usr/lib/x86_64-linux-gnu/ivl/system.vpi";
:vpi_module "/usr/lib/x86_64-linux-gnu/ivl/vhdl_sys.vpi";
:vpi_module "/usr/lib/x86_64-linux-gnu/ivl/vhdl_textio.vpi";
:vpi_module "/usr/lib/x86_64-linux-gnu/ivl/v2005_math.vpi";
:vpi_module "/usr/lib/x86_64-linux-gnu/ivl/va_math.vpi";
:vpi_module "/usr/lib/x86_64-linux-gnu/ivl/v2009.vpi";
S_0x61f5a8f9dd90 .scope package, "$unit" "$unit" 2 1;
 .timescale 0 0;
S_0x61f5a8fd3810 .scope module, "tb_tinyCpu" "tb_tinyCpu" 3 3;
 .timescale -9 -12;
P_0x61f5a8fb9dc0 .param/l "OP_ADD" 1 3 13, C4<0001>;
P_0x61f5a8fb9e00 .param/l "OP_ADDI" 1 3 17, C4<0101>;
P_0x61f5a8fb9e40 .param/l "OP_AND" 1 3 15, C4<0011>;
P_0x61f5a8fb9e80 .param/l "OP_HALT" 1 3 21, C4<1111>;
P_0x61f5a8fb9ec0 .param/l "OP_JUMP" 1 3 20, C4<1000>;
P_0x61f5a8fb9f00 .param/l "OP_LOAD" 1 3 18, C4<0110>;
P_0x61f5a8fb9f40 .param/l "OP_NOP" 1 3 12, C4<0000>;
P_0x61f5a8fb9f80 .param/l "OP_OR" 1 3 16, C4<0100>;
P_0x61f5a8fb9fc0 .param/l "OP_STORE" 1 3 19, C4<0111>;
P_0x61f5a8fba000 .param/l "OP_SUB" 1 3 14, C4<0010>;
v0x61f5a9002fa0_0 .net "currentInstruction", 15 0, L_0x61f5a8fdc840;  1 drivers
v0x61f5a9003080_0 .net "debugMem10", 7 0, L_0x61f5a9004de0;  1 drivers
v0x61f5a9003120_0 .net "debugR0", 7 0, L_0x61f5a9004720;  1 drivers
v0x61f5a9003220_0 .net "debugR1", 7 0, L_0x61f5a90047e0;  1 drivers
v0x61f5a90032f0_0 .net "debugR2", 7 0, L_0x61f5a90048a0;  1 drivers
v0x61f5a90033e0_0 .net "debugR3", 7 0, L_0x61f5a9004990;  1 drivers
v0x61f5a90034b0_0 .net "debugR4", 7 0, L_0x61f5a9004a50;  1 drivers
v0x61f5a9003580_0 .net "debugR5", 7 0, L_0x61f5a9004b50;  1 drivers
v0x61f5a9003650_0 .net "debugR6", 7 0, L_0x61f5a9004c10;  1 drivers
v0x61f5a9003720_0 .net "debugR7", 7 0, L_0x61f5a9004d20;  1 drivers
v0x61f5a90037f0_0 .net "halted", 0 0, v0x61f5a90006c0_0;  1 drivers
v0x61f5a90038c0_0 .net "programCounter", 7 0, v0x61f5a9000ae0_0;  1 drivers
v0x61f5a9003990_0 .var "sys_clk", 0 0;
v0x61f5a9003a60_0 .var "sys_rst_n", 0 0;
E_0x61f5a8fc61d0 .event posedge, v0x61f5a90011e0_0;
E_0x61f5a8fc3940 .event anyedge, v0x61f5a90006c0_0;
S_0x61f5a8fd1110 .scope task, "checkRegister" "checkRegister" 3 104, 3 104 0, S_0x61f5a8fd3810;
 .timescale -9 -12;
v0x61f5a8fdc9e0_0 .var "expectedValue", 7 0;
v0x61f5a8ffc4f0_0 .var "regIndex", 2 0;
TD_tb_tinyCpu.checkRegister ;
    %load/vec4 v0x61f5a8ffc4f0_0;
    %pad/u 5;
    %ix/vec4 4;
    %load/vec4a v0x61f5a9000ca0, 4;
    %load/vec4 v0x61f5a8fdc9e0_0;
    %cmp/ne;
    %jmp/0xz  T_0.0, 6;
    %load/vec4 v0x61f5a8ffc4f0_0;
    %pad/u 5;
    %ix/vec4 4;
    %load/vec4a v0x61f5a9000ca0, 4;
    %load/vec4 v0x61f5a8ffc4f0_0;
    %pad/u 5;
    %ix/vec4 4;
    %load/vec4a v0x61f5a9000ca0, 4;
    %vpi_call/w 3 107 "$display", "ERROR: r%0d expected %0d / 0x%02h, got %0d / 0x%02h", v0x61f5a8ffc4f0_0, v0x61f5a8fdc9e0_0, v0x61f5a8fdc9e0_0, S<1,vec4,u8>, S<0,vec4,u8> {2 0 0};
    %jmp T_0.1;
T_0.0 ;
    %load/vec4 v0x61f5a8ffc4f0_0;
    %pad/u 5;
    %ix/vec4 4;
    %load/vec4a v0x61f5a9000ca0, 4;
    %load/vec4 v0x61f5a8ffc4f0_0;
    %pad/u 5;
    %ix/vec4 4;
    %load/vec4a v0x61f5a9000ca0, 4;
    %vpi_call/w 3 110 "$display", "PASS: r%0d = %0d / 0x%02h", v0x61f5a8ffc4f0_0, S<1,vec4,u8>, S<0,vec4,u8> {2 0 0};
T_0.1 ;
    %end;
S_0x61f5a8ffc5d0 .scope module, "dut" "tinyCpu" 3 33, 4 3 0, S_0x61f5a8fd3810;
 .timescale 0 0;
    .port_info 0 /INPUT 1 "sys_clk";
    .port_info 1 /INPUT 1 "sys_rst_n";
    .port_info 2 /OUTPUT 1 "halted";
    .port_info 3 /OUTPUT 8 "programCounter";
    .port_info 4 /OUTPUT 16 "currentInstruction";
    .port_info 5 /OUTPUT 8 "debugR0";
    .port_info 6 /OUTPUT 8 "debugR1";
    .port_info 7 /OUTPUT 8 "debugR2";
    .port_info 8 /OUTPUT 8 "debugR3";
    .port_info 9 /OUTPUT 8 "debugR4";
    .port_info 10 /OUTPUT 8 "debugR5";
    .port_info 11 /OUTPUT 8 "debugR6";
    .port_info 12 /OUTPUT 8 "debugR7";
    .port_info 13 /OUTPUT 8 "debugMem10";
P_0x61f5a8ffc780 .param/l "OP_ADD" 1 4 24, C4<0001>;
P_0x61f5a8ffc7c0 .param/l "OP_ADDI" 1 4 28, C4<0101>;
P_0x61f5a8ffc800 .param/l "OP_AND" 1 4 26, C4<0011>;
P_0x61f5a8ffc840 .param/l "OP_HALT" 1 4 32, C4<1111>;
P_0x61f5a8ffc880 .param/l "OP_JUMP" 1 4 31, C4<1000>;
P_0x61f5a8ffc8c0 .param/l "OP_LOAD" 1 4 29, C4<0110>;
P_0x61f5a8ffc900 .param/l "OP_NOP" 1 4 23, C4<0000>;
P_0x61f5a8ffc940 .param/l "OP_OR" 1 4 27, C4<0100>;
P_0x61f5a8ffc980 .param/l "OP_STORE" 1 4 30, C4<0111>;
P_0x61f5a8ffc9c0 .param/l "OP_SUB" 1 4 25, C4<0010>;
L_0x61f5a8fdc840 .functor BUFZ 16, L_0x61f5a9003c00, C4<0000000000000000>, C4<0000000000000000>, C4<0000000000000000>;
v0x61f5a9000ca0_0 .array/port v0x61f5a9000ca0, 0;
L_0x61f5a9004720 .functor BUFZ 8, v0x61f5a9000ca0_0, C4<00000000>, C4<00000000>, C4<00000000>;
v0x61f5a9000ca0_1 .array/port v0x61f5a9000ca0, 1;
L_0x61f5a90047e0 .functor BUFZ 8, v0x61f5a9000ca0_1, C4<00000000>, C4<00000000>, C4<00000000>;
v0x61f5a9000ca0_2 .array/port v0x61f5a9000ca0, 2;
L_0x61f5a90048a0 .functor BUFZ 8, v0x61f5a9000ca0_2, C4<00000000>, C4<00000000>, C4<00000000>;
v0x61f5a9000ca0_3 .array/port v0x61f5a9000ca0, 3;
L_0x61f5a9004990 .functor BUFZ 8, v0x61f5a9000ca0_3, C4<00000000>, C4<00000000>, C4<00000000>;
v0x61f5a9000ca0_4 .array/port v0x61f5a9000ca0, 4;
L_0x61f5a9004a50 .functor BUFZ 8, v0x61f5a9000ca0_4, C4<00000000>, C4<00000000>, C4<00000000>;
v0x61f5a9000ca0_5 .array/port v0x61f5a9000ca0, 5;
L_0x61f5a9004b50 .functor BUFZ 8, v0x61f5a9000ca0_5, C4<00000000>, C4<00000000>, C4<00000000>;
v0x61f5a9000ca0_6 .array/port v0x61f5a9000ca0, 6;
L_0x61f5a9004c10 .functor BUFZ 8, v0x61f5a9000ca0_6, C4<00000000>, C4<00000000>, C4<00000000>;
v0x61f5a9000ca0_7 .array/port v0x61f5a9000ca0, 7;
L_0x61f5a9004d20 .functor BUFZ 8, v0x61f5a9000ca0_7, C4<00000000>, C4<00000000>, C4<00000000>;
v0x61f5a8ffd610_16 .array/port v0x61f5a8ffd610, 16;
L_0x61f5a9004de0 .functor BUFZ 8, v0x61f5a8ffd610_16, C4<00000000>, C4<00000000>, C4<00000000>;
v0x61f5a8ffcff0_0 .net *"_ivl_2", 15 0, L_0x61f5a9003c00;  1 drivers
v0x61f5a8ffd0f0_0 .net *"_ivl_21", 0 0, L_0x61f5a9004350;  1 drivers
v0x61f5a8ffd1d0_0 .net *"_ivl_22", 1 0, L_0x61f5a9004420;  1 drivers
v0x61f5a8ffd290_0 .net *"_ivl_4", 9 0, L_0x61f5a9003cd0;  1 drivers
L_0x79b463586018 .functor BUFT 1, C4<00>, C4<0>, C4<0>, C4<0>;
v0x61f5a8ffd370_0 .net *"_ivl_7", 1 0, L_0x79b463586018;  1 drivers
v0x61f5a8ffd450_0 .net "address8", 7 0, L_0x61f5a9004610;  1 drivers
v0x61f5a8ffd530_0 .net "currentInstruction", 15 0, L_0x61f5a8fdc840;  alias, 1 drivers
v0x61f5a8ffd610 .array "dataMemory", 255 0, 7 0;
v0x61f5a8fffee0_0 .net "debugMem10", 7 0, L_0x61f5a9004de0;  alias, 1 drivers
v0x61f5a8ffffc0_0 .net "debugR0", 7 0, L_0x61f5a9004720;  alias, 1 drivers
v0x61f5a90000a0_0 .net "debugR1", 7 0, L_0x61f5a90047e0;  alias, 1 drivers
v0x61f5a9000180_0 .net "debugR2", 7 0, L_0x61f5a90048a0;  alias, 1 drivers
v0x61f5a9000260_0 .net "debugR3", 7 0, L_0x61f5a9004990;  alias, 1 drivers
v0x61f5a9000340_0 .net "debugR4", 7 0, L_0x61f5a9004a50;  alias, 1 drivers
v0x61f5a9000420_0 .net "debugR5", 7 0, L_0x61f5a9004b50;  alias, 1 drivers
v0x61f5a9000500_0 .net "debugR6", 7 0, L_0x61f5a9004c10;  alias, 1 drivers
v0x61f5a90005e0_0 .net "debugR7", 7 0, L_0x61f5a9004d20;  alias, 1 drivers
v0x61f5a90006c0_0 .var "halted", 0 0;
v0x61f5a9000780_0 .var/i "i", 31 0;
v0x61f5a9000860_0 .net/s "immediate6", 5 0, L_0x61f5a9004230;  1 drivers
v0x61f5a9000940 .array "instructionMemory", 255 0, 15 0;
v0x61f5a9000a00_0 .net "opcode", 3 0, L_0x61f5a9003eb0;  1 drivers
v0x61f5a9000ae0_0 .var "programCounter", 7 0;
v0x61f5a9000bc0_0 .net "rd", 2 0, L_0x61f5a9004010;  1 drivers
v0x61f5a9000ca0 .array "registerFile", 7 0, 7 0;
v0x61f5a9000e60_0 .net "rs1", 2 0, L_0x61f5a90040b0;  1 drivers
v0x61f5a9000f40_0 .net "rs2", 2 0, L_0x61f5a9004190;  1 drivers
v0x61f5a9001020_0 .net/s "signExtendedImmediate", 7 0, L_0x61f5a9004570;  1 drivers
v0x61f5a9001100_0 .net "storeAddress6", 5 0, L_0x61f5a9003b30;  1 drivers
v0x61f5a90011e0_0 .net "sys_clk", 0 0, v0x61f5a9003990_0;  1 drivers
v0x61f5a90012a0_0 .net "sys_rst_n", 0 0, v0x61f5a9003a60_0;  1 drivers
E_0x61f5a8fc0660/0 .event negedge, v0x61f5a90012a0_0;
E_0x61f5a8fc0660/1 .event posedge, v0x61f5a90011e0_0;
E_0x61f5a8fc0660 .event/or E_0x61f5a8fc0660/0, E_0x61f5a8fc0660/1;
L_0x61f5a9003b30 .part L_0x61f5a8fdc840, 0, 6;
L_0x61f5a9003c00 .array/port v0x61f5a9000940, L_0x61f5a9003cd0;
L_0x61f5a9003cd0 .concat [ 8 2 0 0], v0x61f5a9000ae0_0, L_0x79b463586018;
L_0x61f5a9003eb0 .part L_0x61f5a8fdc840, 12, 4;
L_0x61f5a9004010 .part L_0x61f5a8fdc840, 9, 3;
L_0x61f5a90040b0 .part L_0x61f5a8fdc840, 6, 3;
L_0x61f5a9004190 .part L_0x61f5a8fdc840, 3, 3;
L_0x61f5a9004230 .part L_0x61f5a8fdc840, 0, 6;
L_0x61f5a9004350 .part L_0x61f5a9004230, 5, 1;
L_0x61f5a9004420 .concat [ 1 1 0 0], L_0x61f5a9004350, L_0x61f5a9004350;
L_0x61f5a9004570 .concat [ 6 2 0 0], L_0x61f5a9004230, L_0x61f5a9004420;
L_0x61f5a9004610 .part L_0x61f5a8fdc840, 0, 8;
S_0x61f5a9001520 .scope autofunction.vec4.s16, "encodeAddi" "encodeAddi" 3 64, 3 64 0, S_0x61f5a8fd3810;
 .timescale -9 -12;
; Variable encodeAddi is vec4 return value of scope S_0x61f5a9001520
v0x61f5a9001790_0 .var/s "imm6", 5 0;
v0x61f5a9001870_0 .var "rd", 2 0;
v0x61f5a9001930_0 .var "rs1", 2 0;
TD_tb_tinyCpu.encodeAddi ;
    %pushi/vec4 5, 0, 4;
    %load/vec4 v0x61f5a9001870_0;
    %concat/vec4; draw_concat_vec4
    %load/vec4 v0x61f5a9001930_0;
    %concat/vec4; draw_concat_vec4
    %load/vec4 v0x61f5a9001790_0;
    %concat/vec4; draw_concat_vec4
    %ret/vec4 0, 0, 16;  Assign to encodeAddi (store_vec4_to_lval)
    %end;
S_0x61f5a9001a10 .scope autofunction.vec4.s16, "encodeHalt" "encodeHalt" 3 98, 3 98 0, S_0x61f5a8fd3810;
 .timescale -9 -12;
; Variable encodeHalt is vec4 return value of scope S_0x61f5a9001a10
TD_tb_tinyCpu.encodeHalt ;
    %pushi/vec4 61440, 0, 16;
    %ret/vec4 0, 0, 16;  Assign to encodeHalt (store_vec4_to_lval)
    %end;
S_0x61f5a9001ca0 .scope autofunction.vec4.s16, "encodeJump" "encodeJump" 3 92, 3 92 0, S_0x61f5a8fd3810;
 .timescale -9 -12;
v0x61f5a9001e30_0 .var "addr", 7 0;
; Variable encodeJump is vec4 return value of scope S_0x61f5a9001ca0
TD_tb_tinyCpu.encodeJump ;
    %pushi/vec4 8, 0, 4;
    %concati/vec4 0, 0, 4;
    %load/vec4 v0x61f5a9001e30_0;
    %concat/vec4; draw_concat_vec4
    %ret/vec4 0, 0, 16;  Assign to encodeJump (store_vec4_to_lval)
    %end;
S_0x61f5a9002010 .scope autofunction.vec4.s16, "encodeLoad" "encodeLoad" 3 71, 3 71 0, S_0x61f5a8fd3810;
 .timescale -9 -12;
v0x61f5a90021f0_0 .var "addr", 7 0;
; Variable encodeLoad is vec4 return value of scope S_0x61f5a9002010
v0x61f5a90023d0_0 .var "rd", 2 0;
TD_tb_tinyCpu.encodeLoad ;
    %pushi/vec4 6, 0, 4;
    %load/vec4 v0x61f5a90023d0_0;
    %concat/vec4; draw_concat_vec4
    %concati/vec4 0, 0, 1;
    %load/vec4 v0x61f5a90021f0_0;
    %concat/vec4; draw_concat_vec4
    %ret/vec4 0, 0, 16;  Assign to encodeLoad (store_vec4_to_lval)
    %end;
S_0x61f5a9002490 .scope autofunction.vec4.s16, "encodeR" "encodeR" 3 57, 3 57 0, S_0x61f5a8fd3810;
 .timescale -9 -12;
; Variable encodeR is vec4 return value of scope S_0x61f5a9002490
v0x61f5a9002770_0 .var "opcode", 3 0;
v0x61f5a9002850_0 .var "rd", 2 0;
v0x61f5a9002910_0 .var "rs1", 2 0;
v0x61f5a90029f0_0 .var "rs2", 2 0;
TD_tb_tinyCpu.encodeR ;
    %load/vec4 v0x61f5a9002770_0;
    %load/vec4 v0x61f5a9002850_0;
    %concat/vec4; draw_concat_vec4
    %load/vec4 v0x61f5a9002910_0;
    %concat/vec4; draw_concat_vec4
    %load/vec4 v0x61f5a90029f0_0;
    %concat/vec4; draw_concat_vec4
    %concati/vec4 0, 0, 3;
    %ret/vec4 0, 0, 16;  Assign to encodeR (store_vec4_to_lval)
    %end;
S_0x61f5a9002b20 .scope autofunction.vec4.s16, "encodeStore" "encodeStore" 3 78, 3 78 0, S_0x61f5a8fd3810;
 .timescale -9 -12;
v0x61f5a9002d00_0 .var "addr", 7 0;
; Variable encodeStore is vec4 return value of scope S_0x61f5a9002b20
v0x61f5a9002ee0_0 .var "rs1", 2 0;
TD_tb_tinyCpu.encodeStore ;
    %pushi/vec4 7, 0, 4;
    %concati/vec4 0, 0, 3;
    %load/vec4 v0x61f5a9002ee0_0;
    %concat/vec4; draw_concat_vec4
    %load/vec4 v0x61f5a9002d00_0;
    %parti/s 6, 0, 2;
    %concat/vec4; draw_concat_vec4
    %ret/vec4 0, 0, 16;  Assign to encodeStore (store_vec4_to_lval)
    %end;
    .scope S_0x61f5a8ffc5d0;
T_7 ;
    %wait E_0x61f5a8fc0660;
    %load/vec4 v0x61f5a90012a0_0;
    %nor/r;
    %flag_set/vec4 8;
    %jmp/0xz  T_7.0, 8;
    %pushi/vec4 0, 0, 8;
    %assign/vec4 v0x61f5a9000ae0_0, 0;
    %pushi/vec4 0, 0, 1;
    %assign/vec4 v0x61f5a90006c0_0, 0;
    %pushi/vec4 0, 0, 32;
    %store/vec4 v0x61f5a9000780_0, 0, 32;
T_7.2 ;
    %load/vec4 v0x61f5a9000780_0;
    %cmpi/s 8, 0, 32;
    %jmp/0xz T_7.3, 5;
    %pushi/vec4 0, 0, 8;
    %ix/getv/s 3, v0x61f5a9000780_0;
    %ix/load 4, 0, 0; Constant delay
    %assign/vec4/a/d v0x61f5a9000ca0, 0, 4;
    %load/vec4 v0x61f5a9000780_0;
    %addi 1, 0, 32;
    %store/vec4 v0x61f5a9000780_0, 0, 32;
    %jmp T_7.2;
T_7.3 ;
    %pushi/vec4 0, 0, 32;
    %store/vec4 v0x61f5a9000780_0, 0, 32;
T_7.4 ;
    %load/vec4 v0x61f5a9000780_0;
    %cmpi/s 256, 0, 32;
    %jmp/0xz T_7.5, 5;
    %pushi/vec4 0, 0, 8;
    %ix/getv/s 3, v0x61f5a9000780_0;
    %ix/load 4, 0, 0; Constant delay
    %assign/vec4/a/d v0x61f5a8ffd610, 0, 4;
    %load/vec4 v0x61f5a9000780_0;
    %addi 1, 0, 32;
    %store/vec4 v0x61f5a9000780_0, 0, 32;
    %jmp T_7.4;
T_7.5 ;
    %jmp T_7.1;
T_7.0 ;
    %load/vec4 v0x61f5a90006c0_0;
    %nor/r;
    %flag_set/vec4 8;
    %jmp/0xz  T_7.6, 8;
    %load/vec4 v0x61f5a9000a00_0;
    %dup/vec4;
    %pushi/vec4 0, 0, 4;
    %cmp/u;
    %jmp/1 T_7.8, 6;
    %dup/vec4;
    %pushi/vec4 1, 0, 4;
    %cmp/u;
    %jmp/1 T_7.9, 6;
    %dup/vec4;
    %pushi/vec4 2, 0, 4;
    %cmp/u;
    %jmp/1 T_7.10, 6;
    %dup/vec4;
    %pushi/vec4 3, 0, 4;
    %cmp/u;
    %jmp/1 T_7.11, 6;
    %dup/vec4;
    %pushi/vec4 4, 0, 4;
    %cmp/u;
    %jmp/1 T_7.12, 6;
    %dup/vec4;
    %pushi/vec4 5, 0, 4;
    %cmp/u;
    %jmp/1 T_7.13, 6;
    %dup/vec4;
    %pushi/vec4 6, 0, 4;
    %cmp/u;
    %jmp/1 T_7.14, 6;
    %dup/vec4;
    %pushi/vec4 7, 0, 4;
    %cmp/u;
    %jmp/1 T_7.15, 6;
    %dup/vec4;
    %pushi/vec4 8, 0, 4;
    %cmp/u;
    %jmp/1 T_7.16, 6;
    %dup/vec4;
    %pushi/vec4 15, 0, 4;
    %cmp/u;
    %jmp/1 T_7.17, 6;
    %pushi/vec4 1, 0, 1;
    %assign/vec4 v0x61f5a90006c0_0, 0;
    %jmp T_7.19;
T_7.8 ;
    %load/vec4 v0x61f5a9000ae0_0;
    %addi 1, 0, 8;
    %assign/vec4 v0x61f5a9000ae0_0, 0;
    %jmp T_7.19;
T_7.9 ;
    %load/vec4 v0x61f5a9000bc0_0;
    %cmpi/ne 0, 0, 3;
    %jmp/0xz  T_7.20, 4;
    %load/vec4 v0x61f5a9000e60_0;
    %pad/u 5;
    %ix/vec4 4;
    %load/vec4a v0x61f5a9000ca0, 4;
    %load/vec4 v0x61f5a9000f40_0;
    %pad/u 5;
    %ix/vec4 4;
    %load/vec4a v0x61f5a9000ca0, 4;
    %add;
    %load/vec4 v0x61f5a9000bc0_0;
    %pad/u 5;
    %ix/vec4 3;
    %ix/load 4, 0, 0; Constant delay
    %assign/vec4/a/d v0x61f5a9000ca0, 0, 4;
T_7.20 ;
    %load/vec4 v0x61f5a9000ae0_0;
    %addi 1, 0, 8;
    %assign/vec4 v0x61f5a9000ae0_0, 0;
    %jmp T_7.19;
T_7.10 ;
    %load/vec4 v0x61f5a9000bc0_0;
    %cmpi/ne 0, 0, 3;
    %jmp/0xz  T_7.22, 4;
    %load/vec4 v0x61f5a9000e60_0;
    %pad/u 5;
    %ix/vec4 4;
    %load/vec4a v0x61f5a9000ca0, 4;
    %load/vec4 v0x61f5a9000f40_0;
    %pad/u 5;
    %ix/vec4 4;
    %load/vec4a v0x61f5a9000ca0, 4;
    %sub;
    %load/vec4 v0x61f5a9000bc0_0;
    %pad/u 5;
    %ix/vec4 3;
    %ix/load 4, 0, 0; Constant delay
    %assign/vec4/a/d v0x61f5a9000ca0, 0, 4;
T_7.22 ;
    %load/vec4 v0x61f5a9000ae0_0;
    %addi 1, 0, 8;
    %assign/vec4 v0x61f5a9000ae0_0, 0;
    %jmp T_7.19;
T_7.11 ;
    %load/vec4 v0x61f5a9000bc0_0;
    %cmpi/ne 0, 0, 3;
    %jmp/0xz  T_7.24, 4;
    %load/vec4 v0x61f5a9000e60_0;
    %pad/u 5;
    %ix/vec4 4;
    %load/vec4a v0x61f5a9000ca0, 4;
    %load/vec4 v0x61f5a9000f40_0;
    %pad/u 5;
    %ix/vec4 4;
    %load/vec4a v0x61f5a9000ca0, 4;
    %and;
    %load/vec4 v0x61f5a9000bc0_0;
    %pad/u 5;
    %ix/vec4 3;
    %ix/load 4, 0, 0; Constant delay
    %assign/vec4/a/d v0x61f5a9000ca0, 0, 4;
T_7.24 ;
    %load/vec4 v0x61f5a9000ae0_0;
    %addi 1, 0, 8;
    %assign/vec4 v0x61f5a9000ae0_0, 0;
    %jmp T_7.19;
T_7.12 ;
    %load/vec4 v0x61f5a9000bc0_0;
    %cmpi/ne 0, 0, 3;
    %jmp/0xz  T_7.26, 4;
    %load/vec4 v0x61f5a9000e60_0;
    %pad/u 5;
    %ix/vec4 4;
    %load/vec4a v0x61f5a9000ca0, 4;
    %load/vec4 v0x61f5a9000f40_0;
    %pad/u 5;
    %ix/vec4 4;
    %load/vec4a v0x61f5a9000ca0, 4;
    %or;
    %load/vec4 v0x61f5a9000bc0_0;
    %pad/u 5;
    %ix/vec4 3;
    %ix/load 4, 0, 0; Constant delay
    %assign/vec4/a/d v0x61f5a9000ca0, 0, 4;
T_7.26 ;
    %load/vec4 v0x61f5a9000ae0_0;
    %addi 1, 0, 8;
    %assign/vec4 v0x61f5a9000ae0_0, 0;
    %jmp T_7.19;
T_7.13 ;
    %load/vec4 v0x61f5a9000bc0_0;
    %cmpi/ne 0, 0, 3;
    %jmp/0xz  T_7.28, 4;
    %load/vec4 v0x61f5a9000e60_0;
    %pad/u 5;
    %ix/vec4 4;
    %load/vec4a v0x61f5a9000ca0, 4;
    %load/vec4 v0x61f5a9001020_0;
    %add;
    %load/vec4 v0x61f5a9000bc0_0;
    %pad/u 5;
    %ix/vec4 3;
    %ix/load 4, 0, 0; Constant delay
    %assign/vec4/a/d v0x61f5a9000ca0, 0, 4;
T_7.28 ;
    %load/vec4 v0x61f5a9000ae0_0;
    %addi 1, 0, 8;
    %assign/vec4 v0x61f5a9000ae0_0, 0;
    %jmp T_7.19;
T_7.14 ;
    %load/vec4 v0x61f5a9000bc0_0;
    %cmpi/ne 0, 0, 3;
    %jmp/0xz  T_7.30, 4;
    %load/vec4 v0x61f5a8ffd450_0;
    %pad/u 10;
    %ix/vec4 4;
    %load/vec4a v0x61f5a8ffd610, 4;
    %load/vec4 v0x61f5a9000bc0_0;
    %pad/u 5;
    %ix/vec4 3;
    %ix/load 4, 0, 0; Constant delay
    %assign/vec4/a/d v0x61f5a9000ca0, 0, 4;
T_7.30 ;
    %load/vec4 v0x61f5a9000ae0_0;
    %addi 1, 0, 8;
    %assign/vec4 v0x61f5a9000ae0_0, 0;
    %jmp T_7.19;
T_7.15 ;
    %load/vec4 v0x61f5a9000e60_0;
    %pad/u 5;
    %ix/vec4 4;
    %load/vec4a v0x61f5a9000ca0, 4;
    %pushi/vec4 0, 0, 2;
    %load/vec4 v0x61f5a9001100_0;
    %concat/vec4; draw_concat_vec4
    %pad/u 10;
    %ix/vec4 3;
    %ix/load 4, 0, 0; Constant delay
    %assign/vec4/a/d v0x61f5a8ffd610, 0, 4;
    %load/vec4 v0x61f5a9000ae0_0;
    %addi 1, 0, 8;
    %assign/vec4 v0x61f5a9000ae0_0, 0;
    %jmp T_7.19;
T_7.16 ;
    %load/vec4 v0x61f5a8ffd450_0;
    %assign/vec4 v0x61f5a9000ae0_0, 0;
    %jmp T_7.19;
T_7.17 ;
    %pushi/vec4 1, 0, 1;
    %assign/vec4 v0x61f5a90006c0_0, 0;
    %load/vec4 v0x61f5a9000ae0_0;
    %assign/vec4 v0x61f5a9000ae0_0, 0;
    %jmp T_7.19;
T_7.19 ;
    %pop/vec4 1;
    %pushi/vec4 0, 0, 8;
    %ix/load 3, 0, 0;
    %flag_set/imm 4, 0;
    %ix/load 4, 0, 0; Constant delay
    %assign/vec4/a/d v0x61f5a9000ca0, 0, 4;
T_7.6 ;
T_7.1 ;
    %jmp T_7;
    .thread T_7;
    .scope S_0x61f5a8fd3810;
T_8 ;
    %pushi/vec4 0, 0, 1;
    %store/vec4 v0x61f5a9003990_0, 0, 1;
T_8.0 ;
    %delay 18518, 0;
    %load/vec4 v0x61f5a9003990_0;
    %inv;
    %store/vec4 v0x61f5a9003990_0, 0, 1;
    %jmp T_8.0;
    %end;
    .thread T_8;
    .scope S_0x61f5a8fd3810;
T_9 ;
    %vpi_call/w 3 117 "$dumpfile", "sim/tb_tinyCpu.vcd" {0 0 0};
    %vpi_call/w 3 118 "$dumpvars", 32'sb00000000000000000000000000000000, S_0x61f5a8fd3810 {0 0 0};
    %pushi/vec4 0, 0, 1;
    %store/vec4 v0x61f5a9003a60_0, 0, 1;
    %alloc S_0x61f5a9001520;
    %pushi/vec4 1, 0, 3;
    %pushi/vec4 0, 0, 3;
    %pushi/vec4 5, 0, 6;
    %store/vec4 v0x61f5a9001790_0, 0, 6;
    %store/vec4 v0x61f5a9001930_0, 0, 3;
    %store/vec4 v0x61f5a9001870_0, 0, 3;
    %callf/vec4 TD_tb_tinyCpu.encodeAddi, S_0x61f5a9001520;
    %free S_0x61f5a9001520;
    %ix/load 4, 0, 0;
    %flag_set/imm 4, 0;
    %store/vec4a v0x61f5a9000940, 4, 0;
    %alloc S_0x61f5a9001520;
    %pushi/vec4 2, 0, 3;
    %pushi/vec4 0, 0, 3;
    %pushi/vec4 7, 0, 6;
    %store/vec4 v0x61f5a9001790_0, 0, 6;
    %store/vec4 v0x61f5a9001930_0, 0, 3;
    %store/vec4 v0x61f5a9001870_0, 0, 3;
    %callf/vec4 TD_tb_tinyCpu.encodeAddi, S_0x61f5a9001520;
    %free S_0x61f5a9001520;
    %ix/load 4, 1, 0;
    %flag_set/imm 4, 0;
    %store/vec4a v0x61f5a9000940, 4, 0;
    %alloc S_0x61f5a9002490;
    %pushi/vec4 1, 0, 4;
    %pushi/vec4 3, 0, 3;
    %pushi/vec4 1, 0, 3;
    %pushi/vec4 2, 0, 3;
    %store/vec4 v0x61f5a90029f0_0, 0, 3;
    %store/vec4 v0x61f5a9002910_0, 0, 3;
    %store/vec4 v0x61f5a9002850_0, 0, 3;
    %store/vec4 v0x61f5a9002770_0, 0, 4;
    %callf/vec4 TD_tb_tinyCpu.encodeR, S_0x61f5a9002490;
    %free S_0x61f5a9002490;
    %ix/load 4, 2, 0;
    %flag_set/imm 4, 0;
    %store/vec4a v0x61f5a9000940, 4, 0;
    %alloc S_0x61f5a9002b20;
    %pushi/vec4 3, 0, 3;
    %pushi/vec4 16, 0, 8;
    %store/vec4 v0x61f5a9002d00_0, 0, 8;
    %store/vec4 v0x61f5a9002ee0_0, 0, 3;
    %callf/vec4 TD_tb_tinyCpu.encodeStore, S_0x61f5a9002b20;
    %free S_0x61f5a9002b20;
    %ix/load 4, 3, 0;
    %flag_set/imm 4, 0;
    %store/vec4a v0x61f5a9000940, 4, 0;
    %alloc S_0x61f5a9002010;
    %pushi/vec4 4, 0, 3;
    %pushi/vec4 16, 0, 8;
    %store/vec4 v0x61f5a90021f0_0, 0, 8;
    %store/vec4 v0x61f5a90023d0_0, 0, 3;
    %callf/vec4 TD_tb_tinyCpu.encodeLoad, S_0x61f5a9002010;
    %free S_0x61f5a9002010;
    %ix/load 4, 4, 0;
    %flag_set/imm 4, 0;
    %store/vec4a v0x61f5a9000940, 4, 0;
    %alloc S_0x61f5a9002490;
    %pushi/vec4 2, 0, 4;
    %pushi/vec4 5, 0, 3;
    %pushi/vec4 4, 0, 3;
    %pushi/vec4 1, 0, 3;
    %store/vec4 v0x61f5a90029f0_0, 0, 3;
    %store/vec4 v0x61f5a9002910_0, 0, 3;
    %store/vec4 v0x61f5a9002850_0, 0, 3;
    %store/vec4 v0x61f5a9002770_0, 0, 4;
    %callf/vec4 TD_tb_tinyCpu.encodeR, S_0x61f5a9002490;
    %free S_0x61f5a9002490;
    %ix/load 4, 5, 0;
    %flag_set/imm 4, 0;
    %store/vec4a v0x61f5a9000940, 4, 0;
    %alloc S_0x61f5a9002490;
    %pushi/vec4 3, 0, 4;
    %pushi/vec4 6, 0, 3;
    %pushi/vec4 5, 0, 3;
    %pushi/vec4 2, 0, 3;
    %store/vec4 v0x61f5a90029f0_0, 0, 3;
    %store/vec4 v0x61f5a9002910_0, 0, 3;
    %store/vec4 v0x61f5a9002850_0, 0, 3;
    %store/vec4 v0x61f5a9002770_0, 0, 4;
    %callf/vec4 TD_tb_tinyCpu.encodeR, S_0x61f5a9002490;
    %free S_0x61f5a9002490;
    %ix/load 4, 6, 0;
    %flag_set/imm 4, 0;
    %store/vec4a v0x61f5a9000940, 4, 0;
    %alloc S_0x61f5a9002490;
    %pushi/vec4 4, 0, 4;
    %pushi/vec4 7, 0, 3;
    %pushi/vec4 6, 0, 3;
    %pushi/vec4 1, 0, 3;
    %store/vec4 v0x61f5a90029f0_0, 0, 3;
    %store/vec4 v0x61f5a9002910_0, 0, 3;
    %store/vec4 v0x61f5a9002850_0, 0, 3;
    %store/vec4 v0x61f5a9002770_0, 0, 4;
    %callf/vec4 TD_tb_tinyCpu.encodeR, S_0x61f5a9002490;
    %free S_0x61f5a9002490;
    %ix/load 4, 7, 0;
    %flag_set/imm 4, 0;
    %store/vec4a v0x61f5a9000940, 4, 0;
    %alloc S_0x61f5a9001a10;
    %callf/vec4 TD_tb_tinyCpu.encodeHalt, S_0x61f5a9001a10;
    %free S_0x61f5a9001a10;
    %ix/load 4, 8, 0;
    %flag_set/imm 4, 0;
    %store/vec4a v0x61f5a9000940, 4, 0;
    %delay 200000, 0;
    %pushi/vec4 1, 0, 1;
    %store/vec4 v0x61f5a9003a60_0, 0, 1;
T_9.0 ;
    %load/vec4 v0x61f5a90037f0_0;
    %pushi/vec4 1, 0, 1;
    %cmp/e;
    %flag_get/vec4 4;
    %cmpi/ne 1, 0, 1;
    %jmp/0xz T_9.1, 6;
    %wait E_0x61f5a8fc3940;
    %jmp T_9.0;
T_9.1 ;
    %wait E_0x61f5a8fc61d0;
    %vpi_call/w 3 150 "$display", "CPU halted." {0 0 0};
    %vpi_call/w 3 151 "$display", "Final PC = %0d", v0x61f5a90038c0_0 {0 0 0};
    %pushi/vec4 0, 0, 3;
    %store/vec4 v0x61f5a8ffc4f0_0, 0, 3;
    %pushi/vec4 0, 0, 8;
    %store/vec4 v0x61f5a8fdc9e0_0, 0, 8;
    %fork TD_tb_tinyCpu.checkRegister, S_0x61f5a8fd1110;
    %join;
    %pushi/vec4 1, 0, 3;
    %store/vec4 v0x61f5a8ffc4f0_0, 0, 3;
    %pushi/vec4 5, 0, 8;
    %store/vec4 v0x61f5a8fdc9e0_0, 0, 8;
    %fork TD_tb_tinyCpu.checkRegister, S_0x61f5a8fd1110;
    %join;
    %pushi/vec4 2, 0, 3;
    %store/vec4 v0x61f5a8ffc4f0_0, 0, 3;
    %pushi/vec4 7, 0, 8;
    %store/vec4 v0x61f5a8fdc9e0_0, 0, 8;
    %fork TD_tb_tinyCpu.checkRegister, S_0x61f5a8fd1110;
    %join;
    %pushi/vec4 3, 0, 3;
    %store/vec4 v0x61f5a8ffc4f0_0, 0, 3;
    %pushi/vec4 12, 0, 8;
    %store/vec4 v0x61f5a8fdc9e0_0, 0, 8;
    %fork TD_tb_tinyCpu.checkRegister, S_0x61f5a8fd1110;
    %join;
    %pushi/vec4 4, 0, 3;
    %store/vec4 v0x61f5a8ffc4f0_0, 0, 3;
    %pushi/vec4 12, 0, 8;
    %store/vec4 v0x61f5a8fdc9e0_0, 0, 8;
    %fork TD_tb_tinyCpu.checkRegister, S_0x61f5a8fd1110;
    %join;
    %pushi/vec4 5, 0, 3;
    %store/vec4 v0x61f5a8ffc4f0_0, 0, 3;
    %pushi/vec4 7, 0, 8;
    %store/vec4 v0x61f5a8fdc9e0_0, 0, 8;
    %fork TD_tb_tinyCpu.checkRegister, S_0x61f5a8fd1110;
    %join;
    %pushi/vec4 6, 0, 3;
    %store/vec4 v0x61f5a8ffc4f0_0, 0, 3;
    %pushi/vec4 7, 0, 8;
    %store/vec4 v0x61f5a8fdc9e0_0, 0, 8;
    %fork TD_tb_tinyCpu.checkRegister, S_0x61f5a8fd1110;
    %join;
    %pushi/vec4 7, 0, 3;
    %store/vec4 v0x61f5a8ffc4f0_0, 0, 3;
    %pushi/vec4 7, 0, 8;
    %store/vec4 v0x61f5a8fdc9e0_0, 0, 8;
    %fork TD_tb_tinyCpu.checkRegister, S_0x61f5a8fd1110;
    %join;
    %ix/load 4, 16, 0;
    %flag_set/imm 4, 0;
    %load/vec4a v0x61f5a8ffd610, 4;
    %cmpi/ne 12, 0, 8;
    %jmp/0xz  T_9.2, 6;
    %vpi_call/w 3 163 "$display", "ERROR: mem[0x10] expected 12 / 0x0C, got %0d / 0x%02h", &A<v0x61f5a8ffd610, 16>, &A<v0x61f5a8ffd610, 16> {0 0 0};
    %jmp T_9.3;
T_9.2 ;
    %vpi_call/w 3 169 "$display", "PASS: mem[0x10] = 12 / 0x0C" {0 0 0};
T_9.3 ;
    %pushi/vec4 4, 0, 32;
T_9.4 %dup/vec4;
    %pushi/vec4 0, 0, 32;
    %cmp/s;
    %jmp/1xz T_9.5, 5;
    %jmp/1 T_9.5, 4;
    %pushi/vec4 1, 0, 32;
    %sub;
    %wait E_0x61f5a8fc61d0;
    %jmp T_9.4;
T_9.5 ;
    %pop/vec4 1;
    %vpi_call/w 3 174 "$finish" {0 0 0};
    %end;
    .thread T_9;
# The file index is used to find the file name in the following table.
:file_names 5;
    "N/A";
    "<interactive>";
    "-";
    "sim/tb_tinyCpu.sv";
    "tinyCpu/src/tinyCpu.sv";
