#! /usr/bin/vvp
:ivl_version "12.0 (stable)";
:ivl_delay_selection "TYPICAL";
:vpi_time_precision - 12;
:vpi_module "/usr/lib/x86_64-linux-gnu/ivl/system.vpi";
:vpi_module "/usr/lib/x86_64-linux-gnu/ivl/vhdl_sys.vpi";
:vpi_module "/usr/lib/x86_64-linux-gnu/ivl/vhdl_textio.vpi";
:vpi_module "/usr/lib/x86_64-linux-gnu/ivl/v2005_math.vpi";
:vpi_module "/usr/lib/x86_64-linux-gnu/ivl/va_math.vpi";
:vpi_module "/usr/lib/x86_64-linux-gnu/ivl/v2009.vpi";
S_0x5b406de80380 .scope package, "$unit" "$unit" 2 1;
 .timescale 0 0;
S_0x5b406de80510 .scope module, "tb_uartLoopback" "tb_uartLoopback" 3 3;
 .timescale -9 -12;
v0x5b406decb360_0 .net "led", 5 0, L_0x5b406dea9400;  1 drivers
v0x5b406decb440_0 .var "sys_clk", 0 0;
v0x5b406decb4e0_0 .var "sys_rst_n", 0 0;
v0x5b406decb5b0_0 .var "uart_rx", 0 0;
v0x5b406decb6a0_0 .net "uart_tx", 0 0, v0x5b406deca4c0_0;  1 drivers
S_0x5b406de8c490 .scope module, "dut" "uartLoopback" 3 10, 4 1 0, S_0x5b406de80510;
 .timescale 0 0;
    .port_info 0 /INPUT 1 "sys_clk";
    .port_info 1 /INPUT 1 "sys_rst_n";
    .port_info 2 /INPUT 1 "uart_rx";
    .port_info 3 /OUTPUT 1 "uart_tx";
    .port_info 4 /OUTPUT 6 "led";
L_0x5b406dea9400 .functor NOT 6, L_0x5b406decb7e0, C4<000000>, C4<000000>, C4<000000>;
v0x5b406deca640_0 .net *"_ivl_1", 5 0, L_0x5b406decb7e0;  1 drivers
v0x5b406deca740_0 .net "led", 5 0, L_0x5b406dea9400;  alias, 1 drivers
v0x5b406deca820_0 .net "rxData", 7 0, v0x5b406dea7f30_0;  1 drivers
v0x5b406deca920_0 .net "rxValid", 0 0, v0x5b406dec9550_0;  1 drivers
v0x5b406deca9f0_0 .net "sys_clk", 0 0, v0x5b406decb440_0;  1 drivers
v0x5b406decaae0_0 .net "sys_rst_n", 0 0, v0x5b406decb4e0_0;  1 drivers
v0x5b406decabd0_0 .net "txBusy", 0 0, v0x5b406deca0e0_0;  1 drivers
v0x5b406decac70_0 .var "txData", 7 0;
v0x5b406decad10_0 .var "txStart", 0 0;
v0x5b406decae40_0 .net "uart_rx", 0 0, v0x5b406decb5b0_0;  1 drivers
v0x5b406decaf10_0 .net "uart_tx", 0 0, v0x5b406deca4c0_0;  alias, 1 drivers
L_0x5b406decb7e0 .part v0x5b406dea7f30_0, 0, 6;
S_0x5b406de8c620 .scope module, "rxInst" "uartRx" 4 16, 5 1 0, S_0x5b406de8c490;
 .timescale 0 0;
    .port_info 0 /INPUT 1 "sys_clk";
    .port_info 1 /INPUT 1 "sys_rst_n";
    .port_info 2 /INPUT 1 "uart_rx";
    .port_info 3 /OUTPUT 8 "rxData";
    .port_info 4 /OUTPUT 1 "rxValid";
P_0x5b406dea6d00 .param/l "BAUD_TICK_MAX" 1 5 9, +C4<00000000000000000000000011101001>;
P_0x5b406dea6d40 .param/l "HALF_BAUD_TICK_MAX" 1 5 10, +C4<00000000000000000000000001110100>;
enum0x5b406de68cd0 .enum4 (3)
   "stateIdle" 3'b000,
   "stateStart" 3'b001,
   "stateData" 3'b010,
   "stateStop" 3'b011,
   "stateDone" 3'b100
 ;
v0x5b406dea9560_0 .var "baudCounter", 7 0;
v0x5b406dea9600_0 .var "bitIndex", 2 0;
v0x5b406dea7f30_0 .var "rxData", 7 0;
v0x5b406dea7fd0_0 .var "rxShiftReg", 7 0;
v0x5b406dec92a0_0 .var "rxState", 2 0;
v0x5b406dec93d0_0 .var "rxSync0", 0 0;
v0x5b406dec9490_0 .var "rxSync1", 0 0;
v0x5b406dec9550_0 .var "rxValid", 0 0;
v0x5b406dec9610_0 .net "sys_clk", 0 0, v0x5b406decb440_0;  alias, 1 drivers
v0x5b406dec96d0_0 .net "sys_rst_n", 0 0, v0x5b406decb4e0_0;  alias, 1 drivers
v0x5b406dec9790_0 .net "uart_rx", 0 0, v0x5b406decb5b0_0;  alias, 1 drivers
E_0x5b406de97d00/0 .event negedge, v0x5b406dec96d0_0;
E_0x5b406de97d00/1 .event posedge, v0x5b406dec9610_0;
E_0x5b406de97d00 .event/or E_0x5b406de97d00/0, E_0x5b406de97d00/1;
S_0x5b406dec98f0 .scope module, "txInst" "uartTx" 4 24, 6 1 0, S_0x5b406de8c490;
 .timescale 0 0;
    .port_info 0 /INPUT 1 "sys_clk";
    .port_info 1 /INPUT 1 "sys_rst_n";
    .port_info 2 /INPUT 8 "txData";
    .port_info 3 /INPUT 1 "txStart";
    .port_info 4 /OUTPUT 1 "txBusy";
    .port_info 5 /OUTPUT 1 "uart_tx";
P_0x5b406dec9aa0 .param/l "BAUD_TICK_MAX" 1 6 10, +C4<00000000000000000000000011101001>;
enum0x5b406de799e0 .enum4 (3)
   "stateIdle" 3'b000,
   "stateStart" 3'b001,
   "stateData" 3'b010,
   "stateStop" 3'b011
 ;
v0x5b406dec9c70_0 .var "baudCounter", 7 0;
v0x5b406dec9d70_0 .var "baudTick", 0 0;
v0x5b406dec9e30_0 .var "bitIndex", 2 0;
v0x5b406dec9f20_0 .net "sys_clk", 0 0, v0x5b406decb440_0;  alias, 1 drivers
v0x5b406dec9ff0_0 .net "sys_rst_n", 0 0, v0x5b406decb4e0_0;  alias, 1 drivers
v0x5b406deca0e0_0 .var "txBusy", 0 0;
v0x5b406deca180_0 .net "txData", 7 0, v0x5b406decac70_0;  1 drivers
v0x5b406deca240_0 .var "txShiftReg", 7 0;
v0x5b406deca320_0 .net "txStart", 0 0, v0x5b406decad10_0;  1 drivers
v0x5b406deca3e0_0 .var "txState", 2 0;
v0x5b406deca4c0_0 .var "uart_tx", 0 0;
S_0x5b406decb010 .scope task, "sendUartByte" "sendUartByte" 3 23, 3 23 0, S_0x5b406de80510;
 .timescale -9 -12;
v0x5b406decb1a0_0 .var "dataByte", 7 0;
v0x5b406decb280_0 .var/i "i", 31 0;
TD_tb_uartLoopback.sendUartByte ;
    %pushi/vec4 0, 0, 1;
    %store/vec4 v0x5b406decb5b0_0, 0, 1;
    %delay 8670000, 0;
    %pushi/vec4 0, 0, 32;
    %store/vec4 v0x5b406decb280_0, 0, 32;
T_0.0 ;
    %load/vec4 v0x5b406decb280_0;
    %cmpi/s 8, 0, 32;
    %jmp/0xz T_0.1, 5;
    %load/vec4 v0x5b406decb1a0_0;
    %load/vec4 v0x5b406decb280_0;
    %part/s 1;
    %store/vec4 v0x5b406decb5b0_0, 0, 1;
    %delay 8670000, 0;
    %load/vec4 v0x5b406decb280_0;
    %addi 1, 0, 32;
    %store/vec4 v0x5b406decb280_0, 0, 32;
    %jmp T_0.0;
T_0.1 ;
    %pushi/vec4 1, 0, 1;
    %store/vec4 v0x5b406decb5b0_0, 0, 1;
    %delay 8670000, 0;
    %end;
    .scope S_0x5b406de8c620;
T_1 ;
    %wait E_0x5b406de97d00;
    %load/vec4 v0x5b406dec96d0_0;
    %nor/r;
    %flag_set/vec4 8;
    %jmp/0xz  T_1.0, 8;
    %pushi/vec4 0, 0, 3;
    %assign/vec4 v0x5b406dec92a0_0, 0;
    %pushi/vec4 0, 0, 8;
    %assign/vec4 v0x5b406dea9560_0, 0;
    %pushi/vec4 0, 0, 3;
    %assign/vec4 v0x5b406dea9600_0, 0;
    %pushi/vec4 0, 0, 8;
    %assign/vec4 v0x5b406dea7fd0_0, 0;
    %pushi/vec4 0, 0, 8;
    %assign/vec4 v0x5b406dea7f30_0, 0;
    %pushi/vec4 0, 0, 1;
    %assign/vec4 v0x5b406dec9550_0, 0;
    %pushi/vec4 1, 0, 1;
    %assign/vec4 v0x5b406dec93d0_0, 0;
    %pushi/vec4 1, 0, 1;
    %assign/vec4 v0x5b406dec9490_0, 0;
    %jmp T_1.1;
T_1.0 ;
    %pushi/vec4 0, 0, 1;
    %assign/vec4 v0x5b406dec9550_0, 0;
    %load/vec4 v0x5b406dec9790_0;
    %assign/vec4 v0x5b406dec93d0_0, 0;
    %load/vec4 v0x5b406dec93d0_0;
    %assign/vec4 v0x5b406dec9490_0, 0;
    %load/vec4 v0x5b406dec92a0_0;
    %dup/vec4;
    %pushi/vec4 0, 0, 3;
    %cmp/u;
    %jmp/1 T_1.2, 6;
    %dup/vec4;
    %pushi/vec4 1, 0, 3;
    %cmp/u;
    %jmp/1 T_1.3, 6;
    %dup/vec4;
    %pushi/vec4 2, 0, 3;
    %cmp/u;
    %jmp/1 T_1.4, 6;
    %dup/vec4;
    %pushi/vec4 3, 0, 3;
    %cmp/u;
    %jmp/1 T_1.5, 6;
    %dup/vec4;
    %pushi/vec4 4, 0, 3;
    %cmp/u;
    %jmp/1 T_1.6, 6;
    %pushi/vec4 0, 0, 3;
    %assign/vec4 v0x5b406dec92a0_0, 0;
    %jmp T_1.8;
T_1.2 ;
    %pushi/vec4 0, 0, 8;
    %assign/vec4 v0x5b406dea9560_0, 0;
    %pushi/vec4 0, 0, 3;
    %assign/vec4 v0x5b406dea9600_0, 0;
    %load/vec4 v0x5b406dec9490_0;
    %cmpi/e 0, 0, 1;
    %jmp/0xz  T_1.9, 4;
    %pushi/vec4 1, 0, 3;
    %assign/vec4 v0x5b406dec92a0_0, 0;
T_1.9 ;
    %jmp T_1.8;
T_1.3 ;
    %load/vec4 v0x5b406dea9560_0;
    %pad/u 32;
    %cmpi/e 116, 0, 32;
    %jmp/0xz  T_1.11, 4;
    %pushi/vec4 0, 0, 8;
    %assign/vec4 v0x5b406dea9560_0, 0;
    %load/vec4 v0x5b406dec9490_0;
    %cmpi/e 0, 0, 1;
    %jmp/0xz  T_1.13, 4;
    %pushi/vec4 2, 0, 3;
    %assign/vec4 v0x5b406dec92a0_0, 0;
    %jmp T_1.14;
T_1.13 ;
    %pushi/vec4 0, 0, 3;
    %assign/vec4 v0x5b406dec92a0_0, 0;
T_1.14 ;
    %jmp T_1.12;
T_1.11 ;
    %load/vec4 v0x5b406dea9560_0;
    %addi 1, 0, 8;
    %assign/vec4 v0x5b406dea9560_0, 0;
T_1.12 ;
    %jmp T_1.8;
T_1.4 ;
    %load/vec4 v0x5b406dea9560_0;
    %pad/u 32;
    %cmpi/e 233, 0, 32;
    %jmp/0xz  T_1.15, 4;
    %pushi/vec4 0, 0, 8;
    %assign/vec4 v0x5b406dea9560_0, 0;
    %load/vec4 v0x5b406dec9490_0;
    %ix/load 5, 0, 0;
    %ix/getv 4, v0x5b406dea9600_0;
    %assign/vec4/off/d v0x5b406dea7fd0_0, 4, 5;
    %load/vec4 v0x5b406dea9600_0;
    %cmpi/e 7, 0, 3;
    %jmp/0xz  T_1.17, 4;
    %pushi/vec4 3, 0, 3;
    %assign/vec4 v0x5b406dec92a0_0, 0;
    %jmp T_1.18;
T_1.17 ;
    %load/vec4 v0x5b406dea9600_0;
    %addi 1, 0, 3;
    %assign/vec4 v0x5b406dea9600_0, 0;
T_1.18 ;
    %jmp T_1.16;
T_1.15 ;
    %load/vec4 v0x5b406dea9560_0;
    %addi 1, 0, 8;
    %assign/vec4 v0x5b406dea9560_0, 0;
T_1.16 ;
    %jmp T_1.8;
T_1.5 ;
    %load/vec4 v0x5b406dea9560_0;
    %pad/u 32;
    %cmpi/e 233, 0, 32;
    %jmp/0xz  T_1.19, 4;
    %pushi/vec4 0, 0, 8;
    %assign/vec4 v0x5b406dea9560_0, 0;
    %load/vec4 v0x5b406dec9490_0;
    %cmpi/e 1, 0, 1;
    %jmp/0xz  T_1.21, 4;
    %pushi/vec4 4, 0, 3;
    %assign/vec4 v0x5b406dec92a0_0, 0;
    %jmp T_1.22;
T_1.21 ;
    %pushi/vec4 0, 0, 3;
    %assign/vec4 v0x5b406dec92a0_0, 0;
T_1.22 ;
    %jmp T_1.20;
T_1.19 ;
    %load/vec4 v0x5b406dea9560_0;
    %addi 1, 0, 8;
    %assign/vec4 v0x5b406dea9560_0, 0;
T_1.20 ;
    %jmp T_1.8;
T_1.6 ;
    %load/vec4 v0x5b406dea7fd0_0;
    %assign/vec4 v0x5b406dea7f30_0, 0;
    %pushi/vec4 1, 0, 1;
    %assign/vec4 v0x5b406dec9550_0, 0;
    %pushi/vec4 0, 0, 3;
    %assign/vec4 v0x5b406dec92a0_0, 0;
    %jmp T_1.8;
T_1.8 ;
    %pop/vec4 1;
T_1.1 ;
    %jmp T_1;
    .thread T_1;
    .scope S_0x5b406dec98f0;
T_2 ;
    %wait E_0x5b406de97d00;
    %load/vec4 v0x5b406dec9ff0_0;
    %nor/r;
    %flag_set/vec4 8;
    %jmp/0xz  T_2.0, 8;
    %pushi/vec4 0, 0, 3;
    %assign/vec4 v0x5b406deca3e0_0, 0;
    %pushi/vec4 0, 0, 8;
    %assign/vec4 v0x5b406dec9c70_0, 0;
    %pushi/vec4 0, 0, 1;
    %assign/vec4 v0x5b406dec9d70_0, 0;
    %pushi/vec4 0, 0, 3;
    %assign/vec4 v0x5b406dec9e30_0, 0;
    %pushi/vec4 0, 0, 8;
    %assign/vec4 v0x5b406deca240_0, 0;
    %pushi/vec4 0, 0, 1;
    %assign/vec4 v0x5b406deca0e0_0, 0;
    %pushi/vec4 1, 0, 1;
    %assign/vec4 v0x5b406deca4c0_0, 0;
    %jmp T_2.1;
T_2.0 ;
    %pushi/vec4 0, 0, 1;
    %assign/vec4 v0x5b406dec9d70_0, 0;
    %load/vec4 v0x5b406deca3e0_0;
    %cmpi/ne 0, 0, 3;
    %jmp/0xz  T_2.2, 4;
    %load/vec4 v0x5b406dec9c70_0;
    %pad/u 32;
    %cmpi/e 233, 0, 32;
    %jmp/0xz  T_2.4, 4;
    %pushi/vec4 0, 0, 8;
    %assign/vec4 v0x5b406dec9c70_0, 0;
    %pushi/vec4 1, 0, 1;
    %assign/vec4 v0x5b406dec9d70_0, 0;
    %jmp T_2.5;
T_2.4 ;
    %load/vec4 v0x5b406dec9c70_0;
    %addi 1, 0, 8;
    %assign/vec4 v0x5b406dec9c70_0, 0;
T_2.5 ;
    %jmp T_2.3;
T_2.2 ;
    %pushi/vec4 0, 0, 8;
    %assign/vec4 v0x5b406dec9c70_0, 0;
T_2.3 ;
    %load/vec4 v0x5b406deca3e0_0;
    %dup/vec4;
    %pushi/vec4 0, 0, 3;
    %cmp/u;
    %jmp/1 T_2.6, 6;
    %dup/vec4;
    %pushi/vec4 1, 0, 3;
    %cmp/u;
    %jmp/1 T_2.7, 6;
    %dup/vec4;
    %pushi/vec4 2, 0, 3;
    %cmp/u;
    %jmp/1 T_2.8, 6;
    %dup/vec4;
    %pushi/vec4 3, 0, 3;
    %cmp/u;
    %jmp/1 T_2.9, 6;
    %pushi/vec4 0, 0, 3;
    %assign/vec4 v0x5b406deca3e0_0, 0;
    %pushi/vec4 1, 0, 1;
    %assign/vec4 v0x5b406deca4c0_0, 0;
    %pushi/vec4 0, 0, 1;
    %assign/vec4 v0x5b406deca0e0_0, 0;
    %jmp T_2.11;
T_2.6 ;
    %pushi/vec4 1, 0, 1;
    %assign/vec4 v0x5b406deca4c0_0, 0;
    %pushi/vec4 0, 0, 1;
    %assign/vec4 v0x5b406deca0e0_0, 0;
    %load/vec4 v0x5b406deca320_0;
    %flag_set/vec4 8;
    %jmp/0xz  T_2.12, 8;
    %load/vec4 v0x5b406deca180_0;
    %assign/vec4 v0x5b406deca240_0, 0;
    %pushi/vec4 0, 0, 3;
    %assign/vec4 v0x5b406dec9e30_0, 0;
    %pushi/vec4 1, 0, 1;
    %assign/vec4 v0x5b406deca0e0_0, 0;
    %pushi/vec4 1, 0, 3;
    %assign/vec4 v0x5b406deca3e0_0, 0;
T_2.12 ;
    %jmp T_2.11;
T_2.7 ;
    %pushi/vec4 0, 0, 1;
    %assign/vec4 v0x5b406deca4c0_0, 0;
    %load/vec4 v0x5b406dec9d70_0;
    %flag_set/vec4 8;
    %jmp/0xz  T_2.14, 8;
    %pushi/vec4 2, 0, 3;
    %assign/vec4 v0x5b406deca3e0_0, 0;
T_2.14 ;
    %jmp T_2.11;
T_2.8 ;
    %load/vec4 v0x5b406deca240_0;
    %parti/s 1, 0, 2;
    %assign/vec4 v0x5b406deca4c0_0, 0;
    %load/vec4 v0x5b406dec9d70_0;
    %flag_set/vec4 8;
    %jmp/0xz  T_2.16, 8;
    %pushi/vec4 0, 0, 1;
    %load/vec4 v0x5b406deca240_0;
    %parti/s 7, 1, 2;
    %concat/vec4; draw_concat_vec4
    %assign/vec4 v0x5b406deca240_0, 0;
    %load/vec4 v0x5b406dec9e30_0;
    %cmpi/e 7, 0, 3;
    %jmp/0xz  T_2.18, 4;
    %pushi/vec4 3, 0, 3;
    %assign/vec4 v0x5b406deca3e0_0, 0;
    %jmp T_2.19;
T_2.18 ;
    %load/vec4 v0x5b406dec9e30_0;
    %addi 1, 0, 3;
    %assign/vec4 v0x5b406dec9e30_0, 0;
T_2.19 ;
T_2.16 ;
    %jmp T_2.11;
T_2.9 ;
    %pushi/vec4 1, 0, 1;
    %assign/vec4 v0x5b406deca4c0_0, 0;
    %load/vec4 v0x5b406dec9d70_0;
    %flag_set/vec4 8;
    %jmp/0xz  T_2.20, 8;
    %pushi/vec4 0, 0, 1;
    %assign/vec4 v0x5b406deca0e0_0, 0;
    %pushi/vec4 0, 0, 3;
    %assign/vec4 v0x5b406deca3e0_0, 0;
T_2.20 ;
    %jmp T_2.11;
T_2.11 ;
    %pop/vec4 1;
T_2.1 ;
    %jmp T_2;
    .thread T_2;
    .scope S_0x5b406de8c490;
T_3 ;
    %wait E_0x5b406de97d00;
    %load/vec4 v0x5b406decaae0_0;
    %nor/r;
    %flag_set/vec4 8;
    %jmp/0xz  T_3.0, 8;
    %pushi/vec4 0, 0, 8;
    %assign/vec4 v0x5b406decac70_0, 0;
    %pushi/vec4 0, 0, 1;
    %assign/vec4 v0x5b406decad10_0, 0;
    %jmp T_3.1;
T_3.0 ;
    %pushi/vec4 0, 0, 1;
    %assign/vec4 v0x5b406decad10_0, 0;
    %load/vec4 v0x5b406deca920_0;
    %flag_set/vec4 9;
    %flag_get/vec4 9;
    %jmp/0 T_3.4, 9;
    %load/vec4 v0x5b406decabd0_0;
    %nor/r;
    %and;
T_3.4;
    %flag_set/vec4 8;
    %jmp/0xz  T_3.2, 8;
    %load/vec4 v0x5b406deca820_0;
    %assign/vec4 v0x5b406decac70_0, 0;
    %pushi/vec4 1, 0, 1;
    %assign/vec4 v0x5b406decad10_0, 0;
T_3.2 ;
T_3.1 ;
    %jmp T_3;
    .thread T_3;
    .scope S_0x5b406de80510;
T_4 ;
    %pushi/vec4 0, 0, 1;
    %assign/vec4 v0x5b406decb440_0, 0;
T_4.0 ;
    %delay 18518, 0;
    %load/vec4 v0x5b406decb440_0;
    %inv;
    %store/vec4 v0x5b406decb440_0, 0, 1;
    %jmp T_4.0;
    %end;
    .thread T_4;
    .scope S_0x5b406de80510;
T_5 ;
    %pushi/vec4 0, 0, 1;
    %store/vec4 v0x5b406decb4e0_0, 0, 1;
    %pushi/vec4 1, 0, 1;
    %store/vec4 v0x5b406decb5b0_0, 0, 1;
    %delay 200000, 0;
    %pushi/vec4 1, 0, 1;
    %store/vec4 v0x5b406decb4e0_0, 0, 1;
    %delay 20000000, 0;
    %pushi/vec4 85, 0, 8;
    %store/vec4 v0x5b406decb1a0_0, 0, 8;
    %fork TD_tb_uartLoopback.sendUartByte, S_0x5b406decb010;
    %join;
    %delay 200000000, 0;
    %pushi/vec4 65, 0, 8;
    %store/vec4 v0x5b406decb1a0_0, 0, 8;
    %fork TD_tb_uartLoopback.sendUartByte, S_0x5b406decb010;
    %join;
    %delay 200000000, 0;
    %vpi_call/w 3 53 "$finish" {0 0 0};
    %end;
    .thread T_5;
    .scope S_0x5b406de80510;
T_6 ;
    %vpi_call/w 3 57 "$dumpfile", "sim/tb_uartLoopback.vcd" {0 0 0};
    %vpi_call/w 3 58 "$dumpvars", 32'sb00000000000000000000000000000000, S_0x5b406de80510 {0 0 0};
    %end;
    .thread T_6;
# The file index is used to find the file name in the following table.
:file_names 7;
    "N/A";
    "<interactive>";
    "-";
    "sim/tb_uartLoopback.sv";
    "uartLoopback/src/uartLoopback.sv";
    "uartLoopback/src/uartRx.sv";
    "uartLoopback/src/uartTx.sv";
