#! /usr/bin/vvp
:ivl_version "12.0 (stable)";
:ivl_delay_selection "TYPICAL";
:vpi_time_precision - 12;
:vpi_module "/usr/lib/x86_64-linux-gnu/ivl/system.vpi";
:vpi_module "/usr/lib/x86_64-linux-gnu/ivl/vhdl_sys.vpi";
:vpi_module "/usr/lib/x86_64-linux-gnu/ivl/vhdl_textio.vpi";
:vpi_module "/usr/lib/x86_64-linux-gnu/ivl/v2005_math.vpi";
:vpi_module "/usr/lib/x86_64-linux-gnu/ivl/va_math.vpi";
:vpi_module "/usr/lib/x86_64-linux-gnu/ivl/v2009.vpi";
S_0x59a834d92d70 .scope package, "$unit" "$unit" 2 1;
 .timescale 0 0;
S_0x59a834d92f00 .scope module, "tb_quadratureDecoder" "tb_quadratureDecoder" 3 3;
 .timescale -9 -12;
L_0x7dc5b949d018 .functor BUFT 1, C4<0>, C4<0>, C4<0>, C4<0>;
v0x59a834daf3e0_0 .net *"_ivl_3", 0 0, L_0x7dc5b949d018;  1 drivers
v0x59a834daf4e0_0 .net "led", 5 0, L_0x59a834daf990;  1 drivers
v0x59a834daf5c0_0 .var "quad_a", 0 0;
v0x59a834daf660_0 .var "quad_b", 0 0;
v0x59a834daf700_0 .var "sys_clk", 0 0;
v0x59a834daf7f0_0 .var "sys_rst_n", 0 0;
L_0x59a834daf990 .concat [ 5 1 0 0], L_0x59a834daf8c0, L_0x7dc5b949d018;
S_0x59a834d54490 .scope module, "dut" "quadratureDecoder" 3 11, 4 1 0, S_0x59a834d92f00;
 .timescale 0 0;
    .port_info 0 /INPUT 1 "sys_clk";
    .port_info 1 /INPUT 1 "sys_rst_n";
    .port_info 2 /INPUT 1 "quad_a";
    .port_info 3 /INPUT 1 "quad_b";
    .port_info 4 /OUTPUT 5 "led";
L_0x59a834daf8c0 .functor NOT 5, v0x59a834dae740_0, C4<00000>, C4<00000>, C4<00000>;
v0x59a834d54640_0 .net "led", 4 0, L_0x59a834daf8c0;  1 drivers
v0x59a834dae740_0 .var "positionCounter", 4 0;
v0x59a834dae820_0 .var "quadA_sync0", 0 0;
v0x59a834dae8c0_0 .var "quadA_sync1", 0 0;
v0x59a834dae980_0 .var "quadB_sync0", 0 0;
v0x59a834daea90_0 .var "quadB_sync1", 0 0;
v0x59a834daeb50_0 .var "quadState", 1 0;
v0x59a834daec30_0 .var "quadStatePrev", 1 0;
v0x59a834daed10_0 .net "quad_a", 0 0, v0x59a834daf5c0_0;  1 drivers
v0x59a834daedd0_0 .net "quad_b", 0 0, v0x59a834daf660_0;  1 drivers
v0x59a834daee90_0 .net "sys_clk", 0 0, v0x59a834daf700_0;  1 drivers
v0x59a834daef50_0 .net "sys_rst_n", 0 0, v0x59a834daf7f0_0;  1 drivers
E_0x59a834d8d850/0 .event negedge, v0x59a834daef50_0;
E_0x59a834d8d850/1 .event posedge, v0x59a834daee90_0;
E_0x59a834d8d850 .event/or E_0x59a834d8d850/0, E_0x59a834d8d850/1;
S_0x59a834daf0b0 .scope task, "stepQuadrature" "stepQuadrature" 3 24, 3 24 0, S_0x59a834d92f00;
 .timescale -9 -12;
v0x59a834daf260_0 .var "a", 0 0;
v0x59a834daf320_0 .var "b", 0 0;
TD_tb_quadratureDecoder.stepQuadrature ;
    %load/vec4 v0x59a834daf260_0;
    %store/vec4 v0x59a834daf5c0_0, 0, 1;
    %load/vec4 v0x59a834daf320_0;
    %store/vec4 v0x59a834daf660_0, 0, 1;
    %delay 10000000, 0;
    %end;
    .scope S_0x59a834d54490;
T_1 ;
    %wait E_0x59a834d8d850;
    %load/vec4 v0x59a834daef50_0;
    %nor/r;
    %flag_set/vec4 8;
    %jmp/0xz  T_1.0, 8;
    %pushi/vec4 0, 0, 1;
    %assign/vec4 v0x59a834dae820_0, 0;
    %pushi/vec4 0, 0, 1;
    %assign/vec4 v0x59a834dae8c0_0, 0;
    %pushi/vec4 0, 0, 1;
    %assign/vec4 v0x59a834dae980_0, 0;
    %pushi/vec4 0, 0, 1;
    %assign/vec4 v0x59a834daea90_0, 0;
    %pushi/vec4 0, 0, 2;
    %assign/vec4 v0x59a834daeb50_0, 0;
    %pushi/vec4 0, 0, 2;
    %assign/vec4 v0x59a834daec30_0, 0;
    %pushi/vec4 0, 0, 5;
    %assign/vec4 v0x59a834dae740_0, 0;
    %jmp T_1.1;
T_1.0 ;
    %load/vec4 v0x59a834daed10_0;
    %assign/vec4 v0x59a834dae820_0, 0;
    %load/vec4 v0x59a834dae820_0;
    %assign/vec4 v0x59a834dae8c0_0, 0;
    %load/vec4 v0x59a834daedd0_0;
    %assign/vec4 v0x59a834dae980_0, 0;
    %load/vec4 v0x59a834dae980_0;
    %assign/vec4 v0x59a834daea90_0, 0;
    %load/vec4 v0x59a834daeb50_0;
    %assign/vec4 v0x59a834daec30_0, 0;
    %load/vec4 v0x59a834dae8c0_0;
    %load/vec4 v0x59a834daea90_0;
    %concat/vec4; draw_concat_vec4
    %assign/vec4 v0x59a834daeb50_0, 0;
    %load/vec4 v0x59a834daec30_0;
    %load/vec4 v0x59a834daeb50_0;
    %concat/vec4; draw_concat_vec4
    %dup/vec4;
    %pushi/vec4 1, 0, 4;
    %cmp/u;
    %jmp/1 T_1.2, 6;
    %dup/vec4;
    %pushi/vec4 7, 0, 4;
    %cmp/u;
    %jmp/1 T_1.3, 6;
    %dup/vec4;
    %pushi/vec4 14, 0, 4;
    %cmp/u;
    %jmp/1 T_1.4, 6;
    %dup/vec4;
    %pushi/vec4 8, 0, 4;
    %cmp/u;
    %jmp/1 T_1.5, 6;
    %dup/vec4;
    %pushi/vec4 2, 0, 4;
    %cmp/u;
    %jmp/1 T_1.6, 6;
    %dup/vec4;
    %pushi/vec4 11, 0, 4;
    %cmp/u;
    %jmp/1 T_1.7, 6;
    %dup/vec4;
    %pushi/vec4 13, 0, 4;
    %cmp/u;
    %jmp/1 T_1.8, 6;
    %dup/vec4;
    %pushi/vec4 4, 0, 4;
    %cmp/u;
    %jmp/1 T_1.9, 6;
    %load/vec4 v0x59a834dae740_0;
    %assign/vec4 v0x59a834dae740_0, 0;
    %jmp T_1.11;
T_1.2 ;
    %load/vec4 v0x59a834dae740_0;
    %addi 1, 0, 5;
    %assign/vec4 v0x59a834dae740_0, 0;
    %jmp T_1.11;
T_1.3 ;
    %load/vec4 v0x59a834dae740_0;
    %addi 1, 0, 5;
    %assign/vec4 v0x59a834dae740_0, 0;
    %jmp T_1.11;
T_1.4 ;
    %load/vec4 v0x59a834dae740_0;
    %addi 1, 0, 5;
    %assign/vec4 v0x59a834dae740_0, 0;
    %jmp T_1.11;
T_1.5 ;
    %load/vec4 v0x59a834dae740_0;
    %addi 1, 0, 5;
    %assign/vec4 v0x59a834dae740_0, 0;
    %jmp T_1.11;
T_1.6 ;
    %load/vec4 v0x59a834dae740_0;
    %subi 1, 0, 5;
    %assign/vec4 v0x59a834dae740_0, 0;
    %jmp T_1.11;
T_1.7 ;
    %load/vec4 v0x59a834dae740_0;
    %subi 1, 0, 5;
    %assign/vec4 v0x59a834dae740_0, 0;
    %jmp T_1.11;
T_1.8 ;
    %load/vec4 v0x59a834dae740_0;
    %subi 1, 0, 5;
    %assign/vec4 v0x59a834dae740_0, 0;
    %jmp T_1.11;
T_1.9 ;
    %load/vec4 v0x59a834dae740_0;
    %subi 1, 0, 5;
    %assign/vec4 v0x59a834dae740_0, 0;
    %jmp T_1.11;
T_1.11 ;
    %pop/vec4 1;
T_1.1 ;
    %jmp T_1;
    .thread T_1;
    .scope S_0x59a834d92f00;
T_2 ;
    %pushi/vec4 0, 0, 1;
    %store/vec4 v0x59a834daf700_0, 0, 1;
T_2.0 ;
    %delay 18518, 0;
    %load/vec4 v0x59a834daf700_0;
    %inv;
    %store/vec4 v0x59a834daf700_0, 0, 1;
    %jmp T_2.0;
    %end;
    .thread T_2;
    .scope S_0x59a834d92f00;
T_3 ;
    %pushi/vec4 0, 0, 1;
    %store/vec4 v0x59a834daf7f0_0, 0, 1;
    %pushi/vec4 0, 0, 1;
    %store/vec4 v0x59a834daf5c0_0, 0, 1;
    %pushi/vec4 0, 0, 1;
    %store/vec4 v0x59a834daf660_0, 0, 1;
    %delay 200000, 0;
    %pushi/vec4 1, 0, 1;
    %store/vec4 v0x59a834daf7f0_0, 0, 1;
    %pushi/vec4 0, 0, 1;
    %store/vec4 v0x59a834daf260_0, 0, 1;
    %pushi/vec4 1, 0, 1;
    %store/vec4 v0x59a834daf320_0, 0, 1;
    %fork TD_tb_quadratureDecoder.stepQuadrature, S_0x59a834daf0b0;
    %join;
    %pushi/vec4 1, 0, 1;
    %store/vec4 v0x59a834daf260_0, 0, 1;
    %pushi/vec4 1, 0, 1;
    %store/vec4 v0x59a834daf320_0, 0, 1;
    %fork TD_tb_quadratureDecoder.stepQuadrature, S_0x59a834daf0b0;
    %join;
    %pushi/vec4 1, 0, 1;
    %store/vec4 v0x59a834daf260_0, 0, 1;
    %pushi/vec4 0, 0, 1;
    %store/vec4 v0x59a834daf320_0, 0, 1;
    %fork TD_tb_quadratureDecoder.stepQuadrature, S_0x59a834daf0b0;
    %join;
    %pushi/vec4 0, 0, 1;
    %store/vec4 v0x59a834daf260_0, 0, 1;
    %pushi/vec4 0, 0, 1;
    %store/vec4 v0x59a834daf320_0, 0, 1;
    %fork TD_tb_quadratureDecoder.stepQuadrature, S_0x59a834daf0b0;
    %join;
    %pushi/vec4 0, 0, 1;
    %store/vec4 v0x59a834daf260_0, 0, 1;
    %pushi/vec4 1, 0, 1;
    %store/vec4 v0x59a834daf320_0, 0, 1;
    %fork TD_tb_quadratureDecoder.stepQuadrature, S_0x59a834daf0b0;
    %join;
    %pushi/vec4 1, 0, 1;
    %store/vec4 v0x59a834daf260_0, 0, 1;
    %pushi/vec4 1, 0, 1;
    %store/vec4 v0x59a834daf320_0, 0, 1;
    %fork TD_tb_quadratureDecoder.stepQuadrature, S_0x59a834daf0b0;
    %join;
    %pushi/vec4 1, 0, 1;
    %store/vec4 v0x59a834daf260_0, 0, 1;
    %pushi/vec4 0, 0, 1;
    %store/vec4 v0x59a834daf320_0, 0, 1;
    %fork TD_tb_quadratureDecoder.stepQuadrature, S_0x59a834daf0b0;
    %join;
    %pushi/vec4 0, 0, 1;
    %store/vec4 v0x59a834daf260_0, 0, 1;
    %pushi/vec4 0, 0, 1;
    %store/vec4 v0x59a834daf320_0, 0, 1;
    %fork TD_tb_quadratureDecoder.stepQuadrature, S_0x59a834daf0b0;
    %join;
    %pushi/vec4 1, 0, 1;
    %store/vec4 v0x59a834daf260_0, 0, 1;
    %pushi/vec4 0, 0, 1;
    %store/vec4 v0x59a834daf320_0, 0, 1;
    %fork TD_tb_quadratureDecoder.stepQuadrature, S_0x59a834daf0b0;
    %join;
    %pushi/vec4 1, 0, 1;
    %store/vec4 v0x59a834daf260_0, 0, 1;
    %pushi/vec4 1, 0, 1;
    %store/vec4 v0x59a834daf320_0, 0, 1;
    %fork TD_tb_quadratureDecoder.stepQuadrature, S_0x59a834daf0b0;
    %join;
    %pushi/vec4 0, 0, 1;
    %store/vec4 v0x59a834daf260_0, 0, 1;
    %pushi/vec4 1, 0, 1;
    %store/vec4 v0x59a834daf320_0, 0, 1;
    %fork TD_tb_quadratureDecoder.stepQuadrature, S_0x59a834daf0b0;
    %join;
    %pushi/vec4 0, 0, 1;
    %store/vec4 v0x59a834daf260_0, 0, 1;
    %pushi/vec4 0, 0, 1;
    %store/vec4 v0x59a834daf320_0, 0, 1;
    %fork TD_tb_quadratureDecoder.stepQuadrature, S_0x59a834daf0b0;
    %join;
    %delay 50000000, 0;
    %vpi_call/w 3 58 "$finish" {0 0 0};
    %end;
    .thread T_3;
    .scope S_0x59a834d92f00;
T_4 ;
    %vpi_call/w 3 62 "$dumpfile", "tb_quadratureDecoder.vcd" {0 0 0};
    %vpi_call/w 3 63 "$dumpvars", 32'sb00000000000000000000000000000000, S_0x59a834d92f00 {0 0 0};
    %end;
    .thread T_4;
# The file index is used to find the file name in the following table.
:file_names 5;
    "N/A";
    "<interactive>";
    "-";
    "sim/tb_quadratureDecoder.sv";
    "quadratureDecoder/src/quadratureDecoder.sv";
