#! /usr/bin/vvp
:ivl_version "12.0 (stable)";
:ivl_delay_selection "TYPICAL";
:vpi_time_precision - 12;
:vpi_module "/usr/lib/x86_64-linux-gnu/ivl/system.vpi";
:vpi_module "/usr/lib/x86_64-linux-gnu/ivl/vhdl_sys.vpi";
:vpi_module "/usr/lib/x86_64-linux-gnu/ivl/vhdl_textio.vpi";
:vpi_module "/usr/lib/x86_64-linux-gnu/ivl/v2005_math.vpi";
:vpi_module "/usr/lib/x86_64-linux-gnu/ivl/va_math.vpi";
:vpi_module "/usr/lib/x86_64-linux-gnu/ivl/v2009.vpi";
S_0x5a9a35cb1100 .scope package, "$unit" "$unit" 2 1;
 .timescale 0 0;
S_0x5a9a35cb1290 .scope module, "tb_matrixMultiply" "tb_matrixMultiply" 3 3;
 .timescale -9 -12;
v0x5a9a35cf71a0_0 .net "busy", 0 0, v0x5a9a35cf4cc0_0;  1 drivers
v0x5a9a35cf7260_0 .net "done", 0 0, v0x5a9a35cf5070_0;  1 drivers
v0x5a9a35cf7300_0 .var "start", 0 0;
v0x5a9a35cf73a0_0 .var "sys_clk", 0 0;
v0x5a9a35cf7440_0 .var "sys_rst_n", 0 0;
v0x5a9a35cf7530_0 .var/s "w00", 7 0;
v0x5a9a35cf7600_0 .var/s "w01", 7 0;
v0x5a9a35cf76d0_0 .var/s "w02", 7 0;
v0x5a9a35cf77a0_0 .var/s "w03", 7 0;
v0x5a9a35cf7870_0 .var/s "w10", 7 0;
v0x5a9a35cf7940_0 .var/s "w11", 7 0;
v0x5a9a35cf7a10_0 .var/s "w12", 7 0;
v0x5a9a35cf7ae0_0 .var/s "w13", 7 0;
v0x5a9a35cf7bb0_0 .var/s "w20", 7 0;
v0x5a9a35cf7c80_0 .var/s "w21", 7 0;
v0x5a9a35cf7d50_0 .var/s "w22", 7 0;
v0x5a9a35cf7e20_0 .var/s "w23", 7 0;
v0x5a9a35cf7ef0_0 .var/s "w30", 7 0;
v0x5a9a35cf7fc0_0 .var/s "w31", 7 0;
v0x5a9a35cf8090_0 .var/s "w32", 7 0;
v0x5a9a35cf8160_0 .var/s "w33", 7 0;
v0x5a9a35cf8230_0 .var/s "x0", 7 0;
v0x5a9a35cf8300_0 .var/s "x1", 7 0;
v0x5a9a35cf83d0_0 .var/s "x2", 7 0;
v0x5a9a35cf84a0_0 .var/s "x3", 7 0;
v0x5a9a35cf8570_0 .net/s "y0", 15 0, v0x5a9a35cf6870_0;  1 drivers
v0x5a9a35cf8640_0 .net/s "y1", 15 0, v0x5a9a35cf6950_0;  1 drivers
v0x5a9a35cf8710_0 .net/s "y2", 15 0, v0x5a9a35cf6a30_0;  1 drivers
v0x5a9a35cf87e0_0 .net/s "y3", 15 0, v0x5a9a35cf6b10_0;  1 drivers
S_0x5a9a35c63490 .scope module, "dut" "matrixVectorMultiply" 3 42, 4 6 0, S_0x5a9a35cb1290;
 .timescale 0 0;
    .port_info 0 /INPUT 1 "sys_clk";
    .port_info 1 /INPUT 1 "sys_rst_n";
    .port_info 2 /INPUT 1 "start";
    .port_info 3 /INPUT 8 "x0";
    .port_info 4 /INPUT 8 "x1";
    .port_info 5 /INPUT 8 "x2";
    .port_info 6 /INPUT 8 "x3";
    .port_info 7 /INPUT 8 "w00";
    .port_info 8 /INPUT 8 "w01";
    .port_info 9 /INPUT 8 "w02";
    .port_info 10 /INPUT 8 "w03";
    .port_info 11 /INPUT 8 "w10";
    .port_info 12 /INPUT 8 "w11";
    .port_info 13 /INPUT 8 "w12";
    .port_info 14 /INPUT 8 "w13";
    .port_info 15 /INPUT 8 "w20";
    .port_info 16 /INPUT 8 "w21";
    .port_info 17 /INPUT 8 "w22";
    .port_info 18 /INPUT 8 "w23";
    .port_info 19 /INPUT 8 "w30";
    .port_info 20 /INPUT 8 "w31";
    .port_info 21 /INPUT 8 "w32";
    .port_info 22 /INPUT 8 "w33";
    .port_info 23 /OUTPUT 1 "busy";
    .port_info 24 /OUTPUT 1 "done";
    .port_info 25 /OUTPUT 16 "y0";
    .port_info 26 /OUTPUT 16 "y1";
    .port_info 27 /OUTPUT 16 "y2";
    .port_info 28 /OUTPUT 16 "y3";
enum0x5a9a35c88880 .enum4 (2)
   "IDLE" 2'b00,
   "RUN" 2'b01,
   "FINISH" 2'b10
 ;
v0x5a9a35cd62b0_0 .net/s *"_ivl_0", 15 0, L_0x5a9a35cf88b0;  1 drivers
v0x5a9a35cc7e70_0 .net/s *"_ivl_2", 15 0, L_0x5a9a35cf89b0;  1 drivers
v0x5a9a35cf4c00_0 .net *"_ivl_8", 11 0, L_0x5a9a35cf8bd0;  1 drivers
v0x5a9a35cf4cc0_0 .var "busy", 0 0;
v0x5a9a35cf4d80_0 .var "col", 1 0;
v0x5a9a35cf4eb0_0 .var/s "currentInput", 7 0;
v0x5a9a35cf4f90_0 .var/s "currentWeight", 7 0;
v0x5a9a35cf5070_0 .var "done", 0 0;
v0x5a9a35cf5130_0 .net/s "rawProduct", 15 0, L_0x5a9a35cf8ab0;  1 drivers
v0x5a9a35cf5210_0 .var "row", 1 0;
v0x5a9a35cf52f0_0 .net/s "scaledProduct", 15 0, L_0x5a9a35cf8cf0;  1 drivers
v0x5a9a35cf53d0_0 .net "start", 0 0, v0x5a9a35cf7300_0;  1 drivers
v0x5a9a35cf5490_0 .var "state", 1 0;
v0x5a9a35cf5570_0 .net "sys_clk", 0 0, v0x5a9a35cf73a0_0;  1 drivers
v0x5a9a35cf5630_0 .net "sys_rst_n", 0 0, v0x5a9a35cf7440_0;  1 drivers
v0x5a9a35cf56f0_0 .net/s "w00", 7 0, v0x5a9a35cf7530_0;  1 drivers
v0x5a9a35cf57d0_0 .net/s "w01", 7 0, v0x5a9a35cf7600_0;  1 drivers
v0x5a9a35cf58b0_0 .net/s "w02", 7 0, v0x5a9a35cf76d0_0;  1 drivers
v0x5a9a35cf5990_0 .net/s "w03", 7 0, v0x5a9a35cf77a0_0;  1 drivers
v0x5a9a35cf5a70_0 .net/s "w10", 7 0, v0x5a9a35cf7870_0;  1 drivers
v0x5a9a35cf5b50_0 .net/s "w11", 7 0, v0x5a9a35cf7940_0;  1 drivers
v0x5a9a35cf5c30_0 .net/s "w12", 7 0, v0x5a9a35cf7a10_0;  1 drivers
v0x5a9a35cf5d10_0 .net/s "w13", 7 0, v0x5a9a35cf7ae0_0;  1 drivers
v0x5a9a35cf5df0_0 .net/s "w20", 7 0, v0x5a9a35cf7bb0_0;  1 drivers
v0x5a9a35cf5ed0_0 .net/s "w21", 7 0, v0x5a9a35cf7c80_0;  1 drivers
v0x5a9a35cf5fb0_0 .net/s "w22", 7 0, v0x5a9a35cf7d50_0;  1 drivers
v0x5a9a35cf6090_0 .net/s "w23", 7 0, v0x5a9a35cf7e20_0;  1 drivers
v0x5a9a35cf6170_0 .net/s "w30", 7 0, v0x5a9a35cf7ef0_0;  1 drivers
v0x5a9a35cf6250_0 .net/s "w31", 7 0, v0x5a9a35cf7fc0_0;  1 drivers
v0x5a9a35cf6330_0 .net/s "w32", 7 0, v0x5a9a35cf8090_0;  1 drivers
v0x5a9a35cf6410_0 .net/s "w33", 7 0, v0x5a9a35cf8160_0;  1 drivers
v0x5a9a35cf64f0_0 .net/s "x0", 7 0, v0x5a9a35cf8230_0;  1 drivers
v0x5a9a35cf65d0_0 .net/s "x1", 7 0, v0x5a9a35cf8300_0;  1 drivers
v0x5a9a35cf66b0_0 .net/s "x2", 7 0, v0x5a9a35cf83d0_0;  1 drivers
v0x5a9a35cf6790_0 .net/s "x3", 7 0, v0x5a9a35cf84a0_0;  1 drivers
v0x5a9a35cf6870_0 .var/s "y0", 15 0;
v0x5a9a35cf6950_0 .var/s "y1", 15 0;
v0x5a9a35cf6a30_0 .var/s "y2", 15 0;
v0x5a9a35cf6b10_0 .var/s "y3", 15 0;
E_0x5a9a35ca3640/0 .event negedge, v0x5a9a35cf5630_0;
E_0x5a9a35ca3640/1 .event posedge, v0x5a9a35cf5570_0;
E_0x5a9a35ca3640 .event/or E_0x5a9a35ca3640/0, E_0x5a9a35ca3640/1;
E_0x5a9a35ca3b50/0 .event anyedge, v0x5a9a35cf5210_0, v0x5a9a35cf4d80_0, v0x5a9a35cf56f0_0, v0x5a9a35cf57d0_0;
E_0x5a9a35ca3b50/1 .event anyedge, v0x5a9a35cf58b0_0, v0x5a9a35cf5990_0, v0x5a9a35cf5a70_0, v0x5a9a35cf5b50_0;
E_0x5a9a35ca3b50/2 .event anyedge, v0x5a9a35cf5c30_0, v0x5a9a35cf5d10_0, v0x5a9a35cf5df0_0, v0x5a9a35cf5ed0_0;
E_0x5a9a35ca3b50/3 .event anyedge, v0x5a9a35cf5fb0_0, v0x5a9a35cf6090_0, v0x5a9a35cf6170_0, v0x5a9a35cf6250_0;
E_0x5a9a35ca3b50/4 .event anyedge, v0x5a9a35cf6330_0, v0x5a9a35cf6410_0;
E_0x5a9a35ca3b50 .event/or E_0x5a9a35ca3b50/0, E_0x5a9a35ca3b50/1, E_0x5a9a35ca3b50/2, E_0x5a9a35ca3b50/3, E_0x5a9a35ca3b50/4;
E_0x5a9a35c88980/0 .event anyedge, v0x5a9a35cf4d80_0, v0x5a9a35cf64f0_0, v0x5a9a35cf65d0_0, v0x5a9a35cf66b0_0;
E_0x5a9a35c88980/1 .event anyedge, v0x5a9a35cf6790_0;
E_0x5a9a35c88980 .event/or E_0x5a9a35c88980/0, E_0x5a9a35c88980/1;
L_0x5a9a35cf88b0 .extend/s 16, v0x5a9a35cf4f90_0;
L_0x5a9a35cf89b0 .extend/s 16, v0x5a9a35cf4eb0_0;
L_0x5a9a35cf8ab0 .arith/mult 16, L_0x5a9a35cf88b0, L_0x5a9a35cf89b0;
L_0x5a9a35cf8bd0 .part L_0x5a9a35cf8ab0, 4, 12;
L_0x5a9a35cf8cf0 .extend/s 16, L_0x5a9a35cf8bd0;
S_0x5a9a35cf6f90 .scope task, "startOperation" "startOperation" 3 86, 3 86 0, S_0x5a9a35cb1290;
 .timescale -9 -12;
E_0x5a9a35c887f0 .event posedge, v0x5a9a35cf5570_0;
E_0x5a9a35c87780 .event anyedge, v0x5a9a35cf5070_0;
E_0x5a9a35cd61e0 .event negedge, v0x5a9a35cf5570_0;
TD_tb_matrixMultiply.startOperation ;
    %wait E_0x5a9a35cd61e0;
    %pushi/vec4 1, 0, 1;
    %store/vec4 v0x5a9a35cf7300_0, 0, 1;
    %wait E_0x5a9a35cd61e0;
    %pushi/vec4 0, 0, 1;
    %store/vec4 v0x5a9a35cf7300_0, 0, 1;
T_0.0 ;
    %load/vec4 v0x5a9a35cf7260_0;
    %pushi/vec4 1, 0, 1;
    %cmp/e;
    %flag_get/vec4 4;
    %cmpi/ne 1, 0, 1;
    %jmp/0xz T_0.1, 6;
    %wait E_0x5a9a35c87780;
    %jmp T_0.0;
T_0.1 ;
    %wait E_0x5a9a35c887f0;
    %end;
    .scope S_0x5a9a35c63490;
T_1 ;
Ewait_0 .event/or E_0x5a9a35c88980, E_0x0;
    %wait Ewait_0;
    %load/vec4 v0x5a9a35cf4d80_0;
    %dup/vec4;
    %pushi/vec4 0, 0, 2;
    %cmp/u;
    %jmp/1 T_1.0, 6;
    %dup/vec4;
    %pushi/vec4 1, 0, 2;
    %cmp/u;
    %jmp/1 T_1.1, 6;
    %dup/vec4;
    %pushi/vec4 2, 0, 2;
    %cmp/u;
    %jmp/1 T_1.2, 6;
    %dup/vec4;
    %pushi/vec4 3, 0, 2;
    %cmp/u;
    %jmp/1 T_1.3, 6;
    %pushi/vec4 0, 0, 8;
    %store/vec4 v0x5a9a35cf4eb0_0, 0, 8;
    %jmp T_1.5;
T_1.0 ;
    %load/vec4 v0x5a9a35cf64f0_0;
    %store/vec4 v0x5a9a35cf4eb0_0, 0, 8;
    %jmp T_1.5;
T_1.1 ;
    %load/vec4 v0x5a9a35cf65d0_0;
    %store/vec4 v0x5a9a35cf4eb0_0, 0, 8;
    %jmp T_1.5;
T_1.2 ;
    %load/vec4 v0x5a9a35cf66b0_0;
    %store/vec4 v0x5a9a35cf4eb0_0, 0, 8;
    %jmp T_1.5;
T_1.3 ;
    %load/vec4 v0x5a9a35cf6790_0;
    %store/vec4 v0x5a9a35cf4eb0_0, 0, 8;
    %jmp T_1.5;
T_1.5 ;
    %pop/vec4 1;
    %jmp T_1;
    .thread T_1, $push;
    .scope S_0x5a9a35c63490;
T_2 ;
Ewait_1 .event/or E_0x5a9a35ca3b50, E_0x0;
    %wait Ewait_1;
    %load/vec4 v0x5a9a35cf5210_0;
    %load/vec4 v0x5a9a35cf4d80_0;
    %concat/vec4; draw_concat_vec4
    %dup/vec4;
    %pushi/vec4 0, 0, 4;
    %cmp/u;
    %jmp/1 T_2.0, 6;
    %dup/vec4;
    %pushi/vec4 1, 0, 4;
    %cmp/u;
    %jmp/1 T_2.1, 6;
    %dup/vec4;
    %pushi/vec4 2, 0, 4;
    %cmp/u;
    %jmp/1 T_2.2, 6;
    %dup/vec4;
    %pushi/vec4 3, 0, 4;
    %cmp/u;
    %jmp/1 T_2.3, 6;
    %dup/vec4;
    %pushi/vec4 4, 0, 4;
    %cmp/u;
    %jmp/1 T_2.4, 6;
    %dup/vec4;
    %pushi/vec4 5, 0, 4;
    %cmp/u;
    %jmp/1 T_2.5, 6;
    %dup/vec4;
    %pushi/vec4 6, 0, 4;
    %cmp/u;
    %jmp/1 T_2.6, 6;
    %dup/vec4;
    %pushi/vec4 7, 0, 4;
    %cmp/u;
    %jmp/1 T_2.7, 6;
    %dup/vec4;
    %pushi/vec4 8, 0, 4;
    %cmp/u;
    %jmp/1 T_2.8, 6;
    %dup/vec4;
    %pushi/vec4 9, 0, 4;
    %cmp/u;
    %jmp/1 T_2.9, 6;
    %dup/vec4;
    %pushi/vec4 10, 0, 4;
    %cmp/u;
    %jmp/1 T_2.10, 6;
    %dup/vec4;
    %pushi/vec4 11, 0, 4;
    %cmp/u;
    %jmp/1 T_2.11, 6;
    %dup/vec4;
    %pushi/vec4 12, 0, 4;
    %cmp/u;
    %jmp/1 T_2.12, 6;
    %dup/vec4;
    %pushi/vec4 13, 0, 4;
    %cmp/u;
    %jmp/1 T_2.13, 6;
    %dup/vec4;
    %pushi/vec4 14, 0, 4;
    %cmp/u;
    %jmp/1 T_2.14, 6;
    %dup/vec4;
    %pushi/vec4 15, 0, 4;
    %cmp/u;
    %jmp/1 T_2.15, 6;
    %pushi/vec4 0, 0, 8;
    %store/vec4 v0x5a9a35cf4f90_0, 0, 8;
    %jmp T_2.17;
T_2.0 ;
    %load/vec4 v0x5a9a35cf56f0_0;
    %store/vec4 v0x5a9a35cf4f90_0, 0, 8;
    %jmp T_2.17;
T_2.1 ;
    %load/vec4 v0x5a9a35cf57d0_0;
    %store/vec4 v0x5a9a35cf4f90_0, 0, 8;
    %jmp T_2.17;
T_2.2 ;
    %load/vec4 v0x5a9a35cf58b0_0;
    %store/vec4 v0x5a9a35cf4f90_0, 0, 8;
    %jmp T_2.17;
T_2.3 ;
    %load/vec4 v0x5a9a35cf5990_0;
    %store/vec4 v0x5a9a35cf4f90_0, 0, 8;
    %jmp T_2.17;
T_2.4 ;
    %load/vec4 v0x5a9a35cf5a70_0;
    %store/vec4 v0x5a9a35cf4f90_0, 0, 8;
    %jmp T_2.17;
T_2.5 ;
    %load/vec4 v0x5a9a35cf5b50_0;
    %store/vec4 v0x5a9a35cf4f90_0, 0, 8;
    %jmp T_2.17;
T_2.6 ;
    %load/vec4 v0x5a9a35cf5c30_0;
    %store/vec4 v0x5a9a35cf4f90_0, 0, 8;
    %jmp T_2.17;
T_2.7 ;
    %load/vec4 v0x5a9a35cf5d10_0;
    %store/vec4 v0x5a9a35cf4f90_0, 0, 8;
    %jmp T_2.17;
T_2.8 ;
    %load/vec4 v0x5a9a35cf5df0_0;
    %store/vec4 v0x5a9a35cf4f90_0, 0, 8;
    %jmp T_2.17;
T_2.9 ;
    %load/vec4 v0x5a9a35cf5ed0_0;
    %store/vec4 v0x5a9a35cf4f90_0, 0, 8;
    %jmp T_2.17;
T_2.10 ;
    %load/vec4 v0x5a9a35cf5fb0_0;
    %store/vec4 v0x5a9a35cf4f90_0, 0, 8;
    %jmp T_2.17;
T_2.11 ;
    %load/vec4 v0x5a9a35cf6090_0;
    %store/vec4 v0x5a9a35cf4f90_0, 0, 8;
    %jmp T_2.17;
T_2.12 ;
    %load/vec4 v0x5a9a35cf6170_0;
    %store/vec4 v0x5a9a35cf4f90_0, 0, 8;
    %jmp T_2.17;
T_2.13 ;
    %load/vec4 v0x5a9a35cf6250_0;
    %store/vec4 v0x5a9a35cf4f90_0, 0, 8;
    %jmp T_2.17;
T_2.14 ;
    %load/vec4 v0x5a9a35cf6330_0;
    %store/vec4 v0x5a9a35cf4f90_0, 0, 8;
    %jmp T_2.17;
T_2.15 ;
    %load/vec4 v0x5a9a35cf6410_0;
    %store/vec4 v0x5a9a35cf4f90_0, 0, 8;
    %jmp T_2.17;
T_2.17 ;
    %pop/vec4 1;
    %jmp T_2;
    .thread T_2, $push;
    .scope S_0x5a9a35c63490;
T_3 ;
    %wait E_0x5a9a35ca3640;
    %load/vec4 v0x5a9a35cf5630_0;
    %nor/r;
    %flag_set/vec4 8;
    %jmp/0xz  T_3.0, 8;
    %pushi/vec4 0, 0, 2;
    %assign/vec4 v0x5a9a35cf5490_0, 0;
    %pushi/vec4 0, 0, 2;
    %assign/vec4 v0x5a9a35cf5210_0, 0;
    %pushi/vec4 0, 0, 2;
    %assign/vec4 v0x5a9a35cf4d80_0, 0;
    %pushi/vec4 0, 0, 1;
    %assign/vec4 v0x5a9a35cf4cc0_0, 0;
    %pushi/vec4 0, 0, 1;
    %assign/vec4 v0x5a9a35cf5070_0, 0;
    %pushi/vec4 0, 0, 16;
    %assign/vec4 v0x5a9a35cf6870_0, 0;
    %pushi/vec4 0, 0, 16;
    %assign/vec4 v0x5a9a35cf6950_0, 0;
    %pushi/vec4 0, 0, 16;
    %assign/vec4 v0x5a9a35cf6a30_0, 0;
    %pushi/vec4 0, 0, 16;
    %assign/vec4 v0x5a9a35cf6b10_0, 0;
    %jmp T_3.1;
T_3.0 ;
    %pushi/vec4 0, 0, 1;
    %assign/vec4 v0x5a9a35cf5070_0, 0;
    %load/vec4 v0x5a9a35cf5490_0;
    %dup/vec4;
    %pushi/vec4 0, 0, 2;
    %cmp/u;
    %jmp/1 T_3.2, 6;
    %dup/vec4;
    %pushi/vec4 1, 0, 2;
    %cmp/u;
    %jmp/1 T_3.3, 6;
    %dup/vec4;
    %pushi/vec4 2, 0, 2;
    %cmp/u;
    %jmp/1 T_3.4, 6;
    %pushi/vec4 0, 0, 2;
    %assign/vec4 v0x5a9a35cf5490_0, 0;
    %jmp T_3.6;
T_3.2 ;
    %pushi/vec4 0, 0, 1;
    %assign/vec4 v0x5a9a35cf4cc0_0, 0;
    %load/vec4 v0x5a9a35cf53d0_0;
    %flag_set/vec4 8;
    %jmp/0xz  T_3.7, 8;
    %pushi/vec4 0, 0, 16;
    %assign/vec4 v0x5a9a35cf6870_0, 0;
    %pushi/vec4 0, 0, 16;
    %assign/vec4 v0x5a9a35cf6950_0, 0;
    %pushi/vec4 0, 0, 16;
    %assign/vec4 v0x5a9a35cf6a30_0, 0;
    %pushi/vec4 0, 0, 16;
    %assign/vec4 v0x5a9a35cf6b10_0, 0;
    %pushi/vec4 0, 0, 2;
    %assign/vec4 v0x5a9a35cf5210_0, 0;
    %pushi/vec4 0, 0, 2;
    %assign/vec4 v0x5a9a35cf4d80_0, 0;
    %pushi/vec4 1, 0, 1;
    %assign/vec4 v0x5a9a35cf4cc0_0, 0;
    %pushi/vec4 1, 0, 2;
    %assign/vec4 v0x5a9a35cf5490_0, 0;
T_3.7 ;
    %jmp T_3.6;
T_3.3 ;
    %pushi/vec4 1, 0, 1;
    %assign/vec4 v0x5a9a35cf4cc0_0, 0;
    %load/vec4 v0x5a9a35cf5210_0;
    %dup/vec4;
    %pushi/vec4 0, 0, 2;
    %cmp/u;
    %jmp/1 T_3.9, 6;
    %dup/vec4;
    %pushi/vec4 1, 0, 2;
    %cmp/u;
    %jmp/1 T_3.10, 6;
    %dup/vec4;
    %pushi/vec4 2, 0, 2;
    %cmp/u;
    %jmp/1 T_3.11, 6;
    %dup/vec4;
    %pushi/vec4 3, 0, 2;
    %cmp/u;
    %jmp/1 T_3.12, 6;
    %jmp T_3.14;
T_3.9 ;
    %load/vec4 v0x5a9a35cf6870_0;
    %load/vec4 v0x5a9a35cf52f0_0;
    %add;
    %assign/vec4 v0x5a9a35cf6870_0, 0;
    %jmp T_3.14;
T_3.10 ;
    %load/vec4 v0x5a9a35cf6950_0;
    %load/vec4 v0x5a9a35cf52f0_0;
    %add;
    %assign/vec4 v0x5a9a35cf6950_0, 0;
    %jmp T_3.14;
T_3.11 ;
    %load/vec4 v0x5a9a35cf6a30_0;
    %load/vec4 v0x5a9a35cf52f0_0;
    %add;
    %assign/vec4 v0x5a9a35cf6a30_0, 0;
    %jmp T_3.14;
T_3.12 ;
    %load/vec4 v0x5a9a35cf6b10_0;
    %load/vec4 v0x5a9a35cf52f0_0;
    %add;
    %assign/vec4 v0x5a9a35cf6b10_0, 0;
    %jmp T_3.14;
T_3.14 ;
    %pop/vec4 1;
    %load/vec4 v0x5a9a35cf4d80_0;
    %cmpi/e 3, 0, 2;
    %jmp/0xz  T_3.15, 4;
    %pushi/vec4 0, 0, 2;
    %assign/vec4 v0x5a9a35cf4d80_0, 0;
    %load/vec4 v0x5a9a35cf5210_0;
    %cmpi/e 3, 0, 2;
    %jmp/0xz  T_3.17, 4;
    %pushi/vec4 2, 0, 2;
    %assign/vec4 v0x5a9a35cf5490_0, 0;
    %jmp T_3.18;
T_3.17 ;
    %load/vec4 v0x5a9a35cf5210_0;
    %addi 1, 0, 2;
    %assign/vec4 v0x5a9a35cf5210_0, 0;
T_3.18 ;
    %jmp T_3.16;
T_3.15 ;
    %load/vec4 v0x5a9a35cf4d80_0;
    %addi 1, 0, 2;
    %assign/vec4 v0x5a9a35cf4d80_0, 0;
T_3.16 ;
    %jmp T_3.6;
T_3.4 ;
    %pushi/vec4 0, 0, 1;
    %assign/vec4 v0x5a9a35cf4cc0_0, 0;
    %pushi/vec4 1, 0, 1;
    %assign/vec4 v0x5a9a35cf5070_0, 0;
    %pushi/vec4 0, 0, 2;
    %assign/vec4 v0x5a9a35cf5490_0, 0;
    %jmp T_3.6;
T_3.6 ;
    %pop/vec4 1;
T_3.1 ;
    %jmp T_3;
    .thread T_3;
    .scope S_0x5a9a35cb1290;
T_4 ;
    %pushi/vec4 0, 0, 1;
    %store/vec4 v0x5a9a35cf73a0_0, 0, 1;
T_4.0 ;
    %delay 18518, 0;
    %load/vec4 v0x5a9a35cf73a0_0;
    %inv;
    %store/vec4 v0x5a9a35cf73a0_0, 0, 1;
    %jmp T_4.0;
    %end;
    .thread T_4;
    .scope S_0x5a9a35cb1290;
T_5 ;
    %vpi_call/w 3 100 "$dumpfile", "sim/tb_matrixMultiply.vcd" {0 0 0};
    %vpi_call/w 3 101 "$dumpvars", 32'sb00000000000000000000000000000000, S_0x5a9a35cb1290 {0 0 0};
    %pushi/vec4 0, 0, 1;
    %store/vec4 v0x5a9a35cf7440_0, 0, 1;
    %pushi/vec4 0, 0, 1;
    %store/vec4 v0x5a9a35cf7300_0, 0, 1;
    %pushi/vec4 0, 0, 8;
    %store/vec4 v0x5a9a35cf8230_0, 0, 8;
    %pushi/vec4 0, 0, 8;
    %store/vec4 v0x5a9a35cf8300_0, 0, 8;
    %pushi/vec4 0, 0, 8;
    %store/vec4 v0x5a9a35cf83d0_0, 0, 8;
    %pushi/vec4 0, 0, 8;
    %store/vec4 v0x5a9a35cf84a0_0, 0, 8;
    %pushi/vec4 0, 0, 8;
    %store/vec4 v0x5a9a35cf7530_0, 0, 8;
    %pushi/vec4 0, 0, 8;
    %store/vec4 v0x5a9a35cf7600_0, 0, 8;
    %pushi/vec4 0, 0, 8;
    %store/vec4 v0x5a9a35cf76d0_0, 0, 8;
    %pushi/vec4 0, 0, 8;
    %store/vec4 v0x5a9a35cf77a0_0, 0, 8;
    %pushi/vec4 0, 0, 8;
    %store/vec4 v0x5a9a35cf7870_0, 0, 8;
    %pushi/vec4 0, 0, 8;
    %store/vec4 v0x5a9a35cf7940_0, 0, 8;
    %pushi/vec4 0, 0, 8;
    %store/vec4 v0x5a9a35cf7a10_0, 0, 8;
    %pushi/vec4 0, 0, 8;
    %store/vec4 v0x5a9a35cf7ae0_0, 0, 8;
    %pushi/vec4 0, 0, 8;
    %store/vec4 v0x5a9a35cf7bb0_0, 0, 8;
    %pushi/vec4 0, 0, 8;
    %store/vec4 v0x5a9a35cf7c80_0, 0, 8;
    %pushi/vec4 0, 0, 8;
    %store/vec4 v0x5a9a35cf7d50_0, 0, 8;
    %pushi/vec4 0, 0, 8;
    %store/vec4 v0x5a9a35cf7e20_0, 0, 8;
    %pushi/vec4 0, 0, 8;
    %store/vec4 v0x5a9a35cf7ef0_0, 0, 8;
    %pushi/vec4 0, 0, 8;
    %store/vec4 v0x5a9a35cf7fc0_0, 0, 8;
    %pushi/vec4 0, 0, 8;
    %store/vec4 v0x5a9a35cf8090_0, 0, 8;
    %pushi/vec4 0, 0, 8;
    %store/vec4 v0x5a9a35cf8160_0, 0, 8;
    %delay 200000, 0;
    %pushi/vec4 1, 0, 1;
    %store/vec4 v0x5a9a35cf7440_0, 0, 1;
    %pushi/vec4 16, 0, 8;
    %store/vec4 v0x5a9a35cf8230_0, 0, 8;
    %pushi/vec4 32, 0, 8;
    %store/vec4 v0x5a9a35cf8300_0, 0, 8;
    %pushi/vec4 48, 0, 8;
    %store/vec4 v0x5a9a35cf83d0_0, 0, 8;
    %pushi/vec4 64, 0, 8;
    %store/vec4 v0x5a9a35cf84a0_0, 0, 8;
    %pushi/vec4 16, 0, 8;
    %store/vec4 v0x5a9a35cf7530_0, 0, 8;
    %pushi/vec4 0, 0, 8;
    %store/vec4 v0x5a9a35cf7600_0, 0, 8;
    %pushi/vec4 0, 0, 8;
    %store/vec4 v0x5a9a35cf76d0_0, 0, 8;
    %pushi/vec4 0, 0, 8;
    %store/vec4 v0x5a9a35cf77a0_0, 0, 8;
    %pushi/vec4 0, 0, 8;
    %store/vec4 v0x5a9a35cf7870_0, 0, 8;
    %pushi/vec4 16, 0, 8;
    %store/vec4 v0x5a9a35cf7940_0, 0, 8;
    %pushi/vec4 0, 0, 8;
    %store/vec4 v0x5a9a35cf7a10_0, 0, 8;
    %pushi/vec4 0, 0, 8;
    %store/vec4 v0x5a9a35cf7ae0_0, 0, 8;
    %pushi/vec4 16, 0, 8;
    %store/vec4 v0x5a9a35cf7bb0_0, 0, 8;
    %pushi/vec4 16, 0, 8;
    %store/vec4 v0x5a9a35cf7c80_0, 0, 8;
    %pushi/vec4 16, 0, 8;
    %store/vec4 v0x5a9a35cf7d50_0, 0, 8;
    %pushi/vec4 16, 0, 8;
    %store/vec4 v0x5a9a35cf7e20_0, 0, 8;
    %pushi/vec4 16, 0, 8;
    %store/vec4 v0x5a9a35cf7ef0_0, 0, 8;
    %pushi/vec4 32, 0, 8;
    %store/vec4 v0x5a9a35cf7fc0_0, 0, 8;
    %pushi/vec4 48, 0, 8;
    %store/vec4 v0x5a9a35cf8090_0, 0, 8;
    %pushi/vec4 64, 0, 8;
    %store/vec4 v0x5a9a35cf8160_0, 0, 8;
    %fork TD_tb_matrixMultiply.startOperation, S_0x5a9a35cf6f90;
    %join;
    %pushi/vec4 240, 0, 8;
    %store/vec4 v0x5a9a35cf8230_0, 0, 8;
    %pushi/vec4 32, 0, 8;
    %store/vec4 v0x5a9a35cf8300_0, 0, 8;
    %pushi/vec4 208, 0, 8;
    %store/vec4 v0x5a9a35cf83d0_0, 0, 8;
    %pushi/vec4 64, 0, 8;
    %store/vec4 v0x5a9a35cf84a0_0, 0, 8;
    %pushi/vec4 16, 0, 8;
    %store/vec4 v0x5a9a35cf7530_0, 0, 8;
    %pushi/vec4 16, 0, 8;
    %store/vec4 v0x5a9a35cf7600_0, 0, 8;
    %pushi/vec4 16, 0, 8;
    %store/vec4 v0x5a9a35cf76d0_0, 0, 8;
    %pushi/vec4 16, 0, 8;
    %store/vec4 v0x5a9a35cf77a0_0, 0, 8;
    %pushi/vec4 16, 0, 8;
    %store/vec4 v0x5a9a35cf7870_0, 0, 8;
    %pushi/vec4 16, 0, 8;
    %store/vec4 v0x5a9a35cf7940_0, 0, 8;
    %pushi/vec4 16, 0, 8;
    %store/vec4 v0x5a9a35cf7a10_0, 0, 8;
    %pushi/vec4 16, 0, 8;
    %store/vec4 v0x5a9a35cf7ae0_0, 0, 8;
    %pushi/vec4 16, 0, 8;
    %store/vec4 v0x5a9a35cf7bb0_0, 0, 8;
    %pushi/vec4 16, 0, 8;
    %store/vec4 v0x5a9a35cf7c80_0, 0, 8;
    %pushi/vec4 16, 0, 8;
    %store/vec4 v0x5a9a35cf7d50_0, 0, 8;
    %pushi/vec4 16, 0, 8;
    %store/vec4 v0x5a9a35cf7e20_0, 0, 8;
    %pushi/vec4 16, 0, 8;
    %store/vec4 v0x5a9a35cf7ef0_0, 0, 8;
    %pushi/vec4 16, 0, 8;
    %store/vec4 v0x5a9a35cf7fc0_0, 0, 8;
    %pushi/vec4 16, 0, 8;
    %store/vec4 v0x5a9a35cf8090_0, 0, 8;
    %pushi/vec4 16, 0, 8;
    %store/vec4 v0x5a9a35cf8160_0, 0, 8;
    %fork TD_tb_matrixMultiply.startOperation, S_0x5a9a35cf6f90;
    %join;
    %pushi/vec4 6, 0, 32;
T_5.0 %dup/vec4;
    %pushi/vec4 0, 0, 32;
    %cmp/s;
    %jmp/1xz T_5.1, 5;
    %jmp/1 T_5.1, 4;
    %pushi/vec4 1, 0, 32;
    %sub;
    %wait E_0x5a9a35c887f0;
    %jmp T_5.0;
T_5.1 ;
    %pop/vec4 1;
    %vpi_call/w 3 205 "$finish" {0 0 0};
    %end;
    .thread T_5;
# The file index is used to find the file name in the following table.
:file_names 5;
    "N/A";
    "<interactive>";
    "-";
    "sim/tb_matrixMultiply.sv";
    "matrixMultiply/src/matrixMultiply.sv";
