#! /usr/bin/vvp
:ivl_version "12.0 (stable)";
:ivl_delay_selection "TYPICAL";
:vpi_time_precision - 12;
:vpi_module "/usr/lib/x86_64-linux-gnu/ivl/system.vpi";
:vpi_module "/usr/lib/x86_64-linux-gnu/ivl/vhdl_sys.vpi";
:vpi_module "/usr/lib/x86_64-linux-gnu/ivl/vhdl_textio.vpi";
:vpi_module "/usr/lib/x86_64-linux-gnu/ivl/v2005_math.vpi";
:vpi_module "/usr/lib/x86_64-linux-gnu/ivl/va_math.vpi";
:vpi_module "/usr/lib/x86_64-linux-gnu/ivl/v2009.vpi";
S_0x5ee3edf134f0 .scope package, "$unit" "$unit" 2 1;
 .timescale 0 0;
S_0x5ee3edf13680 .scope module, "tb_macUnit" "tb_macUnit" 3 3;
 .timescale -9 -12;
v0x5ee3edf30a00_0 .var/s "a", 7 0;
v0x5ee3edf30ae0_0 .net/s "accumulator", 15 0, v0x5ee3edf2fe20_0;  1 drivers
v0x5ee3edf30b80_0 .var/s "b", 7 0;
v0x5ee3edf30c50_0 .var "clear", 0 0;
v0x5ee3edf30d20_0 .var "inputValid", 0 0;
v0x5ee3edf30e10_0 .net "outputValid", 0 0, v0x5ee3edf301b0_0;  1 drivers
v0x5ee3edf30ee0_0 .var "sys_clk", 0 0;
v0x5ee3edf30fb0_0 .var "sys_rst_n", 0 0;
E_0x5ee3edf10c00 .event posedge, v0x5ee3edf30430_0;
S_0x5ee3eded6490 .scope task, "clearAccumulator" "clearAccumulator" 3 52, 3 52 0, S_0x5ee3edf13680;
 .timescale -9 -12;
E_0x5ee3edf10f70 .event negedge, v0x5ee3edf30430_0;
TD_tb_macUnit.clearAccumulator ;
    %wait E_0x5ee3edf10f70;
    %pushi/vec4 1, 0, 1;
    %store/vec4 v0x5ee3edf30c50_0, 0, 1;
    %wait E_0x5ee3edf10f70;
    %pushi/vec4 0, 0, 1;
    %store/vec4 v0x5ee3edf30c50_0, 0, 1;
    %end;
S_0x5ee3eded6640 .scope module, "dut" "macUnit" 3 16, 4 4 0, S_0x5ee3edf13680;
 .timescale 0 0;
    .port_info 0 /INPUT 1 "sys_clk";
    .port_info 1 /INPUT 1 "sys_rst_n";
    .port_info 2 /INPUT 1 "clear";
    .port_info 3 /INPUT 1 "inputValid";
    .port_info 4 /INPUT 8 "a";
    .port_info 5 /INPUT 8 "b";
    .port_info 6 /OUTPUT 1 "outputValid";
    .port_info 7 /OUTPUT 16 "accumulator";
v0x5ee3edefea50_0 .net/s *"_ivl_0", 15 0, L_0x5ee3edf31080;  1 drivers
v0x5ee3edefef60_0 .net/s *"_ivl_2", 15 0, L_0x5ee3edf311a0;  1 drivers
v0x5ee3edefe360_0 .net *"_ivl_8", 11 0, L_0x5ee3edf313d0;  1 drivers
v0x5ee3edf2fd40_0 .net/s "a", 7 0, v0x5ee3edf30a00_0;  1 drivers
v0x5ee3edf2fe20_0 .var/s "accumulator", 15 0;
v0x5ee3edf2ff50_0 .net/s "b", 7 0, v0x5ee3edf30b80_0;  1 drivers
v0x5ee3edf30030_0 .net "clear", 0 0, v0x5ee3edf30c50_0;  1 drivers
v0x5ee3edf300f0_0 .net "inputValid", 0 0, v0x5ee3edf30d20_0;  1 drivers
v0x5ee3edf301b0_0 .var "outputValid", 0 0;
v0x5ee3edf30270_0 .net/s "rawProduct", 15 0, L_0x5ee3edf31290;  1 drivers
v0x5ee3edf30350_0 .net/s "scaledProduct", 15 0, L_0x5ee3edf314f0;  1 drivers
v0x5ee3edf30430_0 .net "sys_clk", 0 0, v0x5ee3edf30ee0_0;  1 drivers
v0x5ee3edf304f0_0 .net "sys_rst_n", 0 0, v0x5ee3edf30fb0_0;  1 drivers
E_0x5ee3eded6910/0 .event negedge, v0x5ee3edf304f0_0;
E_0x5ee3eded6910/1 .event posedge, v0x5ee3edf30430_0;
E_0x5ee3eded6910 .event/or E_0x5ee3eded6910/0, E_0x5ee3eded6910/1;
L_0x5ee3edf31080 .extend/s 16, v0x5ee3edf30a00_0;
L_0x5ee3edf311a0 .extend/s 16, v0x5ee3edf30b80_0;
L_0x5ee3edf31290 .arith/mult 16, L_0x5ee3edf31080, L_0x5ee3edf311a0;
L_0x5ee3edf313d0 .part L_0x5ee3edf31290, 4, 12;
L_0x5ee3edf314f0 .extend/s 16, L_0x5ee3edf313d0;
S_0x5ee3edf306b0 .scope task, "sendMac" "sendMac" 3 35, 3 35 0, S_0x5ee3edf13680;
 .timescale -9 -12;
v0x5ee3edf30840_0 .var/s "inputA", 7 0;
v0x5ee3edf30920_0 .var/s "inputB", 7 0;
TD_tb_macUnit.sendMac ;
    %wait E_0x5ee3edf10f70;
    %load/vec4 v0x5ee3edf30840_0;
    %store/vec4 v0x5ee3edf30a00_0, 0, 8;
    %load/vec4 v0x5ee3edf30920_0;
    %store/vec4 v0x5ee3edf30b80_0, 0, 8;
    %pushi/vec4 1, 0, 1;
    %store/vec4 v0x5ee3edf30d20_0, 0, 1;
    %wait E_0x5ee3edf10f70;
    %pushi/vec4 0, 0, 1;
    %store/vec4 v0x5ee3edf30d20_0, 0, 1;
    %pushi/vec4 0, 0, 8;
    %store/vec4 v0x5ee3edf30a00_0, 0, 8;
    %pushi/vec4 0, 0, 8;
    %store/vec4 v0x5ee3edf30b80_0, 0, 8;
    %end;
    .scope S_0x5ee3eded6640;
T_2 ;
    %wait E_0x5ee3eded6910;
    %load/vec4 v0x5ee3edf304f0_0;
    %nor/r;
    %flag_set/vec4 8;
    %jmp/0xz  T_2.0, 8;
    %pushi/vec4 0, 0, 16;
    %assign/vec4 v0x5ee3edf2fe20_0, 0;
    %pushi/vec4 0, 0, 1;
    %assign/vec4 v0x5ee3edf301b0_0, 0;
    %jmp T_2.1;
T_2.0 ;
    %pushi/vec4 0, 0, 1;
    %assign/vec4 v0x5ee3edf301b0_0, 0;
    %load/vec4 v0x5ee3edf30030_0;
    %flag_set/vec4 8;
    %jmp/0xz  T_2.2, 8;
    %pushi/vec4 0, 0, 16;
    %assign/vec4 v0x5ee3edf2fe20_0, 0;
    %jmp T_2.3;
T_2.2 ;
    %load/vec4 v0x5ee3edf300f0_0;
    %flag_set/vec4 8;
    %jmp/0xz  T_2.4, 8;
    %load/vec4 v0x5ee3edf2fe20_0;
    %load/vec4 v0x5ee3edf30350_0;
    %add;
    %assign/vec4 v0x5ee3edf2fe20_0, 0;
    %pushi/vec4 1, 0, 1;
    %assign/vec4 v0x5ee3edf301b0_0, 0;
T_2.4 ;
T_2.3 ;
T_2.1 ;
    %jmp T_2;
    .thread T_2;
    .scope S_0x5ee3edf13680;
T_3 ;
    %pushi/vec4 0, 0, 1;
    %store/vec4 v0x5ee3edf30ee0_0, 0, 1;
T_3.0 ;
    %delay 18518, 0;
    %load/vec4 v0x5ee3edf30ee0_0;
    %inv;
    %store/vec4 v0x5ee3edf30ee0_0, 0, 1;
    %jmp T_3.0;
    %end;
    .thread T_3;
    .scope S_0x5ee3edf13680;
T_4 ;
    %vpi_call/w 3 63 "$dumpfile", "sim/tb_macUnit.vcd" {0 0 0};
    %vpi_call/w 3 64 "$dumpvars", 32'sb00000000000000000000000000000000, S_0x5ee3edf13680 {0 0 0};
    %pushi/vec4 0, 0, 1;
    %store/vec4 v0x5ee3edf30fb0_0, 0, 1;
    %pushi/vec4 0, 0, 1;
    %store/vec4 v0x5ee3edf30c50_0, 0, 1;
    %pushi/vec4 0, 0, 1;
    %store/vec4 v0x5ee3edf30d20_0, 0, 1;
    %pushi/vec4 0, 0, 8;
    %store/vec4 v0x5ee3edf30a00_0, 0, 8;
    %pushi/vec4 0, 0, 8;
    %store/vec4 v0x5ee3edf30b80_0, 0, 8;
    %delay 200000, 0;
    %pushi/vec4 1, 0, 1;
    %store/vec4 v0x5ee3edf30fb0_0, 0, 1;
    %pushi/vec4 16, 0, 8;
    %store/vec4 v0x5ee3edf30840_0, 0, 8;
    %pushi/vec4 32, 0, 8;
    %store/vec4 v0x5ee3edf30920_0, 0, 8;
    %fork TD_tb_macUnit.sendMac, S_0x5ee3edf306b0;
    %join;
    %pushi/vec4 8, 0, 8;
    %store/vec4 v0x5ee3edf30840_0, 0, 8;
    %pushi/vec4 32, 0, 8;
    %store/vec4 v0x5ee3edf30920_0, 0, 8;
    %fork TD_tb_macUnit.sendMac, S_0x5ee3edf306b0;
    %join;
    %pushi/vec4 24, 0, 8;
    %store/vec4 v0x5ee3edf30840_0, 0, 8;
    %pushi/vec4 32, 0, 8;
    %store/vec4 v0x5ee3edf30920_0, 0, 8;
    %fork TD_tb_macUnit.sendMac, S_0x5ee3edf306b0;
    %join;
    %fork TD_tb_macUnit.clearAccumulator, S_0x5ee3eded6490;
    %join;
    %pushi/vec4 240, 0, 8;
    %store/vec4 v0x5ee3edf30840_0, 0, 8;
    %pushi/vec4 32, 0, 8;
    %store/vec4 v0x5ee3edf30920_0, 0, 8;
    %fork TD_tb_macUnit.sendMac, S_0x5ee3edf306b0;
    %join;
    %pushi/vec4 8, 0, 8;
    %store/vec4 v0x5ee3edf30840_0, 0, 8;
    %pushi/vec4 32, 0, 8;
    %store/vec4 v0x5ee3edf30920_0, 0, 8;
    %fork TD_tb_macUnit.sendMac, S_0x5ee3edf306b0;
    %join;
    %pushi/vec4 4, 0, 32;
T_4.0 %dup/vec4;
    %pushi/vec4 0, 0, 32;
    %cmp/s;
    %jmp/1xz T_4.1, 5;
    %jmp/1 T_4.1, 4;
    %pushi/vec4 1, 0, 32;
    %sub;
    %wait E_0x5ee3edf10c00;
    %jmp T_4.0;
T_4.1 ;
    %pop/vec4 1;
    %vpi_call/w 3 95 "$finish" {0 0 0};
    %end;
    .thread T_4;
# The file index is used to find the file name in the following table.
:file_names 5;
    "N/A";
    "<interactive>";
    "-";
    "sim/tb_macUnit.sv";
    "macUnit/src/macUnit.sv";
